  G2 rt_lime_rock_park__no_chican ref 143440Z  live 205006Z
  G2 rt_lime_rock_park__no_chican ref 143440Z  live 205006Z
  G2 rt_lime_rock_park__no_chican ref 143440Z  live 205006Z
  G2 rt_oulton_park__fosters      ref 195157Z  live 205804Z
  G2 rt_oulton_park__fosters      ref 195157Z  live 205804Z
  G2 rt_oulton_park__fosters      ref 195157Z  live 205804Z

                                                                       median      p90  >100 ms   >10 m     worst
G2 single                                                       2.07 m   57 ms   183 ms    27.1%    3.6%   1121.2 m
G2 filter                                                       2.03 m   55 ms   200 ms    27.5%    3.8%    496.8 m
G2 filter, reference time                                       1.39 m   37 ms   108 ms    11.9%    0.4%     21.2 m
G2 filter, reference time, two modes                            1.23 m   33 ms   104 ms    10.7%    0.7%     23.0 m
G2 filter + speed                                               0.96 m   25 ms    68 ms     4.1%    0.0%      5.4 m
G2 rt_lime_rock_park__no_chicane single                         2.35 m   64 ms   210 ms    32.0%    5.2%   1121.2 m
G2 rt_lime_rock_park__no_chicane filter                         2.52 m   68 ms   226 ms    34.9%    6.0%     68.4 m
G2 rt_lime_rock_park__no_chicane filter, reference time         1.30 m   34 ms   104 ms    11.1%    0.9%     21.2 m
G2 rt_lime_rock_park__no_chicane filter, reference time, two modes    1.27 m   34 ms   118 ms    13.6%    1.6%     23.0 m
G2 rt_lime_rock_park__no_chicane filter + speed                 0.81 m   20 ms    68 ms     3.7%    0.0%      4.8 m
G2 rt_oulton_park__fosters single                               1.86 m   51 ms   162 ms    22.9%    2.2%    515.7 m
G2 rt_oulton_park__fosters filter                               1.74 m   47 ms   164 ms    21.3%    1.9%    496.8 m
G2 rt_oulton_park__fosters filter, reference time               1.44 m   38 ms   116 ms    12.6%    0.0%      6.0 m
G2 rt_oulton_park__fosters filter, reference time, two modes    1.21 m   33 ms    93 ms     8.3%    0.0%      9.7 m
G2 rt_oulton_park__fosters filter + speed                       1.10 m   29 ms    67 ms     4.4%    0.0%      5.4 m
