gate g1: held-out laps of seen tracks; full augmentation
train tracks ['ks_black_cat_county__layout_short', 'ks_brands_hatch__indy', 'ks_highlands__layout_short', 'ks_laguna_seca', 'ks_monza66__junior', 'ks_nurburgring__layout_sprint_a', 'ks_red_bull_ring__layout_national', 'ks_vallelunga__club_circuit', 'magione'] (284 laps usable)
eval  tracks ['ks_black_cat_county__layout_short', 'ks_brands_hatch__indy', 'ks_highlands__layout_short', 'ks_laguna_seca', 'ks_monza66__junior', 'ks_nurburgring__layout_sprint_a', 'ks_red_bull_ring__layout_national', 'ks_vallelunga__club_circuit', 'magione'], split=train
held out as live-only: ['ks_black_cat_county__layout_short__20260923T183526Z__lap07', 'ks_brands_hatch__indy__20260921T221531Z__lap02', 'ks_highlands__layout_short__20260928T005654Z__lap54', 'ks_laguna_seca__default__20260928T123110Z__lap12', 'ks_monza66__junior__20260928T093530Z__lap14', 'ks_nurburgring__layout_sprint_a__20260928T103410Z__lap12', 'ks_red_bull_ring__layout_national__20260923T174436Z__lap11', 'ks_vallelunga__club_circuit__20260922T223945Z__lap07', 'magione__default__20260922T231051Z__lap06']
frame 148x80, reference bins 3227
model 0.67M params on mps

step     1/6000  loss 10.1223 (ce  6.760 aux  6.725 ref 0.0000)  train median  622.21 m   1.63 s/step
step    20/6000  loss 11.0453 (ce  7.541 aux  7.004 ref 0.0037)  train median  490.21 m   0.37 s/step
step    40/6000  loss 10.9370 (ce  7.550 aux  6.775 ref 0.0000)  train median  793.89 m   0.33 s/step
step    60/6000  loss 11.1473 (ce  7.494 aux  7.307 ref 0.0000)  train median  655.78 m   0.32 s/step
step    80/6000  loss  9.9625 (ce  6.898 aux  6.126 ref 0.0027)  train median  576.54 m   0.34 s/step
step   100/6000  loss 10.1671 (ce  6.981 aux  6.371 ref 0.0016)  train median  201.49 m   0.35 s/step
step   120/6000  loss  9.1843 (ce  6.265 aux  5.839 ref 0.0000)  train median  198.19 m   0.36 s/step
step   140/6000  loss  7.4958 (ce  5.056 aux  4.877 ref 0.0034)  train median    8.28 m   0.36 s/step
step   160/6000  loss  8.8078 (ce  5.976 aux  5.660 ref 0.0033)  train median   90.22 m   0.38 s/step
step   180/6000  loss  8.0007 (ce  5.296 aux  5.407 ref 0.0030)  train median  115.94 m   0.38 s/step
step   200/6000  loss  7.6397 (ce  5.024 aux  5.229 ref 0.0029)  train median   59.03 m   0.38 s/step
  eval  n=192  median  19.09 m /  491.7 ms  p90  745.66 m / 24392.2 ms  worst  2565.58 m  within1   9.9%  within5  40.1%
        ks_black_cat_county__layout_short n=24  median  34.76 m /  946.9 ms  p90 2198.51 m / 62237.0 ms  worst  2565.58 m  within1  12.5%  within5  37.5%
        ks_brands_hatch__indy    n=16  median 111.28 m / 3859.5 ms  p90  772.03 m / 24765.9 ms  worst   901.65 m  within1  12.5%  within5  25.0%
        ks_highlands__layout_short n=16  median 232.82 m / 6502.5 ms  p90  741.16 m / 24665.1 ms  worst   853.48 m  within1   0.0%  within5  12.5%
        ks_laguna_seca           n=16  median  84.91 m / 2387.4 ms  p90  909.60 m / 26861.8 ms  worst  1395.99 m  within1  12.5%  within5  25.0%
        ks_monza66__junior       n=8  median   5.95 m /  184.5 ms  p90   15.02 m /   364.7 ms  worst    32.42 m  within1   0.0%  within5  87.5%
        ks_nurburgring__layout_sprint_a n=24  median  27.27 m / 1078.7 ms  p90  963.40 m / 30424.9 ms  worst  1147.23 m  within1   8.3%  within5  20.8%
        ks_red_bull_ring__layout_national n=16  median  26.06 m /  877.8 ms  p90  154.21 m /  5388.2 ms  worst   670.43 m  within1   6.2%  within5  31.2%
        ks_vallelunga__club_circuit n=32  median   8.68 m /  350.1 ms  p90  172.54 m /  8632.3 ms  worst   827.09 m  within1  15.6%  within5  53.1%
        magione                  n=40  median   7.80 m /  280.4 ms  p90  134.37 m /  5093.3 ms  worst   310.78 m  within1  10.0%  within5  60.0%
step   220/6000  loss  8.6049 (ce  5.707 aux  5.794 ref 0.0022)  train median  276.66 m   0.41 s/step
step   240/6000  loss  7.9756 (ce  5.204 aux  5.539 ref 0.0046)  train median   38.00 m   0.40 s/step
step   260/6000  loss  8.3528 (ce  5.510 aux  5.680 ref 0.0060)  train median  114.47 m   0.40 s/step
step   280/6000  loss  9.2874 (ce  6.161 aux  6.252 ref 0.0000)  train median   80.65 m   0.40 s/step
step   300/6000  loss  7.0883 (ce  4.624 aux  4.925 ref 0.0036)  train median    9.43 m   0.40 s/step
step   320/6000  loss  6.4252 (ce  4.175 aux  4.496 ref 0.0035)  train median    8.18 m   0.39 s/step
step   340/6000  loss  7.3923 (ce  4.709 aux  5.364 ref 0.0026)  train median   62.34 m   0.39 s/step
step   360/6000  loss  7.4844 (ce  4.904 aux  5.156 ref 0.0049)  train median   38.21 m   0.38 s/step
step   380/6000  loss  8.1312 (ce  5.457 aux  5.348 ref 0.0009)  train median   86.96 m   0.38 s/step
step   400/6000  loss  7.9430 (ce  5.194 aux  5.492 ref 0.0049)  train median   39.04 m   0.38 s/step
  eval  n=192  median   8.54 m /  252.2 ms  p90  790.97 m / 25438.2 ms  worst  2978.45 m  within1  21.9%  within5  54.7%
        ks_black_cat_county__layout_short n=24  median   7.95 m /  193.2 ms  p90 2115.92 m / 57539.4 ms  worst  2978.45 m  within1  20.8%  within5  54.2%
        ks_brands_hatch__indy    n=16  median   4.48 m /  183.0 ms  p90  102.42 m /  3505.2 ms  worst   835.70 m  within1  25.0%  within5  56.2%
        ks_highlands__layout_short n=16  median  94.62 m / 3831.7 ms  p90  742.90 m / 24858.8 ms  worst   846.99 m  within1  12.5%  within5  31.2%
        ks_laguna_seca           n=16  median 245.09 m / 8604.8 ms  p90  973.45 m / 29288.2 ms  worst  1392.08 m  within1  12.5%  within5  31.2%
        ks_monza66__junior       n=8  median   2.48 m /   76.1 ms  p90   13.40 m /   336.6 ms  worst    34.34 m  within1  25.0%  within5  87.5%
        ks_nurburgring__layout_sprint_a n=24  median  17.06 m /  549.8 ms  p90 1288.94 m / 36517.8 ms  worst  1582.04 m  within1  12.5%  within5  37.5%
        ks_red_bull_ring__layout_national n=16  median   9.68 m /  252.0 ms  p90   39.69 m /  1057.2 ms  worst   160.11 m  within1  31.2%  within5  56.2%
        ks_vallelunga__club_circuit n=32  median   4.88 m /  150.4 ms  p90   39.43 m /   934.3 ms  worst   146.82 m  within1  31.2%  within5  75.0%
        magione                  n=40  median   4.03 m /  178.7 ms  p90  109.97 m /  3621.3 ms  worst   844.28 m  within1  22.5%  within5  60.0%
step   420/6000  loss  7.3476 (ce  4.815 aux  5.064 ref 0.0019)  train median   69.86 m   0.39 s/step
step   440/6000  loss  7.8737 (ce  5.108 aux  5.529 ref 0.0017)  train median    5.32 m   0.39 s/step
step   460/6000  loss  8.3750 (ce  5.704 aux  5.341 ref 0.0015)  train median   32.28 m   0.39 s/step
step   480/6000  loss  6.5685 (ce  4.135 aux  4.864 ref 0.0035)  train median   58.05 m   0.39 s/step
step   500/6000  loss  8.7738 (ce  5.843 aux  5.860 ref 0.0009)  train median   47.40 m   0.39 s/step
step   520/6000  loss  8.2080 (ce  5.207 aux  6.001 ref 0.0015)  train median  275.01 m   0.39 s/step
step   540/6000  loss  6.0166 (ce  3.770 aux  4.493 ref 0.0012)  train median   13.46 m   0.39 s/step
step   560/6000  loss  8.8398 (ce  5.957 aux  5.764 ref 0.0012)  train median  105.99 m   0.39 s/step
step   580/6000  loss  6.6394 (ce  4.301 aux  4.676 ref 0.0009)  train median    8.47 m   0.38 s/step
step   600/6000  loss  7.7158 (ce  4.978 aux  5.475 ref 0.0008)  train median   22.96 m   0.38 s/step
  eval  n=192  median   6.94 m /  219.0 ms  p90  440.60 m / 14210.3 ms  worst  2797.88 m  within1  17.2%  within5  62.0%
        ks_black_cat_county__layout_short n=24  median   8.44 m /  219.4 ms  p90 1014.29 m / 33673.2 ms  worst  2797.88 m  within1  16.7%  within5  54.2%
        ks_brands_hatch__indy    n=16  median   6.54 m /  157.0 ms  p90  233.57 m /  7124.2 ms  worst   446.99 m  within1  31.2%  within5  56.2%
        ks_highlands__layout_short n=16  median   8.06 m /  306.6 ms  p90  460.61 m / 14938.2 ms  worst   849.04 m  within1  31.2%  within5  56.2%
        ks_laguna_seca           n=16  median 228.01 m / 6998.6 ms  p90 1334.11 m / 38316.3 ms  worst  1448.22 m  within1   6.2%  within5  43.8%
        ks_monza66__junior       n=8  median   4.69 m /  165.0 ms  p90   10.05 m /   237.4 ms  worst    12.13 m  within1  25.0%  within5  87.5%
        ks_nurburgring__layout_sprint_a n=24  median   8.76 m /  256.0 ms  p90  839.57 m / 25914.9 ms  worst  1445.81 m  within1   8.3%  within5  58.3%
        ks_red_bull_ring__layout_national n=16  median   5.21 m /  166.7 ms  p90   36.74 m /   897.9 ms  worst   143.34 m  within1  12.5%  within5  75.0%
        ks_vallelunga__club_circuit n=32  median   5.58 m /  191.7 ms  p90   37.28 m /  1094.3 ms  worst   180.88 m  within1  12.5%  within5  75.0%
        magione                  n=40  median   6.74 m /  281.6 ms  p90  109.40 m /  3419.9 ms  worst  1040.16 m  within1  20.0%  within5  60.0%
step   620/6000  loss  7.1285 (ce  4.495 aux  5.266 ref 0.0005)  train median  390.31 m   0.40 s/step
step   640/6000  loss  8.1424 (ce  5.491 aux  5.298 ref 0.0043)  train median  239.46 m   0.40 s/step
step   660/6000  loss  8.4671 (ce  5.570 aux  5.792 ref 0.0023)  train median  713.80 m   0.40 s/step
step   680/6000  loss  5.6829 (ce  3.616 aux  4.133 ref 0.0020)  train median    8.36 m   0.39 s/step
step   700/6000  loss  7.5292 (ce  4.797 aux  5.462 ref 0.0020)  train median   17.23 m   0.39 s/step
step   720/6000  loss  6.1114 (ce  3.787 aux  4.646 ref 0.0016)  train median    4.31 m   0.39 s/step
step   740/6000  loss  6.6348 (ce  4.155 aux  4.959 ref 0.0012)  train median   18.40 m   0.39 s/step
step   760/6000  loss  5.8008 (ce  3.752 aux  4.096 ref 0.0017)  train median    3.93 m   0.39 s/step
step   780/6000  loss  6.9653 (ce  4.327 aux  5.275 ref 0.0011)  train median   10.27 m   0.40 s/step
step   800/6000  loss  8.3065 (ce  5.322 aux  5.966 ref 0.0020)  train median  134.68 m   0.40 s/step
  eval  n=192  median   4.57 m /  153.7 ms  p90  176.29 m /  4934.3 ms  worst  1337.83 m  within1  23.4%  within5  69.8%
        ks_black_cat_county__layout_short n=24  median   4.43 m /  130.1 ms  p90   43.59 m /  1422.0 ms  worst   699.11 m  within1  25.0%  within5  70.8%
        ks_brands_hatch__indy    n=16  median   2.19 m /   78.1 ms  p90   11.04 m /   300.5 ms  worst    16.80 m  within1  50.0%  within5  81.2%
        ks_highlands__layout_short n=16  median   9.51 m /  347.1 ms  p90  751.95 m / 24780.0 ms  worst   846.15 m  within1  25.0%  within5  50.0%
        ks_laguna_seca           n=16  median  18.24 m /  518.8 ms  p90  941.82 m / 27008.1 ms  worst  1337.83 m  within1   6.2%  within5  43.8%
        ks_monza66__junior       n=8  median   2.63 m /   94.3 ms  p90    6.23 m /   166.3 ms  worst     9.79 m  within1  37.5%  within5 100.0%
        ks_nurburgring__layout_sprint_a n=24  median  12.90 m /  367.0 ms  p90  937.15 m / 30921.0 ms  worst  1031.15 m  within1  12.5%  within5  41.7%
        ks_red_bull_ring__layout_national n=16  median   5.53 m /  167.1 ms  p90   23.76 m /   589.9 ms  worst   116.57 m  within1  12.5%  within5  68.8%
        ks_vallelunga__club_circuit n=32  median   3.82 m /  128.2 ms  p90   18.25 m /   616.7 ms  worst   781.30 m  within1  15.6%  within5  84.4%
        magione                  n=40  median   2.90 m /  115.5 ms  p90   43.14 m /  1357.7 ms  worst   702.81 m  within1  32.5%  within5  82.5%
step   820/6000  loss  8.0622 (ce  5.233 aux  5.656 ref 0.0029)  train median   32.54 m   0.41 s/step
step   840/6000  loss  5.5409 (ce  3.410 aux  4.259 ref 0.0019)  train median    8.71 m   0.41 s/step
step   860/6000  loss  7.5060 (ce  4.971 aux  5.069 ref 0.0018)  train median    6.16 m   0.40 s/step
step   880/6000  loss  8.3261 (ce  5.540 aux  5.571 ref 0.0014)  train median   40.68 m   0.40 s/step
step   900/6000  loss  8.1039 (ce  5.497 aux  5.210 ref 0.0028)  train median   25.94 m   0.40 s/step
step   920/6000  loss  6.4223 (ce  4.094 aux  4.653 ref 0.0036)  train median   21.47 m   0.40 s/step
step   940/6000  loss  5.6923 (ce  3.686 aux  4.009 ref 0.0027)  train median    5.91 m   0.40 s/step
step   960/6000  loss  6.8541 (ce  4.479 aux  4.750 ref 0.0014)  train median   13.29 m   0.40 s/step
step   980/6000  loss  7.4121 (ce  4.616 aux  5.592 ref 0.0005)  train median   74.26 m   0.40 s/step
step  1000/6000  loss  6.0550 (ce  3.800 aux  4.508 ref 0.0024)  train median    8.92 m   0.40 s/step
  eval  n=192  median   4.59 m /  158.9 ms  p90  506.18 m / 14881.0 ms  worst  3129.01 m  within1  28.1%  within5  68.8%
        ks_black_cat_county__layout_short n=24  median   4.24 m /  127.4 ms  p90 1423.76 m / 45423.4 ms  worst  3129.01 m  within1  29.2%  within5  58.3%
        ks_brands_hatch__indy    n=16  median   2.71 m /   86.2 ms  p90   11.63 m /   284.3 ms  worst    16.73 m  within1  31.2%  within5  87.5%
        ks_highlands__layout_short n=16  median  28.49 m /  803.7 ms  p90  699.38 m / 23585.2 ms  worst   841.55 m  within1  12.5%  within5  43.8%
        ks_laguna_seca           n=16  median   9.68 m /  264.3 ms  p90 1183.43 m / 35990.2 ms  worst  1743.52 m  within1   6.2%  within5  50.0%
        ks_monza66__junior       n=8  median   0.99 m /   37.3 ms  p90    8.58 m /   176.1 ms  worst     9.57 m  within1  62.5%  within5 100.0%
        ks_nurburgring__layout_sprint_a n=24  median  10.12 m /  282.9 ms  p90  857.91 m / 23007.2 ms  worst  1445.94 m  within1  16.7%  within5  50.0%
        ks_red_bull_ring__layout_national n=16  median   6.79 m /  184.8 ms  p90   15.65 m /   444.2 ms  worst    20.83 m  within1  25.0%  within5  75.0%
        ks_vallelunga__club_circuit n=32  median   4.26 m /  136.8 ms  p90   41.41 m /  1697.2 ms  worst   787.77 m  within1  31.2%  within5  75.0%
        magione                  n=40  median   3.33 m /  107.9 ms  p90   10.93 m /   464.1 ms  worst    86.06 m  within1  40.0%  within5  82.5%
step  1020/6000  loss  5.8769 (ce  3.636 aux  4.479 ref 0.0038)  train median    9.54 m   0.40 s/step
step  1040/6000  loss  4.5957 (ce  2.755 aux  3.681 ref 0.0013)  train median    2.17 m   0.40 s/step
step  1060/6000  loss  5.6606 (ce  3.710 aux  3.896 ref 0.0042)  train median    9.13 m   0.40 s/step
step  1080/6000  loss  5.6629 (ce  3.467 aux  4.390 ref 0.0018)  train median   19.79 m   0.40 s/step
step  1100/6000  loss  7.8300 (ce  4.974 aux  5.711 ref 0.0008)  train median  241.15 m   0.40 s/step
step  1120/6000  loss  5.7778 (ce  3.585 aux  4.383 ref 0.0029)  train median    6.54 m   0.40 s/step
step  1140/6000  loss  6.1004 (ce  3.780 aux  4.641 ref 0.0008)  train median    5.89 m   0.40 s/step
step  1160/6000  loss  6.1645 (ce  3.848 aux  4.629 ref 0.0035)  train median    7.30 m   0.40 s/step
step  1180/6000  loss  6.6455 (ce  4.324 aux  4.640 ref 0.0023)  train median    6.12 m   0.40 s/step
step  1200/6000  loss  6.4365 (ce  4.116 aux  4.638 ref 0.0029)  train median    6.52 m   0.40 s/step
  eval  n=192  median   5.07 m /  159.2 ms  p90  116.71 m /  3167.2 ms  worst  2032.55 m  within1  23.4%  within5  72.9%
        ks_black_cat_county__layout_short n=24  median   6.51 m /  183.2 ms  p90  682.66 m / 21613.1 ms  worst  2032.55 m  within1  16.7%  within5  58.3%
        ks_brands_hatch__indy    n=16  median   3.17 m /  102.1 ms  p90   12.95 m /   370.4 ms  worst    17.14 m  within1  37.5%  within5  75.0%
        ks_highlands__layout_short n=16  median   7.11 m /  202.2 ms  p90  717.72 m / 21954.5 ms  worst   848.93 m  within1  12.5%  within5  68.8%
        ks_laguna_seca           n=16  median  10.32 m /  293.4 ms  p90 1213.53 m / 37154.4 ms  worst  1741.11 m  within1  12.5%  within5  50.0%
        ks_monza66__junior       n=8  median   1.29 m /   40.1 ms  p90    4.72 m /   118.7 ms  worst     8.02 m  within1  62.5%  within5 100.0%
        ks_nurburgring__layout_sprint_a n=24  median   8.59 m /  265.0 ms  p90   32.50 m /   852.4 ms  worst   961.12 m  within1  12.5%  within5  66.7%
        ks_red_bull_ring__layout_national n=16  median   7.58 m /  234.1 ms  p90   17.42 m /   553.5 ms  worst   119.06 m  within1  12.5%  within5  62.5%
        ks_vallelunga__club_circuit n=32  median   3.77 m /  132.5 ms  p90   16.60 m /   576.7 ms  worst   783.41 m  within1  31.2%  within5  84.4%
        magione                  n=40  median   3.74 m /  130.3 ms  p90   15.18 m /   522.3 ms  worst    86.96 m  within1  27.5%  within5  85.0%
step  1220/6000  loss  6.4204 (ce  3.924 aux  4.991 ref 0.0016)  train median    6.08 m   0.40 s/step
step  1240/6000  loss  9.0126 (ce  5.991 aux  6.042 ref 0.0011)  train median  231.95 m   0.40 s/step
step  1260/6000  loss  6.1521 (ce  3.942 aux  4.417 ref 0.0031)  train median    9.49 m   0.40 s/step
step  1280/6000  loss  6.2139 (ce  3.988 aux  4.449 ref 0.0021)  train median    8.82 m   0.40 s/step
step  1300/6000  loss  5.8719 (ce  3.788 aux  4.165 ref 0.0025)  train median    7.53 m   0.40 s/step
step  1320/6000  loss  5.7281 (ce  3.617 aux  4.221 ref 0.0006)  train median    2.86 m   0.40 s/step
step  1340/6000  loss  6.2046 (ce  4.014 aux  4.379 ref 0.0016)  train median    5.78 m   0.40 s/step
step  1360/6000  loss  5.6277 (ce  3.565 aux  4.122 ref 0.0027)  train median    7.82 m   0.40 s/step
step  1380/6000  loss  5.6723 (ce  3.643 aux  4.058 ref 0.0009)  train median    5.29 m   0.40 s/step
step  1400/6000  loss  5.4402 (ce  3.391 aux  4.095 ref 0.0035)  train median    9.94 m   0.40 s/step
  eval  n=192  median   4.39 m /  133.8 ms  p90   46.09 m /  1365.2 ms  worst  2793.71 m  within1  29.7%  within5  76.0%
        ks_black_cat_county__layout_short n=24  median   2.53 m /   68.5 ms  p90  298.77 m /  7660.6 ms  worst  2793.71 m  within1  45.8%  within5  70.8%
        ks_brands_hatch__indy    n=16  median   4.17 m /  127.4 ms  p90   13.34 m /   373.9 ms  worst    22.96 m  within1  37.5%  within5  68.8%
        ks_highlands__layout_short n=16  median   8.25 m /  244.1 ms  p90  731.29 m / 23597.6 ms  worst   847.86 m  within1  12.5%  within5  50.0%
        ks_laguna_seca           n=16  median   3.63 m /   97.2 ms  p90  538.25 m / 15754.6 ms  worst  1328.31 m  within1  43.8%  within5  68.8%
        ks_monza66__junior       n=8  median   2.79 m /   99.0 ms  p90    7.35 m /   144.1 ms  worst     8.11 m  within1  25.0%  within5 100.0%
        ks_nurburgring__layout_sprint_a n=24  median   5.68 m /  184.0 ms  p90   65.10 m /  1836.7 ms  worst  1022.78 m  within1  16.7%  within5  75.0%
        ks_red_bull_ring__layout_national n=16  median   8.92 m /  266.6 ms  p90   15.95 m /   504.2 ms  worst    30.64 m  within1   0.0%  within5  62.5%
        ks_vallelunga__club_circuit n=32  median   3.09 m /  112.4 ms  p90   11.05 m /   398.7 ms  worst   108.50 m  within1  31.2%  within5  87.5%
        magione                  n=40  median   3.44 m /  131.5 ms  p90   17.35 m /   543.6 ms  worst    84.31 m  within1  37.5%  within5  87.5%
step  1420/6000  loss  4.8299 (ce  2.949 aux  3.760 ref 0.0011)  train median    1.69 m   0.40 s/step
step  1440/6000  loss  5.0679 (ce  3.162 aux  3.808 ref 0.0027)  train median    5.24 m   0.41 s/step
step  1460/6000  loss  6.1800 (ce  4.048 aux  4.260 ref 0.0035)  train median   10.95 m   0.40 s/step
step  1480/6000  loss  5.9587 (ce  3.697 aux  4.521 ref 0.0028)  train median    9.86 m   0.40 s/step
step  1500/6000  loss  4.7254 (ce  3.024 aux  3.399 ref 0.0033)  train median    6.06 m   0.40 s/step
step  1520/6000  loss  5.5440 (ce  3.428 aux  4.229 ref 0.0023)  train median    6.43 m   0.40 s/step
step  1540/6000  loss  5.7319 (ce  3.813 aux  3.837 ref 0.0015)  train median    6.14 m   0.40 s/step
step  1560/6000  loss  4.7433 (ce  2.804 aux  3.879 ref 0.0007)  train median    1.40 m   0.40 s/step
step  1580/6000  loss  6.3247 (ce  3.900 aux  4.846 ref 0.0023)  train median    2.30 m   0.40 s/step
step  1600/6000  loss  5.8094 (ce  3.719 aux  4.180 ref 0.0019)  train median    1.48 m   0.40 s/step
  eval  n=192  median   4.49 m /  133.1 ms  p90   48.55 m /  1194.3 ms  worst  1742.43 m  within1  30.2%  within5  79.2%
        ks_black_cat_county__layout_short n=24  median   4.18 m /  113.5 ms  p90  979.82 m / 30650.3 ms  worst  1704.22 m  within1  33.3%  within5  70.8%
        ks_brands_hatch__indy    n=16  median   5.16 m /  156.9 ms  p90   22.64 m /   653.9 ms  worst    88.17 m  within1  18.8%  within5  68.8%
        ks_highlands__layout_short n=16  median   5.54 m /  170.1 ms  p90  124.60 m /  4031.9 ms  worst   804.89 m  within1  25.0%  within5  75.0%
        ks_laguna_seca           n=16  median  11.15 m /  318.0 ms  p90 1413.95 m / 43536.8 ms  worst  1742.43 m  within1  31.2%  within5  50.0%
        ks_monza66__junior       n=8  median   2.18 m /   67.5 ms  p90    3.80 m /   114.4 ms  worst     4.74 m  within1  50.0%  within5 100.0%
        ks_nurburgring__layout_sprint_a n=24  median   5.03 m /  142.5 ms  p90   17.95 m /   753.6 ms  worst   952.05 m  within1  20.8%  within5  79.2%
        ks_red_bull_ring__layout_national n=16  median   6.16 m /  174.7 ms  p90   17.02 m /   536.4 ms  worst    93.57 m  within1  25.0%  within5  68.8%
        ks_vallelunga__club_circuit n=32  median   3.10 m /   95.6 ms  p90   11.00 m /   265.0 ms  worst    15.74 m  within1  37.5%  within5  87.5%
        magione                  n=40  median   3.22 m /  107.9 ms  p90    7.85 m /   288.5 ms  worst    49.93 m  within1  32.5%  within5  95.0%
step  1620/6000  loss  5.1594 (ce  3.334 aux  3.649 ref 0.0024)  train median    5.32 m   0.40 s/step
step  1640/6000  loss  5.0338 (ce  3.145 aux  3.776 ref 0.0020)  train median    8.06 m   0.40 s/step
step  1660/6000  loss  5.7225 (ce  3.600 aux  4.243 ref 0.0032)  train median    4.43 m   0.40 s/step
step  1680/6000  loss  4.9739 (ce  3.208 aux  3.531 ref 0.0015)  train median    2.68 m   0.40 s/step
step  1700/6000  loss  4.7368 (ce  2.921 aux  3.628 ref 0.0025)  train median    4.95 m   0.40 s/step
step  1720/6000  loss  5.8667 (ce  3.756 aux  4.218 ref 0.0033)  train median    8.15 m   0.40 s/step
step  1740/6000  loss  6.2300 (ce  4.063 aux  4.330 ref 0.0035)  train median   14.34 m   0.40 s/step
step  1760/6000  loss  7.0972 (ce  4.561 aux  5.071 ref 0.0017)  train median   57.68 m   0.40 s/step
step  1780/6000  loss  6.0352 (ce  3.764 aux  4.541 ref 0.0009)  train median    5.67 m   0.40 s/step
step  1800/6000  loss  5.7553 (ce  3.638 aux  4.233 ref 0.0021)  train median    4.83 m   0.40 s/step
  eval  n=192  median   2.81 m /   97.4 ms  p90   23.04 m /   888.3 ms  worst  1697.25 m  within1  34.9%  within5  80.7%
        ks_black_cat_county__layout_short n=24  median   2.98 m /   93.9 ms  p90  174.21 m /  4366.6 ms  worst  1510.21 m  within1  29.2%  within5  70.8%
        ks_brands_hatch__indy    n=16  median   2.68 m /  103.3 ms  p90   11.09 m /   268.4 ms  worst    21.08 m  within1  31.2%  within5  87.5%
        ks_highlands__layout_short n=16  median   2.81 m /   85.1 ms  p90  619.84 m / 20351.1 ms  worst   817.76 m  within1  37.5%  within5  68.8%
        ks_laguna_seca           n=16  median   4.57 m /  141.5 ms  p90  564.77 m / 15655.6 ms  worst  1697.25 m  within1  25.0%  within5  56.2%
        ks_monza66__junior       n=8  median   1.49 m /   46.6 ms  p90    5.02 m /   106.8 ms  worst     5.22 m  within1  50.0%  within5 100.0%
        ks_nurburgring__layout_sprint_a n=24  median   6.49 m /  194.8 ms  p90  162.77 m /  4140.5 ms  worst  1022.44 m  within1  16.7%  within5  66.7%
        ks_red_bull_ring__layout_national n=16  median   5.62 m /  142.3 ms  p90   14.03 m /   383.3 ms  worst    16.78 m  within1  12.5%  within5  75.0%
        ks_vallelunga__club_circuit n=32  median   1.74 m /   64.7 ms  p90    8.68 m /   275.1 ms  worst    15.02 m  within1  53.1%  within5  93.8%
        magione                  n=40  median   2.30 m /   82.2 ms  p90    8.61 m /   313.6 ms  worst    97.24 m  within1  45.0%  within5  95.0%
step  1820/6000  loss  4.8966 (ce  3.047 aux  3.697 ref 0.0028)  train median    3.63 m   0.40 s/step
step  1840/6000  loss  7.8353 (ce  5.017 aux  5.634 ref 0.0027)  train median   44.47 m   0.40 s/step
step  1860/6000  loss  7.5534 (ce  5.156 aux  4.794 ref 0.0016)  train median    8.23 m   0.40 s/step
step  1880/6000  loss  5.6204 (ce  3.558 aux  4.124 ref 0.0018)  train median    2.75 m   0.40 s/step
step  1900/6000  loss  5.0864 (ce  3.273 aux  3.624 ref 0.0018)  train median    4.54 m   0.40 s/step
step  1920/6000  loss  5.5108 (ce  3.463 aux  4.094 ref 0.0026)  train median   14.21 m   0.40 s/step
step  1940/6000  loss  6.0943 (ce  3.788 aux  4.609 ref 0.0042)  train median    7.90 m   0.40 s/step
step  1960/6000  loss  6.1488 (ce  3.777 aux  4.742 ref 0.0021)  train median   13.78 m   0.40 s/step
step  1980/6000  loss  6.4087 (ce  4.174 aux  4.469 ref 0.0015)  train median   14.15 m   0.40 s/step
step  2000/6000  loss  5.1251 (ce  3.360 aux  3.527 ref 0.0029)  train median    8.63 m   0.40 s/step
  eval  n=192  median   3.43 m /  107.5 ms  p90   20.01 m /   528.0 ms  worst  1479.30 m  within1  34.9%  within5  82.8%
        ks_black_cat_county__layout_short n=24  median   4.79 m /  174.0 ms  p90  370.02 m / 14448.0 ms  worst  1293.47 m  within1  29.2%  within5  62.5%
        ks_brands_hatch__indy    n=16  median   3.14 m /   83.7 ms  p90   10.24 m /   280.5 ms  worst    16.43 m  within1  43.8%  within5  87.5%
        ks_highlands__layout_short n=16  median   5.85 m /  187.9 ms  p90   32.42 m /   937.6 ms  worst   519.76 m  within1  18.8%  within5  75.0%
        ks_laguna_seca           n=16  median   6.40 m /  195.7 ms  p90 1213.46 m / 37162.9 ms  worst  1479.30 m  within1  25.0%  within5  68.8%
        ks_monza66__junior       n=8  median   1.43 m /   42.2 ms  p90    4.09 m /   101.7 ms  worst     4.46 m  within1  62.5%  within5 100.0%
        ks_nurburgring__layout_sprint_a n=24  median   2.29 m /   81.1 ms  p90   21.70 m /   932.0 ms  worst   810.59 m  within1  41.7%  within5  79.2%
        ks_red_bull_ring__layout_national n=16  median   5.58 m /  130.3 ms  p90   13.14 m /   368.9 ms  worst    54.38 m  within1  12.5%  within5  75.0%
        ks_vallelunga__club_circuit n=32  median   3.01 m /  104.8 ms  p90    6.46 m /   194.7 ms  worst     8.18 m  within1  31.2%  within5 100.0%
        magione                  n=40  median   2.10 m /   73.9 ms  p90    9.51 m /   339.7 ms  worst    98.30 m  within1  47.5%  within5  90.0%
step  2020/6000  loss  5.4320 (ce  3.454 aux  3.955 ref 0.0017)  train median    8.42 m   0.40 s/step
step  2040/6000  loss  5.2371 (ce  3.337 aux  3.796 ref 0.0040)  train median    8.44 m   0.40 s/step
step  2060/6000  loss  5.3975 (ce  3.410 aux  3.972 ref 0.0033)  train median    7.88 m   0.40 s/step
step  2080/6000  loss  5.6910 (ce  3.706 aux  3.969 ref 0.0019)  train median    6.93 m   0.40 s/step
step  2100/6000  loss  7.5687 (ce  4.880 aux  5.375 ref 0.0028)  train median   27.92 m   0.40 s/step
step  2120/6000  loss  4.5625 (ce  2.893 aux  3.339 ref 0.0005)  train median    2.13 m   0.40 s/step
step  2140/6000  loss  5.3385 (ce  3.522 aux  3.631 ref 0.0028)  train median    8.32 m   0.40 s/step
step  2160/6000  loss  5.3087 (ce  3.394 aux  3.828 ref 0.0019)  train median    5.30 m   0.40 s/step
step  2180/6000  loss  4.9043 (ce  3.049 aux  3.710 ref 0.0016)  train median    2.91 m   0.40 s/step
step  2200/6000  loss  5.4451 (ce  3.392 aux  4.104 ref 0.0014)  train median    6.80 m   0.40 s/step
  eval  n=192  median   3.59 m /  115.4 ms  p90   13.82 m /   542.7 ms  worst  1350.21 m  within1  27.1%  within5  84.9%
        ks_black_cat_county__layout_short n=24  median   4.76 m /  147.3 ms  p90  484.02 m / 14381.4 ms  worst  1273.43 m  within1  25.0%  within5  79.2%
        ks_brands_hatch__indy    n=16  median   3.48 m /  120.1 ms  p90    8.61 m /   211.0 ms  worst    13.80 m  within1  18.8%  within5  93.8%
        ks_highlands__layout_short n=16  median   4.48 m /  171.7 ms  p90  360.01 m / 11167.0 ms  worst   687.52 m  within1  25.0%  within5  62.5%
        ks_laguna_seca           n=16  median   9.08 m /  220.2 ms  p90  903.58 m / 27460.6 ms  worst  1350.21 m  within1  12.5%  within5  50.0%
        ks_monza66__junior       n=8  median   2.79 m /   70.7 ms  p90    4.20 m /   138.5 ms  worst     4.47 m  within1  25.0%  within5 100.0%
        ks_nurburgring__layout_sprint_a n=24  median   4.17 m /  141.7 ms  p90   38.62 m /   908.8 ms  worst   959.12 m  within1  29.2%  within5  79.2%
        ks_red_bull_ring__layout_national n=16  median   3.81 m /   98.3 ms  p90    8.03 m /   203.7 ms  worst    10.00 m  within1  18.8%  within5 100.0%
        ks_vallelunga__club_circuit n=32  median   2.99 m /   91.2 ms  p90    5.94 m /   200.8 ms  worst     9.43 m  within1  28.1%  within5 100.0%
        magione                  n=40  median   2.89 m /  101.8 ms  p90    8.81 m /   287.1 ms  worst   105.28 m  within1  40.0%  within5  90.0%
step  2220/6000  loss  5.5951 (ce  3.368 aux  4.455 ref 0.0002)  train median    1.65 m   0.40 s/step
step  2240/6000  loss  4.1513 (ce  2.579 aux  3.142 ref 0.0020)  train median    3.76 m   0.40 s/step
step  2260/6000  loss  4.1431 (ce  2.662 aux  2.961 ref 0.0020)  train median    3.25 m   0.40 s/step
step  2280/6000  loss  5.7553 (ce  3.777 aux  3.956 ref 0.0012)  train median    3.36 m   0.40 s/step
step  2300/6000  loss  4.6239 (ce  2.784 aux  3.678 ref 0.0020)  train median    2.30 m   0.40 s/step
step  2320/6000  loss  5.1288 (ce  3.162 aux  3.932 ref 0.0013)  train median    3.06 m   0.40 s/step
step  2340/6000  loss  5.1449 (ce  3.237 aux  3.814 ref 0.0023)  train median    2.54 m   0.40 s/step
step  2360/6000  loss  5.6395 (ce  3.576 aux  4.127 ref 0.0006)  train median    7.94 m   0.40 s/step
step  2380/6000  loss  5.7456 (ce  3.700 aux  4.089 ref 0.0023)  train median   10.20 m   0.40 s/step
step  2400/6000  loss  5.5864 (ce  3.492 aux  4.187 ref 0.0025)  train median    5.12 m   0.40 s/step
  eval  n=192  median   3.30 m /  106.4 ms  p90   23.26 m /   990.3 ms  worst  2528.62 m  within1  33.9%  within5  82.3%
        ks_black_cat_county__layout_short n=24  median   4.13 m /  125.4 ms  p90 1127.11 m / 32503.1 ms  worst  2528.62 m  within1  20.8%  within5  66.7%
        ks_brands_hatch__indy    n=16  median   2.51 m /   77.4 ms  p90   11.53 m /   283.6 ms  worst    18.14 m  within1  31.2%  within5  87.5%
        ks_highlands__layout_short n=16  median   4.86 m /  138.8 ms  p90  523.37 m / 16597.4 ms  worst   799.27 m  within1  25.0%  within5  62.5%
        ks_laguna_seca           n=16  median   4.22 m /  116.4 ms  p90  647.96 m / 19883.7 ms  worst  1329.64 m  within1  31.2%  within5  62.5%
        ks_monza66__junior       n=8  median   1.74 m /   47.5 ms  p90    3.76 m /    96.6 ms  worst     3.98 m  within1  50.0%  within5 100.0%
        ks_nurburgring__layout_sprint_a n=24  median   4.22 m /  141.9 ms  p90   21.05 m /   886.2 ms  worst    72.57 m  within1  29.2%  within5  79.2%
        ks_red_bull_ring__layout_national n=16  median   4.24 m /  115.2 ms  p90   10.10 m /   294.0 ms  worst    15.59 m  within1  25.0%  within5  87.5%
        ks_vallelunga__club_circuit n=32  median   3.32 m /  120.9 ms  p90    5.26 m /   187.8 ms  worst   786.72 m  within1  34.4%  within5  96.9%
        magione                  n=40  median   1.98 m /   84.1 ms  p90    7.28 m /   311.0 ms  worst    99.36 m  within1  50.0%  within5  90.0%
step  2420/6000  loss  4.9490 (ce  3.181 aux  3.533 ref 0.0024)  train median    2.94 m   0.40 s/step
step  2440/6000  loss  5.0828 (ce  3.184 aux  3.795 ref 0.0018)  train median    2.66 m   0.40 s/step
step  2460/6000  loss  4.5555 (ce  2.832 aux  3.446 ref 0.0015)  train median    3.10 m   0.40 s/step
step  2480/6000  loss  4.8035 (ce  3.008 aux  3.589 ref 0.0016)  train median    4.68 m   0.40 s/step
step  2500/6000  loss  5.4759 (ce  3.555 aux  3.840 ref 0.0020)  train median    5.56 m   0.40 s/step
step  2520/6000  loss  4.3326 (ce  2.595 aux  3.474 ref 0.0011)  train median    4.55 m   0.40 s/step
step  2540/6000  loss  6.1041 (ce  4.090 aux  4.027 ref 0.0011)  train median   14.81 m   0.40 s/step
step  2560/6000  loss  4.7056 (ce  2.760 aux  3.890 ref 0.0012)  train median    3.50 m   0.40 s/step
step  2580/6000  loss  5.4333 (ce  3.352 aux  4.161 ref 0.0012)  train median    7.78 m   0.40 s/step
step  2600/6000  loss  4.8743 (ce  3.213 aux  3.319 ref 0.0027)  train median    6.21 m   0.40 s/step
  eval  n=192  median   2.58 m /   80.7 ms  p90   15.25 m /   475.1 ms  worst  2994.75 m  within1  44.8%  within5  88.0%
        ks_black_cat_county__layout_short n=24  median   3.22 m /  114.4 ms  p90   83.39 m /  1779.5 ms  worst  2994.75 m  within1  37.5%  within5  75.0%
        ks_brands_hatch__indy    n=16  median   1.37 m /   48.8 ms  p90    9.69 m /   229.6 ms  worst    19.26 m  within1  62.5%  within5  87.5%
        ks_highlands__layout_short n=16  median   2.96 m /  131.3 ms  p90  268.34 m /  8978.9 ms  worst   571.47 m  within1  43.8%  within5  81.2%
        ks_laguna_seca           n=16  median   2.78 m /   68.2 ms  p90  108.66 m /  3652.0 ms  worst  1327.62 m  within1  43.8%  within5  81.2%
        ks_monza66__junior       n=8  median   1.18 m /   41.3 ms  p90    4.55 m /    94.0 ms  worst     5.31 m  within1  75.0%  within5 100.0%
        ks_nurburgring__layout_sprint_a n=24  median   2.87 m /   95.9 ms  p90   18.95 m /   759.8 ms  worst   208.26 m  within1  33.3%  within5  83.3%
        ks_red_bull_ring__layout_national n=16  median   4.44 m /  114.3 ms  p90   12.46 m /   381.3 ms  worst    21.79 m  within1  18.8%  within5  87.5%
        ks_vallelunga__club_circuit n=32  median   1.97 m /   62.8 ms  p90    6.15 m /   213.0 ms  worst     8.10 m  within1  53.1%  within5 100.0%
        magione                  n=40  median   2.14 m /   80.9 ms  p90    7.93 m /   282.6 ms  worst  1007.45 m  within1  47.5%  within5  92.5%
step  2620/6000  loss  6.3049 (ce  3.947 aux  4.714 ref 0.0030)  train median    7.64 m   0.40 s/step
step  2640/6000  loss  6.8676 (ce  4.593 aux  4.546 ref 0.0035)  train median   10.27 m   0.40 s/step
step  2660/6000  loss  4.8097 (ce  2.893 aux  3.831 ref 0.0030)  train median    4.49 m   0.40 s/step
step  2680/6000  loss  5.6399 (ce  3.522 aux  4.235 ref 0.0018)  train median   12.17 m   0.40 s/step
step  2700/6000  loss  6.5397 (ce  4.343 aux  4.391 ref 0.0029)  train median   72.80 m   0.40 s/step
step  2720/6000  loss  5.0541 (ce  3.295 aux  3.516 ref 0.0024)  train median    5.76 m   0.40 s/step
step  2740/6000  loss  4.4071 (ce  2.683 aux  3.448 ref 0.0005)  train median    0.83 m   0.40 s/step
step  2760/6000  loss  5.1726 (ce  3.410 aux  3.524 ref 0.0017)  train median    4.26 m   0.40 s/step
step  2780/6000  loss  5.2254 (ce  3.357 aux  3.735 ref 0.0022)  train median    7.53 m   0.40 s/step
step  2800/6000  loss  4.5531 (ce  2.751 aux  3.604 ref 0.0009)  train median    2.13 m   0.40 s/step
  eval  n=192  median   2.24 m /   70.4 ms  p90    7.74 m /   267.0 ms  worst  1421.24 m  within1  47.4%  within5  93.2%
        ks_black_cat_county__layout_short n=24  median   1.98 m /   74.7 ms  p90    9.76 m /   269.9 ms  worst  1421.24 m  within1  50.0%  within5  87.5%
        ks_brands_hatch__indy    n=16  median   2.29 m /   61.4 ms  p90    7.95 m /   208.0 ms  worst    13.38 m  within1  43.8%  within5  93.8%
        ks_highlands__layout_short n=16  median   2.52 m /   70.8 ms  p90    8.46 m /   281.9 ms  worst    25.67 m  within1  43.8%  within5  93.8%
        ks_laguna_seca           n=16  median   2.73 m /   70.1 ms  p90    6.44 m /   196.3 ms  worst     7.72 m  within1  37.5%  within5 100.0%
        ks_monza66__junior       n=8  median   2.10 m /   58.4 ms  p90    4.79 m /   121.1 ms  worst     7.34 m  within1  50.0%  within5 100.0%
        ks_nurburgring__layout_sprint_a n=24  median   2.99 m /   89.1 ms  p90   41.25 m /  1463.5 ms  worst  1388.58 m  within1  33.3%  within5  83.3%
        ks_red_bull_ring__layout_national n=16  median   4.15 m /  104.8 ms  p90    9.93 m /   269.3 ms  worst    15.89 m  within1  31.2%  within5  87.5%
        ks_vallelunga__club_circuit n=32  median   1.32 m /   42.3 ms  p90    5.77 m /   205.5 ms  worst     7.84 m  within1  65.6%  within5 100.0%
        magione                  n=40  median   1.78 m /   69.0 ms  p90    6.97 m /   266.4 ms  worst  1007.56 m  within1  52.5%  within5  95.0%
step  2820/6000  loss  5.0323 (ce  3.214 aux  3.633 ref 0.0028)  train median    6.72 m   0.40 s/step
step  2840/6000  loss  4.5815 (ce  2.655 aux  3.853 ref 0.0009)  train median    1.59 m   0.40 s/step
step  2860/6000  loss  4.0006 (ce  2.424 aux  3.153 ref 0.0010)  train median    2.10 m   0.40 s/step
step  2880/6000  loss  5.0056 (ce  3.223 aux  3.561 ref 0.0033)  train median    5.90 m   0.40 s/step
step  2900/6000  loss  3.9637 (ce  2.409 aux  3.109 ref 0.0010)  train median    1.78 m   0.40 s/step
step  2920/6000  loss  5.0002 (ce  3.071 aux  3.855 ref 0.0028)  train median    4.36 m   0.40 s/step
step  2940/6000  loss  4.1405 (ce  2.638 aux  3.004 ref 0.0014)  train median    3.70 m   0.40 s/step
step  2960/6000  loss  4.9301 (ce  3.194 aux  3.470 ref 0.0026)  train median    7.12 m   0.40 s/step
step  2980/6000  loss  4.3009 (ce  2.686 aux  3.229 ref 0.0014)  train median    3.55 m   0.40 s/step
step  3000/6000  loss  4.7452 (ce  2.928 aux  3.633 ref 0.0015)  train median    2.96 m   0.40 s/step
  eval  n=192  median   2.84 m /   91.5 ms  p90   14.13 m /   363.1 ms  worst  1714.09 m  within1  39.1%  within5  86.5%
        ks_black_cat_county__layout_short n=24  median   2.73 m /   71.1 ms  p90   70.83 m /  1646.7 ms  worst  1714.09 m  within1  37.5%  within5  79.2%
        ks_brands_hatch__indy    n=16  median   2.67 m /   86.4 ms  p90    8.02 m /   223.3 ms  worst    11.07 m  within1  37.5%  within5  87.5%
        ks_highlands__layout_short n=16  median   3.48 m /  124.2 ms  p90  175.61 m /  6470.8 ms  worst   562.16 m  within1  25.0%  within5  87.5%
        ks_laguna_seca           n=16  median   8.06 m /  215.2 ms  p90  827.79 m / 24881.9 ms  worst  1694.72 m  within1  31.2%  within5  62.5%
        ks_monza66__junior       n=8  median   2.34 m /   68.5 ms  p90    3.37 m /    87.9 ms  worst     3.40 m  within1  37.5%  within5 100.0%
        ks_nurburgring__layout_sprint_a n=24  median   3.21 m /  104.6 ms  p90   19.74 m /   830.1 ms  worst   107.54 m  within1  29.2%  within5  75.0%
        ks_red_bull_ring__layout_national n=16  median   4.06 m /  127.5 ms  p90   10.65 m /   283.5 ms  worst    15.91 m  within1  31.2%  within5  81.2%
        ks_vallelunga__club_circuit n=32  median   2.98 m /  104.6 ms  p90    6.56 m /   201.2 ms  worst     9.05 m  within1  43.8%  within5 100.0%
        magione                  n=40  median   1.55 m /   62.3 ms  p90    5.77 m /   213.2 ms  worst   100.94 m  within1  55.0%  within5  95.0%
step  3020/6000  loss  4.2897 (ce  2.704 aux  3.168 ref 0.0020)  train median    2.12 m   0.40 s/step
step  3040/6000  loss  4.0437 (ce  2.524 aux  3.038 ref 0.0011)  train median    2.44 m   0.40 s/step
step  3060/6000  loss  5.3799 (ce  3.455 aux  3.849 ref 0.0010)  train median    8.35 m   0.40 s/step
step  3080/6000  loss  4.7997 (ce  2.979 aux  3.639 ref 0.0024)  train median    5.75 m   0.40 s/step
step  3100/6000  loss  6.2149 (ce  3.891 aux  4.647 ref 0.0008)  train median    8.20 m   0.40 s/step
step  3120/6000  loss  4.3174 (ce  2.766 aux  3.101 ref 0.0018)  train median    1.91 m   0.40 s/step
step  3140/6000  loss  6.0639 (ce  3.843 aux  4.438 ref 0.0033)  train median    9.78 m   0.40 s/step
step  3160/6000  loss  4.9531 (ce  3.210 aux  3.485 ref 0.0015)  train median    8.48 m   0.40 s/step
step  3180/6000  loss  4.3253 (ce  2.684 aux  3.281 ref 0.0016)  train median    2.89 m   0.40 s/step
step  3200/6000  loss  4.6497 (ce  2.889 aux  3.520 ref 0.0013)  train median    2.09 m   0.40 s/step
  eval  n=192  median   2.43 m /   77.5 ms  p90    8.41 m /   279.5 ms  worst  2995.36 m  within1  44.3%  within5  91.1%
        ks_black_cat_county__layout_short n=24  median   3.09 m /   89.4 ms  p90   17.58 m /   601.7 ms  worst  2995.36 m  within1  41.7%  within5  87.5%
        ks_brands_hatch__indy    n=16  median   2.08 m /   66.7 ms  p90    7.79 m /   190.8 ms  worst    11.15 m  within1  50.0%  within5  93.8%
        ks_highlands__layout_short n=16  median   2.45 m /   94.2 ms  p90   13.79 m /   400.1 ms  worst   808.81 m  within1  43.8%  within5  87.5%
        ks_laguna_seca           n=16  median   2.00 m /   55.7 ms  p90   10.72 m /   298.5 ms  worst  1325.94 m  within1  50.0%  within5  87.5%
        ks_monza66__junior       n=8  median   0.98 m /   33.6 ms  p90    4.93 m /   125.7 ms  worst     6.58 m  within1  62.5%  within5 100.0%
        ks_nurburgring__layout_sprint_a n=24  median   3.45 m /  113.2 ms  p90   24.48 m /   819.5 ms  worst  1003.77 m  within1  41.7%  within5  79.2%
        ks_red_bull_ring__layout_national n=16  median   3.22 m /   82.4 ms  p90    8.34 m /   251.3 ms  worst    11.59 m  within1  18.8%  within5  93.8%
        ks_vallelunga__club_circuit n=32  median   2.20 m /   69.1 ms  p90    4.83 m /   191.0 ms  worst    11.54 m  within1  46.9%  within5  96.9%
        magione                  n=40  median   2.19 m /   78.1 ms  p90    6.14 m /   212.8 ms  worst    94.90 m  within1  47.5%  within5  95.0%
step  3220/6000  loss  5.3993 (ce  3.329 aux  4.139 ref 0.0017)  train median    3.67 m   0.40 s/step
step  3240/6000  loss  6.4285 (ce  4.127 aux  4.601 ref 0.0019)  train median  117.35 m   0.40 s/step
step  3260/6000  loss  3.9259 (ce  2.457 aux  2.937 ref 0.0015)  train median    1.96 m   0.40 s/step
step  3280/6000  loss  4.8471 (ce  3.098 aux  3.497 ref 0.0009)  train median    2.67 m   0.40 s/step
step  3300/6000  loss  5.7508 (ce  3.793 aux  3.916 ref 0.0004)  train median    4.47 m   0.40 s/step
step  3320/6000  loss  4.4881 (ce  2.816 aux  3.342 ref 0.0014)  train median    2.63 m   0.40 s/step
step  3340/6000  loss  4.2888 (ce  2.731 aux  3.113 ref 0.0024)  train median    4.73 m   0.40 s/step
step  3360/6000  loss  4.9631 (ce  3.109 aux  3.707 ref 0.0009)  train median    1.33 m   0.40 s/step
step  3380/6000  loss  5.1442 (ce  3.314 aux  3.661 ref 0.0008)  train median    1.94 m   0.40 s/step
step  3400/6000  loss  5.1295 (ce  3.107 aux  4.045 ref 0.0013)  train median    3.73 m   0.40 s/step
  eval  n=192  median   2.64 m /   83.2 ms  p90   10.44 m /   313.2 ms  worst  2997.32 m  within1  40.6%  within5  89.6%
        ks_black_cat_county__layout_short n=24  median   4.67 m /  146.2 ms  p90   75.44 m /  1697.8 ms  worst  2997.32 m  within1  25.0%  within5  70.8%
        ks_brands_hatch__indy    n=16  median   1.98 m /   69.3 ms  p90    4.25 m /   128.9 ms  worst     8.83 m  within1  50.0%  within5 100.0%
        ks_highlands__layout_short n=16  median   2.76 m /   79.0 ms  p90    5.29 m /   175.1 ms  worst     9.67 m  within1  43.8%  within5 100.0%
        ks_laguna_seca           n=16  median   3.61 m /  107.8 ms  p90   13.60 m /   390.5 ms  worst  1328.37 m  within1  31.2%  within5  81.2%
        ks_monza66__junior       n=8  median   2.11 m /   65.3 ms  p90    3.44 m /   106.9 ms  worst     3.92 m  within1  50.0%  within5 100.0%
        ks_nurburgring__layout_sprint_a n=24  median   4.20 m /  141.9 ms  p90   21.15 m /   844.8 ms  worst   107.18 m  within1  33.3%  within5  75.0%
        ks_red_bull_ring__layout_national n=16  median   3.77 m /   95.5 ms  p90   10.02 m /   252.4 ms  worst    12.81 m  within1  37.5%  within5  87.5%
        ks_vallelunga__club_circuit n=32  median   2.22 m /   83.0 ms  p90    5.81 m /   161.5 ms  worst    11.17 m  within1  40.6%  within5  96.9%
        magione                  n=40  median   1.80 m /   66.3 ms  p90    5.65 m /   187.8 ms  worst    85.27 m  within1  52.5%  within5  97.5%
step  3420/6000  loss  6.4916 (ce  4.228 aux  4.527 ref 0.0014)  train median   12.84 m   0.40 s/step
step  3440/6000  loss  5.0910 (ce  3.187 aux  3.805 ref 0.0028)  train median    6.33 m   0.40 s/step
step  3460/6000  loss  4.3542 (ce  2.727 aux  3.253 ref 0.0015)  train median    2.66 m   0.40 s/step
step  3480/6000  loss  4.8859 (ce  3.067 aux  3.636 ref 0.0008)  train median    4.68 m   0.40 s/step
step  3500/6000  loss  5.2108 (ce  3.064 aux  4.292 ref 0.0011)  train median    3.65 m   0.40 s/step
step  3520/6000  loss  4.2213 (ce  2.582 aux  3.277 ref 0.0009)  train median    1.76 m   0.40 s/step
step  3540/6000  loss  4.8765 (ce  3.107 aux  3.536 ref 0.0032)  train median    6.84 m   0.40 s/step
step  3560/6000  loss  5.7379 (ce  3.428 aux  4.616 ref 0.0034)  train median    6.99 m   0.40 s/step
step  3580/6000  loss  4.0308 (ce  2.427 aux  3.206 ref 0.0013)  train median    2.36 m   0.40 s/step
step  3600/6000  loss  5.4153 (ce  3.382 aux  4.066 ref 0.0017)  train median    3.71 m   0.40 s/step
  eval  n=192  median   2.57 m /   89.1 ms  p90   10.37 m /   281.8 ms  worst  3026.13 m  within1  37.5%  within5  89.1%
        ks_black_cat_county__layout_short n=24  median   3.13 m /   97.7 ms  p90 1817.30 m / 54498.3 ms  worst  3026.13 m  within1  25.0%  within5  75.0%
        ks_brands_hatch__indy    n=16  median   1.54 m /   43.9 ms  p90    9.66 m /   254.9 ms  worst    13.43 m  within1  50.0%  within5  87.5%
        ks_highlands__layout_short n=16  median   2.28 m /   63.9 ms  p90  283.99 m /  8914.0 ms  worst   848.58 m  within1  43.8%  within5  87.5%
        ks_laguna_seca           n=16  median   3.64 m /  113.8 ms  p90  169.57 m /  4406.8 ms  worst  1325.70 m  within1  31.2%  within5  81.2%
        ks_monza66__junior       n=8  median   1.17 m /   37.8 ms  p90    4.53 m /    92.8 ms  worst     4.92 m  within1  75.0%  within5 100.0%
        ks_nurburgring__layout_sprint_a n=24  median   4.76 m /  144.9 ms  p90   14.77 m /   409.5 ms  worst   107.16 m  within1  20.8%  within5  83.3%
        ks_red_bull_ring__layout_national n=16  median   3.46 m /   89.4 ms  p90   10.51 m /   305.6 ms  worst    15.27 m  within1  31.2%  within5  81.2%
        ks_vallelunga__club_circuit n=32  median   2.43 m /   80.0 ms  p90    6.12 m /   221.6 ms  worst     9.67 m  within1  40.6%  within5 100.0%
        magione                  n=40  median   2.46 m /   94.4 ms  p90    8.48 m /   252.9 ms  worst    83.47 m  within1  42.5%  within5  97.5%
step  3620/6000  loss  4.0806 (ce  2.546 aux  3.067 ref 0.0013)  train median    2.81 m   0.40 s/step
step  3640/6000  loss  4.1645 (ce  2.572 aux  3.183 ref 0.0021)  train median    3.20 m   0.40 s/step
step  3660/6000  loss  4.1363 (ce  2.573 aux  3.124 ref 0.0022)  train median    2.92 m   0.40 s/step
step  3680/6000  loss  5.7533 (ce  3.792 aux  3.920 ref 0.0030)  train median    9.31 m   0.40 s/step
step  3700/6000  loss  3.9279 (ce  2.442 aux  2.970 ref 0.0011)  train median    2.13 m   0.40 s/step
step  3720/6000  loss  3.9753 (ce  2.468 aux  3.014 ref 0.0016)  train median    1.61 m   0.40 s/step
step  3740/6000  loss  6.8735 (ce  4.465 aux  4.814 ref 0.0023)  train median    8.67 m   0.40 s/step
step  3760/6000  loss  4.1356 (ce  2.651 aux  2.968 ref 0.0021)  train median    2.37 m   0.40 s/step
step  3780/6000  loss  5.8281 (ce  3.710 aux  4.234 ref 0.0010)  train median   16.70 m   0.40 s/step
step  3800/6000  loss  4.1479 (ce  2.569 aux  3.157 ref 0.0015)  train median    1.99 m   0.40 s/step
  eval  n=192  median   2.33 m /   76.2 ms  p90    8.21 m /   250.6 ms  worst  1374.81 m  within1  44.8%  within5  92.7%
        ks_black_cat_county__layout_short n=24  median   3.05 m /   86.7 ms  p90   66.38 m /  1471.0 ms  worst  1374.81 m  within1  37.5%  within5  83.3%
        ks_brands_hatch__indy    n=16  median   1.25 m /   39.6 ms  p90   10.31 m /   244.2 ms  worst    16.50 m  within1  62.5%  within5  87.5%
        ks_highlands__layout_short n=16  median   2.39 m /   89.1 ms  p90   12.09 m /   348.6 ms  worst   345.25 m  within1  43.8%  within5  87.5%
        ks_laguna_seca           n=16  median   3.65 m /  116.8 ms  p90   12.27 m /   471.6 ms  worst  1325.74 m  within1  25.0%  within5  87.5%
        ks_monza66__junior       n=8  median   1.21 m /   36.7 ms  p90    2.26 m /    54.3 ms  worst     3.35 m  within1  87.5%  within5 100.0%
        ks_nurburgring__layout_sprint_a n=24  median   3.08 m /   95.5 ms  p90   10.46 m /   321.2 ms  worst    44.69 m  within1  33.3%  within5  87.5%
        ks_red_bull_ring__layout_national n=16  median   2.85 m /   90.2 ms  p90    8.41 m /   232.1 ms  worst    10.72 m  within1  31.2%  within5  93.8%
        ks_vallelunga__club_circuit n=32  median   1.85 m /   66.4 ms  p90    6.05 m /   218.1 ms  worst     8.34 m  within1  53.1%  within5 100.0%
        magione                  n=40  median   2.12 m /   76.5 ms  p90    6.30 m /   201.1 ms  worst     8.06 m  within1  47.5%  within5 100.0%
step  3820/6000  loss  4.6303 (ce  3.085 aux  3.088 ref 0.0024)  train median    5.35 m   0.40 s/step
step  3840/6000  loss  4.3768 (ce  2.683 aux  3.386 ref 0.0021)  train median    4.11 m   0.40 s/step
step  3860/6000  loss  5.0883 (ce  3.141 aux  3.893 ref 0.0006)  train median    3.37 m   0.40 s/step
step  3880/6000  loss  4.9724 (ce  3.199 aux  3.545 ref 0.0020)  train median    4.74 m   0.40 s/step
step  3900/6000  loss  4.5640 (ce  2.841 aux  3.443 ref 0.0020)  train median    3.90 m   0.40 s/step
step  3920/6000  loss  6.4250 (ce  3.965 aux  4.919 ref 0.0005)  train median    3.61 m   0.40 s/step
step  3940/6000  loss  4.6098 (ce  2.952 aux  3.314 ref 0.0016)  train median    3.61 m   0.40 s/step
step  3960/6000  loss  4.8620 (ce  3.031 aux  3.660 ref 0.0021)  train median    3.44 m   0.40 s/step
step  3980/6000  loss  4.8962 (ce  3.106 aux  3.578 ref 0.0021)  train median    4.49 m   0.40 s/step
step  4000/6000  loss  4.7690 (ce  2.903 aux  3.730 ref 0.0009)  train median    4.22 m   0.40 s/step
  eval  n=192  median   2.43 m /   72.8 ms  p90    7.82 m /   256.3 ms  worst  2523.91 m  within1  43.8%  within5  92.7%
        ks_black_cat_county__layout_short n=24  median   3.35 m /  109.0 ms  p90   25.97 m /   711.4 ms  worst  2523.91 m  within1  25.0%  within5  83.3%
        ks_brands_hatch__indy    n=16  median   1.63 m /   58.1 ms  p90    8.51 m /   202.9 ms  worst    13.67 m  within1  56.2%  within5  93.8%
        ks_highlands__layout_short n=16  median   1.56 m /   62.6 ms  p90    4.86 m /   142.7 ms  worst   343.16 m  within1  62.5%  within5  93.8%
        ks_laguna_seca           n=16  median   3.05 m /   78.9 ms  p90  567.10 m / 17063.2 ms  worst  1326.94 m  within1  31.2%  within5  75.0%
        ks_monza66__junior       n=8  median   0.95 m /   24.7 ms  p90    2.44 m /    65.5 ms  worst     3.35 m  within1  75.0%  within5 100.0%
        ks_nurburgring__layout_sprint_a n=24  median   2.51 m /   83.2 ms  p90    8.44 m /   253.7 ms  worst    45.39 m  within1  45.8%  within5  91.7%
        ks_red_bull_ring__layout_national n=16  median   4.01 m /  113.3 ms  p90    8.31 m /   253.9 ms  worst    12.45 m  within1  18.8%  within5  93.8%
        ks_vallelunga__club_circuit n=32  median   2.23 m /   69.7 ms  p90    6.94 m /   195.2 ms  worst    11.04 m  within1  46.9%  within5  96.9%
        magione                  n=40  median   2.19 m /   68.8 ms  p90    6.23 m /   209.3 ms  worst     9.35 m  within1  47.5%  within5 100.0%
step  4020/6000  loss  4.0273 (ce  2.545 aux  2.964 ref 0.0013)  train median    2.96 m   0.40 s/step
step  4040/6000  loss  6.6815 (ce  4.263 aux  4.836 ref 0.0006)  train median    6.11 m   0.40 s/step
step  4060/6000  loss  4.9375 (ce  3.085 aux  3.705 ref 0.0013)  train median    3.50 m   0.40 s/step
step  4080/6000  loss  4.3190 (ce  2.808 aux  3.020 ref 0.0017)  train median    5.84 m   0.40 s/step
step  4100/6000  loss  4.9861 (ce  3.177 aux  3.617 ref 0.0007)  train median    3.20 m   0.40 s/step
step  4120/6000  loss  5.7416 (ce  3.831 aux  3.818 ref 0.0028)  train median   11.13 m   0.40 s/step
step  4140/6000  loss  4.3122 (ce  2.652 aux  3.318 ref 0.0021)  train median    4.39 m   0.40 s/step
step  4160/6000  loss  3.9660 (ce  2.486 aux  2.960 ref 0.0012)  train median    2.76 m   0.40 s/step
step  4180/6000  loss  4.6162 (ce  2.857 aux  3.518 ref 0.0015)  train median    3.06 m   0.40 s/step
step  4200/6000  loss  4.3356 (ce  2.643 aux  3.384 ref 0.0012)  train median    1.83 m   0.40 s/step
  eval  n=192  median   2.28 m /   79.4 ms  p90    8.02 m /   242.5 ms  worst  2522.93 m  within1  43.8%  within5  93.2%
        ks_black_cat_county__layout_short n=24  median   2.98 m /   83.1 ms  p90   67.89 m /  1504.2 ms  worst  2522.93 m  within1  33.3%  within5  83.3%
        ks_brands_hatch__indy    n=16  median   2.09 m /   67.4 ms  p90    8.76 m /   207.2 ms  worst    13.79 m  within1  43.8%  within5  87.5%
        ks_highlands__layout_short n=16  median   1.79 m /   80.2 ms  p90   13.49 m /   386.2 ms  worst   780.73 m  within1  56.2%  within5  87.5%
        ks_laguna_seca           n=16  median   2.60 m /   65.1 ms  p90    6.94 m /   221.2 ms  worst     8.62 m  within1  37.5%  within5 100.0%
        ks_monza66__junior       n=8  median   1.10 m /   41.1 ms  p90    3.14 m /    86.1 ms  worst     4.01 m  within1  62.5%  within5 100.0%
        ks_nurburgring__layout_sprint_a n=24  median   2.97 m /  106.3 ms  p90   14.20 m /   336.3 ms  worst    42.49 m  within1  33.3%  within5  83.3%
        ks_red_bull_ring__layout_national n=16  median   3.22 m /   90.6 ms  p90    6.86 m /   181.9 ms  worst     9.90 m  within1  37.5%  within5 100.0%
        ks_vallelunga__club_circuit n=32  median   2.20 m /   77.8 ms  p90    6.41 m /   228.4 ms  worst     9.05 m  within1  46.9%  within5 100.0%
        magione                  n=40  median   2.00 m /   78.1 ms  p90    6.18 m /   235.0 ms  worst    11.25 m  within1  50.0%  within5  97.5%
step  4220/6000  loss  5.0507 (ce  3.217 aux  3.668 ref 0.0005)  train median    6.59 m   0.40 s/step
step  4240/6000  loss  5.7090 (ce  3.607 aux  4.202 ref 0.0012)  train median    9.50 m   0.40 s/step
step  4260/6000  loss  4.6292 (ce  2.740 aux  3.778 ref 0.0012)  train median    5.04 m   0.40 s/step
step  4280/6000  loss  5.3593 (ce  3.468 aux  3.782 ref 0.0013)  train median    6.74 m   0.40 s/step
step  4300/6000  loss  5.1234 (ce  3.428 aux  3.389 ref 0.0020)  train median    4.50 m   0.40 s/step
step  4320/6000  loss  5.2368 (ce  3.282 aux  3.910 ref 0.0007)  train median    2.66 m   0.40 s/step
step  4340/6000  loss  4.8448 (ce  2.997 aux  3.695 ref 0.0017)  train median    5.03 m   0.40 s/step
step  4360/6000  loss  5.6479 (ce  3.624 aux  4.047 ref 0.0014)  train median    5.90 m   0.40 s/step
step  4380/6000  loss  4.5620 (ce  2.812 aux  3.498 ref 0.0024)  train median    5.20 m   0.40 s/step
step  4400/6000  loss  4.0907 (ce  2.483 aux  3.213 ref 0.0013)  train median    2.86 m   0.40 s/step
  eval  n=192  median   2.25 m /   80.7 ms  p90    9.76 m /   272.4 ms  worst  2998.82 m  within1  45.3%  within5  90.6%
        ks_black_cat_county__layout_short n=24  median   3.13 m /  117.1 ms  p90   85.12 m /  1817.6 ms  worst  2998.82 m  within1  33.3%  within5  75.0%
        ks_brands_hatch__indy    n=16  median   1.68 m /   67.3 ms  p90    8.21 m /   198.7 ms  worst    10.29 m  within1  50.0%  within5  93.8%
        ks_highlands__layout_short n=16  median   1.66 m /   57.5 ms  p90    6.69 m /   164.1 ms  worst     8.22 m  within1  50.0%  within5 100.0%
        ks_laguna_seca           n=16  median   3.02 m /   78.4 ms  p90   27.57 m /   846.7 ms  worst   724.80 m  within1  31.2%  within5  81.2%
        ks_monza66__junior       n=8  median   1.25 m /   38.8 ms  p90    3.18 m /    82.3 ms  worst     3.55 m  within1  62.5%  within5 100.0%
        ks_nurburgring__layout_sprint_a n=24  median   4.37 m /  139.9 ms  p90   21.07 m /   832.4 ms  worst   952.05 m  within1  37.5%  within5  79.2%
        ks_red_bull_ring__layout_national n=16  median   2.78 m /   90.2 ms  p90    6.12 m /   147.6 ms  worst    11.12 m  within1  43.8%  within5  93.8%
        ks_vallelunga__club_circuit n=32  median   1.79 m /   70.6 ms  p90    6.76 m /   243.6 ms  worst    11.40 m  within1  53.1%  within5  96.9%
        magione                  n=40  median   2.00 m /   84.0 ms  p90    5.57 m /   217.9 ms  worst    11.08 m  within1  50.0%  within5  97.5%
step  4420/6000  loss  4.2451 (ce  2.706 aux  3.077 ref 0.0021)  train median    3.12 m   0.40 s/step
step  4440/6000  loss  3.7876 (ce  2.328 aux  2.919 ref 0.0008)  train median    1.53 m   0.40 s/step
step  4460/6000  loss  3.9466 (ce  2.502 aux  2.888 ref 0.0012)  train median    3.18 m   0.40 s/step
step  4480/6000  loss  4.2632 (ce  2.628 aux  3.269 ref 0.0020)  train median    4.64 m   0.40 s/step
step  4500/6000  loss  3.9961 (ce  2.520 aux  2.951 ref 0.0008)  train median    0.91 m   0.40 s/step
step  4520/6000  loss  5.0168 (ce  3.123 aux  3.786 ref 0.0029)  train median    4.49 m   0.40 s/step
step  4540/6000  loss  4.5060 (ce  2.832 aux  3.347 ref 0.0012)  train median    3.33 m   0.40 s/step
step  4560/6000  loss  4.1514 (ce  2.565 aux  3.172 ref 0.0012)  train median    2.05 m   0.40 s/step
step  4580/6000  loss  5.1853 (ce  3.290 aux  3.789 ref 0.0013)  train median    2.61 m   0.40 s/step
step  4600/6000  loss  4.7574 (ce  3.059 aux  3.395 ref 0.0015)  train median    4.43 m   0.40 s/step
  eval  n=192  median   2.37 m /   74.8 ms  p90    8.72 m /   255.1 ms  worst  2998.11 m  within1  45.3%  within5  92.7%
        ks_black_cat_county__layout_short n=24  median   3.36 m /  102.5 ms  p90  120.97 m /  2358.8 ms  worst  2998.11 m  within1  29.2%  within5  79.2%
        ks_brands_hatch__indy    n=16  median   1.27 m /   40.7 ms  p90    7.96 m /   190.5 ms  worst     8.78 m  within1  68.8%  within5 100.0%
        ks_highlands__layout_short n=16  median   1.62 m /   68.5 ms  p90    4.70 m /   126.8 ms  worst     6.40 m  within1  56.2%  within5 100.0%
        ks_laguna_seca           n=16  median   3.42 m /   85.2 ms  p90   10.86 m /   422.3 ms  worst    22.34 m  within1  25.0%  within5  81.2%
        ks_monza66__junior       n=8  median   1.64 m /   49.7 ms  p90    2.52 m /    68.2 ms  worst     3.72 m  within1  87.5%  within5 100.0%
        ks_nurburgring__layout_sprint_a n=24  median   5.76 m /  164.4 ms  p90   18.40 m /   726.2 ms  worst  1338.59 m  within1  37.5%  within5  79.2%
        ks_red_bull_ring__layout_national n=16  median   3.01 m /   89.6 ms  p90    5.39 m /   172.4 ms  worst     6.03 m  within1  31.2%  within5 100.0%
        ks_vallelunga__club_circuit n=32  median   1.76 m /   66.3 ms  p90    5.80 m /   207.7 ms  worst     9.19 m  within1  53.1%  within5 100.0%
        magione                  n=40  median   2.26 m /   85.2 ms  p90    5.51 m /   203.7 ms  worst    10.04 m  within1  45.0%  within5  97.5%
step  4620/6000  loss  4.6229 (ce  3.068 aux  3.108 ref 0.0021)  train median    2.99 m   0.41 s/step
step  4640/6000  loss  3.8293 (ce  2.391 aux  2.876 ref 0.0014)  train median    2.03 m   0.41 s/step
step  4660/6000  loss  4.6933 (ce  2.899 aux  3.588 ref 0.0013)  train median    2.09 m   0.41 s/step
step  4680/6000  loss  3.8777 (ce  2.468 aux  2.818 ref 0.0013)  train median    3.29 m   0.41 s/step
step  4700/6000  loss  4.5876 (ce  2.968 aux  3.237 ref 0.0016)  train median    3.86 m   0.41 s/step
step  4720/6000  loss  4.4097 (ce  2.693 aux  3.431 ref 0.0028)  train median    3.16 m   0.41 s/step
step  4740/6000  loss  5.3082 (ce  3.494 aux  3.627 ref 0.0007)  train median    1.32 m   0.41 s/step
step  4760/6000  loss  5.4675 (ce  3.662 aux  3.609 ref 0.0015)  train median   11.84 m   0.41 s/step
step  4780/6000  loss  4.8049 (ce  3.050 aux  3.509 ref 0.0009)  train median    8.00 m   0.41 s/step
step  4800/6000  loss  4.7578 (ce  2.816 aux  3.882 ref 0.0023)  train median    4.23 m   0.41 s/step
  eval  n=192  median   2.28 m /   70.8 ms  p90    8.14 m /   240.5 ms  worst  2521.81 m  within1  44.3%  within5  92.7%
        ks_black_cat_county__layout_short n=24  median   3.75 m /  136.8 ms  p90   29.93 m /   801.4 ms  worst  2521.81 m  within1  33.3%  within5  79.2%
        ks_brands_hatch__indy    n=16  median   1.48 m /   45.2 ms  p90    7.15 m /   169.4 ms  worst    10.09 m  within1  56.2%  within5  93.8%
        ks_highlands__layout_short n=16  median   2.18 m /   56.3 ms  p90    9.56 m /   257.7 ms  worst   780.53 m  within1  50.0%  within5  87.5%
        ks_laguna_seca           n=16  median   2.73 m /   75.7 ms  p90    7.59 m /   229.7 ms  worst    16.16 m  within1  31.2%  within5  93.8%
        ks_monza66__junior       n=8  median   0.98 m /   34.9 ms  p90    2.13 m /    56.2 ms  worst     3.46 m  within1  87.5%  within5 100.0%
        ks_nurburgring__layout_sprint_a n=24  median   3.04 m /  121.1 ms  p90   13.17 m /   342.4 ms  worst    41.04 m  within1  25.0%  within5  83.3%
        ks_red_bull_ring__layout_national n=16  median   2.79 m /   89.6 ms  p90    5.90 m /   176.7 ms  worst     8.42 m  within1  31.2%  within5 100.0%
        ks_vallelunga__club_circuit n=32  median   1.74 m /   65.4 ms  p90    6.18 m /   206.8 ms  worst    11.61 m  within1  59.4%  within5  96.9%
        magione                  n=40  median   2.06 m /   66.5 ms  p90    5.17 m /   201.2 ms  worst     9.50 m  within1  45.0%  within5 100.0%
step  4820/6000  loss  3.9055 (ce  2.416 aux  2.978 ref 0.0016)  train median    2.25 m   0.41 s/step
step  4840/6000  loss  5.0172 (ce  3.046 aux  3.941 ref 0.0018)  train median    8.10 m   0.41 s/step
step  4860/6000  loss  4.2273 (ce  2.687 aux  3.078 ref 0.0025)  train median    3.10 m   0.41 s/step
step  4880/6000  loss  4.3642 (ce  2.740 aux  3.248 ref 0.0011)  train median    3.51 m   0.41 s/step
step  4900/6000  loss  4.2379 (ce  2.599 aux  3.275 ref 0.0023)  train median    3.48 m   0.41 s/step
step  4920/6000  loss  4.0915 (ce  2.571 aux  3.041 ref 0.0013)  train median    3.12 m   0.41 s/step
step  4940/6000  loss  4.6815 (ce  2.982 aux  3.399 ref 0.0010)  train median    3.49 m   0.41 s/step
step  4960/6000  loss  4.2662 (ce  2.711 aux  3.110 ref 0.0014)  train median    2.78 m   0.41 s/step
step  4980/6000  loss  6.0363 (ce  3.981 aux  4.109 ref 0.0009)  train median    8.21 m   0.41 s/step
step  5000/6000  loss  4.5800 (ce  2.931 aux  3.297 ref 0.0022)  train median    4.18 m   0.41 s/step
  eval  n=192  median   2.28 m /   72.4 ms  p90    7.50 m /   242.8 ms  worst  2522.24 m  within1  47.9%  within5  93.8%
        ks_black_cat_county__layout_short n=24  median   2.77 m /  102.0 ms  p90   29.98 m /   800.2 ms  worst  2522.24 m  within1  37.5%  within5  79.2%
        ks_brands_hatch__indy    n=16  median   1.91 m /   47.4 ms  p90    7.84 m /   184.1 ms  worst    10.18 m  within1  50.0%  within5  93.8%
        ks_highlands__layout_short n=16  median   2.07 m /   73.3 ms  p90   10.90 m /   319.9 ms  worst   780.93 m  within1  50.0%  within5  87.5%
        ks_laguna_seca           n=16  median   2.27 m /   65.0 ms  p90    4.69 m /   138.4 ms  worst     7.51 m  within1  43.8%  within5 100.0%
        ks_monza66__junior       n=8  median   0.73 m /   26.9 ms  p90    2.33 m /    62.3 ms  worst     3.57 m  within1  87.5%  within5 100.0%
        ks_nurburgring__layout_sprint_a n=24  median   3.46 m /  118.9 ms  p90   10.54 m /   314.0 ms  worst    43.85 m  within1  41.7%  within5  87.5%
        ks_red_bull_ring__layout_national n=16  median   2.77 m /   86.6 ms  p90    6.38 m /   182.7 ms  worst    10.72 m  within1  43.8%  within5  93.8%
        ks_vallelunga__club_circuit n=32  median   1.88 m /   71.3 ms  p90    7.25 m /   220.1 ms  worst     9.72 m  within1  53.1%  within5 100.0%
        magione                  n=40  median   2.24 m /   77.1 ms  p90    5.11 m /   197.1 ms  worst     9.90 m  within1  47.5%  within5 100.0%
step  5020/6000  loss  4.3754 (ce  2.825 aux  3.099 ref 0.0012)  train median    3.48 m   0.41 s/step
step  5040/6000  loss  3.7040 (ce  2.329 aux  2.750 ref 0.0008)  train median    1.19 m   0.41 s/step
step  5060/6000  loss  4.3297 (ce  2.664 aux  3.331 ref 0.0015)  train median    2.04 m   0.41 s/step
step  5080/6000  loss  4.2298 (ce  2.556 aux  3.345 ref 0.0020)  train median    3.46 m   0.41 s/step
step  5100/6000  loss  4.0448 (ce  2.629 aux  2.830 ref 0.0017)  train median    4.19 m   0.41 s/step
step  5120/6000  loss  5.8596 (ce  3.922 aux  3.875 ref 0.0012)  train median    4.85 m   0.41 s/step
step  5140/6000  loss  4.4909 (ce  2.545 aux  3.891 ref 0.0004)  train median    2.16 m   0.41 s/step
step  5160/6000  loss  4.7846 (ce  2.955 aux  3.659 ref 0.0009)  train median    5.88 m   0.41 s/step
step  5180/6000  loss  5.0014 (ce  3.234 aux  3.533 ref 0.0013)  train median    3.82 m   0.41 s/step
step  5200/6000  loss  3.9203 (ce  2.438 aux  2.963 ref 0.0017)  train median    2.35 m   0.41 s/step
  eval  n=192  median   2.42 m /   75.1 ms  p90    7.46 m /   233.9 ms  worst  2521.75 m  within1  43.8%  within5  92.7%
        ks_black_cat_county__layout_short n=24  median   2.99 m /  105.1 ms  p90   29.61 m /   802.5 ms  worst  2521.75 m  within1  33.3%  within5  83.3%
        ks_brands_hatch__indy    n=16  median   1.74 m /   61.9 ms  p90    7.09 m /   173.5 ms  worst     8.96 m  within1  56.2%  within5 100.0%
        ks_highlands__layout_short n=16  median   2.42 m /   93.2 ms  p90   13.10 m /   374.5 ms  worst   780.85 m  within1  43.8%  within5  87.5%
        ks_laguna_seca           n=16  median   2.43 m /   76.3 ms  p90    6.17 m /   187.4 ms  worst    15.94 m  within1  31.2%  within5  93.8%
        ks_monza66__junior       n=8  median   0.73 m /   25.2 ms  p90    2.57 m /    70.1 ms  worst     3.39 m  within1  62.5%  within5 100.0%
        ks_nurburgring__layout_sprint_a n=24  median   3.79 m /  139.1 ms  p90   13.37 m /   377.3 ms  worst    42.94 m  within1  29.2%  within5  83.3%
        ks_red_bull_ring__layout_national n=16  median   2.95 m /   92.6 ms  p90    7.32 m /   198.5 ms  worst    10.35 m  within1  37.5%  within5  93.8%
        ks_vallelunga__club_circuit n=32  median   1.83 m /   67.9 ms  p90    6.18 m /   190.5 ms  worst    10.94 m  within1  56.2%  within5  96.9%
        magione                  n=40  median   2.43 m /   74.2 ms  p90    5.40 m /   210.6 ms  worst    10.27 m  within1  47.5%  within5  97.5%
step  5220/6000  loss  4.8593 (ce  3.031 aux  3.655 ref 0.0016)  train median    4.20 m   0.41 s/step
step  5240/6000  loss  4.4040 (ce  2.807 aux  3.191 ref 0.0029)  train median    3.77 m   0.41 s/step
step  5260/6000  loss  4.6615 (ce  2.812 aux  3.697 ref 0.0013)  train median    2.16 m   0.41 s/step
step  5280/6000  loss  4.6492 (ce  2.952 aux  3.391 ref 0.0031)  train median    6.08 m   0.41 s/step
step  5300/6000  loss  4.0454 (ce  2.554 aux  2.981 ref 0.0014)  train median    2.71 m   0.41 s/step
step  5320/6000  loss  4.7089 (ce  2.914 aux  3.588 ref 0.0012)  train median    4.42 m   0.41 s/step
step  5340/6000  loss  4.9384 (ce  3.167 aux  3.542 ref 0.0015)  train median    5.87 m   0.41 s/step
step  5360/6000  loss  3.9226 (ce  2.484 aux  2.875 ref 0.0018)  train median    3.25 m   0.41 s/step
step  5380/6000  loss  4.2619 (ce  2.722 aux  3.077 ref 0.0019)  train median    4.43 m   0.41 s/step
step  5400/6000  loss  4.7471 (ce  3.087 aux  3.318 ref 0.0015)  train median    3.90 m   0.41 s/step
  eval  n=192  median   2.27 m /   75.2 ms  p90    7.46 m /   227.9 ms  worst  2521.88 m  within1  45.8%  within5  94.3%
        ks_black_cat_county__layout_short n=24  median   3.20 m /  108.6 ms  p90   29.03 m /   791.1 ms  worst  2521.88 m  within1  41.7%  within5  83.3%
        ks_brands_hatch__indy    n=16  median   1.69 m /   47.0 ms  p90    7.43 m /   174.9 ms  worst     8.42 m  within1  56.2%  within5 100.0%
        ks_highlands__layout_short n=16  median   2.45 m /   94.9 ms  p90   11.14 m /   325.9 ms  worst   780.62 m  within1  43.8%  within5  87.5%
        ks_laguna_seca           n=16  median   2.16 m /   66.3 ms  p90    5.75 m /   180.5 ms  worst    12.72 m  within1  43.8%  within5  93.8%
        ks_monza66__junior       n=8  median   1.05 m /   37.2 ms  p90    2.19 m /    57.8 ms  worst     3.66 m  within1  87.5%  within5 100.0%
        ks_nurburgring__layout_sprint_a n=24  median   3.43 m /  130.8 ms  p90   12.61 m /   357.5 ms  worst    42.56 m  within1  29.2%  within5  87.5%
        ks_red_bull_ring__layout_national n=16  median   2.63 m /   86.1 ms  p90    5.75 m /   146.8 ms  worst     7.30 m  within1  37.5%  within5 100.0%
        ks_vallelunga__club_circuit n=32  median   1.89 m /   59.5 ms  p90    7.26 m /   211.6 ms  worst    10.42 m  within1  56.2%  within5  96.9%
        magione                  n=40  median   2.44 m /   79.9 ms  p90    5.10 m /   202.4 ms  worst     9.49 m  within1  42.5%  within5 100.0%
step  5420/6000  loss  5.2912 (ce  3.521 aux  3.539 ref 0.0012)  train median   16.15 m   0.41 s/step
step  5440/6000  loss  4.4099 (ce  2.857 aux  3.104 ref 0.0015)  train median    3.37 m   0.41 s/step
step  5460/6000  loss  4.2283 (ce  2.679 aux  3.098 ref 0.0011)  train median    2.15 m   0.41 s/step
step  5480/6000  loss  4.8717 (ce  3.023 aux  3.697 ref 0.0006)  train median    3.11 m   0.41 s/step
step  5500/6000  loss  4.3081 (ce  2.618 aux  3.377 ref 0.0022)  train median    3.79 m   0.41 s/step
step  5520/6000  loss  4.6993 (ce  2.968 aux  3.461 ref 0.0021)  train median    2.61 m   0.40 s/step
step  5540/6000  loss  5.0091 (ce  3.318 aux  3.380 ref 0.0022)  train median    5.99 m   0.41 s/step
step  5560/6000  loss  4.5741 (ce  2.861 aux  3.425 ref 0.0026)  train median    4.30 m   0.40 s/step
step  5580/6000  loss  4.3066 (ce  2.677 aux  3.258 ref 0.0014)  train median    3.58 m   0.40 s/step
step  5600/6000  loss  4.3624 (ce  2.778 aux  3.167 ref 0.0013)  train median    2.99 m   0.40 s/step
  eval  n=192  median   2.23 m /   75.0 ms  p90    7.59 m /   227.3 ms  worst  2522.02 m  within1  45.8%  within5  93.8%
        ks_black_cat_county__layout_short n=24  median   3.01 m /  101.6 ms  p90   29.29 m /   798.5 ms  worst  2522.02 m  within1  37.5%  within5  83.3%
        ks_brands_hatch__indy    n=16  median   1.72 m /   48.1 ms  p90    7.25 m /   174.8 ms  worst     8.52 m  within1  56.2%  within5 100.0%
        ks_highlands__layout_short n=16  median   2.50 m /   90.6 ms  p90   11.46 m /   333.5 ms  worst   781.13 m  within1  43.8%  within5  87.5%
        ks_laguna_seca           n=16  median   2.06 m /   61.9 ms  p90    5.66 m /   177.5 ms  worst    10.93 m  within1  50.0%  within5  93.8%
        ks_monza66__junior       n=8  median   0.86 m /   31.0 ms  p90    2.35 m /    62.7 ms  worst     3.68 m  within1  87.5%  within5 100.0%
        ks_nurburgring__layout_sprint_a n=24  median   3.62 m /  127.0 ms  p90   12.99 m /   366.8 ms  worst    42.55 m  within1  29.2%  within5  83.3%
        ks_red_bull_ring__layout_national n=16  median   2.80 m /   92.8 ms  p90    5.62 m /   143.4 ms  worst     7.22 m  within1  37.5%  within5 100.0%
        ks_vallelunga__club_circuit n=32  median   1.56 m /   56.8 ms  p90    7.23 m /   221.2 ms  worst    10.98 m  within1  59.4%  within5  96.9%
        magione                  n=40  median   2.41 m /   78.2 ms  p90    5.00 m /   199.8 ms  worst     9.56 m  within1  40.0%  within5 100.0%
step  5620/6000  loss  5.3325 (ce  3.406 aux  3.851 ref 0.0028)  train median    9.25 m   0.41 s/step
step  5640/6000  loss  4.5179 (ce  2.848 aux  3.339 ref 0.0012)  train median    3.84 m   0.41 s/step
step  5660/6000  loss  4.6291 (ce  3.018 aux  3.220 ref 0.0013)  train median    2.57 m   0.41 s/step
step  5680/6000  loss  5.2708 (ce  3.463 aux  3.615 ref 0.0006)  train median    3.57 m   0.41 s/step
step  5700/6000  loss  4.2648 (ce  2.618 aux  3.291 ref 0.0019)  train median    2.71 m   0.40 s/step
step  5720/6000  loss  4.3327 (ce  2.673 aux  3.319 ref 0.0011)  train median    1.36 m   0.40 s/step
step  5740/6000  loss  3.6977 (ce  2.357 aux  2.681 ref 0.0009)  train median    1.29 m   0.40 s/step
step  5760/6000  loss  4.4584 (ce  2.840 aux  3.235 ref 0.0018)  train median    2.93 m   0.40 s/step
step  5780/6000  loss  3.8409 (ce  2.346 aux  2.989 ref 0.0007)  train median    1.98 m   0.40 s/step
step  5800/6000  loss  4.1493 (ce  2.540 aux  3.216 ref 0.0015)  train median    1.97 m   0.40 s/step
  eval  n=192  median   2.24 m /   75.2 ms  p90    7.65 m /   226.3 ms  worst  2522.02 m  within1  45.8%  within5  94.3%
        ks_black_cat_county__layout_short n=24  median   2.92 m /  103.0 ms  p90   29.37 m /   800.8 ms  worst  2522.02 m  within1  33.3%  within5  83.3%
        ks_brands_hatch__indy    n=16  median   1.80 m /   50.5 ms  p90    7.17 m /   175.6 ms  worst     8.60 m  within1  56.2%  within5 100.0%
        ks_highlands__layout_short n=16  median   2.18 m /   71.7 ms  p90   11.61 m /   336.7 ms  worst   781.45 m  within1  43.8%  within5  87.5%
        ks_laguna_seca           n=16  median   1.98 m /   54.9 ms  p90    5.80 m /   178.9 ms  worst    10.95 m  within1  56.2%  within5  93.8%
        ks_monza66__junior       n=8  median   0.71 m /   25.8 ms  p90    2.35 m /    63.1 ms  worst     3.54 m  within1  87.5%  within5 100.0%
        ks_nurburgring__layout_sprint_a n=24  median   3.57 m /  123.4 ms  p90   12.84 m /   366.8 ms  worst    42.62 m  within1  29.2%  within5  87.5%
        ks_red_bull_ring__layout_national n=16  median   2.81 m /   85.6 ms  p90    5.73 m /   146.1 ms  worst     7.24 m  within1  37.5%  within5 100.0%
        ks_vallelunga__club_circuit n=32  median   1.60 m /   54.9 ms  p90    7.15 m /   219.5 ms  worst    10.83 m  within1  59.4%  within5  96.9%
        magione                  n=40  median   2.50 m /   83.6 ms  p90    4.91 m /   200.2 ms  worst     9.69 m  within1  40.0%  within5 100.0%
step  5820/6000  loss  6.0814 (ce  3.901 aux  4.358 ref 0.0016)  train median    7.25 m   0.40 s/step
step  5840/6000  loss  4.5808 (ce  2.972 aux  3.215 ref 0.0021)  train median    5.19 m   0.40 s/step
step  5860/6000  loss  5.1276 (ce  3.339 aux  3.576 ref 0.0021)  train median    6.47 m   0.40 s/step
step  5880/6000  loss  4.8521 (ce  3.135 aux  3.432 ref 0.0028)  train median    6.64 m   0.40 s/step
step  5900/6000  loss  4.1413 (ce  2.503 aux  3.277 ref 0.0006)  train median    1.94 m   0.40 s/step
step  5920/6000  loss  4.0671 (ce  2.573 aux  2.987 ref 0.0019)  train median    3.07 m   0.40 s/step
step  5940/6000  loss  4.5205 (ce  2.864 aux  3.311 ref 0.0018)  train median    5.27 m   0.40 s/step
step  5960/6000  loss  4.2770 (ce  2.708 aux  3.137 ref 0.0020)  train median    3.15 m   0.40 s/step
step  5980/6000  loss  3.8614 (ce  2.409 aux  2.904 ref 0.0013)  train median    1.65 m   0.40 s/step
step  6000/6000  loss  5.4976 (ce  3.607 aux  3.779 ref 0.0019)  train median    5.76 m   0.40 s/step
  eval  n=192  median   2.26 m /   75.6 ms  p90    7.64 m /   226.1 ms  worst  2522.02 m  within1  45.8%  within5  94.3%
        ks_black_cat_county__layout_short n=24  median   2.91 m /  103.2 ms  p90   29.37 m /   800.9 ms  worst  2522.02 m  within1  29.2%  within5  83.3%
        ks_brands_hatch__indy    n=16  median   1.81 m /   50.5 ms  p90    7.16 m /   175.4 ms  worst     8.61 m  within1  56.2%  within5 100.0%
        ks_highlands__layout_short n=16  median   2.18 m /   71.9 ms  p90   11.65 m /   337.6 ms  worst   781.44 m  within1  50.0%  within5  87.5%
        ks_laguna_seca           n=16  median   1.99 m /   55.2 ms  p90    5.83 m /   178.1 ms  worst    10.88 m  within1  56.2%  within5  93.8%
        ks_monza66__junior       n=8  median   0.70 m /   25.6 ms  p90    2.36 m /    63.3 ms  worst     3.54 m  within1  87.5%  within5 100.0%
        ks_nurburgring__layout_sprint_a n=24  median   3.56 m /  122.3 ms  p90   12.84 m /   366.6 ms  worst    42.62 m  within1  29.2%  within5  87.5%
        ks_red_bull_ring__layout_national n=16  median   2.82 m /   86.1 ms  p90    5.74 m /   146.2 ms  worst     7.23 m  within1  37.5%  within5 100.0%
        ks_vallelunga__club_circuit n=32  median   1.61 m /   54.4 ms  p90    7.13 m /   219.1 ms  worst    10.84 m  within1  59.4%  within5  96.9%
        magione                  n=40  median   2.48 m /   83.3 ms  p90    4.89 m /   200.5 ms  worst     9.71 m  within1  40.0%  within5 100.0%

best eval median 2.23 m; artifacts in /Users/pvodopija/code/primal/runs/v3_yaw15_s0_base
