  G1 ks_black_cat_county__layout_ ref 180056Z  live 183526Z
  G1 ks_black_cat_county__layout_ ref 183242Z  live 183526Z
  G1 ks_brands_hatch__indy        ref 171903Z  live 221531Z
  G1 ks_brands_hatch__indy        ref 181357Z  live 221531Z
  G1 ks_highlands__layout_short   ref 212549Z  live 005654Z
  G1 ks_laguna_seca               ref 110507Z  live 123110Z
  G1 ks_monza66__junior           ref 091133Z  live 093530Z
  G1 ks_nurburgring__layout_sprin ref 100528Z  live 103410Z
  G1 ks_red_bull_ring__layout_nat ref 232216Z  live 174436Z
  G1 ks_red_bull_ring__layout_nat ref 233620Z  live 174436Z
  G1 ks_vallelunga__club_circuit  ref 220345Z  live 223945Z
  G1 ks_vallelunga__club_circuit  ref 222513Z  live 223945Z
  G1 magione                      ref 225059Z  live 231051Z
  G1 magione                      ref 230023Z  live 231051Z
  G2 ks_silverstone__national     ref 105441Z  live 104658Z
  G2 ks_silverstone__national     ref 105442Z  live 104658Z
  G2 ks_silverstone__national     ref 105441Z  live 104658Z
  G2 ks_silverstone__national     ref 105442Z  live 104658Z
  G2 ks_silverstone__national     ref 105441Z  live 104658Z
  G2 ks_silverstone__national     ref 105442Z  live 104658Z
  G2 ks_silverstone__national     ref 105441Z  live 104658Z
  G2 ks_silverstone__national     ref 105442Z  live 104658Z
  G2 ks_silverstone__national     ref 105441Z  live 104658Z
  G2 ks_silverstone__national     ref 105442Z  live 104658Z
  G2 ks_silverstone__national     ref 105441Z  live 104658Z
  G2 ks_silverstone__national     ref 105442Z  live 104658Z
  G2 ks_silverstone__national     ref 105441Z  live 104658Z
  G2 ks_silverstone__national     ref 105442Z  live 104658Z
  G2 ks_silverstone__national     ref 104658Z  live 105441Z
  G2 ks_silverstone__national     ref 105442Z  live 105441Z
  G2 ks_silverstone__national     ref 104658Z  live 105441Z
  G2 ks_silverstone__national     ref 105442Z  live 105441Z
  G2 ks_silverstone__national     ref 104658Z  live 105441Z
  G2 ks_silverstone__national     ref 105442Z  live 105441Z
  G2 ks_silverstone__national     ref 104658Z  live 105441Z
  G2 ks_silverstone__national     ref 105442Z  live 105441Z
  G2 ks_silverstone__national     ref 104658Z  live 105441Z
  G2 ks_silverstone__national     ref 105442Z  live 105441Z
  G2 ks_silverstone__national     ref 104658Z  live 105441Z
  G2 ks_silverstone__national     ref 105442Z  live 105441Z
  G2 ks_silverstone__national     ref 104658Z  live 105441Z
  G2 ks_silverstone__national     ref 105442Z  live 105441Z
  G2 ks_silverstone__national     ref 104658Z  live 105441Z
  G2 ks_silverstone__national     ref 105442Z  live 105441Z
  G2 ks_silverstone__national     ref 104658Z  live 105442Z
  G2 ks_silverstone__national     ref 105441Z  live 105442Z
  G2 ks_silverstone__national     ref 104658Z  live 105442Z
  G2 ks_silverstone__national     ref 105441Z  live 105442Z
  G2 ks_silverstone__national     ref 104658Z  live 105442Z
  G2 ks_silverstone__national     ref 105441Z  live 105442Z
  G2 ks_silverstone__national     ref 104658Z  live 105442Z
  G2 ks_silverstone__national     ref 105441Z  live 105442Z
  G2 ks_silverstone__national     ref 104658Z  live 105442Z
  G2 ks_silverstone__national     ref 105441Z  live 105442Z
  G2 ks_silverstone__national     ref 104658Z  live 105442Z
  G2 ks_silverstone__national     ref 105441Z  live 105442Z
  G2 ks_silverstone__national     ref 104658Z  live 105442Z
  G2 ks_silverstone__national     ref 105441Z  live 105442Z
  G2 ks_silverstone__national     ref 104658Z  live 105442Z
  G2 ks_silverstone__national     ref 105441Z  live 105442Z
  G2 rt_lime_rock_park__no_chican ref 143440Z  live 141815Z
  G2 rt_lime_rock_park__no_chican ref 143440Z  live 141815Z
  G2 rt_lime_rock_park__no_chican ref 143440Z  live 141815Z
  G2 rt_lime_rock_park__no_chican ref 143440Z  live 141815Z
  G2 rt_lime_rock_park__no_chican ref 143440Z  live 141815Z
  G2 rt_lime_rock_park__no_chican ref 143440Z  live 141815Z
  G2 rt_lime_rock_park__no_chican ref 143440Z  live 141815Z
  G2 rt_lime_rock_park__no_chican ref 143440Z  live 141815Z
  G2 rt_lime_rock_park__no_chican ref 143440Z  live 141815Z
  G2 rt_lime_rock_park__no_chican ref 141815Z  live 143440Z
  G2 rt_lime_rock_park__no_chican ref 141815Z  live 143440Z
  G2 rt_lime_rock_park__no_chican ref 141815Z  live 143440Z
  G2 rt_lime_rock_park__no_chican ref 141815Z  live 143440Z
  G2 rt_lime_rock_park__no_chican ref 141815Z  live 143440Z
  G2 rt_lime_rock_park__no_chican ref 141815Z  live 143440Z
  G2 rt_lime_rock_park__no_chican ref 141815Z  live 143440Z
  G2 rt_lime_rock_park__no_chican ref 141815Z  live 143440Z
  G2 rt_oulton_park__fosters      ref 195157Z  live 193254Z
  G2 rt_oulton_park__fosters      ref 195157Z  live 193254Z
  G2 rt_oulton_park__fosters      ref 195157Z  live 193254Z
  G2 rt_oulton_park__fosters      ref 195157Z  live 193254Z
  G2 rt_oulton_park__fosters      ref 195157Z  live 193254Z
  G2 rt_oulton_park__fosters      ref 195157Z  live 193254Z
  G2 rt_oulton_park__fosters      ref 195157Z  live 193254Z
  G2 rt_oulton_park__fosters      ref 195157Z  live 193254Z
  G2 rt_oulton_park__fosters      ref 195157Z  live 193254Z
  G2 rt_oulton_park__fosters      ref 193254Z  live 195157Z
  G2 rt_oulton_park__fosters      ref 193254Z  live 195157Z
  G2 rt_oulton_park__fosters      ref 193254Z  live 195157Z
  G2 rt_oulton_park__fosters      ref 193254Z  live 195157Z
  G2 rt_oulton_park__fosters      ref 193254Z  live 195157Z
  G2 rt_oulton_park__fosters      ref 193254Z  live 195157Z
  G2 rt_oulton_park__fosters      ref 193254Z  live 195157Z
  G2 rt_oulton_park__fosters      ref 193254Z  live 195157Z
  G2 rt_oulton_park__fosters      ref 193254Z  live 195157Z

                                                                       median      p90  >100 ms   >10 m     worst
G1 single                                                       2.04 m   66 ms   197 ms    32.6%    4.2%   3107.1 m
G1 filter                                                       1.99 m   64 ms   194 ms    32.4%    3.0%    127.0 m
G1 filter, reference time                                       1.23 m   39 ms   114 ms    14.0%    0.4%     13.7 m
G1 filter + speed                                               0.94 m   29 ms    83 ms     5.5%    0.0%      8.6 m
G1 filter, lag-corrected                                        1.97 m   63 ms   192 ms    31.8%    3.0%    127.0 m
G1 filter, reference time, lag-corrected                        1.24 m   39 ms   113 ms    13.6%    0.4%     14.0 m
G1 filter + speed, lag-corrected                                0.87 m   28 ms    80 ms     5.1%    0.0%      8.2 m
G2 single                                                       2.30 m   63 ms   224 ms    31.7%    8.1%   1300.0 m
G2 filter                                                       2.33 m   64 ms   207 ms    32.1%    6.3%   1203.0 m
G2 filter, reference time                                       1.54 m   42 ms   114 ms    13.7%    0.5%     51.4 m
G2 filter + speed                                               1.00 m   27 ms    67 ms     2.3%    0.0%    434.3 m
G2 filter, lag-corrected                                        2.34 m   64 ms   208 ms    32.3%    6.4%   1202.9 m
G2 filter, reference time, lag-corrected                        1.57 m   42 ms   115 ms    14.2%    0.5%     51.6 m
G2 filter + speed, lag-corrected                                1.02 m   27 ms    70 ms     2.7%    0.0%    434.7 m
G2 ks_silverstone__national single                              2.67 m   73 ms   306 ms    37.5%   11.5%   1300.0 m
G2 ks_silverstone__national filter                              2.77 m   75 ms   261 ms    38.6%    9.4%   1203.0 m
G2 ks_silverstone__national filter, reference time              1.58 m   43 ms   122 ms    15.5%    0.8%     51.4 m
G2 ks_silverstone__national filter + speed                      1.03 m   28 ms    74 ms     3.1%    0.0%     11.6 m
G2 ks_silverstone__national filter, lag-corrected               2.81 m   76 ms   262 ms    39.1%    9.6%   1202.9 m
G2 ks_silverstone__national filter, reference time, lag-corrected    1.63 m   44 ms   124 ms    16.4%    0.8%     51.6 m
G2 ks_silverstone__national filter + speed, lag-corrected       1.09 m   29 ms    78 ms     3.9%    0.0%     13.4 m
G2 same car single                                              2.82 m   77 ms   375 ms    40.0%   13.5%   1299.1 m
G2 same car filter                                              2.89 m   80 ms   285 ms    41.0%   11.0%   1203.0 m
G2 same car filter, reference time                              1.15 m   32 ms    88 ms     7.2%    0.6%     51.4 m
G2 same car filter + speed                                      1.01 m   27 ms    78 ms     4.2%    0.1%     11.6 m
G2 same car filter, lag-corrected                               2.92 m   80 ms   287 ms    41.3%   11.3%   1202.9 m
G2 same car filter, reference time, lag-corrected               1.20 m   33 ms    94 ms     8.5%    0.6%     51.6 m
G2 same car filter + speed, lag-corrected                       1.08 m   29 ms    84 ms     5.4%    0.1%     13.4 m
G2 rt_lime_rock_park__no_chicane single                         1.83 m   49 ms   133 ms    19.8%    1.3%   1169.1 m
G2 rt_lime_rock_park__no_chicane filter                         1.89 m   51 ms   133 ms    20.2%    0.4%     12.6 m
G2 rt_lime_rock_park__no_chicane filter, reference time         1.46 m   39 ms    96 ms     8.8%    0.0%      8.9 m
G2 rt_lime_rock_park__no_chicane filter + speed                 0.83 m   22 ms    48 ms     0.3%    0.0%      4.5 m
G2 rt_lime_rock_park__no_chicane filter, lag-corrected          1.85 m   50 ms   132 ms    20.0%    0.5%     12.4 m
G2 rt_lime_rock_park__no_chicane filter, reference time, lag-corrected    1.46 m   38 ms    95 ms     8.5%    0.0%      9.2 m
G2 rt_lime_rock_park__no_chicane filter + speed, lag-corrected    0.75 m   20 ms    47 ms     0.4%    0.0%      4.9 m
G2 rt_oulton_park__fosters single                               1.97 m   55 ms   178 ms    27.2%    5.2%    614.1 m
G2 rt_oulton_park__fosters filter                               1.91 m   54 ms   169 ms    26.0%    3.6%     54.8 m
G2 rt_oulton_park__fosters filter, reference time               1.51 m   42 ms   112 ms    13.4%    0.1%     10.8 m
G2 rt_oulton_park__fosters filter + speed                       1.10 m   30 ms    64 ms     1.9%    0.0%    434.3 m
G2 rt_oulton_park__fosters filter, lag-corrected                1.93 m   53 ms   169 ms    25.8%    3.5%     55.3 m
G2 rt_oulton_park__fosters filter, reference time, lag-corrected    1.52 m   41 ms   113 ms    13.5%    0.0%     10.2 m
G2 rt_oulton_park__fosters filter + speed, lag-corrected        1.12 m   30 ms    62 ms     1.6%    0.0%    434.7 m
