started from runs/v3_look_s2_base/best.pt
gate g1: held-out laps of seen tracks; full augmentation
train tracks ['ks_black_cat_county__layout_short', 'ks_brands_hatch__indy', 'ks_highlands__layout_short', 'ks_laguna_seca', 'ks_monza66__junior', 'ks_nurburgring__layout_sprint_a', 'ks_red_bull_ring__layout_national', 'ks_vallelunga__club_circuit', 'magione'] (284 laps usable)
eval  tracks ['ks_black_cat_county__layout_short', 'ks_brands_hatch__indy', 'ks_highlands__layout_short', 'ks_laguna_seca', 'ks_monza66__junior', 'ks_nurburgring__layout_sprint_a', 'ks_red_bull_ring__layout_national', 'ks_vallelunga__club_circuit', 'magione'], split=train
held out as live-only: ['ks_black_cat_county__layout_short__20260923T183526Z__lap07', 'ks_brands_hatch__indy__20260921T221531Z__lap02', 'ks_highlands__layout_short__20260928T005654Z__lap54', 'ks_laguna_seca__default__20260928T123110Z__lap12', 'ks_monza66__junior__20260928T093530Z__lap14', 'ks_nurburgring__layout_sprint_a__20260928T103410Z__lap12', 'ks_red_bull_ring__layout_national__20260923T174436Z__lap11', 'ks_vallelunga__club_circuit__20260922T223945Z__lap07', 'magione__default__20260922T231051Z__lap06']
frame 148x80, reference bins 3227
model 0.67M params on mps

step     1/1500  loss  3.6096 (ce  2.357 aux  2.503 ref 0.0014)  train median    1.65 m   1.55 s/step
step    20/1500  loss  4.3199 (ce  2.738 aux  3.162 ref 0.0008)  train median    2.47 m   0.46 s/step
step    40/1500  loss  3.9568 (ce  2.535 aux  2.843 ref 0.0006)  train median    3.13 m   0.45 s/step
step    60/1500  loss  4.0855 (ce  2.522 aux  3.126 ref 0.0005)  train median    2.33 m   0.47 s/step
step    80/1500  loss  3.7930 (ce  2.404 aux  2.775 ref 0.0017)  train median    3.10 m   0.44 s/step
step   100/1500  loss  3.7061 (ce  2.425 aux  2.561 ref 0.0011)  train median    1.95 m   0.43 s/step
step   120/1500  loss  3.8865 (ce  2.499 aux  2.774 ref 0.0015)  train median    1.82 m   0.41 s/step
step   140/1500  loss  3.5180 (ce  2.267 aux  2.502 ref 0.0007)  train median    0.81 m   0.40 s/step
step   160/1500  loss  3.7307 (ce  2.390 aux  2.679 ref 0.0009)  train median    1.29 m   0.40 s/step
step   180/1500  loss  4.0287 (ce  2.642 aux  2.772 ref 0.0007)  train median    2.08 m   0.40 s/step
step   200/1500  loss  3.3877 (ce  2.193 aux  2.388 ref 0.0003)  train median    0.45 m   0.39 s/step
  eval  n=192  median   2.49 m /   77.9 ms  p90    7.20 m /   212.1 ms  worst  1004.38 m  within1  39.6%  within5  95.3%
        ks_black_cat_county__layout_short n=16  median   3.63 m /  100.8 ms  p90    8.14 m /   255.9 ms  worst    44.80 m  within1  18.8%  within5  93.8%
        ks_brands_hatch__indy    n=24  median   1.81 m /   64.4 ms  p90    4.75 m /   114.2 ms  worst     7.34 m  within1  54.2%  within5 100.0%
        ks_highlands__layout_short n=24  median   1.21 m /   35.4 ms  p90    4.12 m /   138.9 ms  worst     7.22 m  within1  70.8%  within5 100.0%
        ks_laguna_seca           n=8  median   1.40 m /   35.3 ms  p90   14.53 m /   385.0 ms  worst    28.63 m  within1  50.0%  within5  87.5%
        ks_monza66__junior       n=24  median   3.61 m /   85.8 ms  p90    8.22 m /   221.0 ms  worst    22.69 m  within1  29.2%  within5  91.7%
        ks_nurburgring__layout_sprint_a n=40  median   4.00 m /  120.2 ms  p90    9.06 m /   255.1 ms  worst  1004.38 m  within1  17.5%  within5  92.5%
        ks_red_bull_ring__layout_national n=8  median   2.52 m /   86.1 ms  p90   12.38 m /   298.5 ms  worst    16.55 m  within1  50.0%  within5  75.0%
        ks_vallelunga__club_circuit n=16  median   2.95 m /  101.9 ms  p90    5.76 m /   185.2 ms  worst     7.03 m  within1  31.2%  within5 100.0%
        magione                  n=32  median   1.98 m /   52.7 ms  p90    4.22 m /   154.2 ms  worst     6.25 m  within1  50.0%  within5 100.0%
step   220/1500  loss  3.5719 (ce  2.282 aux  2.579 ref 0.0007)  train median    1.20 m   0.42 s/step
step   240/1500  loss  3.7895 (ce  2.332 aux  2.914 ref 0.0012)  train median    1.60 m   0.41 s/step
step   260/1500  loss  3.8492 (ce  2.420 aux  2.858 ref 0.0003)  train median    2.30 m   0.41 s/step
step   280/1500  loss  4.0461 (ce  2.582 aux  2.927 ref 0.0009)  train median    2.98 m   0.40 s/step
step   300/1500  loss  3.8878 (ce  2.472 aux  2.831 ref 0.0013)  train median    2.22 m   0.40 s/step
step   320/1500  loss  4.7149 (ce  3.134 aux  3.160 ref 0.0017)  train median    4.34 m   0.40 s/step
step   340/1500  loss  3.4710 (ce  2.180 aux  2.581 ref 0.0005)  train median    1.46 m   0.39 s/step
step   360/1500  loss  3.4636 (ce  2.215 aux  2.496 ref 0.0008)  train median    1.25 m   0.40 s/step
step   380/1500  loss  3.7880 (ce  2.445 aux  2.684 ref 0.0013)  train median    2.91 m   0.39 s/step
step   400/1500  loss  4.5978 (ce  2.892 aux  3.411 ref 0.0006)  train median    2.77 m   0.39 s/step
  eval  n=192  median   2.41 m /   70.3 ms  p90    7.34 m /   213.8 ms  worst  1002.00 m  within1  44.8%  within5  93.2%
        ks_black_cat_county__layout_short n=16  median   3.36 m /   96.7 ms  p90   26.67 m /   796.3 ms  worst   517.82 m  within1  25.0%  within5  87.5%
        ks_brands_hatch__indy    n=24  median   2.39 m /   68.7 ms  p90    6.03 m /   162.1 ms  worst     9.74 m  within1  45.8%  within5 100.0%
        ks_highlands__layout_short n=24  median   0.83 m /   28.5 ms  p90    3.30 m /   117.0 ms  worst     4.63 m  within1  66.7%  within5 100.0%
        ks_laguna_seca           n=8  median   0.68 m /   18.8 ms  p90    8.40 m /   216.2 ms  worst    11.05 m  within1  62.5%  within5  87.5%
        ks_monza66__junior       n=24  median   2.24 m /   54.9 ms  p90    8.52 m /   250.1 ms  worst    30.32 m  within1  33.3%  within5  91.7%
        ks_nurburgring__layout_sprint_a n=40  median   3.29 m /   99.2 ms  p90   13.77 m /   345.5 ms  worst  1002.00 m  within1  27.5%  within5  87.5%
        ks_red_bull_ring__layout_national n=8  median   4.64 m /  143.0 ms  p90   19.76 m /   485.9 ms  worst    41.22 m  within1  37.5%  within5  75.0%
        ks_vallelunga__club_circuit n=16  median   3.32 m /   97.4 ms  p90    6.55 m /   214.7 ms  worst    13.33 m  within1  43.8%  within5  93.8%
        magione                  n=32  median   1.32 m /   46.0 ms  p90    4.41 m /   141.1 ms  worst     5.77 m  within1  65.6%  within5 100.0%
step   420/1500  loss  4.0935 (ce  2.443 aux  3.301 ref 0.0005)  train median    2.36 m   0.40 s/step
step   440/1500  loss  3.6729 (ce  2.396 aux  2.554 ref 0.0010)  train median    1.66 m   0.40 s/step
step   460/1500  loss  4.4975 (ce  2.970 aux  3.055 ref 0.0010)  train median    6.39 m   0.40 s/step
step   480/1500  loss  3.8099 (ce  2.478 aux  2.663 ref 0.0013)  train median    2.03 m   0.40 s/step
step   500/1500  loss  3.5801 (ce  2.311 aux  2.537 ref 0.0013)  train median    2.11 m   0.40 s/step
step   520/1500  loss  5.0154 (ce  3.406 aux  3.216 ref 0.0020)  train median    6.81 m   0.40 s/step
step   540/1500  loss  3.7306 (ce  2.340 aux  2.780 ref 0.0011)  train median    1.71 m   0.40 s/step
step   560/1500  loss  4.0729 (ce  2.508 aux  3.128 ref 0.0011)  train median    1.92 m   0.40 s/step
step   580/1500  loss  3.8318 (ce  2.340 aux  2.982 ref 0.0005)  train median    0.50 m   0.39 s/step
step   600/1500  loss  3.8855 (ce  2.444 aux  2.880 ref 0.0019)  train median    2.67 m   0.39 s/step
  eval  n=192  median   2.51 m /   77.6 ms  p90    7.65 m /   230.4 ms  worst   115.35 m  within1  40.1%  within5  94.3%
        ks_black_cat_county__layout_short n=16  median   3.35 m /   98.7 ms  p90    8.05 m /   273.7 ms  worst     9.19 m  within1  37.5%  within5 100.0%
        ks_brands_hatch__indy    n=24  median   1.57 m /   59.2 ms  p90    4.49 m /   136.8 ms  worst     7.80 m  within1  62.5%  within5 100.0%
        ks_highlands__layout_short n=24  median   1.62 m /   50.5 ms  p90    5.18 m /   152.4 ms  worst   115.35 m  within1  54.2%  within5  95.8%
        ks_laguna_seca           n=8  median   3.18 m /   74.7 ms  p90    8.12 m /   207.4 ms  worst     8.59 m  within1  37.5%  within5 100.0%
        ks_monza66__junior       n=24  median   2.96 m /   69.6 ms  p90   10.47 m /   248.0 ms  worst    18.59 m  within1  33.3%  within5  87.5%
        ks_nurburgring__layout_sprint_a n=40  median   4.28 m /  130.8 ms  p90   12.42 m /   372.1 ms  worst    55.45 m  within1  20.0%  within5  82.5%
        ks_red_bull_ring__layout_national n=8  median   3.30 m /   95.1 ms  p90    6.66 m /   161.4 ms  worst     8.82 m  within1  25.0%  within5 100.0%
        ks_vallelunga__club_circuit n=16  median   2.98 m /  101.6 ms  p90    5.75 m /   203.1 ms  worst     6.71 m  within1  25.0%  within5 100.0%
        magione                  n=32  median   1.71 m /   65.7 ms  p90    5.38 m /   177.9 ms  worst     7.55 m  within1  56.2%  within5 100.0%
step   620/1500  loss  3.7186 (ce  2.361 aux  2.714 ref 0.0015)  train median    2.19 m   0.40 s/step
step   640/1500  loss  3.6831 (ce  2.326 aux  2.713 ref 0.0014)  train median    2.34 m   0.40 s/step
step   660/1500  loss  3.8500 (ce  2.519 aux  2.661 ref 0.0015)  train median    2.33 m   0.40 s/step
step   680/1500  loss  4.5021 (ce  2.980 aux  3.044 ref 0.0009)  train median    2.95 m   0.40 s/step
step   700/1500  loss  3.7579 (ce  2.387 aux  2.741 ref 0.0018)  train median    2.91 m   0.40 s/step
step   720/1500  loss  3.5459 (ce  2.221 aux  2.650 ref 0.0004)  train median    1.07 m   0.39 s/step
step   740/1500  loss  3.4495 (ce  2.231 aux  2.437 ref 0.0006)  train median    1.09 m   0.39 s/step
step   760/1500  loss  4.2341 (ce  2.782 aux  2.904 ref 0.0011)  train median    5.11 m   0.40 s/step
step   780/1500  loss  3.6708 (ce  2.355 aux  2.630 ref 0.0015)  train median    2.26 m   0.40 s/step
step   800/1500  loss  3.5858 (ce  2.337 aux  2.497 ref 0.0015)  train median    1.88 m   0.40 s/step
  eval  n=192  median   2.29 m /   65.3 ms  p90    7.09 m /   215.8 ms  worst   114.62 m  within1  45.8%  within5  94.8%
        ks_black_cat_county__layout_short n=16  median   3.76 m /  119.7 ms  p90    8.29 m /   274.7 ms  worst    43.38 m  within1  37.5%  within5  93.8%
        ks_brands_hatch__indy    n=24  median   2.15 m /   59.3 ms  p90    5.38 m /   149.4 ms  worst     6.91 m  within1  45.8%  within5 100.0%
        ks_highlands__layout_short n=24  median   1.13 m /   32.8 ms  p90    3.74 m /   114.9 ms  worst   114.62 m  within1  62.5%  within5  95.8%
        ks_laguna_seca           n=8  median   1.91 m /   48.2 ms  p90    9.42 m /   239.8 ms  worst    11.17 m  within1  50.0%  within5  87.5%
        ks_monza66__junior       n=24  median   2.74 m /   68.0 ms  p90    8.06 m /   209.6 ms  worst    19.03 m  within1  37.5%  within5  91.7%
        ks_nurburgring__layout_sprint_a n=40  median   3.65 m /  113.3 ms  p90    8.44 m /   265.3 ms  worst    46.73 m  within1  27.5%  within5  92.5%
        ks_red_bull_ring__layout_national n=8  median   3.48 m /   98.8 ms  p90   18.95 m /   458.8 ms  worst    34.02 m  within1  37.5%  within5  75.0%
        ks_vallelunga__club_circuit n=16  median   2.49 m /   93.7 ms  p90    6.33 m /   188.7 ms  worst     7.11 m  within1  43.8%  within5 100.0%
        magione                  n=32  median   1.20 m /   41.5 ms  p90    3.86 m /   136.6 ms  worst     4.61 m  within1  68.8%  within5 100.0%
step   820/1500  loss  3.7562 (ce  2.468 aux  2.576 ref 0.0011)  train median    1.87 m   0.40 s/step
step   840/1500  loss  3.8961 (ce  2.481 aux  2.829 ref 0.0013)  train median    3.74 m   0.40 s/step
step   860/1500  loss  3.8979 (ce  2.343 aux  3.110 ref 0.0004)  train median    1.48 m   0.40 s/step
step   880/1500  loss  3.7091 (ce  2.373 aux  2.672 ref 0.0007)  train median    1.69 m   0.41 s/step
step   900/1500  loss  3.5187 (ce  2.235 aux  2.568 ref 0.0005)  train median    0.84 m   0.41 s/step
step   920/1500  loss  3.6013 (ce  2.352 aux  2.499 ref 0.0005)  train median    1.01 m   0.40 s/step
step   940/1500  loss  4.0425 (ce  2.551 aux  2.983 ref 0.0009)  train median    3.11 m   0.41 s/step
step   960/1500  loss  3.6752 (ce  2.265 aux  2.821 ref 0.0003)  train median    1.49 m   0.41 s/step
step   980/1500  loss  4.5363 (ce  2.985 aux  3.100 ref 0.0019)  train median    6.73 m   0.41 s/step
step  1000/1500  loss  3.8354 (ce  2.466 aux  2.738 ref 0.0010)  train median    3.55 m   0.40 s/step
  eval  n=192  median   2.21 m /   65.2 ms  p90    6.53 m /   180.2 ms  worst   113.69 m  within1  45.8%  within5  94.8%
        ks_black_cat_county__layout_short n=16  median   2.38 m /   70.5 ms  p90    6.79 m /   201.6 ms  worst     8.32 m  within1  31.2%  within5 100.0%
        ks_brands_hatch__indy    n=24  median   1.98 m /   68.2 ms  p90    5.12 m /   145.6 ms  worst     6.58 m  within1  50.0%  within5 100.0%
        ks_highlands__layout_short n=24  median   1.18 m /   37.1 ms  p90    3.53 m /   118.9 ms  worst   113.69 m  within1  66.7%  within5  95.8%
        ks_laguna_seca           n=8  median   1.79 m /   45.7 ms  p90    8.93 m /   228.0 ms  worst    10.84 m  within1  50.0%  within5  87.5%
        ks_monza66__junior       n=24  median   2.59 m /   65.6 ms  p90    9.93 m /   227.0 ms  worst    43.24 m  within1  37.5%  within5  87.5%
        ks_nurburgring__layout_sprint_a n=40  median   3.44 m /  100.0 ms  p90    8.07 m /   254.7 ms  worst    48.27 m  within1  27.5%  within5  90.0%
        ks_red_bull_ring__layout_national n=8  median   2.55 m /   68.3 ms  p90    6.07 m /   150.7 ms  worst    11.04 m  within1  25.0%  within5  87.5%
        ks_vallelunga__club_circuit n=16  median   2.92 m /  100.3 ms  p90    5.51 m /   176.4 ms  worst     6.36 m  within1  43.8%  within5 100.0%
        magione                  n=32  median   1.33 m /   41.3 ms  p90    3.94 m /   138.3 ms  worst     5.42 m  within1  68.8%  within5 100.0%
step  1020/1500  loss  3.7696 (ce  2.345 aux  2.850 ref 0.0003)  train median    1.26 m   0.41 s/step
step  1040/1500  loss  3.7082 (ce  2.362 aux  2.692 ref 0.0004)  train median    2.07 m   0.41 s/step
step  1060/1500  loss  3.4420 (ce  2.246 aux  2.391 ref 0.0009)  train median    0.63 m   0.41 s/step
step  1080/1500  loss  3.5615 (ce  2.280 aux  2.562 ref 0.0009)  train median    0.92 m   0.41 s/step
step  1100/1500  loss  3.9435 (ce  2.494 aux  2.898 ref 0.0005)  train median    3.42 m   0.41 s/step
step  1120/1500  loss  3.5821 (ce  2.303 aux  2.558 ref 0.0010)  train median    1.87 m   0.41 s/step
step  1140/1500  loss  3.5256 (ce  2.287 aux  2.477 ref 0.0006)  train median    1.34 m   0.41 s/step
step  1160/1500  loss  3.9427 (ce  2.541 aux  2.803 ref 0.0010)  train median    2.16 m   0.41 s/step
step  1180/1500  loss  3.8075 (ce  2.503 aux  2.607 ref 0.0018)  train median    1.43 m   0.41 s/step
step  1200/1500  loss  3.5299 (ce  2.226 aux  2.608 ref 0.0009)  train median    1.37 m   0.41 s/step
  eval  n=192  median   2.14 m /   63.8 ms  p90    6.09 m /   176.7 ms  worst   113.99 m  within1  47.4%  within5  95.3%
        ks_black_cat_county__layout_short n=16  median   2.77 m /   71.6 ms  p90    6.56 m /   224.1 ms  worst     7.65 m  within1  43.8%  within5 100.0%
        ks_brands_hatch__indy    n=24  median   1.94 m /   61.9 ms  p90    4.62 m /   126.4 ms  worst     6.91 m  within1  50.0%  within5 100.0%
        ks_highlands__layout_short n=24  median   1.03 m /   34.6 ms  p90    3.45 m /   107.6 ms  worst   113.99 m  within1  62.5%  within5  95.8%
        ks_laguna_seca           n=8  median   1.73 m /   44.3 ms  p90    8.45 m /   216.6 ms  worst    10.62 m  within1  50.0%  within5  87.5%
        ks_monza66__junior       n=24  median   2.47 m /   64.3 ms  p90    6.89 m /   190.8 ms  worst    11.62 m  within1  45.8%  within5  91.7%
        ks_nurburgring__layout_sprint_a n=40  median   3.53 m /  108.9 ms  p90    8.87 m /   271.5 ms  worst    48.93 m  within1  22.5%  within5  90.0%
        ks_red_bull_ring__layout_national n=8  median   3.19 m /   83.7 ms  p90    6.12 m /   150.4 ms  worst    11.71 m  within1  37.5%  within5  87.5%
        ks_vallelunga__club_circuit n=16  median   2.75 m /   93.8 ms  p90    5.61 m /   177.0 ms  worst     6.06 m  within1  50.0%  within5 100.0%
        magione                  n=32  median   1.31 m /   42.2 ms  p90    4.14 m /   139.5 ms  worst     5.00 m  within1  68.8%  within5 100.0%
step  1220/1500  loss  3.5714 (ce  2.332 aux  2.477 ref 0.0013)  train median    1.81 m   0.41 s/step
step  1240/1500  loss  3.6021 (ce  2.299 aux  2.605 ref 0.0008)  train median    1.59 m   0.41 s/step
step  1260/1500  loss  3.4559 (ce  2.234 aux  2.443 ref 0.0005)  train median    1.02 m   0.41 s/step
step  1280/1500  loss  3.5768 (ce  2.296 aux  2.561 ref 0.0009)  train median    2.98 m   0.41 s/step
step  1300/1500  loss  3.8919 (ce  2.527 aux  2.727 ref 0.0021)  train median    2.47 m   0.41 s/step
step  1320/1500  loss  3.7021 (ce  2.398 aux  2.608 ref 0.0007)  train median    2.24 m   0.41 s/step
step  1340/1500  loss  4.1040 (ce  2.400 aux  3.408 ref 0.0004)  train median    2.05 m   0.41 s/step
step  1360/1500  loss  3.4843 (ce  2.223 aux  2.522 ref 0.0009)  train median    1.70 m   0.41 s/step
step  1380/1500  loss  4.3809 (ce  2.837 aux  3.086 ref 0.0009)  train median    2.45 m   0.41 s/step
step  1400/1500  loss  3.4701 (ce  2.202 aux  2.535 ref 0.0003)  train median    0.61 m   0.41 s/step
  eval  n=192  median   2.12 m /   64.1 ms  p90    6.36 m /   175.9 ms  worst   114.05 m  within1  47.9%  within5  95.3%
        ks_black_cat_county__layout_short n=16  median   2.53 m /   72.5 ms  p90    6.81 m /   219.3 ms  worst     7.67 m  within1  50.0%  within5 100.0%
        ks_brands_hatch__indy    n=24  median   1.68 m /   55.9 ms  p90    4.72 m /   120.2 ms  worst     6.39 m  within1  58.3%  within5 100.0%
        ks_highlands__layout_short n=24  median   1.16 m /   32.8 ms  p90    3.56 m /   111.9 ms  worst   114.05 m  within1  58.3%  within5  95.8%
        ks_laguna_seca           n=8  median   1.69 m /   42.9 ms  p90    7.90 m /   203.4 ms  worst    10.33 m  within1  50.0%  within5  87.5%
        ks_monza66__junior       n=24  median   2.50 m /   65.0 ms  p90    7.13 m /   193.6 ms  worst    12.16 m  within1  45.8%  within5  91.7%
        ks_nurburgring__layout_sprint_a n=40  median   3.44 m /  109.1 ms  p90    8.85 m /   267.7 ms  worst    49.20 m  within1  20.0%  within5  90.0%
        ks_red_bull_ring__layout_national n=8  median   3.52 m /   92.1 ms  p90    6.25 m /   155.7 ms  worst    11.67 m  within1  37.5%  within5  87.5%
        ks_vallelunga__club_circuit n=16  median   2.62 m /   90.0 ms  p90    5.39 m /   175.0 ms  worst     5.74 m  within1  50.0%  within5 100.0%
        magione                  n=32  median   1.47 m /   42.2 ms  p90    3.68 m /   139.8 ms  worst     4.76 m  within1  68.8%  within5 100.0%
step  1420/1500  loss  3.8805 (ce  2.491 aux  2.778 ref 0.0013)  train median    1.96 m   0.41 s/step
step  1440/1500  loss  3.6744 (ce  2.364 aux  2.620 ref 0.0010)  train median    2.24 m   0.41 s/step
step  1460/1500  loss  3.3539 (ce  2.183 aux  2.341 ref 0.0005)  train median    1.44 m   0.41 s/step
step  1480/1500  loss  3.8705 (ce  2.440 aux  2.860 ref 0.0004)  train median    1.48 m   0.41 s/step
step  1500/1500  loss  4.4040 (ce  2.829 aux  3.149 ref 0.0007)  train median    2.44 m   0.41 s/step
  eval  n=192  median   2.09 m /   64.7 ms  p90    6.36 m /   176.9 ms  worst   114.04 m  within1  47.9%  within5  95.3%
        ks_black_cat_county__layout_short n=16  median   2.52 m /   73.0 ms  p90    6.78 m /   219.3 ms  worst     7.69 m  within1  50.0%  within5 100.0%
        ks_brands_hatch__indy    n=24  median   1.67 m /   55.1 ms  p90    4.74 m /   119.6 ms  worst     6.39 m  within1  58.3%  within5 100.0%
        ks_highlands__layout_short n=24  median   1.17 m /   33.2 ms  p90    3.56 m /   112.1 ms  worst   114.04 m  within1  58.3%  within5  95.8%
        ks_laguna_seca           n=8  median   1.70 m /   42.3 ms  p90    7.85 m /   202.2 ms  worst    10.32 m  within1  50.0%  within5  87.5%
        ks_monza66__junior       n=24  median   2.48 m /   64.7 ms  p90    7.14 m /   194.3 ms  worst    12.18 m  within1  45.8%  within5  91.7%
        ks_nurburgring__layout_sprint_a n=40  median   3.41 m /  109.1 ms  p90    8.87 m /   269.9 ms  worst    49.27 m  within1  20.0%  within5  90.0%
        ks_red_bull_ring__layout_national n=8  median   3.50 m /   91.6 ms  p90    6.24 m /   155.3 ms  worst    11.66 m  within1  37.5%  within5  87.5%
        ks_vallelunga__club_circuit n=16  median   2.61 m /   89.7 ms  p90    5.36 m /   174.2 ms  worst     5.67 m  within1  50.0%  within5 100.0%
        magione                  n=32  median   1.45 m /   42.8 ms  p90    3.66 m /   140.2 ms  worst     4.75 m  within1  68.8%  within5 100.0%

best eval median 2.09 m; artifacts in /Users/pvodopija/code/primal/runs/v3_look_s2
