gate g1: held-out laps of seen tracks; full augmentation
train tracks ['ks_red_bull_ring__layout_national', 'magione'] (56 laps usable)
eval  tracks ['ks_red_bull_ring__layout_national', 'magione'], split=train
held out as live-only: ['ks_red_bull_ring__layout_national__20260923T174436Z__lap15', 'magione__default__20260922T231051Z__lap06']
frame 148x80, reference bins 1159
model 0.67M params on mps

step     1/3000  loss 10.4107 (ce  7.193 aux  6.436 ref 0.0000)  train median  419.80 m   0.94 s/step
step    20/3000  loss 10.0455 (ce  7.289 aux  5.512 ref 0.0000)  train median  527.83 m   0.52 s/step
step    40/3000  loss  9.7117 (ce  7.153 aux  5.117 ref 0.0000)  train median  392.04 m   0.49 s/step
step    60/3000  loss  9.1812 (ce  6.655 aux  5.050 ref 0.0020)  train median   73.20 m   0.49 s/step
step    80/3000  loss  8.3400 (ce  5.900 aux  4.876 ref 0.0038)  train median   17.94 m   0.49 s/step
step   100/3000  loss  7.1770 (ce  4.831 aux  4.688 ref 0.0035)  train median   23.37 m   0.48 s/step
step   120/3000  loss  5.7308 (ce  3.776 aux  3.906 ref 0.0038)  train median   12.32 m   0.48 s/step
step   140/3000  loss  5.9903 (ce  4.012 aux  3.954 ref 0.0016)  train median    6.85 m   0.48 s/step
step   160/3000  loss  5.4452 (ce  3.616 aux  3.657 ref 0.0020)  train median    3.39 m   0.47 s/step
step   180/3000  loss  4.3159 (ce  2.718 aux  3.194 ref 0.0019)  train median    3.19 m   0.47 s/step
step   200/3000  loss  5.1594 (ce  3.324 aux  3.666 ref 0.0039)  train median    9.61 m   0.47 s/step
  eval  n=192  median   4.85 m /  149.5 ms  p90   18.97 m /   540.1 ms  worst   256.22 m  within1  28.1%  within5  76.0%
        ks_red_bull_ring__layout_national n=72  median   6.00 m /  165.9 ms  p90   15.19 m /   414.9 ms  worst    68.52 m  within1  19.4%  within5  72.2%
        magione                  n=120  median   3.37 m /  131.3 ms  p90   30.80 m /   734.1 ms  worst   256.22 m  within1  33.3%  within5  78.3%
step   220/3000  loss  5.3154 (ce  3.433 aux  3.762 ref 0.0023)  train median    7.00 m   0.48 s/step
step   240/3000  loss  4.1453 (ce  2.553 aux  3.183 ref 0.0012)  train median    3.09 m   0.48 s/step
step   260/3000  loss  4.7411 (ce  3.042 aux  3.397 ref 0.0020)  train median    4.74 m   0.48 s/step
step   280/3000  loss  5.1857 (ce  3.381 aux  3.607 ref 0.0029)  train median    8.97 m   0.48 s/step
step   300/3000  loss  3.9750 (ce  2.437 aux  3.075 ref 0.0007)  train median    2.41 m   0.47 s/step
step   320/3000  loss  4.3111 (ce  2.712 aux  3.198 ref 0.0013)  train median    2.34 m   0.47 s/step
step   340/3000  loss  4.0894 (ce  2.575 aux  3.027 ref 0.0015)  train median    3.03 m   0.47 s/step
step   360/3000  loss  4.4268 (ce  2.829 aux  3.194 ref 0.0017)  train median    4.21 m   0.47 s/step
step   380/3000  loss  3.7268 (ce  2.356 aux  2.741 ref 0.0009)  train median    1.60 m   0.47 s/step
step   400/3000  loss  4.0256 (ce  2.511 aux  3.029 ref 0.0011)  train median    1.74 m   0.47 s/step
  eval  n=192  median   3.26 m /  106.8 ms  p90   10.10 m /   297.3 ms  worst   370.84 m  within1  34.9%  within5  89.6%
        ks_red_bull_ring__layout_national n=72  median   4.51 m /  117.7 ms  p90   10.46 m /   288.5 ms  worst    19.67 m  within1  20.8%  within5  87.5%
        magione                  n=120  median   2.64 m /   97.4 ms  p90    8.67 m /   311.9 ms  worst   370.84 m  within1  43.3%  within5  90.8%
step   420/3000  loss  4.5047 (ce  2.953 aux  3.102 ref 0.0020)  train median    4.22 m   0.47 s/step
step   440/3000  loss  4.2655 (ce  2.638 aux  3.254 ref 0.0012)  train median    2.97 m   0.47 s/step
step   460/3000  loss  4.1373 (ce  2.622 aux  3.029 ref 0.0013)  train median    2.83 m   0.47 s/step
step   480/3000  loss  3.7119 (ce  2.334 aux  2.756 ref 0.0007)  train median    0.32 m   0.47 s/step
step   500/3000  loss  4.3308 (ce  2.831 aux  2.997 ref 0.0025)  train median    3.54 m   0.47 s/step
step   520/3000  loss  3.9562 (ce  2.532 aux  2.847 ref 0.0017)  train median    4.36 m   0.47 s/step
step   540/3000  loss  4.2033 (ce  2.648 aux  3.110 ref 0.0011)  train median    2.31 m   0.47 s/step
step   560/3000  loss  4.0840 (ce  2.557 aux  3.053 ref 0.0014)  train median    2.78 m   0.47 s/step
step   580/3000  loss  4.1053 (ce  2.710 aux  2.789 ref 0.0021)  train median    5.31 m   0.47 s/step
step   600/3000  loss  3.7022 (ce  2.292 aux  2.820 ref 0.0006)  train median    1.56 m   0.47 s/step
  eval  n=192  median   2.04 m /   67.7 ms  p90    7.13 m /   205.1 ms  worst    39.95 m  within1  47.9%  within5  95.3%
        ks_red_bull_ring__layout_national n=72  median   2.71 m /   69.0 ms  p90    7.22 m /   197.7 ms  worst    11.36 m  within1  36.1%  within5  97.2%
        magione                  n=120  median   1.74 m /   65.8 ms  p90    6.51 m /   226.7 ms  worst    39.95 m  within1  55.0%  within5  94.2%
step   620/3000  loss  3.8945 (ce  2.494 aux  2.801 ref 0.0015)  train median    3.32 m   0.47 s/step
step   640/3000  loss  4.1177 (ce  2.672 aux  2.890 ref 0.0020)  train median    5.87 m   0.47 s/step
step   660/3000  loss  3.6856 (ce  2.382 aux  2.607 ref 0.0010)  train median    2.32 m   0.47 s/step
step   680/3000  loss  3.8185 (ce  2.425 aux  2.786 ref 0.0014)  train median    2.53 m   0.47 s/step
step   700/3000  loss  3.7528 (ce  2.338 aux  2.828 ref 0.0007)  train median    1.49 m   0.47 s/step
step   720/3000  loss  4.5668 (ce  3.094 aux  2.945 ref 0.0017)  train median    3.54 m   0.47 s/step
step   740/3000  loss  3.9880 (ce  2.537 aux  2.900 ref 0.0013)  train median    2.29 m   0.47 s/step
step   760/3000  loss  3.8717 (ce  2.484 aux  2.774 ref 0.0009)  train median    1.90 m   0.47 s/step
step   780/3000  loss  4.3023 (ce  2.839 aux  2.925 ref 0.0022)  train median    4.71 m   0.47 s/step
step   800/3000  loss  3.7726 (ce  2.420 aux  2.704 ref 0.0013)  train median    2.21 m   0.47 s/step
  eval  n=192  median   2.14 m /   72.1 ms  p90    5.80 m /   147.9 ms  worst    18.68 m  within1  45.8%  within5  97.9%
        ks_red_bull_ring__layout_national n=72  median   2.66 m /   70.9 ms  p90    6.40 m /   158.0 ms  worst    10.62 m  within1  37.5%  within5  97.2%
        magione                  n=120  median   1.97 m /   72.1 ms  p90    4.46 m /   147.1 ms  worst    18.68 m  within1  50.8%  within5  98.3%
step   820/3000  loss  3.6293 (ce  2.338 aux  2.582 ref 0.0010)  train median    2.45 m   0.47 s/step
step   840/3000  loss  3.9204 (ce  2.570 aux  2.700 ref 0.0016)  train median    4.40 m   0.47 s/step
step   860/3000  loss  3.7391 (ce  2.417 aux  2.643 ref 0.0009)  train median    1.78 m   0.47 s/step
step   880/3000  loss  3.6551 (ce  2.387 aux  2.536 ref 0.0011)  train median    2.14 m   0.47 s/step
step   900/3000  loss  3.9654 (ce  2.576 aux  2.778 ref 0.0014)  train median    3.32 m   0.47 s/step
step   920/3000  loss  3.6108 (ce  2.321 aux  2.579 ref 0.0009)  train median    2.12 m   0.47 s/step
step   940/3000  loss  3.8204 (ce  2.468 aux  2.703 ref 0.0013)  train median    2.27 m   0.47 s/step
step   960/3000  loss  3.6726 (ce  2.379 aux  2.586 ref 0.0011)  train median    2.46 m   0.47 s/step
step   980/3000  loss  4.2987 (ce  2.878 aux  2.839 ref 0.0018)  train median    3.84 m   0.47 s/step
step  1000/3000  loss  3.8719 (ce  2.571 aux  2.601 ref 0.0016)  train median    2.92 m   0.47 s/step
  eval  n=192  median   2.07 m /   65.5 ms  p90    5.96 m /   172.3 ms  worst    42.07 m  within1  47.9%  within5  96.4%
        ks_red_bull_ring__layout_national n=72  median   2.69 m /   73.6 ms  p90    6.78 m /   183.3 ms  worst    11.42 m  within1  37.5%  within5  95.8%
        magione                  n=120  median   1.73 m /   63.3 ms  p90    4.60 m /   170.9 ms  worst    42.07 m  within1  54.2%  within5  96.7%
step  1020/3000  loss  3.4841 (ce  2.233 aux  2.501 ref 0.0006)  train median    1.39 m   0.47 s/step
step  1040/3000  loss  3.5795 (ce  2.272 aux  2.615 ref 0.0008)  train median    2.12 m   0.47 s/step
step  1060/3000  loss  4.1172 (ce  2.795 aux  2.643 ref 0.0013)  train median    4.16 m   0.47 s/step
step  1080/3000  loss  3.5792 (ce  2.330 aux  2.497 ref 0.0009)  train median    1.96 m   0.47 s/step
step  1100/3000  loss  3.5329 (ce  2.297 aux  2.470 ref 0.0009)  train median    2.28 m   0.47 s/step
step  1120/3000  loss  4.0664 (ce  2.701 aux  2.730 ref 0.0010)  train median    2.44 m   0.47 s/step
step  1140/3000  loss  3.5897 (ce  2.393 aux  2.393 ref 0.0013)  train median    2.77 m   0.47 s/step
step  1160/3000  loss  3.6120 (ce  2.324 aux  2.576 ref 0.0010)  train median    2.04 m   0.47 s/step
step  1180/3000  loss  3.7431 (ce  2.441 aux  2.604 ref 0.0012)  train median    1.77 m   0.47 s/step
step  1200/3000  loss  3.4879 (ce  2.236 aux  2.504 ref 0.0008)  train median    1.60 m   0.47 s/step
  eval  n=192  median   1.55 m /   55.4 ms  p90    4.58 m /   128.2 ms  worst  1014.33 m  within1  59.4%  within5  99.5%
        ks_red_bull_ring__layout_national n=72  median   1.64 m /   45.2 ms  p90    4.82 m /   117.4 ms  worst     7.72 m  within1  56.9%  within5 100.0%
        magione                  n=120  median   1.52 m /   60.5 ms  p90    4.31 m /   146.9 ms  worst  1014.33 m  within1  60.8%  within5  99.2%
step  1220/3000  loss  3.5020 (ce  2.276 aux  2.452 ref 0.0008)  train median    1.91 m   0.47 s/step
step  1240/3000  loss  3.9029 (ce  2.586 aux  2.632 ref 0.0018)  train median    5.01 m   0.47 s/step
step  1260/3000  loss  3.4301 (ce  2.196 aux  2.469 ref 0.0005)  train median    0.95 m   0.47 s/step
step  1280/3000  loss  3.9674 (ce  2.664 aux  2.605 ref 0.0009)  train median    1.73 m   0.47 s/step
step  1300/3000  loss  3.7192 (ce  2.415 aux  2.607 ref 0.0010)  train median    1.88 m   0.47 s/step
step  1320/3000  loss  3.5367 (ce  2.299 aux  2.474 ref 0.0009)  train median    1.81 m   0.47 s/step
step  1340/3000  loss  3.5813 (ce  2.281 aux  2.600 ref 0.0008)  train median    1.39 m   0.47 s/step
step  1360/3000  loss  3.4547 (ce  2.245 aux  2.418 ref 0.0007)  train median    1.24 m   0.47 s/step
step  1380/3000  loss  3.4376 (ce  2.266 aux  2.342 ref 0.0007)  train median    0.76 m   0.48 s/step
step  1400/3000  loss  3.4762 (ce  2.246 aux  2.460 ref 0.0007)  train median    1.26 m   0.47 s/step
  eval  n=192  median   1.66 m /   55.1 ms  p90    4.34 m /   141.8 ms  worst    21.87 m  within1  56.2%  within5  99.0%
        ks_red_bull_ring__layout_national n=72  median   1.97 m /   51.9 ms  p90    3.86 m /    93.8 ms  worst     5.38 m  within1  50.0%  within5 100.0%
        magione                  n=120  median   1.55 m /   58.9 ms  p90    4.51 m /   161.5 ms  worst    21.87 m  within1  60.0%  within5  98.3%
step  1420/3000  loss  3.4727 (ce  2.223 aux  2.498 ref 0.0006)  train median    1.61 m   0.48 s/step
step  1440/3000  loss  3.5723 (ce  2.283 aux  2.579 ref 0.0005)  train median    0.79 m   0.48 s/step
step  1460/3000  loss  3.7256 (ce  2.475 aux  2.500 ref 0.0017)  train median    2.98 m   0.48 s/step
step  1480/3000  loss  3.3723 (ce  2.197 aux  2.350 ref 0.0005)  train median    0.98 m   0.48 s/step
step  1500/3000  loss  3.4338 (ce  2.242 aux  2.383 ref 0.0007)  train median    1.50 m   0.48 s/step
step  1520/3000  loss  3.8761 (ce  2.563 aux  2.625 ref 0.0013)  train median    0.79 m   0.48 s/step
step  1540/3000  loss  3.6225 (ce  2.320 aux  2.605 ref 0.0008)  train median    1.18 m   0.48 s/step
step  1560/3000  loss  3.3972 (ce  2.196 aux  2.402 ref 0.0005)  train median    1.23 m   0.48 s/step
step  1580/3000  loss  3.8747 (ce  2.607 aux  2.533 ref 0.0019)  train median    3.49 m   0.48 s/step
step  1600/3000  loss  3.4432 (ce  2.256 aux  2.374 ref 0.0008)  train median    2.20 m   0.48 s/step
  eval  n=192  median   1.68 m /   53.1 ms  p90    4.00 m /   129.4 ms  worst     6.63 m  within1  59.4%  within5 100.0%
        ks_red_bull_ring__layout_national n=72  median   1.86 m /   47.6 ms  p90    3.69 m /    96.5 ms  worst     4.85 m  within1  55.6%  within5 100.0%
        magione                  n=120  median   1.49 m /   63.2 ms  p90    4.21 m /   156.7 ms  worst     6.63 m  within1  61.7%  within5 100.0%
step  1620/3000  loss  3.7064 (ce  2.488 aux  2.435 ref 0.0013)  train median    2.42 m   0.48 s/step
step  1640/3000  loss  3.4630 (ce  2.232 aux  2.461 ref 0.0006)  train median    1.34 m   0.48 s/step
step  1660/3000  loss  3.5066 (ce  2.284 aux  2.445 ref 0.0008)  train median    1.52 m   0.48 s/step
step  1680/3000  loss  3.4080 (ce  2.238 aux  2.340 ref 0.0007)  train median    1.62 m   0.48 s/step
step  1700/3000  loss  3.3007 (ce  2.145 aux  2.311 ref 0.0003)  train median    0.63 m   0.48 s/step
step  1720/3000  loss  3.5250 (ce  2.266 aux  2.517 ref 0.0007)  train median    1.12 m   0.48 s/step
step  1740/3000  loss  3.3266 (ce  2.170 aux  2.313 ref 0.0004)  train median    0.52 m   0.48 s/step
step  1760/3000  loss  3.4338 (ce  2.278 aux  2.311 ref 0.0009)  train median    2.01 m   0.48 s/step
step  1780/3000  loss  3.3916 (ce  2.218 aux  2.348 ref 0.0005)  train median    0.53 m   0.47 s/step
step  1800/3000  loss  3.5470 (ce  2.322 aux  2.449 ref 0.0009)  train median    1.40 m   0.47 s/step
  eval  n=192  median   1.64 m /   50.6 ms  p90    4.19 m /   129.0 ms  worst    14.65 m  within1  63.5%  within5  99.5%
        ks_red_bull_ring__layout_national n=72  median   1.62 m /   45.1 ms  p90    3.51 m /    97.5 ms  worst     5.92 m  within1  62.5%  within5 100.0%
        magione                  n=120  median   1.64 m /   57.1 ms  p90    4.58 m /   140.8 ms  worst    14.65 m  within1  64.2%  within5  99.2%
step  1820/3000  loss  3.6571 (ce  2.436 aux  2.441 ref 0.0011)  train median    1.54 m   0.48 s/step
step  1840/3000  loss  3.6655 (ce  2.410 aux  2.509 ref 0.0013)  train median    3.69 m   0.48 s/step
step  1860/3000  loss  3.4896 (ce  2.290 aux  2.398 ref 0.0008)  train median    1.46 m   0.48 s/step
step  1880/3000  loss  3.5220 (ce  2.331 aux  2.381 ref 0.0011)  train median    2.16 m   0.48 s/step
step  1900/3000  loss  3.4887 (ce  2.291 aux  2.395 ref 0.0008)  train median    2.52 m   0.48 s/step
step  1920/3000  loss  3.3268 (ce  2.175 aux  2.303 ref 0.0005)  train median    1.09 m   0.48 s/step
step  1940/3000  loss  3.3840 (ce  2.216 aux  2.335 ref 0.0007)  train median    1.57 m   0.48 s/step
step  1960/3000  loss  3.6516 (ce  2.380 aux  2.542 ref 0.0011)  train median    1.31 m   0.47 s/step
step  1980/3000  loss  3.3188 (ce  2.158 aux  2.322 ref 0.0003)  train median    0.77 m   0.47 s/step
step  2000/3000  loss  3.5722 (ce  2.353 aux  2.438 ref 0.0008)  train median    1.56 m   0.47 s/step
  eval  n=192  median   1.55 m /   44.7 ms  p90    3.37 m /   104.0 ms  worst    16.70 m  within1  64.1%  within5  99.5%
        ks_red_bull_ring__layout_national n=72  median   1.64 m /   40.5 ms  p90    3.31 m /    88.6 ms  worst     5.89 m  within1  59.7%  within5 100.0%
        magione                  n=120  median   1.51 m /   53.9 ms  p90    3.38 m /   123.2 ms  worst    16.70 m  within1  66.7%  within5  99.2%
step  2020/3000  loss  3.5007 (ce  2.266 aux  2.468 ref 0.0007)  train median    1.49 m   0.48 s/step
step  2040/3000  loss  3.5474 (ce  2.332 aux  2.429 ref 0.0010)  train median    1.37 m   0.48 s/step
step  2060/3000  loss  3.3698 (ce  2.188 aux  2.364 ref 0.0003)  train median    0.57 m   0.48 s/step
step  2080/3000  loss  3.3149 (ce  2.187 aux  2.256 ref 0.0005)  train median    1.12 m   0.48 s/step
step  2100/3000  loss  3.5542 (ce  2.330 aux  2.448 ref 0.0009)  train median    1.72 m   0.48 s/step
step  2120/3000  loss  3.3122 (ce  2.168 aux  2.289 ref 0.0004)  train median    1.04 m   0.48 s/step
step  2140/3000  loss  3.3383 (ce  2.157 aux  2.363 ref 0.0003)  train median    0.46 m   0.47 s/step
step  2160/3000  loss  3.4301 (ce  2.245 aux  2.370 ref 0.0007)  train median    1.08 m   0.47 s/step
step  2180/3000  loss  3.3279 (ce  2.183 aux  2.290 ref 0.0005)  train median    1.25 m   0.47 s/step
step  2200/3000  loss  3.3920 (ce  2.233 aux  2.318 ref 0.0006)  train median    0.65 m   0.47 s/step
  eval  n=192  median   1.39 m /   44.3 ms  p90    3.47 m /   100.5 ms  worst    11.99 m  within1  68.2%  within5  99.5%
        ks_red_bull_ring__layout_national n=72  median   1.49 m /   37.6 ms  p90    3.48 m /    90.9 ms  worst     4.84 m  within1  62.5%  within5 100.0%
        magione                  n=120  median   1.27 m /   51.9 ms  p90    3.38 m /   115.7 ms  worst    11.99 m  within1  71.7%  within5  99.2%
step  2220/3000  loss  3.5040 (ce  2.303 aux  2.400 ref 0.0009)  train median    1.64 m   0.48 s/step
step  2240/3000  loss  3.4595 (ce  2.271 aux  2.375 ref 0.0007)  train median    1.71 m   0.48 s/step
step  2260/3000  loss  3.3927 (ce  2.235 aux  2.315 ref 0.0007)  train median    1.24 m   0.47 s/step
step  2280/3000  loss  3.2985 (ce  2.161 aux  2.274 ref 0.0004)  train median    1.11 m   0.47 s/step
step  2300/3000  loss  3.2813 (ce  2.140 aux  2.283 ref 0.0002)  train median    0.30 m   0.47 s/step
step  2320/3000  loss  3.4547 (ce  2.279 aux  2.351 ref 0.0008)  train median    1.85 m   0.47 s/step
step  2340/3000  loss  3.3656 (ce  2.211 aux  2.309 ref 0.0005)  train median    0.65 m   0.47 s/step
step  2360/3000  loss  3.3300 (ce  2.192 aux  2.275 ref 0.0006)  train median    1.35 m   0.47 s/step
step  2380/3000  loss  3.4046 (ce  2.245 aux  2.318 ref 0.0006)  train median    0.72 m   0.47 s/step
step  2400/3000  loss  3.4457 (ce  2.271 aux  2.349 ref 0.0006)  train median    0.77 m   0.47 s/step
  eval  n=192  median   1.25 m /   41.1 ms  p90    3.06 m /    99.9 ms  worst  1009.82 m  within1  70.8%  within5  99.5%
        ks_red_bull_ring__layout_national n=72  median   1.25 m /   33.7 ms  p90    2.71 m /    70.4 ms  worst     5.00 m  within1  69.4%  within5 100.0%
        magione                  n=120  median   1.25 m /   47.1 ms  p90    3.15 m /   105.3 ms  worst  1009.82 m  within1  71.7%  within5  99.2%
step  2420/3000  loss  3.3987 (ce  2.192 aux  2.413 ref 0.0006)  train median    1.34 m   0.47 s/step
step  2440/3000  loss  3.4046 (ce  2.197 aux  2.416 ref 0.0006)  train median    1.46 m   0.47 s/step
step  2460/3000  loss  3.3672 (ce  2.222 aux  2.290 ref 0.0006)  train median    1.08 m   0.47 s/step
step  2480/3000  loss  3.2655 (ce  2.139 aux  2.252 ref 0.0003)  train median    0.65 m   0.47 s/step
step  2500/3000  loss  3.3166 (ce  2.165 aux  2.304 ref 0.0004)  train median    0.62 m   0.47 s/step
step  2520/3000  loss  3.3317 (ce  2.186 aux  2.292 ref 0.0004)  train median    1.03 m   0.47 s/step
step  2540/3000  loss  3.3766 (ce  2.251 aux  2.249 ref 0.0007)  train median    1.11 m   0.47 s/step
step  2560/3000  loss  3.3854 (ce  2.227 aux  2.315 ref 0.0007)  train median    1.83 m   0.47 s/step
step  2580/3000  loss  3.3753 (ce  2.230 aux  2.290 ref 0.0008)  train median    1.49 m   0.47 s/step
step  2600/3000  loss  3.3083 (ce  2.163 aux  2.289 ref 0.0004)  train median    0.73 m   0.47 s/step
  eval  n=192  median   1.37 m /   39.6 ms  p90    2.86 m /    92.9 ms  worst     4.97 m  within1  74.0%  within5 100.0%
        ks_red_bull_ring__layout_national n=72  median   1.38 m /   33.0 ms  p90    2.87 m /    68.2 ms  worst     3.32 m  within1  75.0%  within5 100.0%
        magione                  n=120  median   1.33 m /   46.3 ms  p90    2.81 m /   102.4 ms  worst     4.97 m  within1  73.3%  within5 100.0%
step  2620/3000  loss  3.2674 (ce  2.135 aux  2.265 ref 0.0002)  train median    0.27 m   0.47 s/step
step  2640/3000  loss  3.2763 (ce  2.149 aux  2.254 ref 0.0003)  train median    0.49 m   0.47 s/step
step  2660/3000  loss  3.4514 (ce  2.267 aux  2.367 ref 0.0009)  train median    1.62 m   0.47 s/step
step  2680/3000  loss  3.3434 (ce  2.204 aux  2.278 ref 0.0006)  train median    1.23 m   0.47 s/step
step  2700/3000  loss  3.2978 (ce  2.165 aux  2.265 ref 0.0005)  train median    0.82 m   0.47 s/step
step  2720/3000  loss  3.3558 (ce  2.210 aux  2.291 ref 0.0006)  train median    1.01 m   0.47 s/step
step  2740/3000  loss  3.3110 (ce  2.154 aux  2.314 ref 0.0004)  train median    0.61 m   0.47 s/step
step  2760/3000  loss  3.3789 (ce  2.181 aux  2.395 ref 0.0004)  train median    0.64 m   0.47 s/step
step  2780/3000  loss  3.3174 (ce  2.155 aux  2.324 ref 0.0004)  train median    0.73 m   0.47 s/step
step  2800/3000  loss  3.3348 (ce  2.170 aux  2.329 ref 0.0005)  train median    1.32 m   0.47 s/step
  eval  n=192  median   1.25 m /   39.4 ms  p90    2.77 m /    92.7 ms  worst     4.73 m  within1  74.0%  within5 100.0%
        ks_red_bull_ring__layout_national n=72  median   1.34 m /   36.2 ms  p90    2.59 m /    68.0 ms  worst     3.49 m  within1  73.6%  within5 100.0%
        magione                  n=120  median   1.19 m /   44.2 ms  p90    2.84 m /   102.3 ms  worst     4.73 m  within1  74.2%  within5 100.0%
step  2820/3000  loss  3.3442 (ce  2.201 aux  2.286 ref 0.0005)  train median    0.98 m   0.47 s/step
step  2840/3000  loss  3.3873 (ce  2.226 aux  2.321 ref 0.0007)  train median    1.19 m   0.47 s/step
step  2860/3000  loss  3.2880 (ce  2.176 aux  2.223 ref 0.0005)  train median    1.25 m   0.47 s/step
step  2880/3000  loss  3.3223 (ce  2.177 aux  2.291 ref 0.0005)  train median    1.20 m   0.47 s/step
step  2900/3000  loss  3.3949 (ce  2.213 aux  2.364 ref 0.0006)  train median    1.47 m   0.47 s/step
step  2920/3000  loss  3.4385 (ce  2.228 aux  2.420 ref 0.0007)  train median    1.20 m   0.47 s/step
step  2940/3000  loss  3.3266 (ce  2.202 aux  2.248 ref 0.0005)  train median    0.84 m   0.47 s/step
step  2960/3000  loss  3.3027 (ce  2.150 aux  2.305 ref 0.0004)  train median    1.19 m   0.47 s/step
step  2980/3000  loss  3.2713 (ce  2.149 aux  2.243 ref 0.0004)  train median    0.72 m   0.47 s/step
step  3000/3000  loss  3.3562 (ce  2.225 aux  2.261 ref 0.0007)  train median    1.82 m   0.47 s/step
  eval  n=192  median   1.25 m /   38.5 ms  p90    2.74 m /    91.9 ms  worst     4.76 m  within1  74.0%  within5 100.0%
        ks_red_bull_ring__layout_national n=72  median   1.31 m /   34.9 ms  p90    2.58 m /    67.4 ms  worst     3.44 m  within1  73.6%  within5 100.0%
        magione                  n=120  median   1.24 m /   43.8 ms  p90    2.80 m /   103.9 ms  worst     4.76 m  within1  74.2%  within5 100.0%

best eval median 1.25 m; artifacts in /Users/pvodopija/code/primal/runs/lc2a
