====================================================================================================
GATES
====================================================================================================

seen laps, seen tracks
  n=320  median   1.62 m /   50.1 ms  p90    6.39 m /   193.2 ms  worst   293.01 m  within1  58.8%  within5  95.6%
  mean predictive entropy 2.371 nats
    ks_black_cat_county__layout_short n=32  median   2.61 m /   74.3 ms  p90    9.05 m /   225.5 ms  worst    14.82 m  within1  43.8%  within5  96.9%
    ks_brands_hatch__indy    n=40  median   0.83 m /   24.3 ms  p90    2.69 m /    71.0 ms  worst     5.69 m  within1  80.0%  within5 100.0%
    ks_highlands__layout_short n=40  median   1.15 m /   36.1 ms  p90    4.46 m /   131.5 ms  worst     7.04 m  within1  75.0%  within5 100.0%
    ks_laguna_seca           n=48  median   1.79 m /   59.9 ms  p90    7.39 m /   214.6 ms  worst    12.14 m  within1  56.2%  within5  95.8%
    ks_monza66__junior       n=16  median   2.45 m /   55.7 ms  p90   11.91 m /   311.9 ms  worst    56.45 m  within1  50.0%  within5  87.5%
    ks_nurburgring__layout_sprint_a n=32  median   3.70 m /  111.7 ms  p90   32.32 m /  1067.3 ms  worst   293.01 m  within1  28.1%  within5  75.0%
    ks_red_bull_ring__layout_national n=40  median   1.35 m /   41.4 ms  p90    4.36 m /   120.3 ms  worst     7.77 m  within1  57.5%  within5 100.0%
    ks_vallelunga__club_circuit n=40  median   1.60 m /   48.8 ms  p90    4.22 m /   115.3 ms  worst     5.73 m  within1  60.0%  within5 100.0%
    magione                  n=32  median   1.36 m /   45.5 ms  p90    3.27 m /   129.1 ms  worst    11.60 m  within1  65.6%  within5  96.9%

G1  held-out laps, seen tracks
  n=320  median   1.68 m /   54.6 ms  p90    5.96 m /   175.6 ms  worst  1423.75 m  within1  53.8%  within5  95.9%
  mean predictive entropy 2.434 nats
    ks_black_cat_county__layout_short n=32  median   1.37 m /   30.5 ms  p90    3.53 m /   109.8 ms  worst     8.08 m  within1  65.6%  within5 100.0%
    ks_brands_hatch__indy    n=32  median   2.11 m /   59.1 ms  p90    6.37 m /   186.1 ms  worst     8.11 m  within1  46.9%  within5 100.0%
    ks_highlands__layout_short n=32  median   0.78 m /   28.2 ms  p90    3.00 m /    95.3 ms  worst     4.24 m  within1  71.9%  within5 100.0%
    ks_laguna_seca           n=16  median   1.89 m /   72.6 ms  p90    5.93 m /   125.2 ms  worst     7.03 m  within1  50.0%  within5 100.0%
    ks_monza66__junior       n=32  median   1.70 m /   34.4 ms  p90    6.88 m /   187.9 ms  worst    20.65 m  within1  56.2%  within5  96.9%
    ks_nurburgring__layout_sprint_a n=48  median   3.74 m /  118.4 ms  p90  223.29 m /  7174.4 ms  worst  1423.75 m  within1  29.2%  within5  75.0%
    ks_red_bull_ring__layout_national n=72  median   1.76 m /   46.9 ms  p90    4.50 m /   140.8 ms  worst     6.67 m  within1  55.6%  within5 100.0%
    ks_vallelunga__club_circuit n=16  median   0.89 m /   33.5 ms  p90    4.30 m /   136.3 ms  worst     5.84 m  within1  62.5%  within5 100.0%
    magione                  n=40  median   1.56 m /   60.6 ms  p90    4.04 m /   153.8 ms  worst     5.85 m  within1  57.5%  within5 100.0%

G2  held-out tracks
  n=320  median   2.79 m /   73.5 ms  p90   13.58 m /   311.7 ms  worst  1271.62 m  within1  40.6%  within5  85.9%
  mean predictive entropy 2.742 nats
    ks_silverstone__national n=152  median   3.67 m /   98.3 ms  p90   21.44 m /   479.6 ms  worst  1271.62 m  within1  30.9%  within5  77.0%
    rt_lime_rock_park__no_chicane n=96  median   1.63 m /   43.0 ms  p90    5.86 m /   143.5 ms  worst    46.92 m  within1  56.2%  within5  96.9%
    rt_oulton_park__fosters  n=72  median   2.70 m /   67.6 ms  p90    8.11 m /   238.1 ms  worst   162.93 m  within1  40.3%  within5  90.3%

====================================================================================================
NEGATIVE CONTROLS
====================================================================================================

wrong-reference control: live clips paired with another track's reference
  matched reference   median    1.70 m   entropy 2.384 nats
  wrong reference     median  654.92 m   entropy 3.434 nats
  chance for 3227 bins at 2.00 m: 1613.3 m; uniform entropy 8.079 nats
  PASS: error must collapse to chance when the reference is wrong

wrote runs/v3_curve_k7/gates_v3.json
