====================================================================================================
GATES
====================================================================================================

seen laps, seen tracks
  n=320  median   1.89 m /   54.3 ms  p90    5.49 m /   180.5 ms  worst    37.54 m  within1  53.8%  within5  96.9%
  mean predictive entropy 2.411 nats
    ks_black_cat_county__layout_short n=32  median   2.78 m /   76.9 ms  p90    5.88 m /   218.7 ms  worst    15.05 m  within1  37.5%  within5  96.9%
    ks_brands_hatch__indy    n=40  median   1.02 m /   33.9 ms  p90    3.42 m /   103.9 ms  worst     4.24 m  within1  70.0%  within5 100.0%
    ks_highlands__layout_short n=40  median   1.46 m /   45.1 ms  p90    4.47 m /   135.6 ms  worst    26.46 m  within1  62.5%  within5  97.5%
    ks_laguna_seca           n=48  median   2.71 m /   94.0 ms  p90    9.02 m /   262.9 ms  worst    16.24 m  within1  35.4%  within5  93.8%
    ks_monza66__junior       n=16  median   2.02 m /   42.4 ms  p90    4.71 m /   150.5 ms  worst     9.30 m  within1  50.0%  within5 100.0%
    ks_nurburgring__layout_sprint_a n=32  median   1.96 m /   53.6 ms  p90    6.45 m /   204.6 ms  worst    37.54 m  within1  53.1%  within5  93.8%
    ks_red_bull_ring__layout_national n=40  median   1.92 m /   58.4 ms  p90    6.05 m /   140.0 ms  worst    24.77 m  within1  55.0%  within5  95.0%
    ks_vallelunga__club_circuit n=40  median   1.72 m /   53.1 ms  p90    4.97 m /   130.5 ms  worst     7.44 m  within1  55.0%  within5 100.0%
    magione                  n=32  median   1.49 m /   47.7 ms  p90    4.28 m /   157.0 ms  worst    10.26 m  within1  65.6%  within5  96.9%

G1  held-out laps, seen tracks
  n=320  median   1.83 m /   55.4 ms  p90    5.44 m /   158.2 ms  worst  1055.41 m  within1  51.6%  within5  95.9%
  mean predictive entropy 2.440 nats
    ks_black_cat_county__layout_short n=32  median   2.29 m /   64.9 ms  p90    4.89 m /   154.0 ms  worst    55.85 m  within1  43.8%  within5  96.9%
    ks_brands_hatch__indy    n=32  median   1.38 m /   46.4 ms  p90    5.49 m /   149.0 ms  worst    11.44 m  within1  59.4%  within5  96.9%
    ks_highlands__layout_short n=32  median   1.40 m /   41.8 ms  p90    3.46 m /   114.6 ms  worst     4.09 m  within1  68.8%  within5 100.0%
    ks_laguna_seca           n=16  median   3.00 m /   89.9 ms  p90    9.31 m /   222.0 ms  worst    33.70 m  within1  37.5%  within5  87.5%
    ks_monza66__junior       n=32  median   1.68 m /   40.0 ms  p90    4.57 m /   129.3 ms  worst     7.05 m  within1  59.4%  within5 100.0%
    ks_nurburgring__layout_sprint_a n=48  median   3.07 m /   90.8 ms  p90    9.93 m /   306.8 ms  worst  1055.41 m  within1  35.4%  within5  89.6%
    ks_red_bull_ring__layout_national n=72  median   2.02 m /   50.4 ms  p90    5.08 m /   150.1 ms  worst    52.90 m  within1  50.0%  within5  95.8%
    ks_vallelunga__club_circuit n=16  median   0.73 m /   25.1 ms  p90    2.88 m /    91.6 ms  worst     5.87 m  within1  68.8%  within5 100.0%
    magione                  n=40  median   1.83 m /   73.4 ms  p90    3.73 m /   153.7 ms  worst    43.20 m  within1  52.5%  within5  97.5%

G2  held-out tracks
  n=320  median   2.13 m /   61.7 ms  p90    9.64 m /   239.4 ms  worst  1081.10 m  within1  47.5%  within5  90.3%
  mean predictive entropy 2.662 nats
    ks_silverstone__national n=152  median   3.21 m /   90.7 ms  p90   14.62 m /   355.9 ms  worst  1081.10 m  within1  38.8%  within5  82.9%
    rt_lime_rock_park__no_chicane n=96  median   1.74 m /   44.3 ms  p90    4.85 m /   131.1 ms  worst    31.17 m  within1  58.3%  within5  97.9%
    rt_oulton_park__fosters  n=72  median   1.72 m /   52.3 ms  p90    5.72 m /   136.0 ms  worst    27.10 m  within1  51.4%  within5  95.8%

====================================================================================================
NEGATIVE CONTROLS
====================================================================================================

wrong-reference control: live clips paired with another track's reference
  matched reference   median    1.79 m   entropy 2.420 nats
  wrong reference     median  678.71 m   entropy 3.612 nats
  chance for 3227 bins at 2.00 m: 1613.3 m; uniform entropy 8.079 nats
  PASS: error must collapse to chance when the reference is wrong

wrote runs/v3_fold_s0/gates_v3.json
