  G1 ks_black_cat_county__layout_ ref 180056Z  live 183526Z
  G1 ks_black_cat_county__layout_ ref 183242Z  live 183526Z
  G1 ks_brands_hatch__indy        ref 171903Z  live 221531Z
  G1 ks_brands_hatch__indy        ref 181357Z  live 221531Z
  G1 ks_highlands__layout_short   ref 212549Z  live 005654Z
  G1 ks_laguna_seca               ref 110507Z  live 123110Z
  G1 ks_monza66__junior           ref 091133Z  live 093530Z
  G1 ks_nurburgring__layout_sprin ref 100528Z  live 103410Z
  G1 ks_red_bull_ring__layout_nat ref 232216Z  live 174436Z
  G1 ks_red_bull_ring__layout_nat ref 233620Z  live 174436Z
  G1 ks_vallelunga__club_circuit  ref 220345Z  live 223945Z
  G1 ks_vallelunga__club_circuit  ref 222513Z  live 223945Z
  G1 magione                      ref 225059Z  live 231051Z
  G1 magione                      ref 230023Z  live 231051Z
  G2 ks_silverstone__national     ref 105441Z  live 104658Z
  G2 ks_silverstone__national     ref 105442Z  live 104658Z
  G2 ks_silverstone__national     ref 105441Z  live 104658Z
  G2 ks_silverstone__national     ref 105442Z  live 104658Z
  G2 ks_silverstone__national     ref 105441Z  live 104658Z
  G2 ks_silverstone__national     ref 105442Z  live 104658Z
  G2 ks_silverstone__national     ref 105441Z  live 104658Z
  G2 ks_silverstone__national     ref 105442Z  live 104658Z
  G2 ks_silverstone__national     ref 105441Z  live 104658Z
  G2 ks_silverstone__national     ref 105442Z  live 104658Z
  G2 ks_silverstone__national     ref 105441Z  live 104658Z
  G2 ks_silverstone__national     ref 105442Z  live 104658Z
  G2 ks_silverstone__national     ref 105441Z  live 104658Z
  G2 ks_silverstone__national     ref 105442Z  live 104658Z
  G2 ks_silverstone__national     ref 104658Z  live 105441Z
  G2 ks_silverstone__national     ref 105442Z  live 105441Z
  G2 ks_silverstone__national     ref 104658Z  live 105441Z
  G2 ks_silverstone__national     ref 105442Z  live 105441Z
  G2 ks_silverstone__national     ref 104658Z  live 105441Z
  G2 ks_silverstone__national     ref 105442Z  live 105441Z
  G2 ks_silverstone__national     ref 104658Z  live 105441Z
  G2 ks_silverstone__national     ref 105442Z  live 105441Z
  G2 ks_silverstone__national     ref 104658Z  live 105441Z
  G2 ks_silverstone__national     ref 105442Z  live 105441Z
  G2 ks_silverstone__national     ref 104658Z  live 105441Z
  G2 ks_silverstone__national     ref 105442Z  live 105441Z
  G2 ks_silverstone__national     ref 104658Z  live 105441Z
  G2 ks_silverstone__national     ref 105442Z  live 105441Z
  G2 ks_silverstone__national     ref 104658Z  live 105441Z
  G2 ks_silverstone__national     ref 105442Z  live 105441Z
  G2 ks_silverstone__national     ref 104658Z  live 105442Z
  G2 ks_silverstone__national     ref 105441Z  live 105442Z
  G2 ks_silverstone__national     ref 104658Z  live 105442Z
  G2 ks_silverstone__national     ref 105441Z  live 105442Z
  G2 ks_silverstone__national     ref 104658Z  live 105442Z
  G2 ks_silverstone__national     ref 105441Z  live 105442Z
  G2 ks_silverstone__national     ref 104658Z  live 105442Z
  G2 ks_silverstone__national     ref 105441Z  live 105442Z
  G2 ks_silverstone__national     ref 104658Z  live 105442Z
  G2 ks_silverstone__national     ref 105441Z  live 105442Z
  G2 ks_silverstone__national     ref 104658Z  live 105442Z
  G2 ks_silverstone__national     ref 105441Z  live 105442Z
  G2 ks_silverstone__national     ref 104658Z  live 105442Z
  G2 ks_silverstone__national     ref 105441Z  live 105442Z
  G2 ks_silverstone__national     ref 104658Z  live 105442Z
  G2 ks_silverstone__national     ref 105441Z  live 105442Z
  G2 rt_lime_rock_park__no_chican ref 143440Z  live 141815Z
  G2 rt_lime_rock_park__no_chican ref 143440Z  live 141815Z
  G2 rt_lime_rock_park__no_chican ref 143440Z  live 141815Z
  G2 rt_lime_rock_park__no_chican ref 143440Z  live 141815Z
  G2 rt_lime_rock_park__no_chican ref 143440Z  live 141815Z
  G2 rt_lime_rock_park__no_chican ref 143440Z  live 141815Z
  G2 rt_lime_rock_park__no_chican ref 143440Z  live 141815Z
  G2 rt_lime_rock_park__no_chican ref 143440Z  live 141815Z
  G2 rt_lime_rock_park__no_chican ref 143440Z  live 141815Z
  G2 rt_lime_rock_park__no_chican ref 141815Z  live 143440Z
  G2 rt_lime_rock_park__no_chican ref 141815Z  live 143440Z
  G2 rt_lime_rock_park__no_chican ref 141815Z  live 143440Z
  G2 rt_lime_rock_park__no_chican ref 141815Z  live 143440Z
  G2 rt_lime_rock_park__no_chican ref 141815Z  live 143440Z
  G2 rt_lime_rock_park__no_chican ref 141815Z  live 143440Z
  G2 rt_lime_rock_park__no_chican ref 141815Z  live 143440Z
  G2 rt_lime_rock_park__no_chican ref 141815Z  live 143440Z
  G2 rt_oulton_park__fosters      ref 195157Z  live 193254Z
  G2 rt_oulton_park__fosters      ref 195157Z  live 193254Z
  G2 rt_oulton_park__fosters      ref 195157Z  live 193254Z
  G2 rt_oulton_park__fosters      ref 195157Z  live 193254Z
  G2 rt_oulton_park__fosters      ref 195157Z  live 193254Z
  G2 rt_oulton_park__fosters      ref 195157Z  live 193254Z
  G2 rt_oulton_park__fosters      ref 195157Z  live 193254Z
  G2 rt_oulton_park__fosters      ref 195157Z  live 193254Z
  G2 rt_oulton_park__fosters      ref 195157Z  live 193254Z
  G2 rt_oulton_park__fosters      ref 193254Z  live 195157Z
  G2 rt_oulton_park__fosters      ref 193254Z  live 195157Z
  G2 rt_oulton_park__fosters      ref 193254Z  live 195157Z
  G2 rt_oulton_park__fosters      ref 193254Z  live 195157Z
  G2 rt_oulton_park__fosters      ref 193254Z  live 195157Z
  G2 rt_oulton_park__fosters      ref 193254Z  live 195157Z
  G2 rt_oulton_park__fosters      ref 193254Z  live 195157Z
  G2 rt_oulton_park__fosters      ref 193254Z  live 195157Z
  G2 rt_oulton_park__fosters      ref 193254Z  live 195157Z

                                                                       median      p90  >100 ms   >10 m     worst
G1 single                                                       2.32 m   75 ms   254 ms    38.7%    7.2%   3105.7 m
G1 filter                                                       2.28 m   74 ms   233 ms    38.0%    5.4%   1986.0 m
G1 filter, reference time                                       1.43 m   46 ms   123 ms    16.6%    0.2%     13.5 m
G1 filter, reference time, two modes                            1.53 m   49 ms   137 ms    20.3%    1.4%     44.6 m
G1 filter + speed                                               1.13 m   36 ms    90 ms     7.3%    0.0%     10.2 m
G1 filter, lag-corrected                                        2.27 m   73 ms   234 ms    37.7%    5.4%   1985.6 m
G1 filter, reference time, lag-corrected                        1.40 m   44 ms   122 ms    16.0%    0.2%     13.4 m
G1 filter, reference time, two modes, lag-corrected             1.48 m   47 ms   137 ms    20.0%    1.4%     44.3 m
G1 filter + speed, lag-corrected                                1.05 m   34 ms    89 ms     6.8%    0.0%     10.0 m
G2 single                                                       2.49 m   68 ms   260 ms    35.0%   10.1%   1300.1 m
G2 filter                                                       2.42 m   66 ms   225 ms    33.5%    7.9%   1068.1 m
G2 filter, reference time                                       1.54 m   42 ms   110 ms    13.0%    0.0%     24.3 m
G2 filter, reference time, two modes                            1.58 m   43 ms   121 ms    15.4%    1.9%    211.5 m
G2 filter + speed                                               0.94 m   26 ms    65 ms     1.6%    0.1%     19.9 m
G2 filter, lag-corrected                                        2.41 m   66 ms   225 ms    33.6%    7.9%   1067.9 m
G2 filter, reference time, lag-corrected                        1.53 m   42 ms   110 ms    12.9%    0.0%     24.4 m
G2 filter, reference time, two modes, lag-corrected             1.57 m   43 ms   121 ms    15.5%    1.9%    211.5 m
G2 filter + speed, lag-corrected                                0.94 m   26 ms    64 ms     1.7%    0.1%     20.3 m
G2 ks_silverstone__national single                              2.98 m   80 ms   416 ms    41.8%   14.9%   1300.1 m
G2 ks_silverstone__national filter                              2.86 m   78 ms   295 ms    40.1%   12.0%   1068.1 m
G2 ks_silverstone__national filter, reference time              1.62 m   44 ms   115 ms    14.5%    0.0%     24.3 m
G2 ks_silverstone__national filter, reference time, two modes    1.71 m   46 ms   137 ms    18.8%    3.2%    211.5 m
G2 ks_silverstone__national filter + speed                      0.99 m   27 ms    69 ms     2.0%    0.2%     19.9 m
G2 ks_silverstone__national filter, lag-corrected               2.85 m   77 ms   295 ms    40.2%   12.0%   1067.9 m
G2 ks_silverstone__national filter, reference time, lag-corrected    1.59 m   44 ms   115 ms    14.4%    0.0%     24.4 m
G2 ks_silverstone__national filter, reference time, two modes, lag-corrected    1.69 m   46 ms   137 ms    18.9%    3.2%    211.5 m
G2 ks_silverstone__national filter + speed, lag-corrected       0.98 m   27 ms    68 ms     2.0%    0.2%     20.3 m
G2 same car single                                              3.18 m   85 ms   634 ms    44.1%   18.1%   1300.1 m
G2 same car filter                                              2.99 m   81 ms   341 ms    41.8%   13.9%   1068.1 m
G2 same car filter, reference time                              1.31 m   37 ms    91 ms     6.7%    0.0%      8.9 m
G2 same car filter, reference time, two modes                   1.51 m   42 ms   126 ms    14.8%    3.9%    165.8 m
G2 same car filter + speed                                      1.11 m   30 ms    74 ms     3.3%    0.5%     19.9 m
G2 same car filter, lag-corrected                               2.98 m   81 ms   341 ms    41.9%   13.9%   1067.9 m
G2 same car filter, reference time, lag-corrected               1.27 m   36 ms    87 ms     5.8%    0.0%      9.4 m
G2 same car filter, reference time, two modes, lag-corrected    1.48 m   41 ms   122 ms    14.2%    3.9%    165.6 m
G2 same car filter + speed, lag-corrected                       1.05 m   29 ms    71 ms     3.1%    0.5%     20.3 m
G2 rt_lime_rock_park__no_chicane single                         1.89 m   51 ms   137 ms    20.8%    1.1%    117.0 m
G2 rt_lime_rock_park__no_chicane filter                         1.90 m   51 ms   136 ms    20.8%    0.6%     18.1 m
G2 rt_lime_rock_park__no_chicane filter, reference time         1.40 m   37 ms    95 ms     8.5%    0.0%     10.1 m
G2 rt_lime_rock_park__no_chicane filter, reference time, two modes    1.43 m   38 ms    97 ms     9.0%    0.0%     10.3 m
G2 rt_lime_rock_park__no_chicane filter + speed                 0.77 m   21 ms    50 ms     0.4%    0.0%      4.0 m
G2 rt_lime_rock_park__no_chicane filter, lag-corrected          1.89 m   51 ms   137 ms    20.9%    0.6%     18.0 m
G2 rt_lime_rock_park__no_chicane filter, reference time, lag-corrected    1.40 m   37 ms    96 ms     8.6%    0.0%      9.8 m
G2 rt_lime_rock_park__no_chicane filter, reference time, two modes, lag-corrected    1.42 m   38 ms    97 ms     9.4%    0.0%     10.0 m
G2 rt_lime_rock_park__no_chicane filter + speed, lag-corrected    0.77 m   20 ms    51 ms     0.3%    0.0%      4.3 m
G2 rt_oulton_park__fosters single                               2.17 m   61 ms   194 ms    30.2%    5.9%   1149.3 m
G2 rt_oulton_park__fosters filter                               2.08 m   57 ms   179 ms    27.8%    3.9%     55.8 m
G2 rt_oulton_park__fosters filter, reference time               1.52 m   41 ms   109 ms    13.0%    0.0%     10.2 m
G2 rt_oulton_park__fosters filter, reference time, two modes    1.46 m   40 ms   108 ms    12.2%    0.4%     18.6 m
G2 rt_oulton_park__fosters filter + speed                       0.98 m   28 ms    66 ms     1.9%    0.0%      6.2 m
G2 rt_oulton_park__fosters filter, lag-corrected                2.05 m   57 ms   179 ms    27.9%    3.9%     55.9 m
G2 rt_oulton_park__fosters filter, reference time, lag-corrected    1.49 m   41 ms   109 ms    12.9%    0.0%     10.6 m
G2 rt_oulton_park__fosters filter, reference time, two modes, lag-corrected    1.43 m   39 ms   108 ms    12.3%    0.4%     18.7 m
G2 rt_oulton_park__fosters filter + speed, lag-corrected        1.02 m   28 ms    64 ms     1.8%    0.0%      6.0 m
