started from runs/v3_fold_s0_base/best.pt
gate g1: held-out laps of seen tracks; full augmentation
train tracks ['ks_black_cat_county__layout_short', 'ks_brands_hatch__indy', 'ks_highlands__layout_short', 'ks_laguna_seca', 'ks_monza66__junior', 'ks_nurburgring__layout_sprint_a', 'ks_red_bull_ring__layout_national', 'ks_vallelunga__club_circuit', 'magione'] (284 laps usable)
eval  tracks ['ks_black_cat_county__layout_short', 'ks_brands_hatch__indy', 'ks_highlands__layout_short', 'ks_laguna_seca', 'ks_monza66__junior', 'ks_nurburgring__layout_sprint_a', 'ks_red_bull_ring__layout_national', 'ks_vallelunga__club_circuit', 'magione'], split=train
held out as live-only: ['ks_black_cat_county__layout_short__20260923T183526Z__lap07', 'ks_brands_hatch__indy__20260921T221531Z__lap02', 'ks_highlands__layout_short__20260928T005654Z__lap54', 'ks_laguna_seca__default__20260928T123110Z__lap12', 'ks_monza66__junior__20260928T093530Z__lap14', 'ks_nurburgring__layout_sprint_a__20260928T103410Z__lap12', 'ks_red_bull_ring__layout_national__20260923T174436Z__lap11', 'ks_vallelunga__club_circuit__20260922T223945Z__lap07', 'magione__default__20260922T231051Z__lap06']
frame 148x80, reference bins 3227
model 0.67M params on mps

step     1/1500  loss  3.8228 (ce  2.426 aux  2.793 ref 0.0012)  train median    2.46 m   1.48 s/step
step    20/1500  loss  4.8774 (ce  3.085 aux  3.583 ref 0.0015)  train median    4.00 m   0.38 s/step
step    40/1500  loss  4.0791 (ce  2.492 aux  3.174 ref 0.0007)  train median    2.05 m   0.35 s/step
step    60/1500  loss  3.9393 (ce  2.556 aux  2.764 ref 0.0011)  train median    3.49 m   0.35 s/step
step    80/1500  loss  4.5043 (ce  3.037 aux  2.934 ref 0.0011)  train median    2.55 m   0.35 s/step
step   100/1500  loss  4.2700 (ce  2.701 aux  3.137 ref 0.0007)  train median    6.97 m   0.35 s/step
step   120/1500  loss  3.5692 (ce  2.328 aux  2.481 ref 0.0015)  train median    1.59 m   0.35 s/step
step   140/1500  loss  3.8896 (ce  2.512 aux  2.753 ref 0.0015)  train median    1.46 m   0.35 s/step
step   160/1500  loss  4.3518 (ce  2.632 aux  3.439 ref 0.0011)  train median    1.90 m   0.36 s/step
step   180/1500  loss  3.4307 (ce  2.215 aux  2.431 ref 0.0007)  train median    1.29 m   0.36 s/step
step   200/1500  loss  4.4096 (ce  2.842 aux  3.134 ref 0.0020)  train median    3.79 m   0.36 s/step
  eval  n=192  median   1.99 m /   73.2 ms  p90    6.17 m /   196.1 ms  worst   449.99 m  within1  50.5%  within5  95.8%
        ks_black_cat_county__layout_short n=24  median   2.60 m /   83.8 ms  p90   31.59 m /   835.4 ms  worst   449.99 m  within1  45.8%  within5  87.5%
        ks_brands_hatch__indy    n=16  median   1.43 m /   46.9 ms  p90    6.68 m /   135.6 ms  worst     9.48 m  within1  62.5%  within5 100.0%
        ks_highlands__layout_short n=16  median   1.53 m /   49.8 ms  p90    3.53 m /   124.8 ms  worst     4.66 m  within1  62.5%  within5 100.0%
        ks_laguna_seca           n=16  median   3.13 m /   98.2 ms  p90    4.98 m /   161.7 ms  worst     5.73 m  within1  31.2%  within5 100.0%
        ks_monza66__junior       n=8  median   0.85 m /   20.5 ms  p90    2.19 m /    58.8 ms  worst     2.63 m  within1  75.0%  within5 100.0%
        ks_nurburgring__layout_sprint_a n=24  median   3.60 m /  113.9 ms  p90    5.68 m /   204.1 ms  worst    12.36 m  within1  41.7%  within5  95.8%
        ks_red_bull_ring__layout_national n=16  median   2.77 m /   81.8 ms  p90    7.70 m /   198.8 ms  worst    12.05 m  within1  25.0%  within5  93.8%
        ks_vallelunga__club_circuit n=32  median   1.78 m /   68.5 ms  p90    5.30 m /   131.2 ms  worst    12.74 m  within1  59.4%  within5  93.8%
        magione                  n=40  median   1.40 m /   52.6 ms  p90    5.97 m /   222.9 ms  worst    17.74 m  within1  55.0%  within5  97.5%
step   220/1500  loss  3.6279 (ce  2.295 aux  2.664 ref 0.0010)  train median    1.75 m   0.39 s/step
step   240/1500  loss  3.8455 (ce  2.431 aux  2.827 ref 0.0019)  train median    2.94 m   0.38 s/step
step   260/1500  loss  4.4804 (ce  2.880 aux  3.201 ref 0.0009)  train median    1.20 m   0.38 s/step
step   280/1500  loss  3.5654 (ce  2.294 aux  2.542 ref 0.0008)  train median    1.94 m   0.38 s/step
step   300/1500  loss  4.1487 (ce  2.701 aux  2.893 ref 0.0026)  train median    3.81 m   0.38 s/step
step   320/1500  loss  4.3084 (ce  2.809 aux  2.998 ref 0.0020)  train median    3.63 m   0.38 s/step
step   340/1500  loss  4.8745 (ce  3.072 aux  3.604 ref 0.0019)  train median    3.99 m   0.38 s/step
step   360/1500  loss  3.8789 (ce  2.442 aux  2.871 ref 0.0019)  train median    2.81 m   0.37 s/step
step   380/1500  loss  4.0296 (ce  2.571 aux  2.917 ref 0.0005)  train median    1.61 m   0.37 s/step
step   400/1500  loss  3.8449 (ce  2.503 aux  2.683 ref 0.0015)  train median    3.07 m   0.36 s/step
  eval  n=192  median   1.78 m /   61.7 ms  p90    6.62 m /   203.4 ms  worst  2926.11 m  within1  54.2%  within5  94.8%
        ks_black_cat_county__layout_short n=24  median   1.76 m /   63.1 ms  p90   29.94 m /   781.0 ms  worst  2926.11 m  within1  58.3%  within5  87.5%
        ks_brands_hatch__indy    n=16  median   1.14 m /   42.0 ms  p90    6.64 m /   189.7 ms  worst     9.74 m  within1  68.8%  within5 100.0%
        ks_highlands__layout_short n=16  median   1.60 m /   49.9 ms  p90    3.28 m /   126.1 ms  worst     3.76 m  within1  56.2%  within5 100.0%
        ks_laguna_seca           n=16  median   2.92 m /   79.3 ms  p90    5.80 m /   181.4 ms  worst     8.73 m  within1  43.8%  within5 100.0%
        ks_monza66__junior       n=8  median   0.63 m /   21.1 ms  p90    1.39 m /    39.8 ms  worst     1.97 m  within1 100.0%  within5 100.0%
        ks_nurburgring__layout_sprint_a n=24  median   3.24 m /   94.1 ms  p90    7.01 m /   231.8 ms  worst    12.48 m  within1  33.3%  within5  95.8%
        ks_red_bull_ring__layout_national n=16  median   2.56 m /   79.0 ms  p90    8.69 m /   246.0 ms  worst    11.58 m  within1  50.0%  within5  87.5%
        ks_vallelunga__club_circuit n=32  median   1.67 m /   55.0 ms  p90    4.90 m /   143.6 ms  worst    10.98 m  within1  59.4%  within5  93.8%
        magione                  n=40  median   1.98 m /   66.2 ms  p90    5.62 m /   183.9 ms  worst  1006.98 m  within1  50.0%  within5  95.0%
step   420/1500  loss  4.1310 (ce  2.624 aux  3.013 ref 0.0014)  train median    3.20 m   0.38 s/step
step   440/1500  loss  3.8259 (ce  2.478 aux  2.695 ref 0.0010)  train median    1.22 m   0.38 s/step
step   460/1500  loss  4.0891 (ce  2.630 aux  2.917 ref 0.0012)  train median    2.83 m   0.38 s/step
step   480/1500  loss  3.7621 (ce  2.393 aux  2.736 ref 0.0016)  train median    1.55 m   0.38 s/step
step   500/1500  loss  4.0887 (ce  2.742 aux  2.693 ref 0.0015)  train median    3.39 m   0.37 s/step
step   520/1500  loss  4.2815 (ce  2.760 aux  3.041 ref 0.0009)  train median    2.12 m   0.37 s/step
step   540/1500  loss  3.8197 (ce  2.498 aux  2.643 ref 0.0015)  train median    2.92 m   0.37 s/step
step   560/1500  loss  3.8174 (ce  2.446 aux  2.742 ref 0.0005)  train median    1.82 m   0.37 s/step
step   580/1500  loss  3.4507 (ce  2.270 aux  2.361 ref 0.0009)  train median    1.26 m   0.37 s/step
step   600/1500  loss  3.7731 (ce  2.407 aux  2.731 ref 0.0007)  train median    1.90 m   0.37 s/step
  eval  n=192  median   2.04 m /   70.8 ms  p90    6.58 m /   206.6 ms  worst  2497.20 m  within1  48.4%  within5  96.4%
        ks_black_cat_county__layout_short n=24  median   3.06 m /   85.8 ms  p90   30.45 m /   788.2 ms  worst  2497.20 m  within1  37.5%  within5  87.5%
        ks_brands_hatch__indy    n=16  median   1.23 m /   45.3 ms  p90    6.53 m /   139.9 ms  worst     7.01 m  within1  62.5%  within5 100.0%
        ks_highlands__layout_short n=16  median   1.63 m /   49.4 ms  p90    3.62 m /   143.0 ms  worst     5.73 m  within1  68.8%  within5 100.0%
        ks_laguna_seca           n=16  median   2.94 m /   90.4 ms  p90    5.12 m /   161.1 ms  worst     9.56 m  within1  25.0%  within5 100.0%
        ks_monza66__junior       n=8  median   0.90 m /   25.6 ms  p90    1.33 m /    44.8 ms  worst     1.73 m  within1 100.0%  within5 100.0%
        ks_nurburgring__layout_sprint_a n=24  median   3.99 m /  126.0 ms  p90    7.87 m /   232.7 ms  worst    39.63 m  within1  33.3%  within5  95.8%
        ks_red_bull_ring__layout_national n=16  median   2.80 m /   73.6 ms  p90    6.08 m /   176.9 ms  worst    12.55 m  within1  31.2%  within5  93.8%
        ks_vallelunga__club_circuit n=32  median   1.89 m /   67.2 ms  p90    4.78 m /   131.6 ms  worst     9.14 m  within1  53.1%  within5 100.0%
        magione                  n=40  median   1.86 m /   60.5 ms  p90    6.73 m /   223.0 ms  worst  1008.48 m  within1  52.5%  within5  95.0%
step   620/1500  loss  3.9395 (ce  2.351 aux  3.176 ref 0.0003)  train median    1.50 m   0.38 s/step
step   640/1500  loss  3.6993 (ce  2.321 aux  2.755 ref 0.0010)  train median    2.16 m   0.38 s/step
step   660/1500  loss  3.9704 (ce  2.552 aux  2.836 ref 0.0009)  train median    2.63 m   0.38 s/step
step   680/1500  loss  3.9184 (ce  2.544 aux  2.748 ref 0.0007)  train median    2.56 m   0.38 s/step
step   700/1500  loss  3.9456 (ce  2.526 aux  2.837 ref 0.0011)  train median    3.13 m   0.37 s/step
step   720/1500  loss  3.4533 (ce  2.221 aux  2.464 ref 0.0006)  train median    1.17 m   0.37 s/step
step   740/1500  loss  3.6891 (ce  2.377 aux  2.624 ref 0.0004)  train median    3.08 m   0.37 s/step
step   760/1500  loss  3.4029 (ce  2.205 aux  2.396 ref 0.0007)  train median    1.15 m   0.37 s/step
step   780/1500  loss  3.6554 (ce  2.254 aux  2.802 ref 0.0002)  train median    0.89 m   0.38 s/step
step   800/1500  loss  4.5712 (ce  2.969 aux  3.203 ref 0.0022)  train median    5.09 m   0.38 s/step
  eval  n=192  median   1.95 m /   60.9 ms  p90    6.95 m /   214.1 ms  worst  1416.18 m  within1  51.0%  within5  93.8%
        ks_black_cat_county__layout_short n=24  median   2.41 m /   67.7 ms  p90    6.32 m /   221.7 ms  worst  1416.18 m  within1  41.7%  within5  91.7%
        ks_brands_hatch__indy    n=16  median   1.67 m /   48.3 ms  p90    6.30 m /   148.2 ms  worst     7.61 m  within1  68.8%  within5 100.0%
        ks_highlands__layout_short n=16  median   1.70 m /   52.5 ms  p90    3.11 m /   131.2 ms  worst     4.02 m  within1  62.5%  within5 100.0%
        ks_laguna_seca           n=16  median   3.08 m /  105.6 ms  p90    5.48 m /   164.7 ms  worst    12.03 m  within1  18.8%  within5  93.8%
        ks_monza66__junior       n=8  median   0.84 m /   28.4 ms  p90    1.42 m /    40.6 ms  worst     1.54 m  within1 100.0%  within5 100.0%
        ks_nurburgring__layout_sprint_a n=24  median   4.23 m /  130.8 ms  p90    8.26 m /   259.9 ms  worst    18.45 m  within1  33.3%  within5  91.7%
        ks_red_bull_ring__layout_national n=16  median   2.26 m /   61.2 ms  p90    4.35 m /   143.9 ms  worst    13.38 m  within1  37.5%  within5  93.8%
        ks_vallelunga__club_circuit n=32  median   1.74 m /   55.5 ms  p90    5.84 m /   144.8 ms  worst    11.03 m  within1  56.2%  within5  90.6%
        magione                  n=40  median   1.51 m /   56.3 ms  p90    6.49 m /   238.4 ms  worst   103.91 m  within1  60.0%  within5  92.5%
step   820/1500  loss  4.0107 (ce  2.494 aux  3.032 ref 0.0009)  train median    2.73 m   0.39 s/step
step   840/1500  loss  3.4778 (ce  2.243 aux  2.470 ref 0.0006)  train median    0.94 m   0.39 s/step
step   860/1500  loss  4.0308 (ce  2.574 aux  2.912 ref 0.0021)  train median    2.35 m   0.39 s/step
step   880/1500  loss  3.7784 (ce  2.443 aux  2.670 ref 0.0007)  train median    0.86 m   0.39 s/step
step   900/1500  loss  3.6923 (ce  2.352 aux  2.680 ref 0.0009)  train median    1.87 m   0.39 s/step
step   920/1500  loss  3.8748 (ce  2.497 aux  2.754 ref 0.0017)  train median    3.30 m   0.39 s/step
step   940/1500  loss  3.3687 (ce  2.198 aux  2.341 ref 0.0008)  train median    1.44 m   0.39 s/step
step   960/1500  loss  3.3718 (ce  2.194 aux  2.355 ref 0.0005)  train median    1.05 m   0.39 s/step
step   980/1500  loss  4.4699 (ce  2.761 aux  3.417 ref 0.0006)  train median    5.01 m   0.38 s/step
step  1000/1500  loss  3.4645 (ce  2.217 aux  2.494 ref 0.0008)  train median    1.13 m   0.38 s/step
  eval  n=192  median   1.85 m /   57.3 ms  p90    5.70 m /   185.6 ms  worst  1421.34 m  within1  54.2%  within5  96.4%
        ks_black_cat_county__layout_short n=24  median   1.70 m /   52.4 ms  p90    6.36 m /   213.7 ms  worst  1421.34 m  within1  58.3%  within5  91.7%
        ks_brands_hatch__indy    n=16  median   0.87 m /   27.3 ms  p90    5.51 m /   132.9 ms  worst    10.39 m  within1  81.2%  within5  93.8%
        ks_highlands__layout_short n=16  median   1.73 m /   54.2 ms  p90    3.55 m /   145.2 ms  worst     4.80 m  within1  56.2%  within5 100.0%
        ks_laguna_seca           n=16  median   2.66 m /   86.3 ms  p90    5.34 m /   179.6 ms  worst    12.35 m  within1  43.8%  within5  93.8%
        ks_monza66__junior       n=8  median   0.66 m /   18.0 ms  p90    2.12 m /    53.4 ms  worst     2.44 m  within1  87.5%  within5 100.0%
        ks_nurburgring__layout_sprint_a n=24  median   3.22 m /   93.3 ms  p90    6.82 m /   215.1 ms  worst     9.78 m  within1  41.7%  within5 100.0%
        ks_red_bull_ring__layout_national n=16  median   2.43 m /   64.5 ms  p90    4.73 m /   147.0 ms  worst    12.16 m  within1  37.5%  within5  93.8%
        ks_vallelunga__club_circuit n=32  median   1.60 m /   58.1 ms  p90    3.70 m /   124.9 ms  worst     8.50 m  within1  56.2%  within5 100.0%
        magione                  n=40  median   1.93 m /   60.9 ms  p90    6.07 m /   208.3 ms  worst    19.30 m  within1  50.0%  within5  95.0%
step  1020/1500  loss  3.5003 (ce  2.295 aux  2.410 ref 0.0012)  train median    1.95 m   0.39 s/step
step  1040/1500  loss  3.8637 (ce  2.577 aux  2.572 ref 0.0008)  train median    1.78 m   0.39 s/step
step  1060/1500  loss  3.3616 (ce  2.181 aux  2.360 ref 0.0006)  train median    0.93 m   0.38 s/step
step  1080/1500  loss  3.9533 (ce  2.499 aux  2.907 ref 0.0011)  train median    4.29 m   0.38 s/step
step  1100/1500  loss  4.1248 (ce  2.552 aux  3.146 ref 0.0003)  train median    2.91 m   0.38 s/step
step  1120/1500  loss  3.7383 (ce  2.437 aux  2.602 ref 0.0013)  train median    1.99 m   0.38 s/step
step  1140/1500  loss  4.4812 (ce  2.860 aux  3.240 ref 0.0014)  train median    3.83 m   0.38 s/step
step  1160/1500  loss  3.6279 (ce  2.302 aux  2.650 ref 0.0013)  train median    1.83 m   0.38 s/step
step  1180/1500  loss  3.6923 (ce  2.386 aux  2.612 ref 0.0011)  train median    2.34 m   0.38 s/step
step  1200/1500  loss  3.4470 (ce  2.225 aux  2.443 ref 0.0009)  train median    1.40 m   0.38 s/step
  eval  n=192  median   1.83 m /   65.2 ms  p90    6.03 m /   184.2 ms  worst  1417.63 m  within1  51.6%  within5  95.8%
        ks_black_cat_county__layout_short n=24  median   1.67 m /   56.5 ms  p90   29.53 m /   761.2 ms  worst  1417.63 m  within1  62.5%  within5  87.5%
        ks_brands_hatch__indy    n=16  median   1.32 m /   45.2 ms  p90    5.47 m /   131.5 ms  worst     8.38 m  within1  81.2%  within5 100.0%
        ks_highlands__layout_short n=16  median   1.66 m /   52.8 ms  p90    3.20 m /   137.0 ms  worst     4.65 m  within1  56.2%  within5 100.0%
        ks_laguna_seca           n=16  median   3.33 m /   89.4 ms  p90    5.14 m /   170.4 ms  worst    14.16 m  within1  25.0%  within5  93.8%
        ks_monza66__junior       n=8  median   0.53 m /   13.9 ms  p90    2.12 m /    55.3 ms  worst     2.39 m  within1  75.0%  within5 100.0%
        ks_nurburgring__layout_sprint_a n=24  median   3.73 m /  109.2 ms  p90    8.24 m /   219.7 ms  worst    10.59 m  within1  33.3%  within5  95.8%
        ks_red_bull_ring__layout_national n=16  median   2.53 m /   64.3 ms  p90    5.19 m /   157.3 ms  worst    11.74 m  within1  37.5%  within5  93.8%
        ks_vallelunga__club_circuit n=32  median   1.59 m /   53.1 ms  p90    4.59 m /   153.7 ms  worst     7.11 m  within1  56.2%  within5 100.0%
        magione                  n=40  median   1.97 m /   71.8 ms  p90    4.85 m /   212.2 ms  worst  1008.42 m  within1  50.0%  within5  95.0%
step  1220/1500  loss  4.4657 (ce  2.889 aux  3.153 ref 0.0008)  train median    2.19 m   0.39 s/step
step  1240/1500  loss  4.4498 (ce  2.750 aux  3.400 ref 0.0005)  train median    2.31 m   0.39 s/step
step  1260/1500  loss  3.5499 (ce  2.308 aux  2.483 ref 0.0010)  train median    2.46 m   0.39 s/step
step  1280/1500  loss  3.8855 (ce  2.507 aux  2.757 ref 0.0009)  train median    2.22 m   0.39 s/step
step  1300/1500  loss  3.6583 (ce  2.349 aux  2.617 ref 0.0014)  train median    2.27 m   0.39 s/step
step  1320/1500  loss  4.7632 (ce  3.008 aux  3.509 ref 0.0008)  train median    5.57 m   0.39 s/step
step  1340/1500  loss  4.1365 (ce  2.703 aux  2.865 ref 0.0013)  train median    3.12 m   0.39 s/step
step  1360/1500  loss  3.6184 (ce  2.345 aux  2.546 ref 0.0010)  train median    1.80 m   0.39 s/step
step  1380/1500  loss  4.2075 (ce  2.733 aux  2.948 ref 0.0014)  train median    3.68 m   0.39 s/step
step  1400/1500  loss  3.5579 (ce  2.258 aux  2.598 ref 0.0010)  train median    1.28 m   0.39 s/step
  eval  n=192  median   1.81 m /   62.5 ms  p90    6.30 m /   203.5 ms  worst  1417.36 m  within1  52.1%  within5  94.8%
        ks_black_cat_county__layout_short n=24  median   1.78 m /   60.0 ms  p90   29.69 m /   766.2 ms  worst  1417.36 m  within1  58.3%  within5  87.5%
        ks_brands_hatch__indy    n=16  median   1.21 m /   36.6 ms  p90    5.44 m /   129.9 ms  worst     8.44 m  within1  81.2%  within5 100.0%
        ks_highlands__layout_short n=16  median   1.74 m /   51.2 ms  p90    3.07 m /   136.2 ms  worst     4.69 m  within1  56.2%  within5 100.0%
        ks_laguna_seca           n=16  median   2.88 m /   89.6 ms  p90    5.44 m /   179.8 ms  worst    14.35 m  within1  25.0%  within5  93.8%
        ks_monza66__junior       n=8  median   0.49 m /   17.0 ms  p90    2.29 m /    57.5 ms  worst     2.38 m  within1  75.0%  within5 100.0%
        ks_nurburgring__layout_sprint_a n=24  median   3.83 m /  109.5 ms  p90    9.85 m /   275.5 ms  worst    41.44 m  within1  33.3%  within5  87.5%
        ks_red_bull_ring__layout_national n=16  median   2.29 m /   58.8 ms  p90    5.49 m /   167.6 ms  worst    11.42 m  within1  43.8%  within5  93.8%
        ks_vallelunga__club_circuit n=32  median   1.60 m /   52.4 ms  p90    4.48 m /   148.2 ms  worst     7.31 m  within1  56.2%  within5 100.0%
        magione                  n=40  median   1.82 m /   65.4 ms  p90    5.49 m /   206.7 ms  worst  1008.51 m  within1  52.5%  within5  95.0%
step  1420/1500  loss  3.9365 (ce  2.578 aux  2.715 ref 0.0014)  train median    3.02 m   0.39 s/step
step  1440/1500  loss  3.5034 (ce  2.228 aux  2.550 ref 0.0010)  train median    2.22 m   0.39 s/step
step  1460/1500  loss  3.4552 (ce  2.229 aux  2.452 ref 0.0009)  train median    1.11 m   0.39 s/step
step  1480/1500  loss  3.9413 (ce  2.516 aux  2.849 ref 0.0009)  train median    2.32 m   0.39 s/step
step  1500/1500  loss  3.4479 (ce  2.209 aux  2.478 ref 0.0007)  train median    1.40 m   0.39 s/step
  eval  n=192  median   1.78 m /   63.0 ms  p90    6.32 m /   203.9 ms  worst  1417.36 m  within1  52.1%  within5  94.8%
        ks_black_cat_county__layout_short n=24  median   1.78 m /   60.6 ms  p90   29.71 m /   766.9 ms  worst  1417.36 m  within1  58.3%  within5  87.5%
        ks_brands_hatch__indy    n=16  median   1.21 m /   37.3 ms  p90    5.43 m /   129.7 ms  worst     8.42 m  within1  81.2%  within5 100.0%
        ks_highlands__layout_short n=16  median   1.72 m /   50.6 ms  p90    3.07 m /   136.2 ms  worst     4.68 m  within1  56.2%  within5 100.0%
        ks_laguna_seca           n=16  median   2.87 m /   89.4 ms  p90    5.45 m /   180.1 ms  worst    14.30 m  within1  25.0%  within5  93.8%
        ks_monza66__junior       n=8  median   0.48 m /   16.5 ms  p90    2.26 m /    56.8 ms  worst     2.35 m  within1  75.0%  within5 100.0%
        ks_nurburgring__layout_sprint_a n=24  median   3.83 m /  110.1 ms  p90    9.85 m /   275.0 ms  worst    41.46 m  within1  33.3%  within5  87.5%
        ks_red_bull_ring__layout_national n=16  median   2.28 m /   58.0 ms  p90    5.48 m /   167.0 ms  worst    11.45 m  within1  43.8%  within5  93.8%
        ks_vallelunga__club_circuit n=32  median   1.59 m /   52.3 ms  p90    4.48 m /   147.5 ms  worst     7.35 m  within1  56.2%  within5 100.0%
        magione                  n=40  median   1.81 m /   65.4 ms  p90    5.45 m /   207.1 ms  worst  1008.51 m  within1  52.5%  within5  95.0%

best eval median 1.78 m; artifacts in /Users/pvodopija/code/primal/runs/v3_fold_s0
