  G1 ks_black_cat_county__layout_ ref 180056Z  live 183526Z
  G1 ks_black_cat_county__layout_ ref 183242Z  live 183526Z
  G1 ks_brands_hatch__indy        ref 171903Z  live 221531Z
  G1 ks_brands_hatch__indy        ref 181357Z  live 221531Z
  G1 ks_highlands__layout_short   ref 212549Z  live 005654Z
  G1 ks_laguna_seca               ref 110507Z  live 123110Z
  G1 ks_monza66__junior           ref 091133Z  live 093530Z
  G1 ks_nurburgring__layout_sprin ref 100528Z  live 103410Z
  G1 ks_red_bull_ring__layout_nat ref 232216Z  live 174436Z
  G1 ks_red_bull_ring__layout_nat ref 233620Z  live 174436Z
  G1 ks_vallelunga__club_circuit  ref 220345Z  live 223945Z
  G1 ks_vallelunga__club_circuit  ref 222513Z  live 223945Z
  G1 magione                      ref 225059Z  live 231051Z
  G1 magione                      ref 230023Z  live 231051Z
  G2 ks_silverstone__national     ref 105441Z  live 104658Z
  G2 ks_silverstone__national     ref 105442Z  live 104658Z
  G2 ks_silverstone__national     ref 105441Z  live 104658Z
  G2 ks_silverstone__national     ref 105442Z  live 104658Z
  G2 ks_silverstone__national     ref 105441Z  live 104658Z
  G2 ks_silverstone__national     ref 105442Z  live 104658Z
  G2 ks_silverstone__national     ref 105441Z  live 104658Z
  G2 ks_silverstone__national     ref 105442Z  live 104658Z
  G2 ks_silverstone__national     ref 105441Z  live 104658Z
  G2 ks_silverstone__national     ref 105442Z  live 104658Z
  G2 ks_silverstone__national     ref 105441Z  live 104658Z
  G2 ks_silverstone__national     ref 105442Z  live 104658Z
  G2 ks_silverstone__national     ref 105441Z  live 104658Z
  G2 ks_silverstone__national     ref 105442Z  live 104658Z
  G2 ks_silverstone__national     ref 104658Z  live 105441Z
  G2 ks_silverstone__national     ref 105442Z  live 105441Z
  G2 ks_silverstone__national     ref 104658Z  live 105441Z
  G2 ks_silverstone__national     ref 105442Z  live 105441Z
  G2 ks_silverstone__national     ref 104658Z  live 105441Z
  G2 ks_silverstone__national     ref 105442Z  live 105441Z
  G2 ks_silverstone__national     ref 104658Z  live 105441Z
  G2 ks_silverstone__national     ref 105442Z  live 105441Z
  G2 ks_silverstone__national     ref 104658Z  live 105441Z
  G2 ks_silverstone__national     ref 105442Z  live 105441Z
  G2 ks_silverstone__national     ref 104658Z  live 105441Z
  G2 ks_silverstone__national     ref 105442Z  live 105441Z
  G2 ks_silverstone__national     ref 104658Z  live 105441Z
  G2 ks_silverstone__national     ref 105442Z  live 105441Z
  G2 ks_silverstone__national     ref 104658Z  live 105441Z
  G2 ks_silverstone__national     ref 105442Z  live 105441Z
  G2 ks_silverstone__national     ref 104658Z  live 105442Z
  G2 ks_silverstone__national     ref 105441Z  live 105442Z
  G2 ks_silverstone__national     ref 104658Z  live 105442Z
  G2 ks_silverstone__national     ref 105441Z  live 105442Z
  G2 ks_silverstone__national     ref 104658Z  live 105442Z
  G2 ks_silverstone__national     ref 105441Z  live 105442Z
  G2 ks_silverstone__national     ref 104658Z  live 105442Z
  G2 ks_silverstone__national     ref 105441Z  live 105442Z
  G2 ks_silverstone__national     ref 104658Z  live 105442Z
  G2 ks_silverstone__national     ref 105441Z  live 105442Z
  G2 ks_silverstone__national     ref 104658Z  live 105442Z
  G2 ks_silverstone__national     ref 105441Z  live 105442Z
  G2 ks_silverstone__national     ref 104658Z  live 105442Z
  G2 ks_silverstone__national     ref 105441Z  live 105442Z
  G2 ks_silverstone__national     ref 104658Z  live 105442Z
  G2 ks_silverstone__national     ref 105441Z  live 105442Z
  G2 rt_lime_rock_park__no_chican ref 143440Z  live 141815Z
  G2 rt_lime_rock_park__no_chican ref 143440Z  live 141815Z
  G2 rt_lime_rock_park__no_chican ref 143440Z  live 141815Z
  G2 rt_lime_rock_park__no_chican ref 143440Z  live 141815Z
  G2 rt_lime_rock_park__no_chican ref 143440Z  live 141815Z
  G2 rt_lime_rock_park__no_chican ref 143440Z  live 141815Z
  G2 rt_lime_rock_park__no_chican ref 143440Z  live 141815Z
  G2 rt_lime_rock_park__no_chican ref 143440Z  live 141815Z
  G2 rt_lime_rock_park__no_chican ref 143440Z  live 141815Z
  G2 rt_lime_rock_park__no_chican ref 141815Z  live 143440Z
  G2 rt_lime_rock_park__no_chican ref 141815Z  live 143440Z
  G2 rt_lime_rock_park__no_chican ref 141815Z  live 143440Z
  G2 rt_lime_rock_park__no_chican ref 141815Z  live 143440Z
  G2 rt_lime_rock_park__no_chican ref 141815Z  live 143440Z
  G2 rt_lime_rock_park__no_chican ref 141815Z  live 143440Z
  G2 rt_lime_rock_park__no_chican ref 141815Z  live 143440Z
  G2 rt_lime_rock_park__no_chican ref 141815Z  live 143440Z
  G2 rt_oulton_park__fosters      ref 195157Z  live 193254Z
  G2 rt_oulton_park__fosters      ref 195157Z  live 193254Z
  G2 rt_oulton_park__fosters      ref 195157Z  live 193254Z
  G2 rt_oulton_park__fosters      ref 195157Z  live 193254Z
  G2 rt_oulton_park__fosters      ref 195157Z  live 193254Z
  G2 rt_oulton_park__fosters      ref 195157Z  live 193254Z
  G2 rt_oulton_park__fosters      ref 195157Z  live 193254Z
  G2 rt_oulton_park__fosters      ref 195157Z  live 193254Z
  G2 rt_oulton_park__fosters      ref 195157Z  live 193254Z
  G2 rt_oulton_park__fosters      ref 193254Z  live 195157Z
  G2 rt_oulton_park__fosters      ref 193254Z  live 195157Z
  G2 rt_oulton_park__fosters      ref 193254Z  live 195157Z
  G2 rt_oulton_park__fosters      ref 193254Z  live 195157Z
  G2 rt_oulton_park__fosters      ref 193254Z  live 195157Z
  G2 rt_oulton_park__fosters      ref 193254Z  live 195157Z
  G2 rt_oulton_park__fosters      ref 193254Z  live 195157Z
  G2 rt_oulton_park__fosters      ref 193254Z  live 195157Z
  G2 rt_oulton_park__fosters      ref 193254Z  live 195157Z

                                                                       median      p90  >100 ms   >10 m     worst
G1 single                                                       2.05 m   66 ms   199 ms    32.5%    4.5%   3104.1 m
G1 filter                                                       1.98 m   63 ms   194 ms    32.0%    3.1%    119.9 m
G1 filter, reference time                                       1.23 m   38 ms   108 ms    12.3%    0.4%     13.7 m
G1 filter + speed                                               0.96 m   30 ms    81 ms     5.2%    0.0%      9.0 m
G1 filter, lag-corrected                                        1.98 m   63 ms   193 ms    31.4%    3.1%    120.4 m
G1 filter, reference time, lag-corrected                        1.23 m   38 ms   108 ms    11.8%    0.4%     14.5 m
G1 filter + speed, lag-corrected                                0.88 m   28 ms    77 ms     4.9%    0.0%      8.7 m
G2 single                                                       2.21 m   61 ms   212 ms    30.8%    7.3%   1290.5 m
G2 filter                                                       2.23 m   61 ms   202 ms    30.5%    6.1%   1288.4 m
G2 filter, reference time                                       1.57 m   42 ms   113 ms    13.8%    0.1%     42.0 m
G2 filter + speed                                               1.01 m   27 ms    67 ms     1.8%    0.0%    195.8 m
G2 filter, lag-corrected                                        2.24 m   61 ms   204 ms    30.7%    6.2%   1288.2 m
G2 filter, reference time, lag-corrected                        1.61 m   43 ms   114 ms    14.5%    0.1%     42.0 m
G2 filter + speed, lag-corrected                                1.04 m   28 ms    69 ms     2.3%    0.1%    196.1 m
G2 ks_silverstone__national single                              2.50 m   68 ms   268 ms    35.4%   10.1%   1290.5 m
G2 ks_silverstone__national filter                              2.56 m   69 ms   248 ms    35.7%    8.9%   1288.4 m
G2 ks_silverstone__national filter, reference time              1.62 m   43 ms   119 ms    15.5%    0.2%     42.0 m
G2 ks_silverstone__national filter + speed                      1.05 m   28 ms    72 ms     2.3%    0.1%    195.8 m
G2 ks_silverstone__national filter, lag-corrected               2.59 m   70 ms   250 ms    36.4%    9.0%   1288.2 m
G2 ks_silverstone__national filter, reference time, lag-corrected    1.69 m   45 ms   122 ms    16.8%    0.2%     42.0 m
G2 ks_silverstone__national filter + speed, lag-corrected       1.11 m   30 ms    77 ms     3.2%    0.1%    196.1 m
G2 same car single                                              2.67 m   74 ms   349 ms    38.8%   12.8%   1290.5 m
G2 same car filter                                              2.72 m   74 ms   278 ms    38.3%   10.7%   1288.4 m
G2 same car filter, reference time                              1.17 m   32 ms    89 ms     6.8%    0.3%     42.0 m
G2 same car filter + speed                                      1.02 m   28 ms    72 ms     2.7%    0.2%     14.8 m
G2 same car filter, lag-corrected                               2.73 m   75 ms   282 ms    38.8%   10.8%   1288.2 m
G2 same car filter, reference time, lag-corrected               1.20 m   33 ms    93 ms     8.0%    0.3%     42.0 m
G2 same car filter + speed, lag-corrected                       1.07 m   30 ms    77 ms     3.5%    0.2%     15.3 m
G2 rt_lime_rock_park__no_chicane single                         1.83 m   49 ms   142 ms    21.2%    1.6%    113.9 m
G2 rt_lime_rock_park__no_chicane filter                         1.86 m   50 ms   137 ms    21.2%    0.8%     13.8 m
G2 rt_lime_rock_park__no_chicane filter, reference time         1.51 m   40 ms    99 ms     9.7%    0.0%      8.7 m
G2 rt_lime_rock_park__no_chicane filter + speed                 0.89 m   23 ms    53 ms     0.2%    0.0%      3.5 m
G2 rt_lime_rock_park__no_chicane filter, lag-corrected          1.86 m   49 ms   137 ms    20.9%    0.9%     12.7 m
G2 rt_lime_rock_park__no_chicane filter, reference time, lag-corrected    1.57 m   42 ms    97 ms     9.2%    0.0%      8.8 m
G2 rt_lime_rock_park__no_chicane filter + speed, lag-corrected    0.82 m   21 ms    53 ms     0.4%    0.0%      4.0 m
G2 rt_oulton_park__fosters single                               1.99 m   55 ms   180 ms    27.5%    5.0%    613.3 m
G2 rt_oulton_park__fosters filter                               1.88 m   53 ms   171 ms    25.5%    3.7%     55.2 m
G2 rt_oulton_park__fosters filter, reference time               1.52 m   41 ms   110 ms    13.1%    0.0%     10.1 m
G2 rt_oulton_park__fosters filter + speed                       1.03 m   29 ms    64 ms     2.0%    0.0%      5.1 m
G2 rt_oulton_park__fosters filter, lag-corrected                1.90 m   53 ms   170 ms    25.0%    3.7%     56.0 m
G2 rt_oulton_park__fosters filter, reference time, lag-corrected    1.47 m   40 ms   110 ms    13.4%    0.0%     10.3 m
G2 rt_oulton_park__fosters filter + speed, lag-corrected        1.08 m   29 ms    59 ms     1.6%    0.0%      5.1 m
