started from runs/v3_recipe_s2_base/best.pt
gate g1: held-out laps of seen tracks; full augmentation
train tracks ['ks_black_cat_county__layout_short', 'ks_brands_hatch__indy', 'ks_highlands__layout_short', 'ks_laguna_seca', 'ks_monza66__junior', 'ks_nurburgring__layout_sprint_a', 'ks_red_bull_ring__layout_national', 'ks_vallelunga__club_circuit', 'magione'] (258 laps usable)
eval  tracks ['ks_black_cat_county__layout_short', 'ks_brands_hatch__indy', 'ks_highlands__layout_short', 'ks_laguna_seca', 'ks_monza66__junior', 'ks_nurburgring__layout_sprint_a', 'ks_red_bull_ring__layout_national', 'ks_vallelunga__club_circuit', 'magione'], split=train
held out as live-only: ['ks_black_cat_county__layout_short__20260923T183526Z__lap07', 'ks_brands_hatch__indy__20260921T221531Z__lap02', 'ks_highlands__layout_short__20260928T005654Z__lap54', 'ks_laguna_seca__default__20260928T123110Z__lap12', 'ks_monza66__junior__20260928T093530Z__lap14', 'ks_nurburgring__layout_sprint_a__20260928T103410Z__lap12', 'ks_red_bull_ring__layout_national__20260923T174436Z__lap11', 'ks_vallelunga__club_circuit__20260922T223945Z__lap07', 'magione__default__20260922T231051Z__lap06']
frame 148x80, reference bins 3227
model 0.67M params on mps

step     1/1500  loss  3.6490 (ce  2.386 aux  2.524 ref 0.0016)  train median    1.49 m   1.52 s/step
step    20/1500  loss  4.3037 (ce  2.753 aux  3.101 ref 0.0006)  train median    2.06 m   0.46 s/step
step    40/1500  loss  4.2402 (ce  2.736 aux  3.007 ref 0.0011)  train median    3.50 m   0.44 s/step
step    60/1500  loss  4.0304 (ce  2.429 aux  3.202 ref 0.0004)  train median    2.14 m   0.47 s/step
step    80/1500  loss  3.7951 (ce  2.404 aux  2.780 ref 0.0016)  train median    3.13 m   0.44 s/step
step   100/1500  loss  3.6492 (ce  2.390 aux  2.517 ref 0.0011)  train median    2.02 m   0.44 s/step
step   120/1500  loss  3.7869 (ce  2.417 aux  2.740 ref 0.0012)  train median    1.39 m   0.42 s/step
step   140/1500  loss  3.4982 (ce  2.238 aux  2.520 ref 0.0006)  train median    0.97 m   0.41 s/step
step   160/1500  loss  4.1192 (ce  2.677 aux  2.884 ref 0.0017)  train median    3.04 m   0.41 s/step
step   180/1500  loss  3.9900 (ce  2.611 aux  2.756 ref 0.0013)  train median    3.15 m   0.41 s/step
step   200/1500  loss  3.4753 (ce  2.267 aux  2.416 ref 0.0009)  train median    1.05 m   0.40 s/step
  eval  n=192  median   2.47 m /   76.8 ms  p90    8.82 m /   256.4 ms  worst  1006.67 m  within1  43.8%  within5  90.6%
        ks_black_cat_county__layout_short n=16  median   2.59 m /   93.7 ms  p90  125.79 m /  2945.3 ms  worst   586.14 m  within1  37.5%  within5  75.0%
        ks_brands_hatch__indy    n=24  median   1.29 m /   45.7 ms  p90    5.52 m /   140.7 ms  worst     8.25 m  within1  66.7%  within5 100.0%
        ks_highlands__layout_short n=24  median   1.46 m /   47.7 ms  p90    4.66 m /   177.2 ms  worst     8.83 m  within1  54.2%  within5 100.0%
        ks_laguna_seca           n=8  median   4.43 m /  102.6 ms  p90   10.54 m /   282.2 ms  worst    14.51 m  within1  37.5%  within5  87.5%
        ks_monza66__junior       n=24  median   3.00 m /   78.4 ms  p90   10.19 m /   236.6 ms  worst    34.93 m  within1  33.3%  within5  87.5%
        ks_nurburgring__layout_sprint_a n=40  median   4.00 m /  125.7 ms  p90   16.61 m /   400.5 ms  worst  1006.67 m  within1  22.5%  within5  82.5%
        ks_red_bull_ring__layout_national n=8  median   3.33 m /  113.8 ms  p90   21.40 m /   607.7 ms  worst    38.58 m  within1  50.0%  within5  62.5%
        ks_vallelunga__club_circuit n=16  median   2.30 m /   88.5 ms  p90    6.20 m /   200.8 ms  worst     7.05 m  within1  37.5%  within5 100.0%
        magione                  n=32  median   1.92 m /   61.2 ms  p90    5.62 m /   186.3 ms  worst     8.69 m  within1  59.4%  within5 100.0%
step   220/1500  loss  3.6560 (ce  2.329 aux  2.654 ref 0.0009)  train median    1.81 m   0.43 s/step
step   240/1500  loss  3.7162 (ce  2.301 aux  2.829 ref 0.0013)  train median    1.62 m   0.42 s/step
step   260/1500  loss  3.7313 (ce  2.283 aux  2.895 ref 0.0002)  train median    2.15 m   0.42 s/step
step   280/1500  loss  3.7077 (ce  2.362 aux  2.692 ref 0.0007)  train median    1.49 m   0.42 s/step
step   300/1500  loss  3.8968 (ce  2.450 aux  2.892 ref 0.0010)  train median    0.68 m   0.42 s/step
step   320/1500  loss  4.1542 (ce  2.613 aux  3.082 ref 0.0008)  train median    4.12 m   0.41 s/step
step   340/1500  loss  3.4548 (ce  2.171 aux  2.567 ref 0.0004)  train median    0.74 m   0.41 s/step
step   360/1500  loss  3.4308 (ce  2.191 aux  2.479 ref 0.0008)  train median    1.55 m   0.42 s/step
step   380/1500  loss  3.5353 (ce  2.265 aux  2.540 ref 0.0008)  train median    1.40 m   0.41 s/step
step   400/1500  loss  4.2805 (ce  2.626 aux  3.307 ref 0.0007)  train median    3.16 m   0.41 s/step
  eval  n=192  median   2.15 m /   66.6 ms  p90    8.45 m /   236.1 ms  worst  1004.65 m  within1  45.8%  within5  92.2%
        ks_black_cat_county__layout_short n=16  median   3.43 m /  101.1 ms  p90   14.40 m /   402.9 ms  worst   333.39 m  within1  18.8%  within5  81.2%
        ks_brands_hatch__indy    n=24  median   2.01 m /   80.9 ms  p90    4.93 m /   134.3 ms  worst     8.00 m  within1  45.8%  within5 100.0%
        ks_highlands__layout_short n=24  median   1.36 m /   42.4 ms  p90    3.95 m /   152.3 ms  worst     8.48 m  within1  66.7%  within5 100.0%
        ks_laguna_seca           n=8  median   3.17 m /   73.4 ms  p90   13.09 m /   349.9 ms  worst    20.08 m  within1  50.0%  within5  75.0%
        ks_monza66__junior       n=24  median   2.68 m /   61.4 ms  p90    8.13 m /   218.3 ms  worst    33.22 m  within1  37.5%  within5  91.7%
        ks_nurburgring__layout_sprint_a n=40  median   3.26 m /  104.6 ms  p90   33.98 m /   770.7 ms  worst  1004.65 m  within1  27.5%  within5  87.5%
        ks_red_bull_ring__layout_national n=8  median   2.58 m /   87.9 ms  p90   20.98 m /   515.8 ms  worst    42.00 m  within1  50.0%  within5  75.0%
        ks_vallelunga__club_circuit n=16  median   2.02 m /   77.1 ms  p90    6.93 m /   203.7 ms  worst     8.50 m  within1  50.0%  within5 100.0%
        magione                  n=32  median   1.46 m /   47.1 ms  p90    4.58 m /   158.1 ms  worst    11.75 m  within1  68.8%  within5  96.9%
step   420/1500  loss  4.7233 (ce  3.006 aux  3.434 ref 0.0006)  train median    2.45 m   0.42 s/step
step   440/1500  loss  3.5775 (ce  2.317 aux  2.520 ref 0.0008)  train median    1.05 m   0.42 s/step
step   460/1500  loss  4.1672 (ce  2.705 aux  2.924 ref 0.0007)  train median    4.40 m   0.42 s/step
step   480/1500  loss  3.7873 (ce  2.416 aux  2.741 ref 0.0013)  train median    2.16 m   0.42 s/step
step   500/1500  loss  3.5621 (ce  2.304 aux  2.516 ref 0.0011)  train median    1.58 m   0.42 s/step
step   520/1500  loss  4.2481 (ce  2.811 aux  2.874 ref 0.0012)  train median    2.30 m   0.42 s/step
step   540/1500  loss  3.7834 (ce  2.379 aux  2.807 ref 0.0012)  train median    1.56 m   0.42 s/step
step   560/1500  loss  3.6533 (ce  2.312 aux  2.681 ref 0.0009)  train median    1.71 m   0.41 s/step
step   580/1500  loss  3.8890 (ce  2.416 aux  2.945 ref 0.0008)  train median    1.10 m   0.41 s/step
step   600/1500  loss  4.0083 (ce  2.515 aux  2.985 ref 0.0020)  train median    3.35 m   0.41 s/step
  eval  n=192  median   2.22 m /   74.8 ms  p90    8.16 m /   230.4 ms  worst  1004.78 m  within1  47.4%  within5  92.2%
        ks_black_cat_county__layout_short n=16  median   3.68 m /  126.0 ms  p90   29.08 m /   856.8 ms  worst   579.65 m  within1  43.8%  within5  75.0%
        ks_brands_hatch__indy    n=24  median   1.22 m /   48.4 ms  p90    4.89 m /   130.8 ms  worst     6.66 m  within1  70.8%  within5 100.0%
        ks_highlands__layout_short n=24  median   1.49 m /   45.2 ms  p90    4.53 m /   151.0 ms  worst    15.63 m  within1  62.5%  within5  95.8%
        ks_laguna_seca           n=8  median   2.37 m /   57.8 ms  p90   13.06 m /   345.2 ms  worst    24.08 m  within1  50.0%  within5  87.5%
        ks_monza66__junior       n=24  median   3.72 m /   88.1 ms  p90    8.53 m /   222.9 ms  worst    23.51 m  within1  37.5%  within5  91.7%
        ks_nurburgring__layout_sprint_a n=40  median   3.91 m /  117.7 ms  p90   14.76 m /   421.8 ms  worst  1004.78 m  within1  22.5%  within5  85.0%
        ks_red_bull_ring__layout_national n=8  median   2.97 m /   82.2 ms  p90    6.04 m /   157.5 ms  worst     9.31 m  within1  37.5%  within5 100.0%
        ks_vallelunga__club_circuit n=16  median   2.43 m /   91.6 ms  p90    5.84 m /   202.7 ms  worst     8.45 m  within1  37.5%  within5 100.0%
        magione                  n=32  median   1.75 m /   55.6 ms  p90    3.58 m /   167.1 ms  worst    11.19 m  within1  65.6%  within5  96.9%
step   620/1500  loss  3.6171 (ce  2.315 aux  2.603 ref 0.0012)  train median    1.40 m   0.42 s/step
step   640/1500  loss  3.5817 (ce  2.228 aux  2.705 ref 0.0009)  train median    1.71 m   0.42 s/step
step   660/1500  loss  3.8739 (ce  2.559 aux  2.629 ref 0.0015)  train median    3.22 m   0.41 s/step
step   680/1500  loss  4.1269 (ce  2.730 aux  2.791 ref 0.0020)  train median    3.45 m   0.41 s/step
step   700/1500  loss  3.8075 (ce  2.416 aux  2.782 ref 0.0018)  train median    2.68 m   0.41 s/step
step   720/1500  loss  3.5842 (ce  2.207 aux  2.754 ref 0.0004)  train median    1.04 m   0.41 s/step
step   740/1500  loss  3.5113 (ce  2.275 aux  2.472 ref 0.0009)  train median    1.47 m   0.41 s/step
step   760/1500  loss  4.4146 (ce  2.850 aux  3.128 ref 0.0011)  train median    4.36 m   0.41 s/step
step   780/1500  loss  3.6612 (ce  2.398 aux  2.524 ref 0.0018)  train median    2.40 m   0.41 s/step
step   800/1500  loss  3.5053 (ce  2.287 aux  2.436 ref 0.0012)  train median    1.13 m   0.41 s/step
  eval  n=192  median   2.04 m /   64.3 ms  p90    7.20 m /   216.2 ms  worst  1001.04 m  within1  50.0%  within5  93.2%
        ks_black_cat_county__layout_short n=16  median   3.95 m /  110.5 ms  p90   10.35 m /   379.4 ms  worst    13.80 m  within1  25.0%  within5  87.5%
        ks_brands_hatch__indy    n=24  median   1.62 m /   60.1 ms  p90    5.06 m /   142.3 ms  worst     6.46 m  within1  58.3%  within5 100.0%
        ks_highlands__layout_short n=24  median   1.36 m /   39.9 ms  p90    2.89 m /   110.3 ms  worst     5.87 m  within1  70.8%  within5 100.0%
        ks_laguna_seca           n=8  median   3.13 m /   72.3 ms  p90   13.98 m /   375.7 ms  worst    20.65 m  within1  50.0%  within5  75.0%
        ks_monza66__junior       n=24  median   2.14 m /   57.9 ms  p90    7.42 m /   235.9 ms  worst    13.61 m  within1  50.0%  within5  91.7%
        ks_nurburgring__layout_sprint_a n=40  median   3.12 m /   86.7 ms  p90   14.42 m /   337.3 ms  worst  1001.04 m  within1  30.0%  within5  87.5%
        ks_red_bull_ring__layout_national n=8  median   4.33 m /  133.7 ms  p90   20.92 m /   513.8 ms  worst    41.74 m  within1  37.5%  within5  75.0%
        ks_vallelunga__club_circuit n=16  median   2.61 m /   89.9 ms  p90    6.44 m /   185.9 ms  worst     7.26 m  within1  37.5%  within5 100.0%
        magione                  n=32  median   1.41 m /   43.0 ms  p90    3.60 m /   136.6 ms  worst     4.60 m  within1  75.0%  within5 100.0%
step   820/1500  loss  3.7042 (ce  2.422 aux  2.563 ref 0.0013)  train median    3.06 m   0.42 s/step
step   840/1500  loss  3.8030 (ce  2.349 aux  2.907 ref 0.0010)  train median    2.65 m   0.41 s/step
step   860/1500  loss  3.8129 (ce  2.294 aux  3.037 ref 0.0003)  train median    0.96 m   0.41 s/step
step   880/1500  loss  4.0929 (ce  2.698 aux  2.788 ref 0.0013)  train median    4.13 m   0.42 s/step
step   900/1500  loss  3.6000 (ce  2.329 aux  2.540 ref 0.0009)  train median    1.52 m   0.42 s/step
step   920/1500  loss  3.7255 (ce  2.366 aux  2.718 ref 0.0006)  train median    1.35 m   0.42 s/step
step   940/1500  loss  4.0690 (ce  2.559 aux  3.019 ref 0.0009)  train median    3.19 m   0.42 s/step
step   960/1500  loss  3.6528 (ce  2.237 aux  2.831 ref 0.0002)  train median    1.66 m   0.42 s/step
step   980/1500  loss  3.8725 (ce  2.501 aux  2.742 ref 0.0008)  train median    2.05 m   0.42 s/step
step  1000/1500  loss  3.7179 (ce  2.340 aux  2.756 ref 0.0007)  train median    2.14 m   0.41 s/step
  eval  n=192  median   2.05 m /   67.3 ms  p90    7.03 m /   204.6 ms  worst  1005.08 m  within1  49.0%  within5  93.8%
        ks_black_cat_county__layout_short n=16  median   3.64 m /  108.5 ms  p90    9.09 m /   309.5 ms  worst    13.42 m  within1  31.2%  within5  87.5%
        ks_brands_hatch__indy    n=24  median   1.25 m /   46.6 ms  p90    4.96 m /   133.4 ms  worst     6.11 m  within1  62.5%  within5 100.0%
        ks_highlands__layout_short n=24  median   1.12 m /   36.5 ms  p90    4.42 m /   146.0 ms  worst     7.07 m  within1  70.8%  within5 100.0%
        ks_laguna_seca           n=8  median   1.78 m /   42.1 ms  p90   14.90 m /   398.1 ms  worst    25.48 m  within1  50.0%  within5  75.0%
        ks_monza66__junior       n=24  median   2.71 m /   71.9 ms  p90    7.57 m /   221.3 ms  worst    15.96 m  within1  41.7%  within5  91.7%
        ks_nurburgring__layout_sprint_a n=40  median   3.51 m /   95.5 ms  p90   13.72 m /   324.8 ms  worst  1005.08 m  within1  27.5%  within5  87.5%
        ks_red_bull_ring__layout_national n=8  median   2.89 m /   80.9 ms  p90    6.30 m /   159.2 ms  worst    10.82 m  within1  37.5%  within5  87.5%
        ks_vallelunga__club_circuit n=16  median   2.45 m /   87.9 ms  p90    5.65 m /   175.1 ms  worst     8.33 m  within1  43.8%  within5 100.0%
        magione                  n=32  median   1.41 m /   43.7 ms  p90    4.33 m /   139.9 ms  worst     5.89 m  within1  68.8%  within5 100.0%
step  1020/1500  loss  3.8523 (ce  2.428 aux  2.847 ref 0.0003)  train median    0.83 m   0.42 s/step
step  1040/1500  loss  3.7210 (ce  2.358 aux  2.726 ref 0.0004)  train median    2.12 m   0.42 s/step
step  1060/1500  loss  3.4486 (ce  2.255 aux  2.385 ref 0.0010)  train median    1.25 m   0.42 s/step
step  1080/1500  loss  3.5895 (ce  2.295 aux  2.589 ref 0.0010)  train median    1.42 m   0.42 s/step
step  1100/1500  loss  3.9835 (ce  2.552 aux  2.863 ref 0.0005)  train median    2.71 m   0.42 s/step
step  1120/1500  loss  3.5637 (ce  2.298 aux  2.532 ref 0.0008)  train median    1.11 m   0.42 s/step
step  1140/1500  loss  3.5775 (ce  2.331 aux  2.492 ref 0.0006)  train median    1.67 m   0.42 s/step
step  1160/1500  loss  3.6913 (ce  2.425 aux  2.531 ref 0.0008)  train median    1.49 m   0.42 s/step
step  1180/1500  loss  3.8756 (ce  2.512 aux  2.726 ref 0.0018)  train median    1.90 m   0.42 s/step
step  1200/1500  loss  3.5698 (ce  2.271 aux  2.596 ref 0.0011)  train median    1.10 m   0.42 s/step
  eval  n=192  median   1.95 m /   58.9 ms  p90    6.74 m /   207.0 ms  worst  1004.45 m  within1  50.5%  within5  95.3%
        ks_black_cat_county__layout_short n=16  median   3.72 m /  111.0 ms  p90    9.06 m /   274.7 ms  worst    12.14 m  within1  37.5%  within5  93.8%
        ks_brands_hatch__indy    n=24  median   1.13 m /   46.8 ms  p90    4.42 m /   120.1 ms  worst     5.76 m  within1  66.7%  within5 100.0%
        ks_highlands__layout_short n=24  median   1.02 m /   33.3 ms  p90    3.58 m /   129.7 ms  worst     6.75 m  within1  70.8%  within5 100.0%
        ks_laguna_seca           n=8  median   2.19 m /   51.8 ms  p90   14.88 m /   397.7 ms  worst    25.10 m  within1  50.0%  within5  75.0%
        ks_monza66__junior       n=24  median   2.74 m /   76.4 ms  p90    7.42 m /   204.1 ms  worst    14.23 m  within1  41.7%  within5  91.7%
        ks_nurburgring__layout_sprint_a n=40  median   3.68 m /   91.8 ms  p90    8.94 m /   220.5 ms  worst  1004.45 m  within1  30.0%  within5  92.5%
        ks_red_bull_ring__layout_national n=8  median   2.24 m /   62.5 ms  p90    6.09 m /   154.4 ms  worst    10.34 m  within1  37.5%  within5  87.5%
        ks_vallelunga__club_circuit n=16  median   2.40 m /   84.7 ms  p90    5.70 m /   182.3 ms  worst     7.00 m  within1  43.8%  within5 100.0%
        magione                  n=32  median   1.23 m /   37.0 ms  p90    3.11 m /   117.6 ms  worst     5.30 m  within1  68.8%  within5 100.0%
step  1220/1500  loss  3.6152 (ce  2.358 aux  2.512 ref 0.0013)  train median    2.18 m   0.42 s/step
step  1240/1500  loss  3.7688 (ce  2.434 aux  2.668 ref 0.0011)  train median    1.86 m   0.42 s/step
step  1260/1500  loss  3.4084 (ce  2.209 aux  2.398 ref 0.0005)  train median    0.97 m   0.42 s/step
step  1280/1500  loss  3.4859 (ce  2.229 aux  2.513 ref 0.0006)  train median    1.30 m   0.42 s/step
step  1300/1500  loss  4.0229 (ce  2.625 aux  2.794 ref 0.0026)  train median    2.23 m   0.42 s/step
step  1320/1500  loss  4.1820 (ce  2.797 aux  2.769 ref 0.0007)  train median    2.54 m   0.42 s/step
step  1340/1500  loss  4.1472 (ce  2.460 aux  3.373 ref 0.0004)  train median    1.63 m   0.41 s/step
step  1360/1500  loss  3.4836 (ce  2.250 aux  2.467 ref 0.0011)  train median    1.32 m   0.42 s/step
step  1380/1500  loss  3.7176 (ce  2.361 aux  2.712 ref 0.0007)  train median    1.96 m   0.42 s/step
step  1400/1500  loss  3.5785 (ce  2.299 aux  2.559 ref 0.0004)  train median    0.87 m   0.42 s/step
  eval  n=192  median   1.95 m /   60.2 ms  p90    6.65 m /   198.6 ms  worst  1004.63 m  within1  51.6%  within5  95.3%
        ks_black_cat_county__layout_short n=16  median   4.17 m /  127.5 ms  p90    9.02 m /   272.8 ms  worst    12.83 m  within1  37.5%  within5  93.8%
        ks_brands_hatch__indy    n=24  median   1.39 m /   48.8 ms  p90    4.34 m /   118.1 ms  worst     6.01 m  within1  70.8%  within5 100.0%
        ks_highlands__layout_short n=24  median   0.98 m /   31.4 ms  p90    3.27 m /   126.0 ms  worst     7.09 m  within1  70.8%  within5 100.0%
        ks_laguna_seca           n=8  median   2.45 m /   58.2 ms  p90   14.79 m /   394.6 ms  worst    25.80 m  within1  50.0%  within5  75.0%
        ks_monza66__junior       n=24  median   2.55 m /   69.3 ms  p90    7.26 m /   206.1 ms  worst    13.48 m  within1  45.8%  within5  91.7%
        ks_nurburgring__layout_sprint_a n=40  median   3.22 m /   91.0 ms  p90    9.28 m /   222.0 ms  worst  1004.63 m  within1  27.5%  within5  92.5%
        ks_red_bull_ring__layout_national n=8  median   2.46 m /   67.8 ms  p90    6.04 m /   151.7 ms  worst    10.52 m  within1  37.5%  within5  87.5%
        ks_vallelunga__club_circuit n=16  median   2.14 m /   76.0 ms  p90    5.28 m /   176.3 ms  worst     6.59 m  within1  50.0%  within5 100.0%
        magione                  n=32  median   1.29 m /   38.8 ms  p90    3.03 m /   105.7 ms  worst     4.69 m  within1  68.8%  within5 100.0%
step  1420/1500  loss  3.8077 (ce  2.516 aux  2.582 ref 0.0012)  train median    2.11 m   0.42 s/step
step  1440/1500  loss  3.6744 (ce  2.348 aux  2.651 ref 0.0010)  train median    2.45 m   0.42 s/step
step  1460/1500  loss  3.6172 (ce  2.324 aux  2.586 ref 0.0011)  train median    2.88 m   0.42 s/step
step  1480/1500  loss  3.8599 (ce  2.421 aux  2.877 ref 0.0005)  train median    2.76 m   0.42 s/step
step  1500/1500  loss  4.2015 (ce  2.662 aux  3.078 ref 0.0006)  train median    3.32 m   0.42 s/step
  eval  n=192  median   1.96 m /   60.0 ms  p90    6.68 m /   199.0 ms  worst  1004.64 m  within1  51.6%  within5  95.3%
        ks_black_cat_county__layout_short n=16  median   4.18 m /  127.3 ms  p90    8.99 m /   273.3 ms  worst    12.82 m  within1  37.5%  within5  93.8%
        ks_brands_hatch__indy    n=24  median   1.40 m /   48.4 ms  p90    4.36 m /   117.6 ms  worst     5.98 m  within1  70.8%  within5 100.0%
        ks_highlands__layout_short n=24  median   0.99 m /   30.7 ms  p90    3.27 m /   126.0 ms  worst     7.10 m  within1  70.8%  within5 100.0%
        ks_laguna_seca           n=8  median   2.43 m /   57.6 ms  p90   14.80 m /   394.9 ms  worst    25.82 m  within1  50.0%  within5  75.0%
        ks_monza66__junior       n=24  median   2.59 m /   69.8 ms  p90    7.26 m /   205.9 ms  worst    13.47 m  within1  41.7%  within5  91.7%
        ks_nurburgring__layout_sprint_a n=40  median   3.24 m /   90.5 ms  p90    9.30 m /   221.7 ms  worst  1004.64 m  within1  30.0%  within5  92.5%
        ks_red_bull_ring__layout_national n=8  median   2.46 m /   68.0 ms  p90    6.04 m /   151.5 ms  worst    10.53 m  within1  37.5%  within5  87.5%
        ks_vallelunga__club_circuit n=16  median   2.15 m /   76.4 ms  p90    5.25 m /   175.4 ms  worst     6.62 m  within1  50.0%  within5 100.0%
        magione                  n=32  median   1.30 m /   38.6 ms  p90    3.06 m /   106.1 ms  worst     4.70 m  within1  68.8%  within5 100.0%

best eval median 1.95 m; artifacts in /Users/pvodopija/code/primal/runs/v3_recipe_s2
