====================================================================================================
GATES
====================================================================================================

seen laps, seen tracks
  n=320  median   1.73 m /   54.8 ms  p90    5.58 m /   169.7 ms  worst  1732.66 m  within1  54.1%  within5  95.6%
  mean predictive entropy 2.530 nats
    ks_black_cat_county__layout_short n=32  median   2.16 m /   59.1 ms  p90    7.50 m /   201.8 ms  worst  1732.66 m  within1  46.9%  within5  90.6%
    ks_brands_hatch__indy    n=40  median   1.26 m /   35.3 ms  p90    2.78 m /    75.9 ms  worst     6.26 m  within1  70.0%  within5 100.0%
    ks_highlands__layout_short n=40  median   1.22 m /   42.7 ms  p90    3.69 m /   126.6 ms  worst     6.40 m  within1  67.5%  within5 100.0%
    ks_laguna_seca           n=48  median   2.72 m /   85.6 ms  p90    6.87 m /   176.8 ms  worst    20.09 m  within1  37.5%  within5  95.8%
    ks_monza66__junior       n=16  median   1.97 m /   46.1 ms  p90    5.31 m /   164.3 ms  worst    61.99 m  within1  50.0%  within5  93.8%
    ks_nurburgring__layout_sprint_a n=32  median   1.70 m /   57.1 ms  p90    9.98 m /   201.7 ms  worst  1037.84 m  within1  53.1%  within5  87.5%
    ks_red_bull_ring__layout_national n=40  median   2.41 m /   66.6 ms  p90    5.72 m /   159.3 ms  worst    13.76 m  within1  45.0%  within5  97.5%
    ks_vallelunga__club_circuit n=40  median   1.55 m /   63.8 ms  p90    4.53 m /   160.5 ms  worst    10.09 m  within1  57.5%  within5  97.5%
    magione                  n=32  median   1.42 m /   50.8 ms  p90    5.43 m /   175.4 ms  worst   158.44 m  within1  59.4%  within5  93.8%

G1  held-out laps, seen tracks
  n=320  median   1.79 m /   55.3 ms  p90    5.68 m /   155.2 ms  worst  1041.24 m  within1  53.8%  within5  96.9%
  mean predictive entropy 2.517 nats
    ks_black_cat_county__layout_short n=32  median   1.22 m /   45.3 ms  p90    5.53 m /   147.3 ms  worst     9.44 m  within1  56.2%  within5 100.0%
    ks_brands_hatch__indy    n=32  median   1.33 m /   42.8 ms  p90    5.16 m /   122.0 ms  worst     8.87 m  within1  65.6%  within5 100.0%
    ks_highlands__layout_short n=32  median   1.47 m /   51.3 ms  p90    3.57 m /    99.9 ms  worst     4.72 m  within1  65.6%  within5 100.0%
    ks_laguna_seca           n=16  median   2.52 m /   70.5 ms  p90    5.28 m /   138.2 ms  worst     7.17 m  within1  37.5%  within5 100.0%
    ks_monza66__junior       n=32  median   1.29 m /   26.9 ms  p90    4.92 m /   128.4 ms  worst     8.05 m  within1  65.6%  within5 100.0%
    ks_nurburgring__layout_sprint_a n=48  median   3.24 m /   95.5 ms  p90   12.81 m /   471.0 ms  worst  1041.24 m  within1  37.5%  within5  87.5%
    ks_red_bull_ring__layout_national n=72  median   2.08 m /   57.8 ms  p90    5.36 m /   134.8 ms  worst    11.98 m  within1  48.6%  within5  97.2%
    ks_vallelunga__club_circuit n=16  median   1.04 m /   42.5 ms  p90    2.28 m /    94.5 ms  worst     5.30 m  within1  81.2%  within5 100.0%
    magione                  n=40  median   2.09 m /   68.2 ms  p90    3.31 m /   162.6 ms  worst    94.40 m  within1  47.5%  within5  95.0%

G2  held-out tracks
  n=320  median   2.50 m /   66.8 ms  p90    9.91 m /   260.1 ms  worst   105.66 m  within1  42.2%  within5  90.0%
  mean predictive entropy 2.668 nats
    ks_silverstone__national n=152  median   3.59 m /   92.5 ms  p90   14.20 m /   339.0 ms  worst   105.66 m  within1  31.6%  within5  83.6%
    rt_lime_rock_park__no_chicane n=96  median   1.85 m /   55.6 ms  p90    5.31 m /   138.2 ms  worst    19.27 m  within1  52.1%  within5  96.9%
    rt_oulton_park__fosters  n=72  median   1.91 m /   52.1 ms  p90    7.11 m /   212.8 ms  worst    50.88 m  within1  51.4%  within5  94.4%

====================================================================================================
NEGATIVE CONTROLS
====================================================================================================

wrong-reference control: live clips paired with another track's reference
  matched reference   median    1.97 m   entropy 2.531 nats
  wrong reference     median  714.56 m   entropy 4.090 nats
  chance for 3227 bins at 2.00 m: 1613.3 m; uniform entropy 8.079 nats
  PASS: error must collapse to chance when the reference is wrong

wrote runs/v3_wide_s1/gates_v3.json
