  G1 ks_black_cat_county__layout_ ref 180056Z  live 183526Z
  G1 ks_black_cat_county__layout_ ref 183242Z  live 183526Z
  G1 ks_brands_hatch__indy        ref 171903Z  live 221531Z
  G1 ks_brands_hatch__indy        ref 181357Z  live 221531Z
  G1 ks_highlands__layout_short   ref 212549Z  live 005654Z
  G1 ks_laguna_seca               ref 110507Z  live 123110Z
  G1 ks_monza66__junior           ref 091133Z  live 093530Z
  G1 ks_nurburgring__layout_sprin ref 100528Z  live 103410Z
  G1 ks_red_bull_ring__layout_nat ref 232216Z  live 174436Z
  G1 ks_red_bull_ring__layout_nat ref 233620Z  live 174436Z
  G1 ks_vallelunga__club_circuit  ref 220345Z  live 223945Z
  G1 ks_vallelunga__club_circuit  ref 222513Z  live 223945Z
  G1 magione                      ref 225059Z  live 231051Z
  G1 magione                      ref 230023Z  live 231051Z
  G2 ks_silverstone__national     ref 105441Z  live 104658Z
  G2 ks_silverstone__national     ref 105442Z  live 104658Z
  G2 ks_silverstone__national     ref 105441Z  live 104658Z
  G2 ks_silverstone__national     ref 105442Z  live 104658Z
  G2 ks_silverstone__national     ref 105441Z  live 104658Z
  G2 ks_silverstone__national     ref 105442Z  live 104658Z
  G2 ks_silverstone__national     ref 105441Z  live 104658Z
  G2 ks_silverstone__national     ref 105442Z  live 104658Z
  G2 ks_silverstone__national     ref 105441Z  live 104658Z
  G2 ks_silverstone__national     ref 105442Z  live 104658Z
  G2 ks_silverstone__national     ref 105441Z  live 104658Z
  G2 ks_silverstone__national     ref 105442Z  live 104658Z
  G2 ks_silverstone__national     ref 105441Z  live 104658Z
  G2 ks_silverstone__national     ref 105442Z  live 104658Z
  G2 ks_silverstone__national     ref 104658Z  live 105441Z
  G2 ks_silverstone__national     ref 105442Z  live 105441Z
  G2 ks_silverstone__national     ref 104658Z  live 105441Z
  G2 ks_silverstone__national     ref 105442Z  live 105441Z
  G2 ks_silverstone__national     ref 104658Z  live 105441Z
  G2 ks_silverstone__national     ref 105442Z  live 105441Z
  G2 ks_silverstone__national     ref 104658Z  live 105441Z
  G2 ks_silverstone__national     ref 105442Z  live 105441Z
  G2 ks_silverstone__national     ref 104658Z  live 105441Z
  G2 ks_silverstone__national     ref 105442Z  live 105441Z
  G2 ks_silverstone__national     ref 104658Z  live 105441Z
  G2 ks_silverstone__national     ref 105442Z  live 105441Z
  G2 ks_silverstone__national     ref 104658Z  live 105441Z
  G2 ks_silverstone__national     ref 105442Z  live 105441Z
  G2 ks_silverstone__national     ref 104658Z  live 105441Z
  G2 ks_silverstone__national     ref 105442Z  live 105441Z
  G2 ks_silverstone__national     ref 104658Z  live 105442Z
  G2 ks_silverstone__national     ref 105441Z  live 105442Z
  G2 ks_silverstone__national     ref 104658Z  live 105442Z
  G2 ks_silverstone__national     ref 105441Z  live 105442Z
  G2 ks_silverstone__national     ref 104658Z  live 105442Z
  G2 ks_silverstone__national     ref 105441Z  live 105442Z
  G2 ks_silverstone__national     ref 104658Z  live 105442Z
  G2 ks_silverstone__national     ref 105441Z  live 105442Z
  G2 ks_silverstone__national     ref 104658Z  live 105442Z
  G2 ks_silverstone__national     ref 105441Z  live 105442Z
  G2 ks_silverstone__national     ref 104658Z  live 105442Z
  G2 ks_silverstone__national     ref 105441Z  live 105442Z
  G2 ks_silverstone__national     ref 104658Z  live 105442Z
  G2 ks_silverstone__national     ref 105441Z  live 105442Z
  G2 ks_silverstone__national     ref 104658Z  live 105442Z
  G2 ks_silverstone__national     ref 105441Z  live 105442Z
  G2 rt_lime_rock_park__no_chican ref 143440Z  live 141815Z
  G2 rt_lime_rock_park__no_chican ref 143440Z  live 141815Z
  G2 rt_lime_rock_park__no_chican ref 143440Z  live 141815Z
  G2 rt_lime_rock_park__no_chican ref 143440Z  live 141815Z
  G2 rt_lime_rock_park__no_chican ref 143440Z  live 141815Z
  G2 rt_lime_rock_park__no_chican ref 143440Z  live 141815Z
  G2 rt_lime_rock_park__no_chican ref 143440Z  live 141815Z
  G2 rt_lime_rock_park__no_chican ref 143440Z  live 141815Z
  G2 rt_lime_rock_park__no_chican ref 143440Z  live 141815Z
  G2 rt_lime_rock_park__no_chican ref 141815Z  live 143440Z
  G2 rt_lime_rock_park__no_chican ref 141815Z  live 143440Z
  G2 rt_lime_rock_park__no_chican ref 141815Z  live 143440Z
  G2 rt_lime_rock_park__no_chican ref 141815Z  live 143440Z
  G2 rt_lime_rock_park__no_chican ref 141815Z  live 143440Z
  G2 rt_lime_rock_park__no_chican ref 141815Z  live 143440Z
  G2 rt_lime_rock_park__no_chican ref 141815Z  live 143440Z
  G2 rt_lime_rock_park__no_chican ref 141815Z  live 143440Z
  G2 rt_oulton_park__fosters      ref 195157Z  live 193254Z
  G2 rt_oulton_park__fosters      ref 195157Z  live 193254Z
  G2 rt_oulton_park__fosters      ref 195157Z  live 193254Z
  G2 rt_oulton_park__fosters      ref 195157Z  live 193254Z
  G2 rt_oulton_park__fosters      ref 195157Z  live 193254Z
  G2 rt_oulton_park__fosters      ref 195157Z  live 193254Z
  G2 rt_oulton_park__fosters      ref 195157Z  live 193254Z
  G2 rt_oulton_park__fosters      ref 195157Z  live 193254Z
  G2 rt_oulton_park__fosters      ref 195157Z  live 193254Z
  G2 rt_oulton_park__fosters      ref 193254Z  live 195157Z
  G2 rt_oulton_park__fosters      ref 193254Z  live 195157Z
  G2 rt_oulton_park__fosters      ref 193254Z  live 195157Z
  G2 rt_oulton_park__fosters      ref 193254Z  live 195157Z
  G2 rt_oulton_park__fosters      ref 193254Z  live 195157Z
  G2 rt_oulton_park__fosters      ref 193254Z  live 195157Z
  G2 rt_oulton_park__fosters      ref 193254Z  live 195157Z
  G2 rt_oulton_park__fosters      ref 193254Z  live 195157Z
  G2 rt_oulton_park__fosters      ref 193254Z  live 195157Z

                                                                       median      p90  >100 ms   >10 m     worst
G1 single                                                       2.02 m   65 ms   198 ms    32.4%    4.5%   2931.9 m
G1 filter                                                       1.96 m   63 ms   191 ms    31.9%    3.5%   1627.6 m
G1 filter, reference time                                       1.31 m   42 ms   119 ms    14.9%    0.5%     19.0 m
G1 filter + speed                                               1.01 m   32 ms    86 ms     6.0%    0.1%     10.7 m
G1 filter, lag-corrected                                        1.96 m   62 ms   189 ms    31.7%    3.4%   1627.4 m
G1 filter, reference time, lag-corrected                        1.29 m   41 ms   114 ms    13.8%    0.5%     18.9 m
G1 filter + speed, lag-corrected                                0.93 m   30 ms    80 ms     5.1%    0.1%     10.7 m
G2 single                                                       2.23 m   61 ms   235 ms    31.2%    8.5%   1298.9 m
G2 filter                                                       2.21 m   60 ms   221 ms    31.4%    7.4%   1070.1 m
G2 filter, reference time                                       1.57 m   42 ms   116 ms    14.7%    0.7%     52.7 m
G2 filter + speed                                               1.01 m   27 ms    69 ms     3.1%    0.6%    447.5 m
G2 filter, lag-corrected                                        2.21 m   60 ms   222 ms    31.4%    7.4%   1070.1 m
G2 filter, reference time, lag-corrected                        1.57 m   42 ms   117 ms    14.8%    0.7%     52.9 m
G2 filter + speed, lag-corrected                                0.99 m   27 ms    69 ms     3.2%    0.6%    447.9 m
G2 ks_silverstone__national single                              2.67 m   72 ms   342 ms    38.2%   12.6%   1298.9 m
G2 ks_silverstone__national filter                              2.68 m   73 ms   294 ms    38.7%   11.2%   1070.1 m
G2 ks_silverstone__national filter, reference time              1.74 m   46 ms   130 ms    17.9%    1.2%     52.7 m
G2 ks_silverstone__national filter + speed                      1.12 m   31 ms    79 ms     4.8%    1.0%    160.3 m
G2 ks_silverstone__national filter, lag-corrected               2.69 m   73 ms   296 ms    38.9%   11.3%   1070.1 m
G2 ks_silverstone__national filter, reference time, lag-corrected    1.73 m   46 ms   131 ms    18.0%    1.2%     52.9 m
G2 ks_silverstone__national filter + speed, lag-corrected       1.14 m   31 ms    81 ms     5.2%    1.0%    160.5 m
G2 same car single                                              2.85 m   78 ms   488 ms    41.5%   15.4%   1295.1 m
G2 same car filter                                              2.83 m   79 ms   344 ms    41.7%   13.6%   1070.1 m
G2 same car filter, reference time                              1.30 m   35 ms    98 ms     9.5%    1.2%     45.4 m
G2 same car filter + speed                                      1.22 m   33 ms    87 ms     7.3%    2.9%    160.3 m
G2 same car filter, lag-corrected                               2.80 m   78 ms   344 ms    41.5%   13.6%   1070.1 m
G2 same car filter, reference time, lag-corrected               1.28 m   35 ms    96 ms     9.0%    1.2%     45.4 m
G2 same car filter + speed, lag-corrected                       1.20 m   33 ms    87 ms     7.3%    2.9%    160.5 m
G2 rt_lime_rock_park__no_chicane single                         1.68 m   45 ms   122 ms    16.4%    0.6%     60.8 m
G2 rt_lime_rock_park__no_chicane filter                         1.69 m   45 ms   124 ms    16.7%    0.4%     21.0 m
G2 rt_lime_rock_park__no_chicane filter, reference time         1.32 m   35 ms    90 ms     7.0%    0.0%      9.7 m
G2 rt_lime_rock_park__no_chicane filter + speed                 0.78 m   21 ms    49 ms     0.1%    0.0%      4.6 m
G2 rt_lime_rock_park__no_chicane filter, lag-corrected          1.67 m   44 ms   124 ms    16.2%    0.4%     20.5 m
G2 rt_lime_rock_park__no_chicane filter, reference time, lag-corrected    1.33 m   35 ms    89 ms     7.0%    0.0%      9.3 m
G2 rt_lime_rock_park__no_chicane filter + speed, lag-corrected    0.70 m   18 ms    48 ms     0.0%    0.0%      3.8 m
G2 rt_oulton_park__fosters single                               1.96 m   55 ms   178 ms    26.2%    5.1%    613.7 m
G2 rt_oulton_park__fosters filter                               1.88 m   52 ms   172 ms    25.6%    3.7%     51.0 m
G2 rt_oulton_park__fosters filter, reference time               1.45 m   40 ms   110 ms    13.0%    0.0%      8.8 m
G2 rt_oulton_park__fosters filter + speed                       0.99 m   27 ms    60 ms     1.3%    0.0%    447.5 m
G2 rt_oulton_park__fosters filter, lag-corrected                1.87 m   52 ms   172 ms    25.4%    3.6%     51.4 m
G2 rt_oulton_park__fosters filter, reference time, lag-corrected    1.43 m   39 ms   111 ms    13.6%    0.0%      8.4 m
G2 rt_oulton_park__fosters filter + speed, lag-corrected        0.98 m   26 ms    57 ms     1.2%    0.0%    447.9 m
