gate g1: held-out laps of seen tracks; full augmentation
train tracks ['ks_black_cat_county__layout_short', 'ks_brands_hatch__indy', 'ks_red_bull_ring__layout_national', 'ks_vallelunga__club_circuit', 'magione'] (111 laps usable)
eval  tracks ['ks_black_cat_county__layout_short', 'ks_brands_hatch__indy', 'ks_red_bull_ring__layout_national', 'ks_vallelunga__club_circuit', 'magione'], split=train
held out as live-only: ['ks_black_cat_county__layout_short__20260923T183526Z__lap08', 'ks_brands_hatch__indy__20260921T221531Z__lap02', 'ks_red_bull_ring__layout_national__20260923T174436Z__lap15', 'ks_vallelunga__club_circuit__20260922T223945Z__lap07', 'magione__default__20260922T231051Z__lap06']
frame 148x80, reference bins 3227
model 0.67M params on mps

step     1/6000  loss 10.5293 (ce  7.180 aux  6.699 ref 0.0000)  train median  627.99 m   1.78 s/step
step    20/6000  loss 10.1712 (ce  6.923 aux  6.497 ref 0.0000)  train median  414.28 m   0.44 s/step
step    40/6000  loss 10.0718 (ce  7.201 aux  5.742 ref 0.0000)  train median  691.10 m   0.39 s/step
step    60/6000  loss  9.8657 (ce  6.903 aux  5.926 ref 0.0000)  train median  215.97 m   0.38 s/step
step    80/6000  loss 10.1038 (ce  6.625 aux  6.958 ref 0.0000)  train median  456.50 m   0.37 s/step
step   100/6000  loss 10.0770 (ce  7.023 aux  6.107 ref 0.0000)  train median  281.60 m   0.38 s/step
step   120/6000  loss  9.6073 (ce  6.420 aux  6.374 ref 0.0005)  train median  197.32 m   0.38 s/step
step   140/6000  loss  8.6967 (ce  5.816 aux  5.758 ref 0.0034)  train median  662.70 m   0.37 s/step
step   160/6000  loss  7.6307 (ce  5.139 aux  4.979 ref 0.0043)  train median   42.06 m   0.38 s/step
step   180/6000  loss  9.3290 (ce  6.268 aux  6.119 ref 0.0020)  train median  865.08 m   0.38 s/step
step   200/6000  loss  7.4181 (ce  4.906 aux  5.023 ref 0.0014)  train median   53.64 m   0.38 s/step
  eval  n=192  median  10.26 m /  324.7 ms  p90  213.52 m /  6305.4 ms  worst  1624.64 m  within1  13.0%  within5  49.0%
        ks_black_cat_county__layout_short n=32  median   7.94 m /  216.6 ms  p90  175.13 m /  3280.2 ms  worst  1624.64 m  within1  15.6%  within5  56.2%
        ks_brands_hatch__indy    n=32  median  22.79 m /  700.9 ms  p90  223.12 m /  5873.0 ms  worst   811.59 m  within1   3.1%  within5  28.1%
        ks_red_bull_ring__layout_national n=24  median   8.91 m /  257.7 ms  p90   30.48 m /   767.1 ms  worst  1019.21 m  within1  12.5%  within5  54.2%
        ks_vallelunga__club_circuit n=48  median  10.56 m /  395.7 ms  p90  336.21 m / 13860.4 ms  worst   836.10 m  within1  16.7%  within5  45.8%
        magione                  n=56  median   8.52 m /  324.7 ms  p90  183.72 m /  6421.5 ms  worst   850.35 m  within1  14.3%  within5  57.1%
step   220/6000  loss  7.9036 (ce  5.340 aux  5.124 ref 0.0035)  train median   11.44 m   0.41 s/step
step   240/6000  loss  8.3515 (ce  5.661 aux  5.378 ref 0.0034)  train median  290.71 m   0.40 s/step
step   260/6000  loss  7.6806 (ce  5.189 aux  4.976 ref 0.0059)  train median  287.03 m   0.40 s/step
step   280/6000  loss  5.9610 (ce  3.783 aux  4.353 ref 0.0022)  train median    6.35 m   0.40 s/step
step   300/6000  loss  6.5010 (ce  4.175 aux  4.649 ref 0.0022)  train median    5.91 m   0.40 s/step
step   320/6000  loss  6.3431 (ce  4.157 aux  4.369 ref 0.0043)  train median   13.20 m   0.41 s/step
step   340/6000  loss  6.9023 (ce  4.545 aux  4.711 ref 0.0035)  train median   12.68 m   0.41 s/step
step   360/6000  loss  6.7590 (ce  4.434 aux  4.649 ref 0.0016)  train median    5.99 m   0.41 s/step
step   380/6000  loss  7.1144 (ce  4.624 aux  4.979 ref 0.0013)  train median  218.33 m   0.41 s/step
step   400/6000  loss  5.8302 (ce  3.745 aux  4.169 ref 0.0018)  train median    6.68 m   0.41 s/step
  eval  n=192  median   4.35 m /  149.9 ms  p90   52.65 m /  1498.2 ms  worst   846.99 m  within1  25.0%  within5  77.1%
        ks_black_cat_county__layout_short n=32  median   4.21 m /  122.2 ms  p90   10.31 m /   353.2 ms  worst    53.08 m  within1  28.1%  within5  84.4%
        ks_brands_hatch__indy    n=32  median   4.72 m /  155.2 ms  p90   27.86 m /  1092.4 ms  worst   142.72 m  within1  18.8%  within5  71.9%
        ks_red_bull_ring__layout_national n=24  median   4.00 m /  112.8 ms  p90   15.19 m /   356.9 ms  worst    54.57 m  within1  25.0%  within5  83.3%
        ks_vallelunga__club_circuit n=48  median   3.73 m /  139.4 ms  p90   42.79 m /  1667.3 ms  worst   798.06 m  within1  31.2%  within5  79.2%
        magione                  n=56  median   5.25 m /  195.6 ms  p90   83.07 m /  2547.5 ms  worst   846.99 m  within1  21.4%  within5  71.4%
step   420/6000  loss  5.8773 (ce  3.585 aux  4.581 ref 0.0031)  train median    8.48 m   0.42 s/step
step   440/6000  loss  5.7346 (ce  3.662 aux  4.143 ref 0.0030)  train median   14.93 m   0.42 s/step
step   460/6000  loss  5.4009 (ce  3.275 aux  4.249 ref 0.0025)  train median    3.42 m   0.42 s/step
step   480/6000  loss  4.6675 (ce  2.757 aux  3.820 ref 0.0013)  train median    1.06 m   0.42 s/step
step   500/6000  loss  6.6134 (ce  4.333 aux  4.558 ref 0.0019)  train median   32.23 m   0.42 s/step
step   520/6000  loss  6.4817 (ce  4.263 aux  4.435 ref 0.0029)  train median   25.10 m   0.42 s/step
step   540/6000  loss  6.4612 (ce  4.248 aux  4.421 ref 0.0054)  train median    9.55 m   0.42 s/step
step   560/6000  loss  5.1633 (ce  3.080 aux  4.164 ref 0.0017)  train median    2.67 m   0.42 s/step
step   580/6000  loss  4.9512 (ce  3.101 aux  3.699 ref 0.0021)  train median    3.70 m   0.42 s/step
step   600/6000  loss  7.3016 (ce  4.913 aux  4.774 ref 0.0029)  train median   26.26 m   0.42 s/step
  eval  n=192  median   3.79 m /  128.3 ms  p90   31.70 m /  1264.5 ms  worst  2879.72 m  within1  29.2%  within5  79.2%
        ks_black_cat_county__layout_short n=32  median   5.02 m /  131.3 ms  p90   24.73 m /   472.9 ms  worst  2879.72 m  within1  28.1%  within5  71.9%
        ks_brands_hatch__indy    n=32  median   2.97 m /   88.9 ms  p90   10.26 m /   285.7 ms  worst    24.55 m  within1  43.8%  within5  87.5%
        ks_red_bull_ring__layout_national n=24  median   5.67 m /  161.4 ms  p90   13.47 m /   331.2 ms  worst    25.20 m  within1  16.7%  within5  83.3%
        ks_vallelunga__club_circuit n=48  median   3.68 m /  144.2 ms  p90   78.11 m /  2844.4 ms  worst   766.53 m  within1  31.2%  within5  85.4%
        magione                  n=56  median   3.22 m /  124.9 ms  p90   79.25 m /  2189.3 ms  worst   576.20 m  within1  25.0%  within5  71.4%
step   620/6000  loss  6.1582 (ce  3.705 aux  4.905 ref 0.0004)  train median    4.70 m   0.43 s/step
step   640/6000  loss  4.7882 (ce  3.001 aux  3.571 ref 0.0026)  train median    4.28 m   0.43 s/step
step   660/6000  loss  4.8885 (ce  3.088 aux  3.599 ref 0.0019)  train median    3.49 m   0.43 s/step
step   680/6000  loss  5.3126 (ce  3.358 aux  3.908 ref 0.0019)  train median    6.37 m   0.43 s/step
step   700/6000  loss  5.4135 (ce  3.429 aux  3.968 ref 0.0020)  train median    8.67 m   0.43 s/step
step   720/6000  loss  6.0352 (ce  3.965 aux  4.138 ref 0.0024)  train median    5.95 m   0.43 s/step
step   740/6000  loss  7.0262 (ce  4.468 aux  5.116 ref 0.0010)  train median   58.85 m   0.44 s/step
step   760/6000  loss  6.5329 (ce  3.925 aux  5.214 ref 0.0010)  train median    7.22 m   0.44 s/step
step   780/6000  loss  6.4810 (ce  3.944 aux  5.074 ref 0.0009)  train median   70.08 m   0.45 s/step
step   800/6000  loss  5.9226 (ce  3.823 aux  4.197 ref 0.0024)  train median   16.44 m   0.45 s/step
  eval  n=192  median   3.96 m /  131.5 ms  p90   27.36 m /   911.7 ms  worst   828.71 m  within1  29.7%  within5  82.3%
        ks_black_cat_county__layout_short n=32  median   4.67 m /  153.3 ms  p90   27.36 m /   666.0 ms  worst   444.79 m  within1  21.9%  within5  71.9%
        ks_brands_hatch__indy    n=32  median   3.83 m /  119.1 ms  p90   11.85 m /   323.5 ms  worst    23.66 m  within1  25.0%  within5  84.4%
        ks_red_bull_ring__layout_national n=24  median   5.02 m /  134.4 ms  p90    8.52 m /   272.1 ms  worst   570.55 m  within1  20.8%  within5  91.7%
        ks_vallelunga__club_circuit n=48  median   2.92 m /   93.3 ms  p90   27.03 m /  1080.4 ms  worst   456.56 m  within1  41.7%  within5  87.5%
        magione                  n=56  median   4.37 m /  163.5 ms  p90   46.06 m /  1455.8 ms  worst   828.71 m  within1  30.4%  within5  78.6%
step   820/6000  loss  4.3413 (ce  2.699 aux  3.283 ref 0.0019)  train median    2.33 m   0.46 s/step
step   840/6000  loss  5.5297 (ce  3.546 aux  3.964 ref 0.0026)  train median    5.43 m   0.46 s/step
step   860/6000  loss  4.2659 (ce  2.670 aux  3.189 ref 0.0022)  train median    4.09 m   0.46 s/step
step   880/6000  loss  4.6100 (ce  2.906 aux  3.407 ref 0.0009)  train median    2.11 m   0.46 s/step
step   900/6000  loss  5.0132 (ce  3.083 aux  3.858 ref 0.0021)  train median    5.01 m   0.46 s/step
step   920/6000  loss  5.2717 (ce  3.324 aux  3.891 ref 0.0040)  train median    9.09 m   0.46 s/step
step   940/6000  loss  5.7595 (ce  3.553 aux  4.413 ref 0.0004)  train median    3.97 m   0.46 s/step
step   960/6000  loss  4.7562 (ce  3.038 aux  3.435 ref 0.0022)  train median    5.31 m   0.46 s/step
step   980/6000  loss  6.1844 (ce  3.959 aux  4.449 ref 0.0011)  train median    9.36 m   0.46 s/step
step  1000/6000  loss  4.2512 (ce  2.667 aux  3.166 ref 0.0013)  train median    2.43 m   0.46 s/step
  eval  n=192  median   3.48 m /  114.0 ms  p90   11.37 m /   353.7 ms  worst  1317.13 m  within1  32.3%  within5  89.1%
        ks_black_cat_county__layout_short n=32  median   4.13 m /  110.7 ms  p90   12.91 m /   322.6 ms  worst  1317.13 m  within1  21.9%  within5  84.4%
        ks_brands_hatch__indy    n=32  median   3.48 m /  105.5 ms  p90   14.14 m /   352.5 ms  worst    19.91 m  within1  28.1%  within5  84.4%
        ks_red_bull_ring__layout_national n=24  median   4.40 m /  130.7 ms  p90    8.02 m /   214.3 ms  worst    18.10 m  within1  33.3%  within5  95.8%
        ks_vallelunga__club_circuit n=48  median   2.96 m /  101.0 ms  p90    7.25 m /   286.8 ms  worst    32.75 m  within1  37.5%  within5  93.8%
        magione                  n=56  median   3.12 m /  139.4 ms  p90   27.44 m /   950.9 ms  worst    57.06 m  within1  35.7%  within5  87.5%
step  1020/6000  loss  6.2144 (ce  4.174 aux  4.080 ref 0.0011)  train median    8.64 m   0.47 s/step
step  1040/6000  loss  5.4469 (ce  3.446 aux  4.001 ref 0.0013)  train median    4.45 m   0.47 s/step
step  1060/6000  loss  6.3300 (ce  3.885 aux  4.889 ref 0.0009)  train median    6.47 m   0.47 s/step
step  1080/6000  loss  4.4561 (ce  2.832 aux  3.245 ref 0.0018)  train median    2.58 m   0.47 s/step
step  1100/6000  loss  6.1198 (ce  3.858 aux  4.523 ref 0.0004)  train median   16.16 m   0.47 s/step
step  1120/6000  loss  5.9442 (ce  3.889 aux  4.108 ref 0.0025)  train median   15.08 m   0.47 s/step
step  1140/6000  loss  3.9124 (ce  2.402 aux  3.020 ref 0.0014)  train median    2.72 m   0.46 s/step
step  1160/6000  loss  4.9771 (ce  2.921 aux  4.111 ref 0.0022)  train median    5.05 m   0.46 s/step
step  1180/6000  loss  4.8895 (ce  2.937 aux  3.905 ref 0.0011)  train median    2.15 m   0.46 s/step
step  1200/6000  loss  3.8049 (ce  2.374 aux  2.860 ref 0.0009)  train median    1.64 m   0.47 s/step
  eval  n=192  median   3.19 m /  103.6 ms  p90   11.72 m /   307.1 ms  worst   675.77 m  within1  35.4%  within5  87.5%
        ks_black_cat_county__layout_short n=32  median   4.46 m /  139.0 ms  p90   14.23 m /   383.1 ms  worst   445.05 m  within1  21.9%  within5  78.1%
        ks_brands_hatch__indy    n=32  median   3.20 m /   84.5 ms  p90   10.44 m /   237.9 ms  worst    13.99 m  within1  40.6%  within5  87.5%
        ks_red_bull_ring__layout_national n=24  median   3.92 m /  108.0 ms  p90    8.51 m /   241.4 ms  worst    21.89 m  within1  37.5%  within5  91.7%
        ks_vallelunga__club_circuit n=48  median   3.19 m /  106.9 ms  p90    8.08 m /   290.9 ms  worst   675.77 m  within1  37.5%  within5  93.8%
        magione                  n=56  median   2.93 m /  106.7 ms  p90   20.45 m /   745.3 ms  worst   497.70 m  within1  37.5%  within5  85.7%
step  1220/6000  loss  3.9404 (ce  2.469 aux  2.942 ref 0.0011)  train median    1.42 m   0.47 s/step
step  1240/6000  loss  7.5644 (ce  5.012 aux  5.104 ref 0.0006)  train median   72.72 m   0.47 s/step
step  1260/6000  loss  5.2860 (ce  3.434 aux  3.702 ref 0.0015)  train median    6.17 m   0.47 s/step
step  1280/6000  loss  5.2323 (ce  3.375 aux  3.712 ref 0.0037)  train median    4.52 m   0.47 s/step
step  1300/6000  loss  4.2451 (ce  2.677 aux  3.135 ref 0.0013)  train median    2.96 m   0.47 s/step
step  1320/6000  loss  6.4076 (ce  4.161 aux  4.493 ref 0.0008)  train median    5.78 m   0.47 s/step
step  1340/6000  loss  5.9636 (ce  4.048 aux  3.829 ref 0.0022)  train median    8.06 m   0.47 s/step
step  1360/6000  loss  5.3703 (ce  3.537 aux  3.664 ref 0.0031)  train median    8.93 m   0.47 s/step
step  1380/6000  loss  6.0448 (ce  4.086 aux  3.914 ref 0.0030)  train median   20.97 m   0.47 s/step
step  1400/6000  loss  4.7662 (ce  3.220 aux  3.089 ref 0.0022)  train median    6.53 m   0.47 s/step
  eval  n=192  median   3.13 m /  105.3 ms  p90   10.76 m /   342.3 ms  worst   307.42 m  within1  34.4%  within5  88.0%
        ks_black_cat_county__layout_short n=32  median   3.70 m /  102.5 ms  p90   10.73 m /   310.2 ms  worst   307.42 m  within1  34.4%  within5  84.4%
        ks_brands_hatch__indy    n=32  median   2.99 m /   87.3 ms  p90   10.85 m /   264.8 ms  worst    17.12 m  within1  40.6%  within5  84.4%
        ks_red_bull_ring__layout_national n=24  median   4.09 m /  111.2 ms  p90    8.43 m /   218.6 ms  worst    33.14 m  within1  20.8%  within5  91.7%
        ks_vallelunga__club_circuit n=48  median   2.50 m /   91.1 ms  p90   10.04 m /   310.3 ms  worst    19.23 m  within1  41.7%  within5  89.6%
        magione                  n=56  median   3.42 m /  122.4 ms  p90   13.26 m /   578.9 ms  worst    47.09 m  within1  30.4%  within5  89.3%
step  1420/6000  loss  4.9629 (ce  3.140 aux  3.644 ref 0.0022)  train median    4.40 m   0.48 s/step
step  1440/6000  loss  6.2486 (ce  4.075 aux  4.344 ref 0.0035)  train median   23.93 m   0.48 s/step
step  1460/6000  loss  4.5277 (ce  2.609 aux  3.837 ref 0.0004)  train median    1.67 m   0.48 s/step
step  1480/6000  loss  4.6915 (ce  2.927 aux  3.527 ref 0.0024)  train median    4.62 m   0.47 s/step
step  1500/6000  loss  6.0966 (ce  3.951 aux  4.290 ref 0.0005)  train median    6.26 m   0.48 s/step
step  1520/6000  loss  4.2650 (ce  2.668 aux  3.193 ref 0.0017)  train median    2.28 m   0.47 s/step
step  1540/6000  loss  4.8109 (ce  3.143 aux  3.334 ref 0.0027)  train median    3.38 m   0.47 s/step
step  1560/6000  loss  5.7865 (ce  3.845 aux  3.878 ref 0.0045)  train median   11.72 m   0.47 s/step
step  1580/6000  loss  3.9871 (ce  2.540 aux  2.892 ref 0.0024)  train median    3.79 m   0.47 s/step
step  1600/6000  loss  4.4390 (ce  2.700 aux  3.476 ref 0.0021)  train median    3.76 m   0.47 s/step
  eval  n=192  median   3.34 m /  112.9 ms  p90   11.31 m /   308.1 ms  worst  1012.67 m  within1  31.2%  within5  87.5%
        ks_black_cat_county__layout_short n=32  median   3.85 m /  121.4 ms  p90   13.04 m /   326.5 ms  worst    31.56 m  within1  28.1%  within5  84.4%
        ks_brands_hatch__indy    n=32  median   3.05 m /  104.0 ms  p90   11.63 m /   268.6 ms  worst    13.02 m  within1  28.1%  within5  84.4%
        ks_red_bull_ring__layout_national n=24  median   3.56 m /   85.9 ms  p90    8.12 m /   252.4 ms  worst    31.26 m  within1  20.8%  within5  91.7%
        ks_vallelunga__club_circuit n=48  median   2.44 m /  103.9 ms  p90    8.94 m /   276.6 ms  worst    25.82 m  within1  41.7%  within5  89.6%
        magione                  n=56  median   3.30 m /  135.4 ms  p90   13.73 m /   527.9 ms  worst  1012.67 m  within1  30.4%  within5  87.5%
step  1620/6000  loss  5.4923 (ce  3.389 aux  4.207 ref 0.0006)  train median    4.22 m   0.48 s/step
step  1640/6000  loss  4.2869 (ce  2.666 aux  3.241 ref 0.0016)  train median    3.79 m   0.48 s/step
step  1660/6000  loss  3.9772 (ce  2.546 aux  2.861 ref 0.0013)  train median    2.35 m   0.48 s/step
step  1680/6000  loss  4.7377 (ce  2.883 aux  3.707 ref 0.0018)  train median    3.06 m   0.48 s/step
step  1700/6000  loss  3.9714 (ce  2.488 aux  2.966 ref 0.0014)  train median    2.26 m   0.48 s/step
step  1720/6000  loss  4.2217 (ce  2.666 aux  3.111 ref 0.0011)  train median    2.58 m   0.48 s/step
step  1740/6000  loss  4.8549 (ce  3.171 aux  3.364 ref 0.0029)  train median    7.36 m   0.48 s/step
step  1760/6000  loss  3.7048 (ce  2.414 aux  2.579 ref 0.0017)  train median    1.65 m   0.48 s/step
step  1780/6000  loss  4.0344 (ce  2.501 aux  3.066 ref 0.0015)  train median    2.21 m   0.48 s/step
step  1800/6000  loss  4.4553 (ce  2.749 aux  3.411 ref 0.0028)  train median    4.05 m   0.48 s/step
  eval  n=192  median   2.89 m /   98.6 ms  p90   10.49 m /   270.7 ms  worst  2648.13 m  within1  36.5%  within5  88.0%
        ks_black_cat_county__layout_short n=32  median   4.20 m /  119.8 ms  p90   15.10 m /   476.5 ms  worst  2648.13 m  within1  28.1%  within5  75.0%
        ks_brands_hatch__indy    n=32  median   2.76 m /   78.9 ms  p90    8.33 m /   189.3 ms  worst    20.84 m  within1  46.9%  within5  90.6%
        ks_red_bull_ring__layout_national n=24  median   3.19 m /   96.5 ms  p90    7.35 m /   164.5 ms  worst    12.36 m  within1  33.3%  within5  91.7%
        ks_vallelunga__club_circuit n=48  median   2.37 m /   90.0 ms  p90   10.21 m /   311.3 ms  worst    27.14 m  within1  41.7%  within5  87.5%
        magione                  n=56  median   2.70 m /  106.5 ms  p90    7.46 m /   247.8 ms  worst    39.09 m  within1  32.1%  within5  92.9%
step  1820/6000  loss  5.5986 (ce  3.434 aux  4.329 ref 0.0006)  train median    4.00 m   0.48 s/step
step  1840/6000  loss  3.6774 (ce  2.398 aux  2.558 ref 0.0013)  train median    2.05 m   0.49 s/step
step  1860/6000  loss  6.0963 (ce  3.920 aux  4.351 ref 0.0010)  train median    9.81 m   0.49 s/step
step  1880/6000  loss  3.7286 (ce  2.464 aux  2.527 ref 0.0017)  train median    3.75 m   0.49 s/step
step  1900/6000  loss  4.4687 (ce  2.786 aux  3.364 ref 0.0012)  train median    3.91 m   0.49 s/step
step  1920/6000  loss  4.5385 (ce  2.920 aux  3.237 ref 0.0012)  train median    1.93 m   0.49 s/step
step  1940/6000  loss  5.3722 (ce  3.479 aux  3.784 ref 0.0029)  train median   10.29 m   0.49 s/step
step  1960/6000  loss  3.8277 (ce  2.379 aux  2.896 ref 0.0012)  train median    2.92 m   0.49 s/step
step  1980/6000  loss  5.2554 (ce  3.365 aux  3.780 ref 0.0012)  train median    4.89 m   0.50 s/step
step  2000/6000  loss  5.3979 (ce  3.576 aux  3.642 ref 0.0023)  train median    7.01 m   0.49 s/step
  eval  n=192  median   2.55 m /   92.4 ms  p90    8.87 m /   267.9 ms  worst   192.56 m  within1  44.3%  within5  92.7%
        ks_black_cat_county__layout_short n=32  median   3.09 m /   99.2 ms  p90   23.30 m /   456.4 ms  worst   192.56 m  within1  40.6%  within5  84.4%
        ks_brands_hatch__indy    n=32  median   2.02 m /   66.1 ms  p90    6.05 m /   134.3 ms  worst     7.80 m  within1  50.0%  within5 100.0%
        ks_red_bull_ring__layout_national n=24  median   2.25 m /   71.4 ms  p90    8.98 m /   204.8 ms  worst    14.65 m  within1  50.0%  within5  95.8%
        ks_vallelunga__club_circuit n=48  median   2.87 m /  109.5 ms  p90    7.45 m /   263.6 ms  worst    21.84 m  within1  39.6%  within5  93.8%
        magione                  n=56  median   2.71 m /   96.6 ms  p90    9.56 m /   305.1 ms  worst    41.01 m  within1  44.6%  within5  91.1%
step  2020/6000  loss  4.8201 (ce  3.089 aux  3.460 ref 0.0018)  train median    2.65 m   0.50 s/step
step  2040/6000  loss  4.5826 (ce  2.959 aux  3.246 ref 0.0020)  train median    2.31 m   0.50 s/step
step  2060/6000  loss  4.1282 (ce  2.662 aux  2.931 ref 0.0005)  train median    0.93 m   0.50 s/step
step  2080/6000  loss  4.5200 (ce  2.840 aux  3.357 ref 0.0028)  train median    4.25 m   0.50 s/step
step  2100/6000  loss  4.4093 (ce  2.801 aux  3.216 ref 0.0007)  train median    1.53 m   0.50 s/step
step  2120/6000  loss  5.2252 (ce  3.373 aux  3.700 ref 0.0035)  train median   10.67 m   0.50 s/step
step  2140/6000  loss  5.6341 (ce  3.814 aux  3.638 ref 0.0024)  train median    4.66 m   0.50 s/step
step  2160/6000  loss  4.2571 (ce  2.727 aux  3.059 ref 0.0018)  train median    3.98 m   0.50 s/step
step  2180/6000  loss  4.1106 (ce  2.672 aux  2.875 ref 0.0025)  train median    4.33 m   0.50 s/step
step  2200/6000  loss  3.8820 (ce  2.498 aux  2.767 ref 0.0017)  train median    2.60 m   0.50 s/step
  eval  n=192  median   2.27 m /   74.7 ms  p90    9.47 m /   292.0 ms  worst    99.74 m  within1  45.3%  within5  93.2%
        ks_black_cat_county__layout_short n=32  median   2.06 m /   57.7 ms  p90    9.28 m /   335.6 ms  worst    29.45 m  within1  50.0%  within5  90.6%
        ks_brands_hatch__indy    n=32  median   2.15 m /   66.6 ms  p90    6.09 m /   122.8 ms  worst     9.90 m  within1  46.9%  within5 100.0%
        ks_red_bull_ring__layout_national n=24  median   2.46 m /   78.6 ms  p90    7.94 m /   264.3 ms  worst    13.70 m  within1  33.3%  within5  91.7%
        ks_vallelunga__club_circuit n=48  median   1.99 m /   74.8 ms  p90    8.01 m /   270.2 ms  worst    12.92 m  within1  50.0%  within5  95.8%
        magione                  n=56  median   2.43 m /   89.0 ms  p90   10.05 m /   375.5 ms  worst    99.74 m  within1  42.9%  within5  89.3%
step  2220/6000  loss  5.3392 (ce  3.216 aux  4.245 ref 0.0008)  train median    5.95 m   0.51 s/step
step  2240/6000  loss  4.2260 (ce  2.583 aux  3.286 ref 0.0010)  train median    2.23 m   0.51 s/step
step  2260/6000  loss  5.6759 (ce  3.557 aux  4.238 ref 0.0004)  train median    3.95 m   0.51 s/step
step  2280/6000  loss  3.8534 (ce  2.440 aux  2.826 ref 0.0014)  train median    2.39 m   0.51 s/step
step  2300/6000  loss  4.1960 (ce  2.558 aux  3.275 ref 0.0015)  train median    2.75 m   0.51 s/step
step  2320/6000  loss  5.0935 (ce  3.360 aux  3.463 ref 0.0026)  train median    6.43 m   0.51 s/step
step  2340/6000  loss  4.6807 (ce  3.038 aux  3.283 ref 0.0019)  train median    2.65 m   0.51 s/step
step  2360/6000  loss  4.5129 (ce  2.871 aux  3.283 ref 0.0007)  train median    4.76 m   0.51 s/step
step  2380/6000  loss  5.8406 (ce  3.779 aux  4.121 ref 0.0023)  train median   22.69 m   0.51 s/step
step  2400/6000  loss  3.7950 (ce  2.427 aux  2.734 ref 0.0016)  train median    2.05 m   0.51 s/step
  eval  n=192  median   2.41 m /   78.5 ms  p90    8.04 m /   240.2 ms  worst    37.73 m  within1  44.3%  within5  94.3%
        ks_black_cat_county__layout_short n=32  median   2.46 m /   82.6 ms  p90    8.86 m /   233.6 ms  worst    23.90 m  within1  46.9%  within5  90.6%
        ks_brands_hatch__indy    n=32  median   2.04 m /   72.5 ms  p90    5.12 m /   129.3 ms  worst     8.37 m  within1  46.9%  within5 100.0%
        ks_red_bull_ring__layout_national n=24  median   2.45 m /   78.9 ms  p90    8.27 m /   233.3 ms  worst    14.88 m  within1  41.7%  within5  91.7%
        ks_vallelunga__club_circuit n=48  median   2.37 m /   86.6 ms  p90    6.30 m /   216.9 ms  worst    11.35 m  within1  41.7%  within5  93.8%
        magione                  n=56  median   2.59 m /   83.1 ms  p90    8.51 m /   270.8 ms  worst    37.73 m  within1  44.6%  within5  94.6%
step  2420/6000  loss  4.2276 (ce  2.655 aux  3.144 ref 0.0018)  train median    4.14 m   0.51 s/step
step  2440/6000  loss  4.7590 (ce  2.778 aux  3.961 ref 0.0005)  train median    3.62 m   0.51 s/step
step  2460/6000  loss  4.8873 (ce  3.122 aux  3.527 ref 0.0030)  train median    7.90 m   0.51 s/step
step  2480/6000  loss  3.9688 (ce  2.495 aux  2.946 ref 0.0014)  train median    3.15 m   0.51 s/step
step  2500/6000  loss  4.8905 (ce  3.098 aux  3.584 ref 0.0007)  train median    1.27 m   0.51 s/step
step  2520/6000  loss  4.5718 (ce  2.858 aux  3.425 ref 0.0023)  train median    4.82 m   0.51 s/step
step  2540/6000  loss  4.4630 (ce  2.845 aux  3.233 ref 0.0018)  train median    3.27 m   0.51 s/step
step  2560/6000  loss  5.1581 (ce  3.369 aux  3.576 ref 0.0024)  train median    6.02 m   0.51 s/step
step  2580/6000  loss  6.0593 (ce  3.872 aux  4.373 ref 0.0009)  train median   10.55 m   0.51 s/step
step  2600/6000  loss  4.1849 (ce  2.563 aux  3.242 ref 0.0016)  train median    3.40 m   0.51 s/step
  eval  n=192  median   2.14 m /   79.6 ms  p90    7.60 m /   252.9 ms  worst   203.10 m  within1  46.4%  within5  94.3%
        ks_black_cat_county__layout_short n=32  median   1.95 m /   55.1 ms  p90   13.26 m /   302.8 ms  worst   203.10 m  within1  50.0%  within5  87.5%
        ks_brands_hatch__indy    n=32  median   2.27 m /   58.3 ms  p90    5.59 m /   139.1 ms  worst    10.70 m  within1  46.9%  within5  96.9%
        ks_red_bull_ring__layout_national n=24  median   2.89 m /   79.6 ms  p90    5.90 m /   168.4 ms  worst    12.87 m  within1  33.3%  within5  95.8%
        ks_vallelunga__club_circuit n=48  median   1.97 m /   77.9 ms  p90    7.98 m /   228.9 ms  worst    12.27 m  within1  52.1%  within5  95.8%
        magione                  n=56  median   2.39 m /   84.0 ms  p90    7.60 m /   292.4 ms  worst    42.78 m  within1  44.6%  within5  94.6%
step  2620/6000  loss  4.5252 (ce  2.793 aux  3.462 ref 0.0018)  train median    3.96 m   0.51 s/step
step  2640/6000  loss  4.0506 (ce  2.481 aux  3.137 ref 0.0014)  train median    1.88 m   0.51 s/step
step  2660/6000  loss  3.6057 (ce  2.356 aux  2.499 ref 0.0012)  train median    2.04 m   0.51 s/step
step  2680/6000  loss  3.8350 (ce  2.453 aux  2.762 ref 0.0018)  train median    2.54 m   0.51 s/step
step  2700/6000  loss  3.6816 (ce  2.359 aux  2.644 ref 0.0009)  train median    0.63 m   0.51 s/step
step  2720/6000  loss  4.0924 (ce  2.632 aux  2.919 ref 0.0017)  train median    2.56 m   0.51 s/step
step  2740/6000  loss  3.8946 (ce  2.576 aux  2.635 ref 0.0021)  train median    3.44 m   0.51 s/step
step  2760/6000  loss  4.1040 (ce  2.622 aux  2.962 ref 0.0024)  train median    2.82 m   0.51 s/step
step  2780/6000  loss  4.5967 (ce  2.889 aux  3.414 ref 0.0015)  train median    5.30 m   0.51 s/step
step  2800/6000  loss  4.3991 (ce  2.703 aux  3.391 ref 0.0009)  train median    1.86 m   0.51 s/step
  eval  n=192  median   2.22 m /   76.8 ms  p90    7.10 m /   227.9 ms  worst    99.95 m  within1  44.8%  within5  96.9%
        ks_black_cat_county__layout_short n=32  median   2.38 m /   63.2 ms  p90    7.28 m /   223.1 ms  worst    28.39 m  within1  37.5%  within5  90.6%
        ks_brands_hatch__indy    n=32  median   2.10 m /   54.8 ms  p90    5.58 m /   143.0 ms  worst     8.78 m  within1  50.0%  within5 100.0%
        ks_red_bull_ring__layout_national n=24  median   2.15 m /   75.8 ms  p90    7.19 m /   165.9 ms  worst     9.89 m  within1  45.8%  within5 100.0%
        ks_vallelunga__club_circuit n=48  median   2.10 m /   81.0 ms  p90    7.02 m /   212.2 ms  worst    10.34 m  within1  47.9%  within5  97.9%
        magione                  n=56  median   2.45 m /   82.8 ms  p90    7.46 m /   284.3 ms  worst    99.95 m  within1  42.9%  within5  96.4%
step  2820/6000  loss  4.2414 (ce  2.679 aux  3.123 ref 0.0024)  train median    4.92 m   0.51 s/step
step  2840/6000  loss  4.1489 (ce  2.571 aux  3.155 ref 0.0014)  train median    2.88 m   0.51 s/step
step  2860/6000  loss  5.2626 (ce  3.400 aux  3.723 ref 0.0020)  train median    4.96 m   0.51 s/step
step  2880/6000  loss  3.9927 (ce  2.559 aux  2.866 ref 0.0013)  train median    0.99 m   0.52 s/step
step  2900/6000  loss  4.7798 (ce  3.172 aux  3.215 ref 0.0021)  train median    7.27 m   0.52 s/step
step  2920/6000  loss  5.1955 (ce  3.413 aux  3.564 ref 0.0006)  train median    3.87 m   0.52 s/step
step  2940/6000  loss  4.2932 (ce  2.838 aux  2.908 ref 0.0016)  train median    2.13 m   0.52 s/step
step  2960/6000  loss  4.2637 (ce  2.569 aux  3.387 ref 0.0020)  train median    2.83 m   0.52 s/step
step  2980/6000  loss  3.9567 (ce  2.524 aux  2.864 ref 0.0016)  train median    3.21 m   0.53 s/step
step  3000/6000  loss  3.6985 (ce  2.364 aux  2.667 ref 0.0014)  train median    1.56 m   0.53 s/step
  eval  n=192  median   1.91 m /   71.6 ms  p90    6.61 m /   203.4 ms  worst    57.06 m  within1  52.6%  within5  96.4%
        ks_black_cat_county__layout_short n=32  median   2.46 m /   65.2 ms  p90    7.42 m /   195.6 ms  worst    22.27 m  within1  40.6%  within5  90.6%
        ks_brands_hatch__indy    n=32  median   1.70 m /   42.3 ms  p90    4.51 m /   103.8 ms  worst    11.90 m  within1  62.5%  within5  96.9%
        ks_red_bull_ring__layout_national n=24  median   2.22 m /   75.4 ms  p90    5.92 m /   157.6 ms  worst     8.86 m  within1  50.0%  within5 100.0%
        ks_vallelunga__club_circuit n=48  median   1.84 m /   72.8 ms  p90    6.55 m /   196.6 ms  worst    15.72 m  within1  56.2%  within5  97.9%
        magione                  n=56  median   1.93 m /   78.4 ms  p90    6.41 m /   252.8 ms  worst    57.06 m  within1  51.8%  within5  96.4%
step  3020/6000  loss  4.2607 (ce  2.516 aux  3.488 ref 0.0008)  train median    1.35 m   0.53 s/step
step  3040/6000  loss  3.9688 (ce  2.496 aux  2.943 ref 0.0015)  train median    2.39 m   0.54 s/step
step  3060/6000  loss  5.4224 (ce  3.524 aux  3.796 ref 0.0007)  train median    5.11 m   0.54 s/step
step  3080/6000  loss  4.4696 (ce  2.865 aux  3.206 ref 0.0018)  train median    4.05 m   0.54 s/step
step  3100/6000  loss  4.7949 (ce  3.060 aux  3.469 ref 0.0009)  train median    5.66 m   0.54 s/step
step  3120/6000  loss  7.1868 (ce  4.814 aux  4.745 ref 0.0009)  train median   10.90 m   0.54 s/step
step  3140/6000  loss  4.5015 (ce  2.796 aux  3.410 ref 0.0017)  train median    4.65 m   0.54 s/step
step  3160/6000  loss  4.3198 (ce  2.731 aux  3.176 ref 0.0021)  train median    4.16 m   0.54 s/step
step  3180/6000  loss  3.8652 (ce  2.415 aux  2.899 ref 0.0015)  train median    1.46 m   0.54 s/step
step  3200/6000  loss  3.9466 (ce  2.525 aux  2.841 ref 0.0021)  train median    2.85 m   0.54 s/step
  eval  n=192  median   1.98 m /   67.2 ms  p90    7.61 m /   240.2 ms  worst  1034.75 m  within1  50.5%  within5  93.8%
        ks_black_cat_county__layout_short n=32  median   2.43 m /   85.3 ms  p90    9.03 m /   226.9 ms  worst    21.68 m  within1  40.6%  within5  90.6%
        ks_brands_hatch__indy    n=32  median   1.46 m /   46.0 ms  p90    4.12 m /    93.6 ms  worst     7.49 m  within1  65.6%  within5 100.0%
        ks_red_bull_ring__layout_national n=24  median   2.55 m /   74.1 ms  p90    6.39 m /   200.2 ms  worst    11.60 m  within1  45.8%  within5  95.8%
        ks_vallelunga__club_circuit n=48  median   1.89 m /   76.3 ms  p90    6.62 m /   211.3 ms  worst    16.00 m  within1  56.2%  within5  97.9%
        magione                  n=56  median   2.22 m /   73.5 ms  p90   11.77 m /   400.3 ms  worst  1034.75 m  within1  44.6%  within5  87.5%
step  3220/6000  loss  3.6517 (ce  2.370 aux  2.561 ref 0.0016)  train median    2.73 m   0.54 s/step
step  3240/6000  loss  3.7785 (ce  2.479 aux  2.597 ref 0.0017)  train median    2.68 m   0.54 s/step
step  3260/6000  loss  4.5951 (ce  2.586 aux  4.017 ref 0.0003)  train median    1.58 m   0.54 s/step
step  3280/6000  loss  4.1931 (ce  2.574 aux  3.236 ref 0.0014)  train median    2.10 m   0.54 s/step
step  3300/6000  loss  4.6612 (ce  2.992 aux  3.338 ref 0.0005)  train median    3.29 m   0.54 s/step
step  3320/6000  loss  4.5657 (ce  3.052 aux  3.025 ref 0.0024)  train median    4.04 m   0.54 s/step
step  3340/6000  loss  4.7765 (ce  2.968 aux  3.617 ref 0.0007)  train median    6.81 m   0.54 s/step
step  3360/6000  loss  3.5896 (ce  2.333 aux  2.511 ref 0.0015)  train median    2.86 m   0.54 s/step
step  3380/6000  loss  4.3014 (ce  2.704 aux  3.193 ref 0.0015)  train median    3.41 m   0.54 s/step
step  3400/6000  loss  4.1652 (ce  2.690 aux  2.949 ref 0.0017)  train median    3.00 m   0.54 s/step
  eval  n=192  median   1.84 m /   65.4 ms  p90    6.38 m /   217.2 ms  worst    36.24 m  within1  53.6%  within5  96.4%
        ks_black_cat_county__layout_short n=32  median   2.33 m /   81.9 ms  p90    6.02 m /   229.8 ms  worst    22.95 m  within1  50.0%  within5  90.6%
        ks_brands_hatch__indy    n=32  median   1.89 m /   58.5 ms  p90    4.18 m /   101.9 ms  worst     6.39 m  within1  53.1%  within5 100.0%
        ks_red_bull_ring__layout_national n=24  median   1.93 m /   60.6 ms  p90    6.20 m /   180.9 ms  worst     9.79 m  within1  50.0%  within5 100.0%
        ks_vallelunga__club_circuit n=48  median   1.55 m /   62.7 ms  p90    6.23 m /   204.9 ms  worst    12.90 m  within1  56.2%  within5  97.9%
        magione                  n=56  median   1.74 m /   75.5 ms  p90    8.05 m /   284.0 ms  worst    36.24 m  within1  55.4%  within5  94.6%
step  3420/6000  loss  3.5642 (ce  2.267 aux  2.593 ref 0.0010)  train median    1.51 m   0.55 s/step
step  3440/6000  loss  4.0200 (ce  2.569 aux  2.900 ref 0.0024)  train median    1.99 m   0.55 s/step
step  3460/6000  loss  4.3384 (ce  2.797 aux  3.081 ref 0.0014)  train median    2.90 m   0.55 s/step
step  3480/6000  loss  4.6901 (ce  3.032 aux  3.316 ref 0.0009)  train median    6.84 m   0.55 s/step
step  3500/6000  loss  3.5220 (ce  2.274 aux  2.496 ref 0.0009)  train median    1.73 m   0.55 s/step
step  3520/6000  loss  3.9719 (ce  2.449 aux  3.045 ref 0.0012)  train median    1.80 m   0.55 s/step
step  3540/6000  loss  4.2577 (ce  2.700 aux  3.113 ref 0.0017)  train median    3.08 m   0.55 s/step
step  3560/6000  loss  4.6357 (ce  3.053 aux  3.165 ref 0.0012)  train median    3.90 m   0.55 s/step
step  3580/6000  loss  3.5659 (ce  2.315 aux  2.501 ref 0.0011)  train median    1.72 m   0.55 s/step
step  3600/6000  loss  4.5750 (ce  2.808 aux  3.532 ref 0.0021)  train median    6.66 m   0.55 s/step
  eval  n=192  median   1.91 m /   64.5 ms  p90    6.58 m /   231.7 ms  worst    38.98 m  within1  52.1%  within5  96.9%
        ks_black_cat_county__layout_short n=32  median   2.30 m /   76.8 ms  p90    9.15 m /   273.9 ms  worst    16.82 m  within1  46.9%  within5  90.6%
        ks_brands_hatch__indy    n=32  median   1.28 m /   43.4 ms  p90    4.26 m /   108.9 ms  worst     9.61 m  within1  56.2%  within5 100.0%
        ks_red_bull_ring__layout_national n=24  median   1.91 m /   64.5 ms  p90    6.81 m /   150.4 ms  worst     7.40 m  within1  50.0%  within5 100.0%
        ks_vallelunga__club_circuit n=48  median   1.52 m /   53.3 ms  p90    5.42 m /   181.3 ms  worst    10.56 m  within1  58.3%  within5  97.9%
        magione                  n=56  median   2.17 m /   81.1 ms  p90    7.71 m /   273.4 ms  worst    38.98 m  within1  48.2%  within5  96.4%
step  3620/6000  loss  3.7297 (ce  2.405 aux  2.649 ref 0.0007)  train median    1.04 m   0.55 s/step
step  3640/6000  loss  5.8239 (ce  3.928 aux  3.791 ref 0.0009)  train median    8.30 m   0.55 s/step
step  3660/6000  loss  3.8297 (ce  2.434 aux  2.790 ref 0.0010)  train median    1.96 m   0.55 s/step
step  3680/6000  loss  4.5618 (ce  2.999 aux  3.123 ref 0.0028)  train median    3.90 m   0.55 s/step
step  3700/6000  loss  4.3150 (ce  2.821 aux  2.985 ref 0.0022)  train median    3.36 m   0.55 s/step
step  3720/6000  loss  3.7463 (ce  2.383 aux  2.726 ref 0.0016)  train median    1.62 m   0.55 s/step
step  3740/6000  loss  3.6106 (ce  2.326 aux  2.569 ref 0.0011)  train median    1.45 m   0.55 s/step
step  3760/6000  loss  3.7778 (ce  2.381 aux  2.792 ref 0.0010)  train median    1.70 m   0.55 s/step
step  3780/6000  loss  3.5235 (ce  2.270 aux  2.507 ref 0.0009)  train median    1.38 m   0.55 s/step
step  3800/6000  loss  3.9638 (ce  2.532 aux  2.862 ref 0.0018)  train median    3.48 m   0.55 s/step
  eval  n=192  median   1.76 m /   63.2 ms  p90    6.61 m /   225.2 ms  worst    39.48 m  within1  53.1%  within5  97.4%
        ks_black_cat_county__layout_short n=32  median   2.44 m /   82.0 ms  p90    8.88 m /   222.0 ms  worst    27.16 m  within1  43.8%  within5  90.6%
        ks_brands_hatch__indy    n=32  median   1.62 m /   48.4 ms  p90    4.03 m /   110.1 ms  worst     5.93 m  within1  59.4%  within5 100.0%
        ks_red_bull_ring__layout_national n=24  median   1.65 m /   56.4 ms  p90    6.34 m /   141.5 ms  worst     9.67 m  within1  58.3%  within5 100.0%
        ks_vallelunga__club_circuit n=48  median   1.52 m /   55.3 ms  p90    6.35 m /   219.3 ms  worst     9.60 m  within1  60.4%  within5 100.0%
        magione                  n=56  median   2.06 m /   75.6 ms  p90    7.51 m /   270.6 ms  worst    39.48 m  within1  46.4%  within5  96.4%
step  3820/6000  loss  4.5961 (ce  3.015 aux  3.160 ref 0.0030)  train median    5.25 m   0.55 s/step
step  3840/6000  loss  4.5433 (ce  2.977 aux  3.130 ref 0.0027)  train median    4.33 m   0.55 s/step
step  3860/6000  loss  4.6982 (ce  2.959 aux  3.478 ref 0.0002)  train median    1.42 m   0.55 s/step
step  3880/6000  loss  3.9617 (ce  2.513 aux  2.897 ref 0.0015)  train median    2.33 m   0.55 s/step
step  3900/6000  loss  3.5218 (ce  2.247 aux  2.549 ref 0.0008)  train median    1.31 m   0.55 s/step
step  3920/6000  loss  4.9175 (ce  2.939 aux  3.957 ref 0.0003)  train median    3.21 m   0.55 s/step
step  3940/6000  loss  3.7796 (ce  2.308 aux  2.943 ref 0.0010)  train median    2.10 m   0.55 s/step
step  3960/6000  loss  4.7930 (ce  3.175 aux  3.233 ref 0.0023)  train median    4.57 m   0.55 s/step
step  3980/6000  loss  3.7815 (ce  2.371 aux  2.820 ref 0.0008)  train median    1.41 m   0.55 s/step
step  4000/6000  loss  4.5336 (ce  2.799 aux  3.469 ref 0.0008)  train median    3.95 m   0.55 s/step
  eval  n=192  median   1.87 m /   63.3 ms  p90    6.41 m /   212.9 ms  worst    38.11 m  within1  52.6%  within5  97.4%
        ks_black_cat_county__layout_short n=32  median   2.19 m /   68.7 ms  p90    8.67 m /   226.1 ms  worst    24.14 m  within1  43.8%  within5  90.6%
        ks_brands_hatch__indy    n=32  median   1.54 m /   48.7 ms  p90    3.82 m /   102.0 ms  worst     5.50 m  within1  68.8%  within5 100.0%
        ks_red_bull_ring__layout_national n=24  median   1.92 m /   65.5 ms  p90    6.75 m /   168.7 ms  worst     8.97 m  within1  54.2%  within5 100.0%
        ks_vallelunga__club_circuit n=48  median   1.86 m /   70.6 ms  p90    5.31 m /   188.4 ms  worst    11.46 m  within1  52.1%  within5  97.9%
        magione                  n=56  median   2.08 m /   80.9 ms  p90    6.44 m /   234.9 ms  worst    38.11 m  within1  48.2%  within5  98.2%
step  4020/6000  loss  3.9426 (ce  2.440 aux  3.003 ref 0.0019)  train median    3.63 m   0.55 s/step
step  4040/6000  loss  4.7821 (ce  3.077 aux  3.411 ref 0.0003)  train median    1.20 m   0.55 s/step
step  4060/6000  loss  4.5352 (ce  2.922 aux  3.225 ref 0.0022)  train median    3.61 m   0.55 s/step
step  4080/6000  loss  4.1295 (ce  2.538 aux  3.182 ref 0.0016)  train median    4.01 m   0.55 s/step
step  4100/6000  loss  3.5704 (ce  2.328 aux  2.484 ref 0.0011)  train median    1.02 m   0.55 s/step
step  4120/6000  loss  4.0462 (ce  2.619 aux  2.854 ref 0.0017)  train median    3.51 m   0.55 s/step
step  4140/6000  loss  4.0103 (ce  2.531 aux  2.958 ref 0.0013)  train median    2.20 m   0.55 s/step
step  4160/6000  loss  3.5813 (ce  2.310 aux  2.542 ref 0.0006)  train median    0.98 m   0.55 s/step
step  4180/6000  loss  3.5728 (ce  2.306 aux  2.532 ref 0.0012)  train median    2.15 m   0.55 s/step
step  4200/6000  loss  3.5419 (ce  2.307 aux  2.468 ref 0.0011)  train median    1.59 m   0.55 s/step
  eval  n=192  median   1.86 m /   66.5 ms  p90    6.54 m /   196.1 ms  worst    64.47 m  within1  53.1%  within5  97.9%
        ks_black_cat_county__layout_short n=32  median   2.41 m /   69.6 ms  p90    9.44 m /   257.5 ms  worst    64.47 m  within1  40.6%  within5  90.6%
        ks_brands_hatch__indy    n=32  median   1.43 m /   47.5 ms  p90    4.54 m /   106.4 ms  worst     8.44 m  within1  68.8%  within5 100.0%
        ks_red_bull_ring__layout_national n=24  median   1.97 m /   68.4 ms  p90    6.55 m /   164.6 ms  worst     8.15 m  within1  50.0%  within5 100.0%
        ks_vallelunga__club_circuit n=48  median   1.76 m /   67.6 ms  p90    5.23 m /   191.1 ms  worst     8.85 m  within1  58.3%  within5 100.0%
        magione                  n=56  median   2.24 m /   81.9 ms  p90    6.32 m /   220.8 ms  worst    11.31 m  within1  48.2%  within5  98.2%
step  4220/6000  loss  4.0842 (ce  2.464 aux  3.240 ref 0.0004)  train median    1.92 m   0.55 s/step
step  4240/6000  loss  4.4921 (ce  2.723 aux  3.538 ref 0.0005)  train median    1.79 m   0.55 s/step
step  4260/6000  loss  3.8367 (ce  2.505 aux  2.662 ref 0.0017)  train median    2.73 m   0.55 s/step
step  4280/6000  loss  3.6068 (ce  2.339 aux  2.534 ref 0.0011)  train median    1.52 m   0.55 s/step
step  4300/6000  loss  4.1873 (ce  2.766 aux  2.841 ref 0.0012)  train median    2.54 m   0.55 s/step
step  4320/6000  loss  4.2419 (ce  2.616 aux  3.252 ref 0.0005)  train median    2.54 m   0.55 s/step
step  4340/6000  loss  3.6375 (ce  2.312 aux  2.650 ref 0.0007)  train median    0.58 m   0.55 s/step
step  4360/6000  loss  3.5995 (ce  2.348 aux  2.501 ref 0.0014)  train median    2.35 m   0.55 s/step
step  4380/6000  loss  4.1125 (ce  2.624 aux  2.975 ref 0.0019)  train median    2.68 m   0.54 s/step
step  4400/6000  loss  4.3024 (ce  2.689 aux  3.225 ref 0.0022)  train median    4.24 m   0.54 s/step
  eval  n=192  median   1.97 m /   66.9 ms  p90    5.93 m /   195.0 ms  worst    62.32 m  within1  51.0%  within5  96.9%
        ks_black_cat_county__layout_short n=32  median   2.43 m /   79.1 ms  p90    8.06 m /   210.9 ms  worst    62.32 m  within1  40.6%  within5  90.6%
        ks_brands_hatch__indy    n=32  median   1.26 m /   41.4 ms  p90    3.31 m /    88.5 ms  worst     8.86 m  within1  65.6%  within5 100.0%
        ks_red_bull_ring__layout_national n=24  median   2.17 m /   65.9 ms  p90    4.21 m /   103.7 ms  worst    10.27 m  within1  41.7%  within5  95.8%
        ks_vallelunga__club_circuit n=48  median   1.59 m /   55.9 ms  p90    6.00 m /   176.7 ms  worst     9.09 m  within1  60.4%  within5 100.0%
        magione                  n=56  median   2.24 m /   74.9 ms  p90    6.05 m /   224.9 ms  worst    38.82 m  within1  44.6%  within5  96.4%
step  4420/6000  loss  3.8926 (ce  2.519 aux  2.744 ref 0.0020)  train median    1.38 m   0.55 s/step
step  4440/6000  loss  5.0088 (ce  3.201 aux  3.615 ref 0.0008)  train median    6.53 m   0.55 s/step
step  4460/6000  loss  3.7079 (ce  2.279 aux  2.857 ref 0.0011)  train median    1.69 m   0.55 s/step
step  4480/6000  loss  3.4578 (ce  2.223 aux  2.468 ref 0.0007)  train median    1.20 m   0.56 s/step
step  4500/6000  loss  3.7236 (ce  2.394 aux  2.658 ref 0.0009)  train median    1.67 m   0.56 s/step
step  4520/6000  loss  4.1603 (ce  2.572 aux  3.177 ref 0.0008)  train median    1.15 m   0.56 s/step
step  4540/6000  loss  4.2474 (ce  2.791 aux  2.912 ref 0.0012)  train median    2.83 m   0.56 s/step
step  4560/6000  loss  3.9546 (ce  2.502 aux  2.904 ref 0.0016)  train median    2.45 m   0.57 s/step
step  4580/6000  loss  3.8638 (ce  2.428 aux  2.871 ref 0.0011)  train median    2.49 m   0.57 s/step
step  4600/6000  loss  4.4167 (ce  2.922 aux  2.988 ref 0.0011)  train median    2.47 m   0.57 s/step
  eval  n=192  median   1.79 m /   62.3 ms  p90    5.93 m /   207.8 ms  worst    38.55 m  within1  54.7%  within5  97.9%
        ks_black_cat_county__layout_short n=32  median   2.20 m /   63.9 ms  p90    6.85 m /   212.5 ms  worst    27.24 m  within1  46.9%  within5  90.6%
        ks_brands_hatch__indy    n=32  median   1.51 m /   34.5 ms  p90    3.24 m /    83.4 ms  worst     9.82 m  within1  71.9%  within5 100.0%
        ks_red_bull_ring__layout_national n=24  median   2.09 m /   59.7 ms  p90    4.68 m /   124.3 ms  worst     9.45 m  within1  45.8%  within5 100.0%
        ks_vallelunga__club_circuit n=48  median   1.53 m /   57.8 ms  p90    6.18 m /   179.4 ms  worst     8.70 m  within1  60.4%  within5 100.0%
        magione                  n=56  median   2.06 m /   67.3 ms  p90    6.39 m /   229.8 ms  worst    38.55 m  within1  48.2%  within5  98.2%
step  4620/6000  loss  3.7873 (ce  2.394 aux  2.785 ref 0.0016)  train median    2.81 m   0.57 s/step
step  4640/6000  loss  4.1966 (ce  2.619 aux  3.154 ref 0.0015)  train median    2.98 m   0.58 s/step
step  4660/6000  loss  3.9104 (ce  2.386 aux  3.047 ref 0.0009)  train median    2.07 m   0.58 s/step
step  4680/6000  loss  3.8307 (ce  2.412 aux  2.836 ref 0.0011)  train median    1.80 m   0.58 s/step
step  4700/6000  loss  4.1976 (ce  2.699 aux  2.996 ref 0.0012)  train median    1.87 m   0.58 s/step
step  4720/6000  loss  3.6895 (ce  2.386 aux  2.605 ref 0.0012)  train median    3.18 m   0.58 s/step
step  4740/6000  loss  4.0440 (ce  2.556 aux  2.975 ref 0.0017)  train median    3.20 m   0.59 s/step
step  4760/6000  loss  4.2104 (ce  2.699 aux  3.021 ref 0.0024)  train median    4.19 m   0.59 s/step
step  4780/6000  loss  4.5690 (ce  2.874 aux  3.389 ref 0.0005)  train median    3.72 m   0.59 s/step
step  4800/6000  loss  4.0932 (ce  2.504 aux  3.177 ref 0.0013)  train median    1.53 m   0.59 s/step
  eval  n=192  median   1.75 m /   64.0 ms  p90    5.35 m /   181.9 ms  worst    38.18 m  within1  53.1%  within5  97.9%
        ks_black_cat_county__layout_short n=32  median   2.01 m /   67.6 ms  p90    6.90 m /   244.0 ms  worst    27.44 m  within1  50.0%  within5  90.6%
        ks_brands_hatch__indy    n=32  median   1.33 m /   38.9 ms  p90    3.84 m /    88.7 ms  worst     4.62 m  within1  62.5%  within5 100.0%
        ks_red_bull_ring__layout_national n=24  median   1.75 m /   56.5 ms  p90    4.11 m /   102.8 ms  worst     9.54 m  within1  58.3%  within5 100.0%
        ks_vallelunga__club_circuit n=48  median   1.57 m /   62.0 ms  p90    5.27 m /   177.6 ms  worst     9.12 m  within1  54.2%  within5 100.0%
        magione                  n=56  median   2.15 m /   80.9 ms  p90    5.50 m /   194.4 ms  worst    38.18 m  within1  46.4%  within5  98.2%
step  4820/6000  loss  3.6966 (ce  2.273 aux  2.846 ref 0.0006)  train median    0.97 m   0.60 s/step
step  4840/6000  loss  4.7078 (ce  3.146 aux  3.121 ref 0.0021)  train median    5.13 m   0.60 s/step
step  4860/6000  loss  3.5619 (ce  2.289 aux  2.545 ref 0.0008)  train median    2.07 m   0.60 s/step
step  4880/6000  loss  3.8845 (ce  2.430 aux  2.908 ref 0.0009)  train median    2.82 m   0.60 s/step
step  4900/6000  loss  3.8508 (ce  2.431 aux  2.838 ref 0.0008)  train median    2.93 m   0.60 s/step
step  4920/6000  loss  3.7230 (ce  2.366 aux  2.712 ref 0.0015)  train median    2.35 m   0.61 s/step
step  4940/6000  loss  3.8864 (ce  2.507 aux  2.757 ref 0.0021)  train median    2.00 m   0.61 s/step
step  4960/6000  loss  4.1708 (ce  2.726 aux  2.887 ref 0.0027)  train median    3.16 m   0.61 s/step
step  4980/6000  loss  4.6096 (ce  2.807 aux  3.605 ref 0.0008)  train median    5.15 m   0.61 s/step
step  5000/6000  loss  4.2116 (ce  2.713 aux  2.995 ref 0.0016)  train median    2.75 m   0.61 s/step
  eval  n=192  median   1.90 m /   63.9 ms  p90    5.32 m /   196.5 ms  worst    38.66 m  within1  51.6%  within5  96.9%
        ks_black_cat_county__layout_short n=32  median   1.90 m /   62.3 ms  p90   10.49 m /   205.1 ms  worst    25.79 m  within1  53.1%  within5  87.5%
        ks_brands_hatch__indy    n=32  median   1.50 m /   44.6 ms  p90    3.93 m /   100.7 ms  worst     8.44 m  within1  62.5%  within5 100.0%
        ks_red_bull_ring__layout_national n=24  median   1.93 m /   55.2 ms  p90    3.76 m /   103.1 ms  worst    10.45 m  within1  50.0%  within5  95.8%
        ks_vallelunga__club_circuit n=48  median   1.81 m /   62.4 ms  p90    5.87 m /   197.0 ms  worst     8.76 m  within1  58.3%  within5 100.0%
        magione                  n=56  median   2.31 m /   77.7 ms  p90    5.33 m /   202.0 ms  worst    38.66 m  within1  39.3%  within5  98.2%
step  5020/6000  loss  4.4557 (ce  2.948 aux  3.013 ref 0.0016)  train median    3.59 m   0.61 s/step
step  5040/6000  loss  3.5315 (ce  2.262 aux  2.539 ref 0.0006)  train median    0.66 m   0.61 s/step
step  5060/6000  loss  3.9346 (ce  2.481 aux  2.906 ref 0.0012)  train median    1.73 m   0.62 s/step
step  5080/6000  loss  3.5836 (ce  2.336 aux  2.494 ref 0.0013)  train median    3.11 m   0.62 s/step
step  5100/6000  loss  4.2495 (ce  2.721 aux  3.055 ref 0.0014)  train median    1.54 m   0.62 s/step
step  5120/6000  loss  4.0327 (ce  2.602 aux  2.859 ref 0.0022)  train median    3.06 m   0.62 s/step
step  5140/6000  loss  4.7849 (ce  2.991 aux  3.587 ref 0.0004)  train median    3.80 m   0.62 s/step
step  5160/6000  loss  5.0730 (ce  3.219 aux  3.707 ref 0.0006)  train median    2.60 m   0.63 s/step
step  5180/6000  loss  3.7604 (ce  2.340 aux  2.840 ref 0.0010)  train median    2.54 m   0.63 s/step
step  5200/6000  loss  3.4830 (ce  2.272 aux  2.420 ref 0.0011)  train median    2.15 m   0.63 s/step
  eval  n=192  median   1.68 m /   59.6 ms  p90    6.09 m /   201.9 ms  worst    37.05 m  within1  57.3%  within5  97.4%
        ks_black_cat_county__layout_short n=32  median   2.20 m /   63.8 ms  p90   10.55 m /   207.9 ms  worst    22.55 m  within1  50.0%  within5  87.5%
        ks_brands_hatch__indy    n=32  median   1.36 m /   37.9 ms  p90    3.55 m /    87.4 ms  worst     8.59 m  within1  71.9%  within5 100.0%
        ks_red_bull_ring__layout_national n=24  median   1.70 m /   44.9 ms  p90    4.75 m /   121.3 ms  worst     9.80 m  within1  58.3%  within5 100.0%
        ks_vallelunga__club_circuit n=48  median   1.54 m /   51.2 ms  p90    5.59 m /   173.4 ms  worst     8.59 m  within1  60.4%  within5 100.0%
        magione                  n=56  median   2.01 m /   76.9 ms  p90    6.29 m /   223.1 ms  worst    37.05 m  within1  50.0%  within5  98.2%
step  5220/6000  loss  3.8144 (ce  2.391 aux  2.844 ref 0.0018)  train median    2.37 m   0.63 s/step
step  5240/6000  loss  3.9384 (ce  2.509 aux  2.858 ref 0.0015)  train median    3.70 m   0.63 s/step
step  5260/6000  loss  3.7162 (ce  2.395 aux  2.640 ref 0.0016)  train median    2.81 m   0.64 s/step
step  5280/6000  loss  4.4807 (ce  2.827 aux  3.305 ref 0.0031)  train median    5.94 m   0.64 s/step
step  5300/6000  loss  4.3368 (ce  2.745 aux  3.182 ref 0.0019)  train median    2.96 m   0.64 s/step
step  5320/6000  loss  3.9604 (ce  2.495 aux  2.928 ref 0.0020)  train median    1.63 m   0.64 s/step
step  5340/6000  loss  4.0951 (ce  2.559 aux  3.070 ref 0.0014)  train median    2.23 m   0.64 s/step
step  5360/6000  loss  4.3788 (ce  2.640 aux  3.477 ref 0.0005)  train median    1.55 m   0.65 s/step
step  5380/6000  loss  3.8208 (ce  2.459 aux  2.723 ref 0.0011)  train median    1.77 m   0.65 s/step
step  5400/6000  loss  4.9265 (ce  3.236 aux  3.380 ref 0.0012)  train median    2.94 m   0.65 s/step
  eval  n=192  median   1.67 m /   60.3 ms  p90    5.75 m /   197.7 ms  worst    37.26 m  within1  55.2%  within5  97.4%
        ks_black_cat_county__layout_short n=32  median   2.26 m /   63.6 ms  p90    9.95 m /   197.7 ms  worst    22.52 m  within1  46.9%  within5  87.5%
        ks_brands_hatch__indy    n=32  median   1.44 m /   43.5 ms  p90    3.60 m /    83.6 ms  worst     7.97 m  within1  71.9%  within5 100.0%
        ks_red_bull_ring__layout_national n=24  median   1.50 m /   33.4 ms  p90    4.39 m /   115.8 ms  worst     9.66 m  within1  62.5%  within5 100.0%
        ks_vallelunga__club_circuit n=48  median   1.47 m /   53.9 ms  p90    5.69 m /   180.9 ms  worst     8.82 m  within1  58.3%  within5 100.0%
        magione                  n=56  median   2.26 m /   83.4 ms  p90    5.65 m /   216.9 ms  worst    37.26 m  within1  44.6%  within5  98.2%
step  5420/6000  loss  4.1174 (ce  2.608 aux  3.019 ref 0.0003)  train median    2.00 m   0.65 s/step
step  5440/6000  loss  3.9473 (ce  2.515 aux  2.863 ref 0.0016)  train median    3.43 m   0.65 s/step
step  5460/6000  loss  3.7637 (ce  2.429 aux  2.668 ref 0.0016)  train median    1.91 m   0.65 s/step
step  5480/6000  loss  4.6903 (ce  3.026 aux  3.328 ref 0.0006)  train median    3.04 m   0.65 s/step
step  5500/6000  loss  3.4200 (ce  2.198 aux  2.444 ref 0.0005)  train median    0.79 m   0.65 s/step
step  5520/6000  loss  3.6766 (ce  2.269 aux  2.813 ref 0.0012)  train median    1.81 m   0.66 s/step
step  5540/6000  loss  4.3976 (ce  2.747 aux  3.299 ref 0.0023)  train median    4.51 m   0.66 s/step
step  5560/6000  loss  5.4357 (ce  3.369 aux  4.133 ref 0.0005)  train median    5.82 m   0.66 s/step
step  5580/6000  loss  4.0191 (ce  2.577 aux  2.883 ref 0.0018)  train median    2.91 m   0.66 s/step
step  5600/6000  loss  3.9562 (ce  2.487 aux  2.938 ref 0.0016)  train median    3.17 m   0.66 s/step
  eval  n=192  median   1.77 m /   63.0 ms  p90    5.47 m /   193.6 ms  worst    37.51 m  within1  53.1%  within5  97.4%
        ks_black_cat_county__layout_short n=32  median   2.33 m /   71.8 ms  p90    9.82 m /   194.7 ms  worst    23.76 m  within1  46.9%  within5  87.5%
        ks_brands_hatch__indy    n=32  median   1.28 m /   47.1 ms  p90    3.58 m /    94.9 ms  worst     7.70 m  within1  62.5%  within5 100.0%
        ks_red_bull_ring__layout_national n=24  median   1.36 m /   40.0 ms  p90    4.04 m /   106.8 ms  worst     9.63 m  within1  54.2%  within5 100.0%
        ks_vallelunga__club_circuit n=48  median   1.50 m /   52.7 ms  p90    5.61 m /   186.5 ms  worst     8.47 m  within1  60.4%  within5 100.0%
        magione                  n=56  median   2.18 m /   76.8 ms  p90    5.53 m /   206.4 ms  worst    37.51 m  within1  44.6%  within5  98.2%
step  5620/6000  loss  3.7601 (ce  2.343 aux  2.832 ref 0.0013)  train median    1.74 m   0.66 s/step
step  5640/6000  loss  4.0844 (ce  2.651 aux  2.866 ref 0.0011)  train median    2.55 m   0.66 s/step
step  5660/6000  loss  3.8257 (ce  2.423 aux  2.803 ref 0.0018)  train median    2.58 m   0.67 s/step
step  5680/6000  loss  3.5648 (ce  2.343 aux  2.443 ref 0.0013)  train median    1.41 m   0.67 s/step
step  5700/6000  loss  3.7074 (ce  2.409 aux  2.594 ref 0.0017)  train median    2.39 m   0.67 s/step
step  5720/6000  loss  3.6877 (ce  2.371 aux  2.632 ref 0.0008)  train median    0.91 m   0.67 s/step
step  5740/6000  loss  3.3174 (ce  2.178 aux  2.279 ref 0.0005)  train median    1.21 m   0.67 s/step
step  5760/6000  loss  4.1250 (ce  2.593 aux  3.063 ref 0.0017)  train median    3.13 m   0.67 s/step
step  5780/6000  loss  4.1234 (ce  2.671 aux  2.903 ref 0.0021)  train median    4.99 m   0.67 s/step
step  5800/6000  loss  3.4983 (ce  2.282 aux  2.432 ref 0.0012)  train median    2.18 m   0.68 s/step
  eval  n=192  median   1.61 m /   61.3 ms  p90    5.90 m /   196.8 ms  worst    37.07 m  within1  54.7%  within5  97.4%
        ks_black_cat_county__layout_short n=32  median   2.28 m /   63.7 ms  p90   10.41 m /   205.8 ms  worst    22.43 m  within1  46.9%  within5  87.5%
        ks_brands_hatch__indy    n=32  median   1.35 m /   41.9 ms  p90    3.68 m /    93.2 ms  worst     7.55 m  within1  71.9%  within5 100.0%
        ks_red_bull_ring__layout_national n=24  median   1.60 m /   37.2 ms  p90    4.58 m /   119.0 ms  worst     9.13 m  within1  54.2%  within5 100.0%
        ks_vallelunga__club_circuit n=48  median   1.40 m /   61.3 ms  p90    5.60 m /   170.1 ms  worst     8.29 m  within1  56.2%  within5 100.0%
        magione                  n=56  median   2.22 m /   81.1 ms  p90    5.92 m /   217.3 ms  worst    37.07 m  within1  48.2%  within5  98.2%
step  5820/6000  loss  4.4367 (ce  2.927 aux  3.019 ref 0.0012)  train median    2.65 m   0.68 s/step
step  5840/6000  loss  3.5260 (ce  2.223 aux  2.607 ref 0.0005)  train median    0.70 m   0.68 s/step
step  5860/6000  loss  4.0036 (ce  2.520 aux  2.967 ref 0.0015)  train median    2.43 m   0.68 s/step
step  5880/6000  loss  4.0438 (ce  2.636 aux  2.814 ref 0.0020)  train median    4.55 m   0.68 s/step
step  5900/6000  loss  3.7319 (ce  2.357 aux  2.749 ref 0.0010)  train median    1.49 m   0.68 s/step
step  5920/6000  loss  4.6335 (ce  2.851 aux  3.565 ref 0.0006)  train median    3.42 m   0.68 s/step
step  5940/6000  loss  4.0700 (ce  2.510 aux  3.120 ref 0.0009)  train median    1.79 m   0.68 s/step
step  5960/6000  loss  3.5752 (ce  2.248 aux  2.655 ref 0.0007)  train median    1.16 m   0.68 s/step
step  5980/6000  loss  4.0512 (ce  2.511 aux  3.080 ref 0.0002)  train median    1.10 m   0.68 s/step
step  6000/6000  loss  4.0067 (ce  2.465 aux  3.082 ref 0.0012)  train median    2.63 m   0.68 s/step
  eval  n=192  median   1.63 m /   60.7 ms  p90    5.87 m /   194.9 ms  worst    37.14 m  within1  55.7%  within5  97.4%
        ks_black_cat_county__layout_short n=32  median   2.37 m /   63.1 ms  p90   10.31 m /   204.1 ms  worst    22.47 m  within1  46.9%  within5  87.5%
        ks_brands_hatch__indy    n=32  median   1.36 m /   42.0 ms  p90    3.75 m /    91.4 ms  worst     7.58 m  within1  71.9%  within5 100.0%
        ks_red_bull_ring__layout_national n=24  median   1.50 m /   33.9 ms  p90    4.49 m /   117.5 ms  worst     9.22 m  within1  58.3%  within5 100.0%
        ks_vallelunga__club_circuit n=48  median   1.41 m /   59.8 ms  p90    5.61 m /   172.8 ms  worst     8.30 m  within1  58.3%  within5 100.0%
        magione                  n=56  median   2.26 m /   82.3 ms  p90    5.86 m /   214.8 ms  worst    37.14 m  within1  48.2%  within5  98.2%

best eval median 1.61 m; artifacts in /Users/pvodopija/code/primal/runs/recipe_p3
