gate g1: held-out laps of seen tracks; full augmentation
train tracks ['ks_black_cat_county__layout_short', 'ks_brands_hatch__indy', 'ks_highlands__layout_short', 'ks_laguna_seca', 'ks_monza66__junior', 'ks_nurburgring__layout_sprint_a', 'ks_red_bull_ring__layout_national', 'ks_vallelunga__club_circuit', 'magione'] (284 laps usable)
eval  tracks ['ks_black_cat_county__layout_short', 'ks_brands_hatch__indy', 'ks_highlands__layout_short', 'ks_laguna_seca', 'ks_monza66__junior', 'ks_nurburgring__layout_sprint_a', 'ks_red_bull_ring__layout_national', 'ks_vallelunga__club_circuit', 'magione'], split=train
held out as live-only: ['ks_black_cat_county__layout_short__20260923T183526Z__lap07', 'ks_brands_hatch__indy__20260921T221531Z__lap02', 'ks_highlands__layout_short__20260928T005654Z__lap54', 'ks_laguna_seca__default__20260928T123110Z__lap12', 'ks_monza66__junior__20260928T093530Z__lap14', 'ks_nurburgring__layout_sprint_a__20260928T103410Z__lap12', 'ks_red_bull_ring__layout_national__20260923T174436Z__lap11', 'ks_vallelunga__club_circuit__20260922T223945Z__lap07', 'magione__default__20260922T231051Z__lap06']
frame 148x80, reference bins 3227
model 0.67M params on mps

step     1/6000  loss 10.0862 (ce  6.768 aux  6.635 ref 0.0000)  train median  636.92 m   1.76 s/step
step    20/6000  loss 10.3792 (ce  7.175 aux  6.408 ref 0.0000)  train median  437.48 m   0.45 s/step
step    40/6000  loss 10.7888 (ce  7.545 aux  6.487 ref 0.0000)  train median  935.39 m   0.45 s/step
step    60/6000  loss 10.9894 (ce  7.785 aux  6.409 ref 0.0000)  train median  189.91 m   0.50 s/step
step    80/6000  loss  9.1812 (ce  6.416 aux  5.526 ref 0.0051)  train median   43.47 m   0.46 s/step
step   100/6000  loss  8.9167 (ce  6.256 aux  5.319 ref 0.0023)  train median   71.15 m   0.44 s/step
step   120/6000  loss  8.1609 (ce  5.659 aux  5.002 ref 0.0019)  train median   42.99 m   0.43 s/step
step   140/6000  loss  8.0998 (ce  5.627 aux  4.944 ref 0.0025)  train median   78.30 m   0.43 s/step
step   160/6000  loss  8.3828 (ce  5.666 aux  5.430 ref 0.0037)  train median   14.06 m   0.43 s/step
step   180/6000  loss  8.8101 (ce  5.905 aux  5.810 ref 0.0000)  train median   51.17 m   0.43 s/step
step   200/6000  loss  8.0889 (ce  5.351 aux  5.473 ref 0.0019)  train median  122.15 m   0.43 s/step
  eval  n=192  median  20.09 m /  629.2 ms  p90  706.32 m / 21711.7 ms  worst  2674.94 m  within1   9.9%  within5  39.1%
        ks_black_cat_county__layout_short n=16  median 361.25 m / 9044.6 ms  p90 1633.55 m / 48046.0 ms  worst  2674.94 m  within1   0.0%  within5  18.8%
        ks_brands_hatch__indy    n=24  median  87.91 m / 2220.4 ms  p90  357.29 m /  9967.7 ms  worst   936.19 m  within1   4.2%  within5  25.0%
        ks_highlands__layout_short n=24  median   9.09 m /  278.8 ms  p90  222.11 m /  6754.1 ms  worst   754.42 m  within1  16.7%  within5  50.0%
        ks_laguna_seca           n=8  median   4.07 m /  119.8 ms  p90  371.58 m / 11042.9 ms  worst  1193.21 m  within1  12.5%  within5  75.0%
        ks_monza66__junior       n=24  median  12.68 m /  428.7 ms  p90  141.14 m /  2950.4 ms  worst   258.48 m  within1   8.3%  within5  45.8%
        ks_nurburgring__layout_sprint_a n=40  median  27.40 m /  721.2 ms  p90  821.09 m / 21910.6 ms  worst  1344.03 m  within1  17.5%  within5  30.0%
        ks_red_bull_ring__layout_national n=8  median  34.26 m /  887.1 ms  p90  215.84 m /  5332.0 ms  worst   621.26 m  within1   0.0%  within5  25.0%
        ks_vallelunga__club_circuit n=16  median  10.05 m /  281.7 ms  p90  807.77 m / 25750.8 ms  worst   819.44 m  within1  12.5%  within5  50.0%
        magione                  n=32  median  12.58 m /  484.1 ms  p90  418.11 m / 10453.5 ms  worst  1134.34 m  within1   6.2%  within5  46.9%
step   220/6000  loss  8.1966 (ce  5.498 aux  5.398 ref 0.0005)  train median  140.00 m   0.46 s/step
step   240/6000  loss  6.2879 (ce  4.020 aux  4.533 ref 0.0020)  train median    3.28 m   0.44 s/step
step   260/6000  loss  8.0284 (ce  5.154 aux  5.748 ref 0.0008)  train median   13.82 m   0.45 s/step
step   280/6000  loss  8.2259 (ce  5.489 aux  5.471 ref 0.0019)  train median   15.59 m   0.45 s/step
step   300/6000  loss  6.6998 (ce  4.329 aux  4.738 ref 0.0042)  train median   16.13 m   0.44 s/step
step   320/6000  loss  8.1379 (ce  5.406 aux  5.462 ref 0.0020)  train median  151.66 m   0.44 s/step
step   340/6000  loss  6.1834 (ce  3.957 aux  4.451 ref 0.0020)  train median    5.38 m   0.44 s/step
step   360/6000  loss  6.2811 (ce  3.861 aux  4.839 ref 0.0013)  train median    3.18 m   0.45 s/step
step   380/6000  loss  7.1557 (ce  4.685 aux  4.938 ref 0.0032)  train median   16.64 m   0.44 s/step
step   400/6000  loss  8.6523 (ce  5.672 aux  5.959 ref 0.0008)  train median  173.40 m   0.44 s/step
  eval  n=192  median   9.40 m /  294.9 ms  p90  514.32 m / 14315.5 ms  worst  1505.96 m  within1  16.1%  within5  51.0%
        ks_black_cat_county__layout_short n=16  median  34.02 m /  752.6 ms  p90  497.16 m / 11685.8 ms  worst   589.78 m  within1  18.8%  within5  43.8%
        ks_brands_hatch__indy    n=24  median  10.03 m /  320.0 ms  p90  131.28 m /  3103.3 ms  worst   901.04 m  within1   8.3%  within5  50.0%
        ks_highlands__layout_short n=24  median   4.56 m /  127.7 ms  p90   19.39 m /   519.7 ms  worst   626.55 m  within1  29.2%  within5  83.3%
        ks_laguna_seca           n=8  median   6.69 m /  156.0 ms  p90   18.89 m /   512.2 ms  worst    30.57 m  within1  37.5%  within5  50.0%
        ks_monza66__junior       n=24  median   6.83 m /  171.4 ms  p90   57.13 m /  1249.2 ms  worst   182.56 m  within1  12.5%  within5  58.3%
        ks_nurburgring__layout_sprint_a n=40  median  24.71 m /  606.8 ms  p90 1023.29 m / 32402.8 ms  worst  1505.96 m  within1   0.0%  within5  20.0%
        ks_red_bull_ring__layout_national n=8  median  14.89 m /  420.8 ms  p90   45.15 m /  1304.5 ms  worst    51.47 m  within1   0.0%  within5  25.0%
        ks_vallelunga__club_circuit n=16  median   2.71 m /   96.2 ms  p90  721.76 m / 28281.5 ms  worst   740.23 m  within1  31.2%  within5  68.8%
        magione                  n=32  median   5.10 m /  263.5 ms  p90  134.38 m /  4497.9 ms  worst   901.48 m  within1  25.0%  within5  62.5%
step   420/6000  loss  7.5911 (ce  4.759 aux  5.664 ref 0.0006)  train median  545.57 m   0.45 s/step
step   440/6000  loss  6.9031 (ce  4.270 aux  5.264 ref 0.0021)  train median   11.22 m   0.45 s/step
step   460/6000  loss  9.6054 (ce  6.493 aux  6.224 ref 0.0014)  train median  399.64 m   0.45 s/step
step   480/6000  loss  7.0883 (ce  4.716 aux  4.741 ref 0.0033)  train median   43.23 m   0.46 s/step
step   500/6000  loss  5.3501 (ce  3.204 aux  4.289 ref 0.0033)  train median    7.39 m   0.46 s/step
step   520/6000  loss  8.3759 (ce  5.425 aux  5.900 ref 0.0008)  train median   17.03 m   0.46 s/step
step   540/6000  loss  6.4619 (ce  4.167 aux  4.587 ref 0.0030)  train median   20.82 m   0.46 s/step
step   560/6000  loss  5.1471 (ce  3.022 aux  4.248 ref 0.0016)  train median    4.92 m   0.46 s/step
step   580/6000  loss  6.0744 (ce  3.906 aux  4.334 ref 0.0029)  train median    8.55 m   0.46 s/step
step   600/6000  loss  6.2934 (ce  3.969 aux  4.646 ref 0.0024)  train median    7.50 m   0.46 s/step
  eval  n=192  median   7.13 m /  209.3 ms  p90  136.42 m /  3232.6 ms  worst  1760.84 m  within1  20.3%  within5  57.8%
        ks_black_cat_county__layout_short n=16  median  11.04 m /  333.5 ms  p90 1232.97 m / 35197.9 ms  worst  1760.84 m  within1  12.5%  within5  43.8%
        ks_brands_hatch__indy    n=24  median   8.89 m /  321.8 ms  p90  157.95 m /  4120.5 ms  worst   535.95 m  within1  12.5%  within5  54.2%
        ks_highlands__layout_short n=24  median   3.20 m /   93.3 ms  p90   56.55 m /  1630.3 ms  worst   627.35 m  within1  29.2%  within5  75.0%
        ks_laguna_seca           n=8  median   3.60 m /   83.4 ms  p90   18.49 m /   517.1 ms  worst    29.72 m  within1  50.0%  within5  62.5%
        ks_monza66__junior       n=24  median   6.48 m /  171.4 ms  p90   55.81 m /  1182.9 ms  worst   734.42 m  within1  16.7%  within5  62.5%
        ks_nurburgring__layout_sprint_a n=40  median  12.48 m /  326.0 ms  p90  121.46 m /  3315.0 ms  worst  1042.37 m  within1  10.0%  within5  42.5%
        ks_red_bull_ring__layout_national n=8  median  17.57 m /  437.4 ms  p90   44.31 m /  1322.2 ms  worst    47.46 m  within1   0.0%  within5  25.0%
        ks_vallelunga__club_circuit n=16  median   5.21 m /  188.5 ms  p90  262.30 m /  8362.5 ms  worst   598.55 m  within1  25.0%  within5  56.2%
        magione                  n=32  median   2.50 m /   92.0 ms  p90   99.94 m /  3022.1 ms  worst   832.46 m  within1  34.4%  within5  78.1%
step   620/6000  loss  6.2864 (ce  4.068 aux  4.433 ref 0.0034)  train median   10.23 m   0.47 s/step
step   640/6000  loss  5.1911 (ce  3.292 aux  3.796 ref 0.0020)  train median    2.61 m   0.47 s/step
step   660/6000  loss  4.8684 (ce  3.123 aux  3.488 ref 0.0020)  train median    9.07 m   0.47 s/step
step   680/6000  loss  6.2510 (ce  3.816 aux  4.868 ref 0.0019)  train median    9.75 m   0.46 s/step
step   700/6000  loss  5.3239 (ce  3.318 aux  4.009 ref 0.0022)  train median    6.31 m   0.46 s/step
step   720/6000  loss  4.9821 (ce  3.075 aux  3.814 ref 0.0015)  train median    5.70 m   0.46 s/step
step   740/6000  loss  6.4990 (ce  4.183 aux  4.629 ref 0.0021)  train median   17.85 m   0.46 s/step
step   760/6000  loss  7.1782 (ce  4.567 aux  5.220 ref 0.0019)  train median   25.25 m   0.46 s/step
step   780/6000  loss  5.1254 (ce  3.218 aux  3.813 ref 0.0014)  train median    3.56 m   0.46 s/step
step   800/6000  loss  4.5935 (ce  2.832 aux  3.521 ref 0.0020)  train median    4.13 m   0.47 s/step
  eval  n=192  median   5.37 m /  179.6 ms  p90  173.26 m /  4858.4 ms  worst  2675.65 m  within1  22.4%  within5  65.6%
        ks_black_cat_county__layout_short n=16  median  27.99 m /  690.1 ms  p90 1409.18 m / 35396.3 ms  worst  2675.65 m  within1   6.2%  within5  50.0%
        ks_brands_hatch__indy    n=24  median   4.50 m /  145.4 ms  p90  150.04 m /  3966.0 ms  worst   797.89 m  within1  29.2%  within5  62.5%
        ks_highlands__layout_short n=24  median   3.20 m /   93.8 ms  p90   10.34 m /   379.9 ms  worst   838.92 m  within1  33.3%  within5  87.5%
        ks_laguna_seca           n=8  median   2.58 m /   67.2 ms  p90   13.04 m /   313.4 ms  worst    25.55 m  within1  37.5%  within5  87.5%
        ks_monza66__junior       n=24  median   5.36 m /  174.7 ms  p90   50.59 m /  1099.9 ms  worst   351.74 m  within1  25.0%  within5  66.7%
        ks_nurburgring__layout_sprint_a n=40  median  12.11 m /  336.6 ms  p90 1062.15 m / 35937.6 ms  worst  1506.77 m  within1   7.5%  within5  45.0%
        ks_red_bull_ring__layout_national n=8  median  15.59 m /  380.2 ms  p90   41.26 m /  1147.3 ms  worst    47.45 m  within1  12.5%  within5  50.0%
        ks_vallelunga__club_circuit n=16  median   3.34 m /  116.5 ms  p90   13.38 m /   384.0 ms  worst   452.48 m  within1  37.5%  within5  81.2%
        magione                  n=32  median   4.79 m /  169.1 ms  p90   55.24 m /  1638.8 ms  worst   578.46 m  within1  25.0%  within5  75.0%
step   820/6000  loss  5.2955 (ce  3.129 aux  4.330 ref 0.0025)  train median    5.54 m   0.47 s/step
step   840/6000  loss  5.3336 (ce  3.451 aux  3.763 ref 0.0018)  train median    3.92 m   0.47 s/step
step   860/6000  loss  8.3063 (ce  5.335 aux  5.941 ref 0.0008)  train median  588.48 m   0.47 s/step
step   880/6000  loss  6.3825 (ce  4.120 aux  4.523 ref 0.0010)  train median    6.02 m   0.47 s/step
step   900/6000  loss  5.6381 (ce  3.534 aux  4.207 ref 0.0020)  train median    6.70 m   0.47 s/step
step   920/6000  loss  5.2828 (ce  3.145 aux  4.275 ref 0.0014)  train median    6.81 m   0.47 s/step
step   940/6000  loss  8.0220 (ce  5.357 aux  5.329 ref 0.0009)  train median   31.69 m   0.47 s/step
step   960/6000  loss  6.8648 (ce  4.307 aux  5.114 ref 0.0009)  train median   13.09 m   0.47 s/step
step   980/6000  loss  5.9364 (ce  3.445 aux  4.981 ref 0.0017)  train median    3.40 m   0.47 s/step
step  1000/6000  loss  8.2275 (ce  5.435 aux  5.583 ref 0.0021)  train median   26.82 m   0.46 s/step
  eval  n=192  median   5.16 m /  154.7 ms  p90   53.62 m /  1476.6 ms  worst  1301.08 m  within1  23.4%  within5  68.2%
        ks_black_cat_county__layout_short n=16  median   5.92 m /  188.8 ms  p90  193.74 m /  4974.5 ms  worst   518.83 m  within1   6.2%  within5  56.2%
        ks_brands_hatch__indy    n=24  median   5.21 m /  205.4 ms  p90   96.90 m /  2375.1 ms  worst   170.09 m  within1  29.2%  within5  62.5%
        ks_highlands__layout_short n=24  median   2.92 m /   95.4 ms  p90   14.29 m /   387.3 ms  worst   629.39 m  within1  41.7%  within5  83.3%
        ks_laguna_seca           n=8  median   2.54 m /   60.2 ms  p90   17.03 m /   404.7 ms  worst    36.29 m  within1  37.5%  within5  87.5%
        ks_monza66__junior       n=24  median   7.69 m /  188.1 ms  p90   49.73 m /  1092.6 ms  worst   358.93 m  within1  25.0%  within5  66.7%
        ks_nurburgring__layout_sprint_a n=40  median   8.42 m /  240.8 ms  p90  276.70 m /  9570.6 ms  worst  1301.08 m  within1  10.0%  within5  57.5%
        ks_red_bull_ring__layout_national n=8  median  12.70 m /  315.5 ms  p90   25.21 m /   721.3 ms  worst    41.29 m  within1   0.0%  within5  37.5%
        ks_vallelunga__club_circuit n=16  median   3.17 m /  118.1 ms  p90   10.50 m /   300.0 ms  worst    13.09 m  within1  31.2%  within5  81.2%
        magione                  n=32  median   3.58 m /  111.7 ms  p90   81.55 m /  2645.3 ms  worst   902.99 m  within1  28.1%  within5  78.1%
step  1020/6000  loss  6.7329 (ce  4.285 aux  4.895 ref 0.0008)  train median   11.92 m   0.47 s/step
step  1040/6000  loss  4.7343 (ce  2.851 aux  3.765 ref 0.0007)  train median    3.98 m   0.47 s/step
step  1060/6000  loss  6.4092 (ce  4.262 aux  4.292 ref 0.0027)  train median    7.16 m   0.47 s/step
step  1080/6000  loss  4.6956 (ce  2.876 aux  3.637 ref 0.0014)  train median    3.10 m   0.47 s/step
step  1100/6000  loss  5.5964 (ce  3.495 aux  4.202 ref 0.0006)  train median    5.47 m   0.47 s/step
step  1120/6000  loss  5.4044 (ce  3.539 aux  3.729 ref 0.0023)  train median    6.13 m   0.47 s/step
step  1140/6000  loss  5.9091 (ce  3.646 aux  4.524 ref 0.0014)  train median    4.37 m   0.47 s/step
step  1160/6000  loss  5.6026 (ce  3.549 aux  4.105 ref 0.0018)  train median    7.55 m   0.47 s/step
step  1180/6000  loss  4.4859 (ce  2.826 aux  3.318 ref 0.0020)  train median    2.38 m   0.47 s/step
step  1200/6000  loss  4.7957 (ce  2.895 aux  3.800 ref 0.0016)  train median    2.84 m   0.47 s/step
  eval  n=192  median   5.04 m /  153.2 ms  p90   47.32 m /  1213.5 ms  worst  1483.23 m  within1  27.1%  within5  70.8%
        ks_black_cat_county__layout_short n=16  median  26.54 m /  739.6 ms  p90  512.68 m / 15154.6 ms  worst  1483.23 m  within1  12.5%  within5  43.8%
        ks_brands_hatch__indy    n=24  median   2.29 m /   74.8 ms  p90   12.36 m /   294.3 ms  worst   104.45 m  within1  45.8%  within5  83.3%
        ks_highlands__layout_short n=24  median   4.38 m /  114.6 ms  p90   11.30 m /   414.9 ms  worst   838.51 m  within1  33.3%  within5  75.0%
        ks_laguna_seca           n=8  median   4.44 m /  104.5 ms  p90    7.25 m /   169.4 ms  worst     8.14 m  within1  25.0%  within5 100.0%
        ks_monza66__junior       n=24  median   6.17 m /  172.9 ms  p90   45.82 m /  1039.8 ms  worst   218.74 m  within1  12.5%  within5  66.7%
        ks_nurburgring__layout_sprint_a n=40  median   9.04 m /  233.3 ms  p90   47.53 m /  1323.9 ms  worst  1012.89 m  within1  20.0%  within5  55.0%
        ks_red_bull_ring__layout_national n=8  median   8.67 m /  245.2 ms  p90   32.64 m /   933.1 ms  worst    47.04 m  within1  25.0%  within5  62.5%
        ks_vallelunga__club_circuit n=16  median   3.93 m /  152.3 ms  p90    7.75 m /   247.9 ms  worst    10.80 m  within1  18.8%  within5  93.8%
        magione                  n=32  median   2.89 m /  115.1 ms  p90  104.82 m /  2810.7 ms  worst   836.42 m  within1  40.6%  within5  78.1%
step  1220/6000  loss  4.2631 (ce  2.659 aux  3.207 ref 0.0019)  train median    4.25 m   0.47 s/step
step  1240/6000  loss  4.5947 (ce  2.945 aux  3.298 ref 0.0014)  train median    4.33 m   0.47 s/step
step  1260/6000  loss  5.8394 (ce  3.724 aux  4.229 ref 0.0009)  train median   25.61 m   0.47 s/step
step  1280/6000  loss  5.1911 (ce  3.298 aux  3.785 ref 0.0016)  train median    6.02 m   0.47 s/step
step  1300/6000  loss  4.1261 (ce  2.599 aux  3.052 ref 0.0016)  train median    1.29 m   0.47 s/step
step  1320/6000  loss  5.0405 (ce  3.077 aux  3.927 ref 0.0007)  train median    3.17 m   0.46 s/step
step  1340/6000  loss  4.9837 (ce  2.853 aux  4.260 ref 0.0007)  train median    3.07 m   0.46 s/step
step  1360/6000  loss  4.0613 (ce  2.356 aux  3.409 ref 0.0012)  train median    1.55 m   0.46 s/step
step  1380/6000  loss  5.0412 (ce  3.214 aux  3.655 ref 0.0007)  train median    1.37 m   0.47 s/step
step  1400/6000  loss  5.8427 (ce  3.706 aux  4.273 ref 0.0013)  train median    3.45 m   0.47 s/step
  eval  n=192  median   3.77 m /  120.0 ms  p90   28.22 m /   741.6 ms  worst  1319.73 m  within1  30.7%  within5  77.6%
        ks_black_cat_county__layout_short n=16  median   4.96 m /  125.2 ms  p90   49.73 m /  1195.3 ms  worst   516.92 m  within1  31.2%  within5  75.0%
        ks_brands_hatch__indy    n=24  median   4.99 m /  160.9 ms  p90   17.46 m /   479.5 ms  worst    73.56 m  within1  20.8%  within5  70.8%
        ks_highlands__layout_short n=24  median   2.46 m /   77.1 ms  p90    5.39 m /   191.0 ms  worst    11.40 m  within1  45.8%  within5  95.8%
        ks_laguna_seca           n=8  median   5.04 m /  115.7 ms  p90   14.63 m /   370.1 ms  worst    17.32 m  within1  12.5%  within5  75.0%
        ks_monza66__junior       n=24  median   3.86 m /  129.4 ms  p90   29.13 m /   653.4 ms  worst    43.11 m  within1  20.8%  within5  79.2%
        ks_nurburgring__layout_sprint_a n=40  median   6.71 m /  216.6 ms  p90   75.93 m /  2179.6 ms  worst  1319.73 m  within1  25.0%  within5  62.5%
        ks_red_bull_ring__layout_national n=8  median   8.53 m /  252.4 ms  p90   28.86 m /   701.1 ms  worst    51.24 m  within1  25.0%  within5  50.0%
        ks_vallelunga__club_circuit n=16  median   4.03 m /  131.5 ms  p90   12.59 m /   367.9 ms  worst    28.76 m  within1  31.2%  within5  81.2%
        magione                  n=32  median   2.37 m /   84.0 ms  p90    9.28 m /   263.9 ms  worst   112.61 m  within1  46.9%  within5  93.8%
step  1420/6000  loss  5.2557 (ce  3.234 aux  4.041 ref 0.0022)  train median    6.25 m   0.47 s/step
step  1440/6000  loss  5.1056 (ce  3.139 aux  3.931 ref 0.0030)  train median    8.59 m   0.47 s/step
step  1460/6000  loss  4.8982 (ce  2.926 aux  3.942 ref 0.0019)  train median    4.16 m   0.47 s/step
step  1480/6000  loss  6.0607 (ce  3.720 aux  4.680 ref 0.0014)  train median   15.28 m   0.47 s/step
step  1500/6000  loss  5.1340 (ce  3.084 aux  4.100 ref 0.0007)  train median    7.65 m   0.47 s/step
step  1520/6000  loss  5.7356 (ce  3.712 aux  4.044 ref 0.0028)  train median    4.90 m   0.47 s/step
step  1540/6000  loss  4.9556 (ce  3.163 aux  3.583 ref 0.0012)  train median    4.41 m   0.46 s/step
step  1560/6000  loss  6.5029 (ce  4.264 aux  4.475 ref 0.0019)  train median    6.19 m   0.46 s/step
step  1580/6000  loss  5.2493 (ce  3.159 aux  4.179 ref 0.0012)  train median    2.91 m   0.46 s/step
step  1600/6000  loss  4.6752 (ce  2.878 aux  3.592 ref 0.0022)  train median    2.81 m   0.46 s/step
  eval  n=192  median   3.36 m /  103.4 ms  p90   17.83 m /   523.1 ms  worst  1007.06 m  within1  31.8%  within5  81.2%
        ks_black_cat_county__layout_short n=16  median   5.86 m /  164.1 ms  p90  191.39 m /  4464.5 ms  worst   552.77 m  within1  12.5%  within5  62.5%
        ks_brands_hatch__indy    n=24  median   3.01 m /   99.0 ms  p90   13.42 m /   390.3 ms  worst    57.81 m  within1  37.5%  within5  83.3%
        ks_highlands__layout_short n=24  median   1.93 m /   52.9 ms  p90    7.30 m /   243.7 ms  worst    11.75 m  within1  54.2%  within5  95.8%
        ks_laguna_seca           n=8  median   3.18 m /   75.8 ms  p90   10.27 m /   259.7 ms  worst    12.40 m  within1  37.5%  within5  87.5%
        ks_monza66__junior       n=24  median   4.59 m /  126.6 ms  p90   26.94 m /   629.8 ms  worst    47.40 m  within1  16.7%  within5  79.2%
        ks_nurburgring__layout_sprint_a n=40  median   5.90 m /  196.0 ms  p90   45.02 m /  1505.8 ms  worst  1007.06 m  within1  17.5%  within5  65.0%
        ks_red_bull_ring__layout_national n=8  median   6.23 m /  219.9 ms  p90   24.81 m /   617.1 ms  worst    51.02 m  within1   0.0%  within5  75.0%
        ks_vallelunga__club_circuit n=16  median   3.70 m /   98.4 ms  p90   11.64 m /   373.9 ms  worst    19.24 m  within1  37.5%  within5  87.5%
        magione                  n=32  median   1.95 m /   76.4 ms  p90    4.86 m /   176.4 ms  worst    10.79 m  within1  53.1%  within5  96.9%
step  1620/6000  loss  4.8707 (ce  3.066 aux  3.606 ref 0.0024)  train median    4.40 m   0.46 s/step
step  1640/6000  loss  4.5668 (ce  2.805 aux  3.523 ref 0.0014)  train median    3.43 m   0.46 s/step
step  1660/6000  loss  4.3621 (ce  2.817 aux  3.088 ref 0.0014)  train median    1.84 m   0.46 s/step
step  1680/6000  loss  5.8247 (ce  3.829 aux  3.991 ref 0.0008)  train median    4.71 m   0.46 s/step
step  1700/6000  loss  5.4438 (ce  3.420 aux  4.045 ref 0.0019)  train median    5.88 m   0.46 s/step
step  1720/6000  loss  6.4555 (ce  3.978 aux  4.954 ref 0.0011)  train median    4.95 m   0.46 s/step
step  1740/6000  loss  4.9851 (ce  3.289 aux  3.390 ref 0.0018)  train median    6.43 m   0.46 s/step
step  1760/6000  loss  4.6059 (ce  2.977 aux  3.255 ref 0.0020)  train median    4.22 m   0.46 s/step
step  1780/6000  loss  6.1064 (ce  4.184 aux  3.843 ref 0.0026)  train median   10.87 m   0.46 s/step
step  1800/6000  loss  3.9137 (ce  2.409 aux  3.009 ref 0.0009)  train median    2.55 m   0.46 s/step
  eval  n=192  median   3.12 m /   97.4 ms  p90   19.79 m /   505.3 ms  worst  1014.41 m  within1  31.8%  within5  79.2%
        ks_black_cat_county__layout_short n=16  median   3.36 m /  106.8 ms  p90  147.84 m /  3430.8 ms  worst   517.02 m  within1  18.8%  within5  56.2%
        ks_brands_hatch__indy    n=24  median   3.30 m /  106.5 ms  p90    9.97 m /   261.3 ms  worst    12.66 m  within1  33.3%  within5  87.5%
        ks_highlands__layout_short n=24  median   2.23 m /   67.3 ms  p90   10.23 m /   371.8 ms  worst   111.67 m  within1  45.8%  within5  87.5%
        ks_laguna_seca           n=8  median   1.68 m /   43.6 ms  p90   11.53 m /   309.8 ms  worst    14.29 m  within1  50.0%  within5  75.0%
        ks_monza66__junior       n=24  median   3.60 m /   83.0 ms  p90   30.50 m /   663.4 ms  worst    41.93 m  within1  29.2%  within5  83.3%
        ks_nurburgring__layout_sprint_a n=40  median   5.37 m /  173.0 ms  p90   55.63 m /  1511.5 ms  worst  1014.41 m  within1  12.5%  within5  65.0%
        ks_red_bull_ring__layout_national n=8  median   4.67 m /  132.1 ms  p90   25.56 m /   668.5 ms  worst    46.04 m  within1  25.0%  within5  62.5%
        ks_vallelunga__club_circuit n=16  median   3.63 m /  116.9 ms  p90   10.01 m /   300.0 ms  worst    14.49 m  within1  18.8%  within5  87.5%
        magione                  n=32  median   1.82 m /   73.1 ms  p90    5.96 m /   214.4 ms  worst    20.12 m  within1  56.2%  within5  93.8%
step  1820/6000  loss  4.0608 (ce  2.557 aux  3.005 ref 0.0015)  train median    2.41 m   0.46 s/step
step  1840/6000  loss  3.9623 (ce  2.538 aux  2.847 ref 0.0017)  train median    2.65 m   0.46 s/step
step  1860/6000  loss  4.0106 (ce  2.427 aux  3.165 ref 0.0012)  train median    1.63 m   0.46 s/step
step  1880/6000  loss  5.4762 (ce  3.329 aux  4.293 ref 0.0014)  train median    5.45 m   0.46 s/step
step  1900/6000  loss  4.5600 (ce  2.822 aux  3.474 ref 0.0018)  train median    3.48 m   0.46 s/step
step  1920/6000  loss  6.1017 (ce  4.181 aux  3.840 ref 0.0004)  train median   19.95 m   0.46 s/step
step  1940/6000  loss  6.3747 (ce  4.052 aux  4.643 ref 0.0021)  train median    6.24 m   0.46 s/step
step  1960/6000  loss  4.7065 (ce  2.888 aux  3.635 ref 0.0015)  train median    2.80 m   0.46 s/step
step  1980/6000  loss  4.9799 (ce  3.048 aux  3.864 ref 0.0008)  train median    2.92 m   0.46 s/step
step  2000/6000  loss  4.6885 (ce  2.810 aux  3.756 ref 0.0014)  train median    3.20 m   0.46 s/step
  eval  n=192  median   3.21 m /  105.0 ms  p90   21.40 m /   635.0 ms  worst  1006.63 m  within1  34.4%  within5  82.3%
        ks_black_cat_county__layout_short n=16  median   5.27 m /  163.0 ms  p90   46.63 m /  1190.7 ms  worst   516.60 m  within1  18.8%  within5  68.8%
        ks_brands_hatch__indy    n=24  median   2.28 m /   80.4 ms  p90    6.46 m /   188.4 ms  worst     7.89 m  within1  45.8%  within5 100.0%
        ks_highlands__layout_short n=24  median   1.62 m /   45.9 ms  p90   10.48 m /   346.9 ms  worst   114.61 m  within1  62.5%  within5  83.3%
        ks_laguna_seca           n=8  median   2.71 m /   72.3 ms  p90   12.71 m /   326.7 ms  worst    13.51 m  within1  37.5%  within5  75.0%
        ks_monza66__junior       n=24  median   5.20 m /  152.8 ms  p90   32.38 m /   703.4 ms  worst    51.65 m  within1  16.7%  within5  79.2%
        ks_nurburgring__layout_sprint_a n=40  median   5.61 m /  152.7 ms  p90   35.21 m /   812.6 ms  worst  1006.63 m  within1  20.0%  within5  72.5%
        ks_red_bull_ring__layout_national n=8  median   5.52 m /  150.7 ms  p90   26.71 m /   769.5 ms  worst    36.27 m  within1   0.0%  within5  62.5%
        ks_vallelunga__club_circuit n=16  median   3.97 m /  126.5 ms  p90   10.06 m /   288.7 ms  worst    11.97 m  within1  25.0%  within5  87.5%
        magione                  n=32  median   1.77 m /   64.2 ms  p90    5.41 m /   241.5 ms  worst    56.87 m  within1  56.2%  within5  93.8%
step  2020/6000  loss  3.9679 (ce  2.466 aux  3.002 ref 0.0011)  train median    1.86 m   0.46 s/step
step  2040/6000  loss  3.8552 (ce  2.426 aux  2.857 ref 0.0010)  train median    1.07 m   0.46 s/step
step  2060/6000  loss  5.2504 (ce  3.428 aux  3.641 ref 0.0037)  train median    6.11 m   0.46 s/step
step  2080/6000  loss  5.0016 (ce  3.295 aux  3.412 ref 0.0017)  train median    7.19 m   0.46 s/step
step  2100/6000  loss  5.4446 (ce  3.518 aux  3.852 ref 0.0011)  train median    5.02 m   0.46 s/step
step  2120/6000  loss  4.2272 (ce  2.683 aux  3.088 ref 0.0009)  train median    2.16 m   0.46 s/step
step  2140/6000  loss  3.8429 (ce  2.532 aux  2.619 ref 0.0020)  train median    3.02 m   0.46 s/step
step  2160/6000  loss  4.6164 (ce  2.805 aux  3.621 ref 0.0014)  train median    4.03 m   0.46 s/step
step  2180/6000  loss  6.4012 (ce  4.270 aux  4.260 ref 0.0016)  train median    4.16 m   0.46 s/step
step  2200/6000  loss  4.7223 (ce  2.849 aux  3.745 ref 0.0020)  train median    5.36 m   0.46 s/step
  eval  n=192  median   3.75 m /  115.4 ms  p90   13.58 m /   384.6 ms  worst  1007.05 m  within1  30.7%  within5  87.0%
        ks_black_cat_county__layout_short n=16  median   7.37 m /  250.8 ms  p90  707.79 m / 19692.8 ms  worst   959.34 m  within1   6.2%  within5  62.5%
        ks_brands_hatch__indy    n=24  median   1.76 m /   56.8 ms  p90    4.42 m /   132.2 ms  worst     9.68 m  within1  54.2%  within5 100.0%
        ks_highlands__layout_short n=24  median   2.35 m /   68.3 ms  p90    8.14 m /   300.1 ms  worst    13.65 m  within1  50.0%  within5  91.7%
        ks_laguna_seca           n=8  median   5.06 m /  126.7 ms  p90    8.56 m /   225.1 ms  worst     9.38 m  within1  37.5%  within5 100.0%
        ks_monza66__junior       n=24  median   5.16 m /  132.9 ms  p90   25.19 m /   546.1 ms  worst    39.88 m  within1  20.8%  within5  79.2%
        ks_nurburgring__layout_sprint_a n=40  median   5.15 m /  157.4 ms  p90   37.39 m /   820.5 ms  worst  1007.05 m  within1  12.5%  within5  77.5%
        ks_red_bull_ring__layout_national n=8  median   5.20 m /  141.1 ms  p90   23.62 m /   597.7 ms  worst    53.87 m  within1  25.0%  within5  75.0%
        ks_vallelunga__club_circuit n=16  median   3.52 m /  117.1 ms  p90    6.88 m /   237.6 ms  worst    14.75 m  within1  18.8%  within5  93.8%
        magione                  n=32  median   2.17 m /   73.0 ms  p90    4.67 m /   164.7 ms  worst     8.27 m  within1  46.9%  within5 100.0%
step  2220/6000  loss  4.3047 (ce  2.783 aux  3.042 ref 0.0008)  train median    4.20 m   0.46 s/step
step  2240/6000  loss  5.0476 (ce  3.115 aux  3.864 ref 0.0015)  train median    2.87 m   0.46 s/step
step  2260/6000  loss  4.0963 (ce  2.548 aux  3.095 ref 0.0017)  train median    2.33 m   0.46 s/step
step  2280/6000  loss  5.0367 (ce  3.021 aux  4.030 ref 0.0017)  train median    3.81 m   0.46 s/step
step  2300/6000  loss  4.3800 (ce  2.808 aux  3.141 ref 0.0033)  train median    5.20 m   0.46 s/step
step  2320/6000  loss  4.8534 (ce  3.186 aux  3.334 ref 0.0012)  train median    3.30 m   0.46 s/step
step  2340/6000  loss  4.3739 (ce  2.761 aux  3.223 ref 0.0019)  train median    3.06 m   0.46 s/step
step  2360/6000  loss  6.7121 (ce  4.468 aux  4.485 ref 0.0019)  train median    8.97 m   0.46 s/step
step  2380/6000  loss  4.9237 (ce  3.051 aux  3.745 ref 0.0006)  train median    4.72 m   0.46 s/step
step  2400/6000  loss  5.4231 (ce  3.387 aux  4.071 ref 0.0008)  train median    4.41 m   0.46 s/step
  eval  n=192  median   3.53 m /  103.2 ms  p90   13.61 m /   351.8 ms  worst  1014.81 m  within1  33.9%  within5  85.4%
        ks_black_cat_county__layout_short n=16  median   5.21 m /  147.4 ms  p90   48.38 m /  1170.9 ms  worst   519.07 m  within1  18.8%  within5  81.2%
        ks_brands_hatch__indy    n=24  median   1.87 m /   68.0 ms  p90    9.32 m /   244.2 ms  worst    13.60 m  within1  54.2%  within5  91.7%
        ks_highlands__layout_short n=24  median   3.54 m /  103.5 ms  p90    7.39 m /   233.6 ms  worst    10.51 m  within1  33.3%  within5  95.8%
        ks_laguna_seca           n=8  median   3.11 m /   69.3 ms  p90   14.20 m /   380.7 ms  worst    21.88 m  within1  37.5%  within5  75.0%
        ks_monza66__junior       n=24  median   4.23 m /   94.8 ms  p90   23.07 m /   502.1 ms  worst    60.19 m  within1  20.8%  within5  75.0%
        ks_nurburgring__layout_sprint_a n=40  median   4.80 m /  133.6 ms  p90   36.39 m /   909.5 ms  worst  1014.81 m  within1  25.0%  within5  77.5%
        ks_red_bull_ring__layout_national n=8  median   5.65 m /  181.1 ms  p90   24.82 m /   710.0 ms  worst    47.68 m  within1  12.5%  within5  62.5%
        ks_vallelunga__club_circuit n=16  median   2.96 m /   99.3 ms  p90    5.81 m /   205.7 ms  worst    12.70 m  within1  25.0%  within5  93.8%
        magione                  n=32  median   1.92 m /   66.3 ms  p90    5.49 m /   181.8 ms  worst    13.01 m  within1  56.2%  within5  96.9%
step  2420/6000  loss  4.3727 (ce  2.730 aux  3.283 ref 0.0014)  train median    3.97 m   0.46 s/step
step  2440/6000  loss  4.6096 (ce  2.976 aux  3.266 ref 0.0010)  train median    4.78 m   0.46 s/step
step  2460/6000  loss  4.0533 (ce  2.551 aux  3.004 ref 0.0009)  train median    2.09 m   0.46 s/step
step  2480/6000  loss  4.8394 (ce  3.031 aux  3.616 ref 0.0017)  train median    4.15 m   0.46 s/step
step  2500/6000  loss  4.0865 (ce  2.557 aux  3.057 ref 0.0022)  train median    4.33 m   0.46 s/step
step  2520/6000  loss  4.4634 (ce  2.934 aux  3.057 ref 0.0018)  train median    3.11 m   0.46 s/step
step  2540/6000  loss  4.2653 (ce  2.716 aux  3.096 ref 0.0021)  train median    2.60 m   0.46 s/step
step  2560/6000  loss  5.2534 (ce  3.414 aux  3.677 ref 0.0015)  train median    5.36 m   0.46 s/step
step  2580/6000  loss  3.8991 (ce  2.444 aux  2.910 ref 0.0009)  train median    2.24 m   0.46 s/step
step  2600/6000  loss  3.7562 (ce  2.446 aux  2.619 ref 0.0016)  train median    2.05 m   0.46 s/step
  eval  n=192  median   3.16 m /   90.8 ms  p90   14.78 m /   419.4 ms  worst  1010.60 m  within1  36.5%  within5  84.4%
        ks_black_cat_county__layout_short n=16  median   3.27 m /  130.6 ms  p90   51.33 m /  1294.1 ms  worst   516.17 m  within1  25.0%  within5  68.8%
        ks_brands_hatch__indy    n=24  median   1.68 m /   60.2 ms  p90    9.03 m /   259.5 ms  worst    20.28 m  within1  58.3%  within5  91.7%
        ks_highlands__layout_short n=24  median   2.61 m /   64.0 ms  p90    7.59 m /   234.7 ms  worst    12.09 m  within1  41.7%  within5  91.7%
        ks_laguna_seca           n=8  median   1.38 m /   39.9 ms  p90    9.16 m /   245.2 ms  worst    10.42 m  within1  62.5%  within5  87.5%
        ks_monza66__junior       n=24  median   3.63 m /  116.2 ms  p90   30.66 m /   665.0 ms  worst    40.31 m  within1  25.0%  within5  75.0%
        ks_nurburgring__layout_sprint_a n=40  median   4.43 m /  120.1 ms  p90   38.29 m /   895.1 ms  worst  1010.60 m  within1  20.0%  within5  72.5%
        ks_red_bull_ring__layout_national n=8  median   5.69 m /  168.4 ms  p90   30.07 m /   725.4 ms  worst    52.03 m  within1  12.5%  within5  75.0%
        ks_vallelunga__club_circuit n=16  median   3.37 m /   97.5 ms  p90    6.06 m /   194.7 ms  worst    11.68 m  within1  25.0%  within5  93.8%
        magione                  n=32  median   1.69 m /   60.2 ms  p90    6.37 m /   183.4 ms  worst     9.24 m  within1  56.2%  within5 100.0%
step  2620/6000  loss  4.4534 (ce  2.715 aux  3.475 ref 0.0021)  train median    2.70 m   0.46 s/step
step  2640/6000  loss  4.4979 (ce  2.848 aux  3.297 ref 0.0020)  train median    5.49 m   0.46 s/step
step  2660/6000  loss  4.2445 (ce  2.614 aux  3.261 ref 0.0012)  train median    2.37 m   0.46 s/step
step  2680/6000  loss  4.1642 (ce  2.516 aux  3.295 ref 0.0021)  train median    2.54 m   0.46 s/step
step  2700/6000  loss  5.6452 (ce  3.688 aux  3.912 ref 0.0012)  train median    4.21 m   0.46 s/step
step  2720/6000  loss  4.3340 (ce  2.698 aux  3.271 ref 0.0013)  train median    2.22 m   0.46 s/step
step  2740/6000  loss  4.4112 (ce  2.804 aux  3.214 ref 0.0013)  train median    4.60 m   0.46 s/step
step  2760/6000  loss  4.4130 (ce  2.795 aux  3.233 ref 0.0025)  train median    5.17 m   0.46 s/step
step  2780/6000  loss  4.4654 (ce  2.778 aux  3.373 ref 0.0011)  train median    3.30 m   0.46 s/step
step  2800/6000  loss  4.7746 (ce  2.934 aux  3.680 ref 0.0015)  train median    4.70 m   0.46 s/step
  eval  n=192  median   3.03 m /   87.7 ms  p90   12.74 m /   355.1 ms  worst  1006.99 m  within1  36.5%  within5  85.4%
        ks_black_cat_county__layout_short n=16  median   2.83 m /   77.8 ms  p90   43.44 m /  1161.5 ms  worst   514.79 m  within1  37.5%  within5  68.8%
        ks_brands_hatch__indy    n=24  median   3.05 m /   87.7 ms  p90    9.49 m /   271.4 ms  worst    23.61 m  within1  33.3%  within5  87.5%
        ks_highlands__layout_short n=24  median   1.35 m /   41.9 ms  p90    5.63 m /   196.4 ms  worst   113.58 m  within1  66.7%  within5  91.7%
        ks_laguna_seca           n=8  median   0.91 m /   29.3 ms  p90   14.46 m /   385.3 ms  worst    25.30 m  within1  62.5%  within5  87.5%
        ks_monza66__junior       n=24  median   3.64 m /   80.6 ms  p90   13.61 m /   314.4 ms  worst    30.07 m  within1  29.2%  within5  83.3%
        ks_nurburgring__layout_sprint_a n=40  median   5.21 m /  131.8 ms  p90   37.37 m /   938.7 ms  worst  1006.99 m  within1  15.0%  within5  80.0%
        ks_red_bull_ring__layout_national n=8  median   4.13 m /  141.5 ms  p90   29.06 m /   689.5 ms  worst    45.78 m  within1  12.5%  within5  62.5%
        ks_vallelunga__club_circuit n=16  median   3.55 m /  113.2 ms  p90    7.51 m /   242.6 ms  worst    11.88 m  within1  37.5%  within5  93.8%
        magione                  n=32  median   2.09 m /   68.0 ms  p90    4.53 m /   167.4 ms  worst    11.49 m  within1  46.9%  within5  96.9%
step  2820/6000  loss  4.7883 (ce  3.109 aux  3.356 ref 0.0014)  train median    4.18 m   0.46 s/step
step  2840/6000  loss  4.0609 (ce  2.474 aux  3.172 ref 0.0014)  train median    1.81 m   0.46 s/step
step  2860/6000  loss  4.6594 (ce  2.735 aux  3.848 ref 0.0004)  train median    2.24 m   0.46 s/step
step  2880/6000  loss  6.2131 (ce  3.932 aux  4.561 ref 0.0011)  train median    6.49 m   0.46 s/step
step  2900/6000  loss  5.0466 (ce  3.110 aux  3.872 ref 0.0004)  train median    1.39 m   0.46 s/step
step  2920/6000  loss  3.9856 (ce  2.385 aux  3.200 ref 0.0010)  train median    1.57 m   0.46 s/step
step  2940/6000  loss  4.5225 (ce  2.876 aux  3.292 ref 0.0004)  train median    2.73 m   0.45 s/step
step  2960/6000  loss  3.7620 (ce  2.417 aux  2.689 ref 0.0018)  train median    2.34 m   0.45 s/step
step  2980/6000  loss  3.9305 (ce  2.531 aux  2.798 ref 0.0014)  train median    2.05 m   0.45 s/step
step  3000/6000  loss  5.1598 (ce  3.176 aux  3.965 ref 0.0016)  train median    5.86 m   0.45 s/step
  eval  n=192  median   2.86 m /   88.4 ms  p90   10.91 m /   316.1 ms  worst  1003.89 m  within1  40.1%  within5  88.0%
        ks_black_cat_county__layout_short n=16  median   4.49 m /  119.1 ms  p90   28.16 m /   788.7 ms  worst   515.44 m  within1  31.2%  within5  81.2%
        ks_brands_hatch__indy    n=24  median   2.99 m /   82.7 ms  p90    9.01 m /   237.5 ms  worst    17.55 m  within1  41.7%  within5  91.7%
        ks_highlands__layout_short n=24  median   1.52 m /   45.3 ms  p90    5.44 m /   181.7 ms  worst    11.11 m  within1  58.3%  within5  95.8%
        ks_laguna_seca           n=8  median   2.33 m /   78.4 ms  p90   10.54 m /   269.9 ms  worst    11.03 m  within1  50.0%  within5  75.0%
        ks_monza66__junior       n=24  median   3.69 m /   95.2 ms  p90   10.19 m /   235.2 ms  worst    22.21 m  within1  29.2%  within5  87.5%
        ks_nurburgring__layout_sprint_a n=40  median   3.28 m /  108.4 ms  p90   35.67 m /  1067.4 ms  worst  1003.89 m  within1  25.0%  within5  80.0%
        ks_red_bull_ring__layout_national n=8  median   5.19 m /  141.3 ms  p90   36.20 m /  1071.9 ms  worst    45.31 m  within1  12.5%  within5  62.5%
        ks_vallelunga__club_circuit n=16  median   2.59 m /   82.2 ms  p90    6.67 m /   208.6 ms  worst    12.05 m  within1  50.0%  within5  93.8%
        magione                  n=32  median   1.82 m /   65.1 ms  p90    4.15 m /   140.5 ms  worst     8.49 m  within1  56.2%  within5 100.0%
step  3020/6000  loss  4.2773 (ce  2.565 aux  3.423 ref 0.0022)  train median    3.36 m   0.46 s/step
step  3040/6000  loss  3.8028 (ce  2.368 aux  2.869 ref 0.0014)  train median    1.89 m   0.46 s/step
step  3060/6000  loss  4.0399 (ce  2.530 aux  3.019 ref 0.0008)  train median    2.09 m   0.45 s/step
step  3080/6000  loss  4.8336 (ce  2.981 aux  3.704 ref 0.0008)  train median    3.79 m   0.45 s/step
step  3100/6000  loss  4.1548 (ce  2.659 aux  2.989 ref 0.0021)  train median    4.73 m   0.45 s/step
step  3120/6000  loss  5.5186 (ce  3.474 aux  4.088 ref 0.0015)  train median    4.36 m   0.45 s/step
step  3140/6000  loss  4.6882 (ce  2.883 aux  3.610 ref 0.0015)  train median    3.40 m   0.45 s/step
step  3160/6000  loss  3.8411 (ce  2.432 aux  2.817 ref 0.0016)  train median    3.04 m   0.45 s/step
step  3180/6000  loss  3.8252 (ce  2.385 aux  2.880 ref 0.0015)  train median    1.22 m   0.45 s/step
step  3200/6000  loss  3.8783 (ce  2.505 aux  2.745 ref 0.0012)  train median    0.93 m   0.45 s/step
  eval  n=192  median   2.70 m /   86.5 ms  p90   12.08 m /   355.2 ms  worst  1008.00 m  within1  37.0%  within5  87.0%
        ks_black_cat_county__layout_short n=16  median   4.72 m /  141.3 ms  p90   52.93 m /  1332.9 ms  worst   517.93 m  within1  18.8%  within5  75.0%
        ks_brands_hatch__indy    n=24  median   2.26 m /   78.5 ms  p90    7.83 m /   210.6 ms  worst    11.81 m  within1  50.0%  within5  95.8%
        ks_highlands__layout_short n=24  median   2.55 m /   62.6 ms  p90    5.29 m /   165.5 ms  worst   116.41 m  within1  41.7%  within5  91.7%
        ks_laguna_seca           n=8  median   2.37 m /   59.0 ms  p90   13.65 m /   360.4 ms  worst    26.74 m  within1  37.5%  within5  87.5%
        ks_monza66__junior       n=24  median   3.40 m /   90.3 ms  p90   12.78 m /   287.4 ms  worst    22.76 m  within1  33.3%  within5  83.3%
        ks_nurburgring__layout_sprint_a n=40  median   4.07 m /  134.1 ms  p90   33.53 m /   744.7 ms  worst  1008.00 m  within1  20.0%  within5  75.0%
        ks_red_bull_ring__layout_national n=8  median   3.46 m /  118.3 ms  p90   22.99 m /   545.2 ms  worst    36.11 m  within1  25.0%  within5  75.0%
        ks_vallelunga__club_circuit n=16  median   2.47 m /   96.5 ms  p90    5.66 m /   194.3 ms  worst     8.98 m  within1  31.2%  within5 100.0%
        magione                  n=32  median   1.77 m /   66.9 ms  p90    4.13 m /   141.4 ms  worst    12.10 m  within1  62.5%  within5  96.9%
step  3220/6000  loss  3.9498 (ce  2.517 aux  2.863 ref 0.0019)  train median    1.74 m   0.45 s/step
step  3240/6000  loss  3.7341 (ce  2.426 aux  2.614 ref 0.0016)  train median    1.60 m   0.45 s/step
step  3260/6000  loss  3.9608 (ce  2.590 aux  2.740 ref 0.0018)  train median    3.80 m   0.45 s/step
step  3280/6000  loss  4.3874 (ce  2.818 aux  3.137 ref 0.0017)  train median    4.02 m   0.45 s/step
step  3300/6000  loss  4.8059 (ce  3.093 aux  3.422 ref 0.0027)  train median    3.36 m   0.45 s/step
step  3320/6000  loss  4.2958 (ce  2.593 aux  3.404 ref 0.0009)  train median    3.18 m   0.45 s/step
step  3340/6000  loss  4.4683 (ce  2.790 aux  3.356 ref 0.0014)  train median    3.48 m   0.45 s/step
step  3360/6000  loss  4.2608 (ce  2.764 aux  2.993 ref 0.0016)  train median    4.57 m   0.45 s/step
step  3380/6000  loss  4.2453 (ce  2.591 aux  3.306 ref 0.0019)  train median    3.99 m   0.45 s/step
step  3400/6000  loss  4.7460 (ce  2.961 aux  3.568 ref 0.0010)  train median    2.43 m   0.45 s/step
  eval  n=192  median   2.93 m /   88.5 ms  p90   10.45 m /   276.3 ms  worst  1003.76 m  within1  35.4%  within5  89.1%
        ks_black_cat_county__layout_short n=16  median   3.62 m /   84.2 ms  p90   28.35 m /   753.5 ms  worst    43.05 m  within1  18.8%  within5  81.2%
        ks_brands_hatch__indy    n=24  median   2.93 m /   84.0 ms  p90    9.20 m /   252.0 ms  worst    12.03 m  within1  41.7%  within5  91.7%
        ks_highlands__layout_short n=24  median   1.79 m /   63.8 ms  p90    9.02 m /   250.8 ms  worst   116.91 m  within1  54.2%  within5  91.7%
        ks_laguna_seca           n=8  median   1.46 m /   58.7 ms  p90   17.03 m /   458.2 ms  worst    29.30 m  within1  62.5%  within5  75.0%
        ks_monza66__junior       n=24  median   3.32 m /   89.5 ms  p90   10.10 m /   258.5 ms  worst    13.79 m  within1  20.8%  within5  87.5%
        ks_nurburgring__layout_sprint_a n=40  median   3.84 m /  125.3 ms  p90   15.57 m /   322.5 ms  worst  1003.76 m  within1  22.5%  within5  87.5%
        ks_red_bull_ring__layout_national n=8  median   5.60 m /  157.9 ms  p90   22.34 m /   637.3 ms  worst    36.73 m  within1  12.5%  within5  62.5%
        ks_vallelunga__club_circuit n=16  median   3.89 m /  125.8 ms  p90    6.98 m /   230.8 ms  worst    12.90 m  within1  25.0%  within5  93.8%
        magione                  n=32  median   1.73 m /   57.5 ms  p90    5.38 m /   189.5 ms  worst     9.95 m  within1  56.2%  within5 100.0%
step  3420/6000  loss  5.4601 (ce  3.334 aux  4.251 ref 0.0004)  train median    4.36 m   0.45 s/step
step  3440/6000  loss  4.2988 (ce  2.751 aux  3.093 ref 0.0026)  train median    3.78 m   0.45 s/step
step  3460/6000  loss  3.6686 (ce  2.386 aux  2.565 ref 0.0010)  train median    2.58 m   0.45 s/step
step  3480/6000  loss  4.4026 (ce  2.843 aux  3.117 ref 0.0015)  train median    2.64 m   0.45 s/step
step  3500/6000  loss  4.6865 (ce  3.063 aux  3.245 ref 0.0023)  train median    3.02 m   0.45 s/step
step  3520/6000  loss  4.0156 (ce  2.559 aux  2.911 ref 0.0025)  train median    3.03 m   0.45 s/step
step  3540/6000  loss  5.2154 (ce  3.467 aux  3.496 ref 0.0010)  train median    6.63 m   0.45 s/step
step  3560/6000  loss  3.6661 (ce  2.376 aux  2.579 ref 0.0014)  train median    2.60 m   0.45 s/step
step  3580/6000  loss  4.4892 (ce  2.682 aux  3.614 ref 0.0016)  train median    2.98 m   0.45 s/step
step  3600/6000  loss  3.5866 (ce  2.266 aux  2.640 ref 0.0008)  train median    1.45 m   0.45 s/step
  eval  n=192  median   3.05 m /   89.7 ms  p90   11.39 m /   282.5 ms  worst  1009.66 m  within1  35.4%  within5  88.0%
        ks_black_cat_county__layout_short n=16  median   3.02 m /  112.1 ms  p90   26.11 m /   731.5 ms  worst   582.25 m  within1  25.0%  within5  87.5%
        ks_brands_hatch__indy    n=24  median   2.15 m /   71.0 ms  p90    5.92 m /   134.5 ms  worst     6.56 m  within1  41.7%  within5 100.0%
        ks_highlands__layout_short n=24  median   1.93 m /   59.9 ms  p90    5.09 m /   173.0 ms  worst    11.40 m  within1  54.2%  within5  95.8%
        ks_laguna_seca           n=8  median   2.64 m /   69.7 ms  p90   14.93 m /   375.7 ms  worst    26.82 m  within1  50.0%  within5  87.5%
        ks_monza66__junior       n=24  median   4.72 m /  101.2 ms  p90   30.39 m /   634.7 ms  worst    57.37 m  within1  29.2%  within5  75.0%
        ks_nurburgring__layout_sprint_a n=40  median   3.93 m /  133.4 ms  p90   36.58 m /   822.1 ms  worst  1009.66 m  within1  20.0%  within5  77.5%
        ks_red_bull_ring__layout_national n=8  median   4.97 m /  175.0 ms  p90   20.75 m /   569.5 ms  worst    34.53 m  within1  12.5%  within5  62.5%
        ks_vallelunga__club_circuit n=16  median   3.43 m /  113.9 ms  p90    5.81 m /   200.5 ms  worst    12.00 m  within1  31.2%  within5  93.8%
        magione                  n=32  median   1.96 m /   65.1 ms  p90    3.91 m /   145.9 ms  worst     5.98 m  within1  50.0%  within5 100.0%
step  3620/6000  loss  4.7964 (ce  3.041 aux  3.508 ref 0.0024)  train median    5.74 m   0.45 s/step
step  3640/6000  loss  3.6976 (ce  2.376 aux  2.642 ref 0.0012)  train median    1.07 m   0.45 s/step
step  3660/6000  loss  5.5614 (ce  3.586 aux  3.949 ref 0.0010)  train median   14.30 m   0.45 s/step
step  3680/6000  loss  4.3958 (ce  2.737 aux  3.314 ref 0.0021)  train median    4.25 m   0.45 s/step
step  3700/6000  loss  5.2923 (ce  3.249 aux  4.084 ref 0.0017)  train median    3.47 m   0.45 s/step
step  3720/6000  loss  4.9482 (ce  3.128 aux  3.639 ref 0.0019)  train median    7.61 m   0.45 s/step
step  3740/6000  loss  6.0220 (ce  4.284 aux  3.474 ref 0.0008)  train median   16.91 m   0.45 s/step
step  3760/6000  loss  4.3269 (ce  2.738 aux  3.176 ref 0.0012)  train median    2.70 m   0.45 s/step
step  3780/6000  loss  4.4012 (ce  2.727 aux  3.347 ref 0.0014)  train median    1.85 m   0.45 s/step
step  3800/6000  loss  3.9941 (ce  2.417 aux  3.154 ref 0.0009)  train median    2.14 m   0.45 s/step
  eval  n=192  median   2.64 m /   79.3 ms  p90    8.71 m /   256.2 ms  worst  1007.68 m  within1  41.7%  within5  91.1%
        ks_black_cat_county__layout_short n=16  median   3.10 m /   80.5 ms  p90   11.57 m /   340.8 ms  worst   517.41 m  within1  37.5%  within5  87.5%
        ks_brands_hatch__indy    n=24  median   1.82 m /   65.7 ms  p90    6.20 m /   152.7 ms  worst     8.04 m  within1  58.3%  within5 100.0%
        ks_highlands__layout_short n=24  median   1.28 m /   41.2 ms  p90    5.19 m /   137.3 ms  worst    10.60 m  within1  62.5%  within5  95.8%
        ks_laguna_seca           n=8  median   1.61 m /   38.5 ms  p90   14.87 m /   395.3 ms  worst    27.98 m  within1  50.0%  within5  87.5%
        ks_monza66__junior       n=24  median   3.64 m /   90.2 ms  p90   12.11 m /   267.0 ms  worst    57.84 m  within1  37.5%  within5  83.3%
        ks_nurburgring__layout_sprint_a n=40  median   3.56 m /  111.7 ms  p90   13.58 m /   321.7 ms  worst  1007.68 m  within1  27.5%  within5  87.5%
        ks_red_bull_ring__layout_national n=8  median   4.11 m /  140.8 ms  p90   19.19 m /   545.0 ms  worst    31.89 m  within1  12.5%  within5  62.5%
        ks_vallelunga__club_circuit n=16  median   2.70 m /   99.0 ms  p90    6.04 m /   211.2 ms  worst    15.78 m  within1  25.0%  within5  93.8%
        magione                  n=32  median   1.97 m /   67.2 ms  p90    4.89 m /   156.1 ms  worst     6.04 m  within1  50.0%  within5 100.0%
step  3820/6000  loss  3.8439 (ce  2.468 aux  2.750 ref 0.0011)  train median    2.59 m   0.45 s/step
step  3840/6000  loss  4.0116 (ce  2.590 aux  2.840 ref 0.0024)  train median    3.27 m   0.45 s/step
step  3860/6000  loss  4.7187 (ce  3.022 aux  3.393 ref 0.0014)  train median    5.32 m   0.45 s/step
step  3880/6000  loss  5.0454 (ce  3.230 aux  3.630 ref 0.0012)  train median    9.38 m   0.45 s/step
step  3900/6000  loss  4.6820 (ce  2.928 aux  3.507 ref 0.0006)  train median    4.76 m   0.45 s/step
step  3920/6000  loss  3.7332 (ce  2.409 aux  2.647 ref 0.0012)  train median    1.49 m   0.45 s/step
step  3940/6000  loss  4.3574 (ce  2.705 aux  3.303 ref 0.0010)  train median    2.25 m   0.45 s/step
step  3960/6000  loss  3.8153 (ce  2.443 aux  2.742 ref 0.0015)  train median    2.79 m   0.45 s/step
step  3980/6000  loss  4.2018 (ce  2.694 aux  3.014 ref 0.0015)  train median    3.08 m   0.45 s/step
step  4000/6000  loss  4.0934 (ce  2.591 aux  3.003 ref 0.0009)  train median    2.21 m   0.45 s/step
  eval  n=192  median   2.63 m /   79.7 ms  p90    9.24 m /   242.4 ms  worst  1004.89 m  within1  39.6%  within5  91.1%
        ks_black_cat_county__layout_short n=16  median   4.05 m /  119.5 ms  p90   26.93 m /   798.5 ms  worst   516.14 m  within1  37.5%  within5  87.5%
        ks_brands_hatch__indy    n=24  median   1.76 m /   55.1 ms  p90    6.22 m /   164.5 ms  worst     8.69 m  within1  54.2%  within5 100.0%
        ks_highlands__layout_short n=24  median   1.34 m /   36.0 ms  p90    3.88 m /   135.8 ms  worst   115.89 m  within1  62.5%  within5  91.7%
        ks_laguna_seca           n=8  median   2.07 m /   47.1 ms  p90   14.39 m /   383.5 ms  worst    24.98 m  within1  50.0%  within5  87.5%
        ks_monza66__junior       n=24  median   3.48 m /   93.7 ms  p90   11.06 m /   274.3 ms  worst    56.68 m  within1  29.2%  within5  87.5%
        ks_nurburgring__layout_sprint_a n=40  median   4.07 m /  107.9 ms  p90   20.43 m /   676.0 ms  worst  1004.89 m  within1  17.5%  within5  82.5%
        ks_red_bull_ring__layout_national n=8  median   3.54 m /  121.8 ms  p90   15.22 m /   369.5 ms  worst    16.56 m  within1  37.5%  within5  75.0%
        ks_vallelunga__club_circuit n=16  median   2.36 m /   83.3 ms  p90    6.07 m /   207.5 ms  worst     8.78 m  within1  25.0%  within5 100.0%
        magione                  n=32  median   1.97 m /   66.7 ms  p90    4.79 m /   174.2 ms  worst     9.26 m  within1  53.1%  within5 100.0%
step  4020/6000  loss  4.6240 (ce  3.070 aux  3.104 ref 0.0033)  train median    3.68 m   0.45 s/step
step  4040/6000  loss  4.5064 (ce  2.804 aux  3.404 ref 0.0007)  train median    6.11 m   0.45 s/step
step  4060/6000  loss  3.8664 (ce  2.387 aux  2.958 ref 0.0007)  train median    1.13 m   0.45 s/step
step  4080/6000  loss  4.6424 (ce  2.928 aux  3.427 ref 0.0015)  train median    4.59 m   0.45 s/step
step  4100/6000  loss  3.7199 (ce  2.357 aux  2.725 ref 0.0014)  train median    1.21 m   0.45 s/step
step  4120/6000  loss  4.4463 (ce  2.826 aux  3.239 ref 0.0022)  train median    4.96 m   0.45 s/step
step  4140/6000  loss  3.6110 (ce  2.304 aux  2.612 ref 0.0011)  train median    2.03 m   0.45 s/step
step  4160/6000  loss  3.6203 (ce  2.369 aux  2.502 ref 0.0011)  train median    1.43 m   0.45 s/step
step  4180/6000  loss  3.7033 (ce  2.422 aux  2.562 ref 0.0016)  train median    2.10 m   0.45 s/step
step  4200/6000  loss  3.9705 (ce  2.426 aux  3.089 ref 0.0006)  train median    1.43 m   0.45 s/step
  eval  n=192  median   2.54 m /   78.7 ms  p90    9.15 m /   266.4 ms  worst  1007.98 m  within1  42.2%  within5  90.6%
        ks_black_cat_county__layout_short n=16  median   4.47 m /  133.5 ms  p90   26.15 m /   760.5 ms  worst   518.41 m  within1  25.0%  within5  87.5%
        ks_brands_hatch__indy    n=24  median   2.11 m /   70.3 ms  p90    4.85 m /   129.0 ms  worst     9.50 m  within1  50.0%  within5 100.0%
        ks_highlands__layout_short n=24  median   1.23 m /   31.6 ms  p90    3.96 m /   127.1 ms  worst   116.75 m  within1  66.7%  within5  95.8%
        ks_laguna_seca           n=8  median   0.99 m /   23.5 ms  p90   15.76 m /   422.9 ms  worst    26.11 m  within1  62.5%  within5  75.0%
        ks_monza66__junior       n=24  median   4.07 m /  102.3 ms  p90   11.06 m /   257.4 ms  worst    16.50 m  within1  25.0%  within5  87.5%
        ks_nurburgring__layout_sprint_a n=40  median   4.67 m /  138.3 ms  p90   10.94 m /   302.0 ms  worst  1007.98 m  within1  20.0%  within5  87.5%
        ks_red_bull_ring__layout_national n=8  median   5.41 m /  166.5 ms  p90   22.50 m /   641.5 ms  worst    36.12 m  within1  37.5%  within5  62.5%
        ks_vallelunga__club_circuit n=16  median   2.05 m /   72.0 ms  p90    6.56 m /   226.2 ms  worst    11.27 m  within1  43.8%  within5  93.8%
        magione                  n=32  median   1.67 m /   62.1 ms  p90    4.01 m /   168.2 ms  worst     9.16 m  within1  62.5%  within5 100.0%
step  4220/6000  loss  4.0277 (ce  2.590 aux  2.873 ref 0.0025)  train median    2.94 m   0.45 s/step
step  4240/6000  loss  4.0251 (ce  2.579 aux  2.891 ref 0.0017)  train median    3.38 m   0.45 s/step
step  4260/6000  loss  3.6613 (ce  2.346 aux  2.630 ref 0.0007)  train median    1.29 m   0.45 s/step
step  4280/6000  loss  6.3797 (ce  4.144 aux  4.471 ref 0.0018)  train median    7.22 m   0.45 s/step
step  4300/6000  loss  4.5880 (ce  2.789 aux  3.597 ref 0.0011)  train median    4.17 m   0.45 s/step
step  4320/6000  loss  3.6005 (ce  2.291 aux  2.618 ref 0.0009)  train median    2.94 m   0.45 s/step
step  4340/6000  loss  4.5848 (ce  2.764 aux  3.640 ref 0.0022)  train median    4.80 m   0.45 s/step
step  4360/6000  loss  3.9819 (ce  2.554 aux  2.854 ref 0.0016)  train median    3.22 m   0.45 s/step
step  4380/6000  loss  3.7226 (ce  2.285 aux  2.875 ref 0.0007)  train median    1.15 m   0.45 s/step
step  4400/6000  loss  3.9885 (ce  2.586 aux  2.804 ref 0.0016)  train median    2.07 m   0.45 s/step
  eval  n=192  median   2.42 m /   72.4 ms  p90    8.39 m /   232.4 ms  worst  1007.43 m  within1  45.8%  within5  92.2%
        ks_black_cat_county__layout_short n=16  median   2.74 m /   76.6 ms  p90    7.58 m /   203.3 ms  worst    46.14 m  within1  31.2%  within5  93.8%
        ks_brands_hatch__indy    n=24  median   1.79 m /   61.5 ms  p90    4.85 m /   144.5 ms  worst    11.22 m  within1  54.2%  within5  95.8%
        ks_highlands__layout_short n=24  median   1.21 m /   35.6 ms  p90    3.55 m /   112.7 ms  worst   116.84 m  within1  66.7%  within5  95.8%
        ks_laguna_seca           n=8  median   0.84 m /   21.0 ms  p90   15.57 m /   416.5 ms  worst    27.13 m  within1  62.5%  within5  75.0%
        ks_monza66__junior       n=24  median   3.16 m /   72.1 ms  p90    9.30 m /   238.2 ms  worst    13.78 m  within1  33.3%  within5  91.7%
        ks_nurburgring__layout_sprint_a n=40  median   3.71 m /  125.4 ms  p90   10.89 m /   283.7 ms  worst  1007.43 m  within1  27.5%  within5  85.0%
        ks_red_bull_ring__layout_national n=8  median   3.99 m /  121.8 ms  p90   23.82 m /   595.1 ms  worst    50.70 m  within1  12.5%  within5  75.0%
        ks_vallelunga__club_circuit n=16  median   3.00 m /   98.7 ms  p90    6.44 m /   209.5 ms  worst     8.92 m  within1  43.8%  within5 100.0%
        magione                  n=32  median   1.42 m /   49.9 ms  p90    4.49 m /   146.9 ms  worst     6.82 m  within1  68.8%  within5 100.0%
step  4420/6000  loss  4.1439 (ce  2.577 aux  3.132 ref 0.0017)  train median    2.25 m   0.45 s/step
step  4440/6000  loss  3.9791 (ce  2.530 aux  2.896 ref 0.0010)  train median    2.06 m   0.45 s/step
step  4460/6000  loss  5.2758 (ce  3.400 aux  3.750 ref 0.0017)  train median   11.28 m   0.45 s/step
step  4480/6000  loss  3.7618 (ce  2.300 aux  2.924 ref 0.0007)  train median    1.50 m   0.45 s/step
step  4500/6000  loss  3.9702 (ce  2.553 aux  2.833 ref 0.0011)  train median    3.97 m   0.45 s/step
step  4520/6000  loss  3.5371 (ce  2.245 aux  2.585 ref 0.0007)  train median    1.30 m   0.45 s/step
step  4540/6000  loss  3.8789 (ce  2.424 aux  2.908 ref 0.0012)  train median    2.00 m   0.45 s/step
step  4560/6000  loss  4.3893 (ce  2.845 aux  3.086 ref 0.0014)  train median    3.14 m   0.45 s/step
step  4580/6000  loss  4.6088 (ce  3.035 aux  3.147 ref 0.0010)  train median    2.02 m   0.45 s/step
step  4600/6000  loss  4.1514 (ce  2.642 aux  3.017 ref 0.0014)  train median    4.77 m   0.45 s/step
  eval  n=192  median   2.61 m /   80.2 ms  p90    9.06 m /   268.3 ms  worst  1008.70 m  within1  42.2%  within5  90.1%
        ks_black_cat_county__layout_short n=16  median   3.21 m /  102.9 ms  p90   27.16 m /   766.3 ms  worst   517.30 m  within1  31.2%  within5  81.2%
        ks_brands_hatch__indy    n=24  median   1.97 m /   66.4 ms  p90    4.65 m /   122.4 ms  worst    11.19 m  within1  50.0%  within5  95.8%
        ks_highlands__layout_short n=24  median   1.47 m /   35.2 ms  p90    3.75 m /   118.0 ms  worst   116.24 m  within1  66.7%  within5  95.8%
        ks_laguna_seca           n=8  median   0.86 m /   21.4 ms  p90    8.91 m /   226.4 ms  worst    10.26 m  within1  62.5%  within5  87.5%
        ks_monza66__junior       n=24  median   3.70 m /   85.1 ms  p90   10.38 m /   256.3 ms  worst    14.37 m  within1  29.2%  within5  87.5%
        ks_nurburgring__layout_sprint_a n=40  median   3.62 m /  124.0 ms  p90   15.09 m /   346.5 ms  worst  1008.70 m  within1  17.5%  within5  80.0%
        ks_red_bull_ring__layout_national n=8  median   4.35 m /  133.7 ms  p90   27.86 m /   794.5 ms  worst    51.99 m  within1  37.5%  within5  75.0%
        ks_vallelunga__club_circuit n=16  median   3.12 m /   94.9 ms  p90    6.65 m /   211.9 ms  worst     7.43 m  within1  31.2%  within5 100.0%
        magione                  n=32  median   1.43 m /   48.1 ms  p90    4.52 m /   173.7 ms  worst     8.19 m  within1  65.6%  within5 100.0%
step  4620/6000  loss  3.5513 (ce  2.312 aux  2.478 ref 0.0012)  train median    2.28 m   0.45 s/step
step  4640/6000  loss  5.0979 (ce  3.150 aux  3.896 ref 0.0002)  train median    1.78 m   0.45 s/step
step  4660/6000  loss  5.0483 (ce  3.181 aux  3.733 ref 0.0013)  train median    4.90 m   0.45 s/step
step  4680/6000  loss  4.1067 (ce  2.495 aux  3.222 ref 0.0007)  train median    2.00 m   0.45 s/step
step  4700/6000  loss  4.6216 (ce  2.925 aux  3.391 ref 0.0014)  train median    4.71 m   0.45 s/step
step  4720/6000  loss  3.7702 (ce  2.395 aux  2.749 ref 0.0010)  train median    2.62 m   0.45 s/step
step  4740/6000  loss  4.2009 (ce  2.657 aux  3.086 ref 0.0016)  train median    2.18 m   0.45 s/step
step  4760/6000  loss  4.2101 (ce  2.589 aux  3.242 ref 0.0016)  train median    3.17 m   0.45 s/step
step  4780/6000  loss  3.7689 (ce  2.323 aux  2.890 ref 0.0009)  train median    1.29 m   0.45 s/step
step  4800/6000  loss  3.5596 (ce  2.271 aux  2.576 ref 0.0009)  train median    1.60 m   0.45 s/step
  eval  n=192  median   2.62 m /   77.3 ms  p90    8.81 m /   254.2 ms  worst  1006.38 m  within1  40.1%  within5  92.2%
        ks_black_cat_county__layout_short n=16  median   3.68 m /  120.6 ms  p90   26.03 m /   730.8 ms  worst   517.35 m  within1  18.8%  within5  87.5%
        ks_brands_hatch__indy    n=24  median   2.62 m /   76.3 ms  p90    5.34 m /   141.0 ms  worst     9.97 m  within1  37.5%  within5 100.0%
        ks_highlands__layout_short n=24  median   1.14 m /   33.8 ms  p90    4.24 m /   129.1 ms  worst   116.04 m  within1  66.7%  within5  95.8%
        ks_laguna_seca           n=8  median   1.00 m /   27.9 ms  p90   15.63 m /   416.8 ms  worst    29.44 m  within1  62.5%  within5  87.5%
        ks_monza66__junior       n=24  median   3.53 m /   80.1 ms  p90    9.88 m /   250.6 ms  worst    17.80 m  within1  29.2%  within5  87.5%
        ks_nurburgring__layout_sprint_a n=40  median   3.49 m /  120.6 ms  p90   16.52 m /   340.7 ms  worst  1006.38 m  within1  25.0%  within5  85.0%
        ks_red_bull_ring__layout_national n=8  median   3.58 m /  107.7 ms  p90   20.03 m /   573.9 ms  worst    32.63 m  within1  25.0%  within5  75.0%
        ks_vallelunga__club_circuit n=16  median   2.35 m /   83.2 ms  p90    6.33 m /   196.5 ms  worst     7.40 m  within1  37.5%  within5 100.0%
        magione                  n=32  median   1.42 m /   51.6 ms  p90    4.32 m /   146.4 ms  worst     6.34 m  within1  59.4%  within5 100.0%
step  4820/6000  loss  4.3415 (ce  2.930 aux  2.822 ref 0.0011)  train median    2.65 m   0.45 s/step
step  4840/6000  loss  3.7760 (ce  2.396 aux  2.759 ref 0.0013)  train median    2.54 m   0.45 s/step
step  4860/6000  loss  4.3642 (ce  2.611 aux  3.506 ref 0.0006)  train median    0.70 m   0.45 s/step
step  4880/6000  loss  3.8961 (ce  2.470 aux  2.851 ref 0.0017)  train median    2.62 m   0.45 s/step
step  4900/6000  loss  4.3739 (ce  2.699 aux  3.349 ref 0.0006)  train median    4.82 m   0.45 s/step
step  4920/6000  loss  3.9651 (ce  2.544 aux  2.841 ref 0.0020)  train median    0.85 m   0.45 s/step
step  4940/6000  loss  4.1148 (ce  2.658 aux  2.913 ref 0.0010)  train median    1.66 m   0.45 s/step
step  4960/6000  loss  4.8962 (ce  3.015 aux  3.761 ref 0.0016)  train median    5.77 m   0.45 s/step
step  4980/6000  loss  4.4206 (ce  2.747 aux  3.346 ref 0.0014)  train median    1.76 m   0.45 s/step
step  5000/6000  loss  4.1394 (ce  2.716 aux  2.846 ref 0.0012)  train median    3.87 m   0.45 s/step
  eval  n=192  median   2.44 m /   78.2 ms  p90    8.58 m /   255.7 ms  worst  1003.71 m  within1  39.1%  within5  91.1%
        ks_black_cat_county__layout_short n=16  median   4.02 m /  104.9 ms  p90   27.22 m /   767.9 ms  worst   517.84 m  within1  18.8%  within5  81.2%
        ks_brands_hatch__indy    n=24  median   2.40 m /   70.5 ms  p90    4.65 m /   127.2 ms  worst    10.10 m  within1  45.8%  within5  95.8%
        ks_highlands__layout_short n=24  median   0.79 m /   26.9 ms  p90    4.25 m /   125.7 ms  worst   116.40 m  within1  66.7%  within5  95.8%
        ks_laguna_seca           n=8  median   0.94 m /   20.4 ms  p90   15.81 m /   422.3 ms  worst    28.95 m  within1  62.5%  within5  75.0%
        ks_monza66__junior       n=24  median   3.48 m /   79.2 ms  p90   10.02 m /   257.1 ms  worst    16.83 m  within1  29.2%  within5  87.5%
        ks_nurburgring__layout_sprint_a n=40  median   3.45 m /  120.5 ms  p90   10.35 m /   257.1 ms  worst  1003.71 m  within1  15.0%  within5  87.5%
        ks_red_bull_ring__layout_national n=8  median   4.97 m /  153.4 ms  p90   22.57 m /   647.2 ms  worst    33.85 m  within1  37.5%  within5  75.0%
        ks_vallelunga__club_circuit n=16  median   2.75 m /   95.8 ms  p90    6.24 m /   213.2 ms  worst     9.14 m  within1  31.2%  within5 100.0%
        magione                  n=32  median   1.53 m /   46.3 ms  p90    4.36 m /   156.4 ms  worst     7.20 m  within1  59.4%  within5 100.0%
step  5020/6000  loss  4.4344 (ce  2.963 aux  2.942 ref 0.0014)  train median    2.92 m   0.45 s/step
step  5040/6000  loss  3.7546 (ce  2.313 aux  2.881 ref 0.0009)  train median    2.26 m   0.45 s/step
step  5060/6000  loss  3.9927 (ce  2.510 aux  2.965 ref 0.0007)  train median    2.50 m   0.45 s/step
step  5080/6000  loss  4.6397 (ce  3.108 aux  3.061 ref 0.0023)  train median    3.20 m   0.45 s/step
step  5100/6000  loss  3.6522 (ce  2.364 aux  2.575 ref 0.0012)  train median    1.72 m   0.45 s/step
step  5120/6000  loss  4.2345 (ce  2.668 aux  3.131 ref 0.0012)  train median    3.96 m   0.45 s/step
step  5140/6000  loss  3.4873 (ce  2.261 aux  2.452 ref 0.0010)  train median    1.90 m   0.45 s/step
step  5160/6000  loss  4.1582 (ce  2.691 aux  2.934 ref 0.0012)  train median    2.44 m   0.44 s/step
step  5180/6000  loss  5.3957 (ce  3.391 aux  4.008 ref 0.0012)  train median    8.93 m   0.44 s/step
step  5200/6000  loss  3.9167 (ce  2.436 aux  2.960 ref 0.0010)  train median    2.82 m   0.44 s/step
  eval  n=192  median   2.57 m /   76.7 ms  p90    8.17 m /   224.3 ms  worst  1005.59 m  within1  42.7%  within5  93.8%
        ks_black_cat_county__layout_short n=16  median   3.33 m /  105.4 ms  p90   27.21 m /   767.4 ms  worst   517.27 m  within1  25.0%  within5  81.2%
        ks_brands_hatch__indy    n=24  median   2.13 m /   74.9 ms  p90    4.70 m /   126.6 ms  worst     7.99 m  within1  41.7%  within5 100.0%
        ks_highlands__layout_short n=24  median   0.98 m /   27.1 ms  p90    4.39 m /   136.9 ms  worst     7.90 m  within1  70.8%  within5 100.0%
        ks_laguna_seca           n=8  median   1.30 m /   28.1 ms  p90   15.21 m /   405.5 ms  worst    27.98 m  within1  62.5%  within5  87.5%
        ks_monza66__junior       n=24  median   3.39 m /   80.1 ms  p90    9.97 m /   258.1 ms  worst    18.55 m  within1  25.0%  within5  87.5%
        ks_nurburgring__layout_sprint_a n=40  median   3.69 m /  125.6 ms  p90    9.56 m /   267.1 ms  worst  1005.59 m  within1  25.0%  within5  90.0%
        ks_red_bull_ring__layout_national n=8  median   2.89 m /   99.3 ms  p90   11.71 m /   291.4 ms  worst    17.87 m  within1  50.0%  within5  87.5%
        ks_vallelunga__club_circuit n=16  median   2.83 m /   91.7 ms  p90    5.85 m /   188.6 ms  worst     6.94 m  within1  31.2%  within5 100.0%
        magione                  n=32  median   1.68 m /   51.1 ms  p90    5.17 m /   168.4 ms  worst     6.88 m  within1  65.6%  within5 100.0%
step  5220/6000  loss  3.6483 (ce  2.331 aux  2.632 ref 0.0012)  train median    1.97 m   0.44 s/step
step  5240/6000  loss  4.3216 (ce  2.938 aux  2.766 ref 0.0023)  train median    4.96 m   0.44 s/step
step  5260/6000  loss  4.0909 (ce  2.569 aux  3.042 ref 0.0013)  train median    2.80 m   0.44 s/step
step  5280/6000  loss  4.8498 (ce  2.920 aux  3.859 ref 0.0007)  train median    2.90 m   0.44 s/step
step  5300/6000  loss  4.1190 (ce  2.506 aux  3.224 ref 0.0015)  train median    2.97 m   0.44 s/step
step  5320/6000  loss  3.6879 (ce  2.377 aux  2.620 ref 0.0013)  train median    2.37 m   0.44 s/step
step  5340/6000  loss  3.8801 (ce  2.532 aux  2.694 ref 0.0019)  train median    2.37 m   0.44 s/step
step  5360/6000  loss  3.6770 (ce  2.377 aux  2.598 ref 0.0013)  train median    2.07 m   0.44 s/step
step  5380/6000  loss  3.9734 (ce  2.431 aux  3.084 ref 0.0011)  train median    2.17 m   0.44 s/step
step  5400/6000  loss  3.4207 (ce  2.220 aux  2.400 ref 0.0006)  train median    0.99 m   0.44 s/step
  eval  n=192  median   2.39 m /   75.9 ms  p90    8.31 m /   249.8 ms  worst  1006.10 m  within1  43.8%  within5  93.2%
        ks_black_cat_county__layout_short n=16  median   4.34 m /  115.4 ms  p90   26.65 m /   768.3 ms  worst   517.68 m  within1  18.8%  within5  87.5%
        ks_brands_hatch__indy    n=24  median   2.03 m /   69.9 ms  p90    4.16 m /   116.6 ms  worst     6.60 m  within1  50.0%  within5 100.0%
        ks_highlands__layout_short n=24  median   0.89 m /   25.6 ms  p90    4.21 m /   132.5 ms  worst     7.13 m  within1  75.0%  within5 100.0%
        ks_laguna_seca           n=8  median   1.12 m /   26.8 ms  p90   14.75 m /   391.7 ms  worst    28.01 m  within1  62.5%  within5  87.5%
        ks_monza66__junior       n=24  median   3.14 m /   72.6 ms  p90    9.99 m /   259.5 ms  worst    18.56 m  within1  25.0%  within5  87.5%
        ks_nurburgring__layout_sprint_a n=40  median   3.63 m /  119.0 ms  p90   14.70 m /   308.9 ms  worst  1006.10 m  within1  27.5%  within5  87.5%
        ks_red_bull_ring__layout_national n=8  median   4.16 m /  127.4 ms  p90   22.96 m /   660.8 ms  worst    33.87 m  within1  37.5%  within5  75.0%
        ks_vallelunga__club_circuit n=16  median   2.68 m /   87.1 ms  p90    6.08 m /   197.2 ms  worst     7.29 m  within1  43.8%  within5 100.0%
        magione                  n=32  median   1.78 m /   49.1 ms  p90    5.07 m /   164.9 ms  worst     6.19 m  within1  59.4%  within5 100.0%
step  5420/6000  loss  3.8415 (ce  2.409 aux  2.863 ref 0.0012)  train median    2.30 m   0.44 s/step
step  5440/6000  loss  3.6149 (ce  2.343 aux  2.542 ref 0.0013)  train median    2.02 m   0.44 s/step
step  5460/6000  loss  3.8290 (ce  2.361 aux  2.936 ref 0.0009)  train median    1.63 m   0.44 s/step
step  5480/6000  loss  3.9152 (ce  2.544 aux  2.741 ref 0.0009)  train median    2.57 m   0.44 s/step
step  5500/6000  loss  3.8634 (ce  2.465 aux  2.795 ref 0.0014)  train median    1.94 m   0.44 s/step
step  5520/6000  loss  3.5038 (ce  2.285 aux  2.437 ref 0.0011)  train median    2.15 m   0.44 s/step
step  5540/6000  loss  3.7073 (ce  2.337 aux  2.741 ref 0.0007)  train median    0.99 m   0.44 s/step
step  5560/6000  loss  3.9974 (ce  2.585 aux  2.825 ref 0.0010)  train median    2.30 m   0.44 s/step
step  5580/6000  loss  4.2424 (ce  2.548 aux  3.387 ref 0.0023)  train median    2.94 m   0.44 s/step
step  5600/6000  loss  3.9957 (ce  2.561 aux  2.868 ref 0.0012)  train median    1.26 m   0.44 s/step
  eval  n=192  median   2.32 m /   74.0 ms  p90    8.16 m /   234.4 ms  worst  1006.30 m  within1  43.2%  within5  93.8%
        ks_black_cat_county__layout_short n=16  median   4.19 m /  120.3 ms  p90   27.03 m /   774.3 ms  worst   517.31 m  within1  18.8%  within5  87.5%
        ks_brands_hatch__indy    n=24  median   1.98 m /   64.4 ms  p90    4.71 m /   120.7 ms  worst     6.82 m  within1  50.0%  within5 100.0%
        ks_highlands__layout_short n=24  median   0.84 m /   25.3 ms  p90    4.24 m /   132.8 ms  worst     7.51 m  within1  66.7%  within5 100.0%
        ks_laguna_seca           n=8  median   1.00 m /   24.6 ms  p90   15.09 m /   401.2 ms  worst    29.27 m  within1  62.5%  within5  87.5%
        ks_monza66__junior       n=24  median   3.38 m /   72.1 ms  p90    9.83 m /   261.1 ms  worst    18.87 m  within1  25.0%  within5  87.5%
        ks_nurburgring__layout_sprint_a n=40  median   3.62 m /  123.6 ms  p90    9.45 m /   262.9 ms  worst  1006.30 m  within1  30.0%  within5  90.0%
        ks_red_bull_ring__layout_national n=8  median   3.91 m /  118.1 ms  p90   22.35 m /   642.2 ms  worst    32.29 m  within1  37.5%  within5  75.0%
        ks_vallelunga__club_circuit n=16  median   2.61 m /   85.0 ms  p90    5.83 m /   191.0 ms  worst     7.18 m  within1  37.5%  within5 100.0%
        magione                  n=32  median   1.81 m /   48.8 ms  p90    5.07 m /   180.0 ms  worst     6.28 m  within1  62.5%  within5 100.0%
step  5620/6000  loss  3.8841 (ce  2.530 aux  2.705 ref 0.0020)  train median    2.36 m   0.44 s/step
step  5640/6000  loss  4.9744 (ce  3.226 aux  3.497 ref 0.0005)  train median    4.36 m   0.44 s/step
step  5660/6000  loss  4.5241 (ce  2.814 aux  3.418 ref 0.0016)  train median    3.11 m   0.44 s/step
step  5680/6000  loss  3.5797 (ce  2.260 aux  2.638 ref 0.0009)  train median    1.78 m   0.44 s/step
step  5700/6000  loss  5.0065 (ce  3.261 aux  3.488 ref 0.0016)  train median    4.31 m   0.44 s/step
step  5720/6000  loss  4.5268 (ce  2.884 aux  3.285 ref 0.0009)  train median    1.67 m   0.44 s/step
step  5740/6000  loss  4.4812 (ce  2.964 aux  3.033 ref 0.0004)  train median    2.12 m   0.44 s/step
step  5760/6000  loss  3.8751 (ce  2.452 aux  2.844 ref 0.0019)  train median    2.41 m   0.44 s/step
step  5780/6000  loss  3.7846 (ce  2.388 aux  2.792 ref 0.0015)  train median    2.44 m   0.44 s/step
step  5800/6000  loss  4.5072 (ce  2.994 aux  3.025 ref 0.0010)  train median    2.13 m   0.44 s/step
  eval  n=192  median   2.37 m /   73.3 ms  p90    8.28 m /   245.7 ms  worst  1005.93 m  within1  43.2%  within5  93.2%
        ks_black_cat_county__layout_short n=16  median   4.17 m /  117.2 ms  p90   27.10 m /   770.6 ms  worst   517.47 m  within1  18.8%  within5  87.5%
        ks_brands_hatch__indy    n=24  median   2.16 m /   68.2 ms  p90    4.74 m /   122.2 ms  worst     7.01 m  within1  45.8%  within5 100.0%
        ks_highlands__layout_short n=24  median   0.80 m /   23.4 ms  p90    4.19 m /   131.4 ms  worst     7.62 m  within1  70.8%  within5 100.0%
        ks_laguna_seca           n=8  median   0.93 m /   21.8 ms  p90   15.11 m /   401.8 ms  worst    28.95 m  within1  62.5%  within5  87.5%
        ks_monza66__junior       n=24  median   3.30 m /   72.3 ms  p90    9.75 m /   262.1 ms  worst    18.33 m  within1  25.0%  within5  87.5%
        ks_nurburgring__layout_sprint_a n=40  median   3.66 m /  124.2 ms  p90   14.62 m /   311.0 ms  worst  1005.93 m  within1  27.5%  within5  87.5%
        ks_red_bull_ring__layout_national n=8  median   3.95 m /  119.6 ms  p90   22.35 m /   642.2 ms  worst    32.36 m  within1  37.5%  within5  75.0%
        ks_vallelunga__club_circuit n=16  median   2.59 m /   84.7 ms  p90    5.93 m /   196.9 ms  worst     7.39 m  within1  43.8%  within5 100.0%
        magione                  n=32  median   1.76 m /   50.3 ms  p90    5.32 m /   184.2 ms  worst     6.23 m  within1  62.5%  within5 100.0%
step  5820/6000  loss  4.4102 (ce  2.807 aux  3.206 ref 0.0007)  train median    2.57 m   0.44 s/step
step  5840/6000  loss  6.2620 (ce  4.326 aux  3.870 ref 0.0018)  train median   11.21 m   0.44 s/step
step  5860/6000  loss  4.2108 (ce  2.678 aux  3.063 ref 0.0027)  train median    3.26 m   0.44 s/step
step  5880/6000  loss  5.0270 (ce  3.407 aux  3.239 ref 0.0016)  train median    5.83 m   0.44 s/step
step  5900/6000  loss  3.8326 (ce  2.420 aux  2.823 ref 0.0012)  train median    2.65 m   0.44 s/step
step  5920/6000  loss  3.7815 (ce  2.392 aux  2.778 ref 0.0014)  train median    0.75 m   0.44 s/step
step  5940/6000  loss  3.7609 (ce  2.352 aux  2.817 ref 0.0015)  train median    2.13 m   0.44 s/step
step  5960/6000  loss  4.7512 (ce  3.026 aux  3.450 ref 0.0011)  train median    2.54 m   0.44 s/step
step  5980/6000  loss  4.4759 (ce  2.904 aux  3.143 ref 0.0013)  train median    3.57 m   0.44 s/step
step  6000/6000  loss  4.3517 (ce  2.815 aux  3.073 ref 0.0012)  train median    3.01 m   0.44 s/step
  eval  n=192  median   2.36 m /   74.3 ms  p90    8.31 m /   245.0 ms  worst  1005.86 m  within1  43.2%  within5  93.2%
        ks_black_cat_county__layout_short n=16  median   4.15 m /  116.5 ms  p90   27.12 m /   769.5 ms  worst   517.51 m  within1  18.8%  within5  87.5%
        ks_brands_hatch__indy    n=24  median   2.16 m /   73.1 ms  p90    4.74 m /   122.6 ms  worst     7.04 m  within1  45.8%  within5 100.0%
        ks_highlands__layout_short n=24  median   0.80 m /   23.3 ms  p90    4.17 m /   130.4 ms  worst     7.59 m  within1  70.8%  within5 100.0%
        ks_laguna_seca           n=8  median   0.93 m /   22.0 ms  p90   15.12 m /   402.1 ms  worst    28.92 m  within1  62.5%  within5  87.5%
        ks_monza66__junior       n=24  median   3.28 m /   72.6 ms  p90    9.74 m /   261.9 ms  worst    17.76 m  within1  25.0%  within5  87.5%
        ks_nurburgring__layout_sprint_a n=40  median   3.65 m /  123.9 ms  p90   14.63 m /   309.8 ms  worst  1005.86 m  within1  27.5%  within5  87.5%
        ks_red_bull_ring__layout_national n=8  median   4.07 m /  124.1 ms  p90   22.34 m /   641.8 ms  worst    32.36 m  within1  37.5%  within5  75.0%
        ks_vallelunga__club_circuit n=16  median   2.57 m /   84.6 ms  p90    5.94 m /   197.8 ms  worst     7.43 m  within1  43.8%  within5 100.0%
        magione                  n=32  median   1.75 m /   50.4 ms  p90    5.37 m /   183.9 ms  worst     6.22 m  within1  62.5%  within5 100.0%

best eval median 2.32 m; artifacts in /Users/pvodopija/code/primal/runs/v3_look_s2_base
