  ks_silverstone__national     live lap02  reference 0260924T104658Z__lap01
  ks_silverstone__national     live lap04  reference 0260924T104658Z__lap02
  ks_silverstone__national     live lap05  reference 0260924T104658Z__lap03
  ks_silverstone__national     live lap06  reference 0260924T104658Z__lap04
  rt_lime_rock_park__no_chican live lap02  reference 0260928T143440Z__lap04
  rt_lime_rock_park__no_chican live lap03  reference 0260928T143440Z__lap05
  rt_lime_rock_park__no_chican live lap04  reference 0260928T143440Z__lap06
  rt_lime_rock_park__no_chican live lap05  reference 0260928T143440Z__lap07
  rt_oulton_park__fosters      live lap02  reference 0260929T195157Z__lap03
  rt_oulton_park__fosters      live lap03  reference 0260929T195157Z__lap04
  rt_oulton_park__fosters      live lap04  reference 0260929T195157Z__lap05
  rt_oulton_park__fosters      live lap05  reference 0260929T195157Z__lap06

                                          single >100 ms  tracker median      p90  >100 ms
level                                              26.5%           37 ms   107 ms    12.0%
yaw 7                                              40.0%           58 ms   158 ms    26.9%
yaw 14                                             59.6%          100 ms   268 ms    49.9%
pitch 5                                            35.9%           50 ms   134 ms    18.2%
roll 10                                            35.9%           40 ms   124 ms    15.6%
shake 1                                            26.7%           37 ms   107 ms    11.8%
shake 2                                            26.7%           38 ms   105 ms    11.6%
yaw 10, shake 1                                    48.3%           73 ms   197 ms    37.4%
same session: level                                 7.1%           13 ms    39 ms     0.9%
same session: Halo level                           11.5%           16 ms    49 ms     1.5%
same session: Halo yaw 10, shake 1                 44.5%           63 ms   191 ms    32.4%

tracker >100 ms per track: level | yaw 7 | yaw 14 | pitch 5 | roll 10 | shake 1 | shake 2 | yaw 10, shake 1 | same session: level | same session: Halo level | same session: Halo yaw 10, shake 1
  ks_silverstone__national         17.4% | 33.1% | 61.4% | 28.9% | 25.4% | 16.9% | 16.4% | 47.7% |  1.6% |  2.2% | 45.5%
  rt_lime_rock_park__no_chicane     9.5% | 32.7% | 62.2% | 12.5% |  9.4% |  8.5% |  8.2% | 46.0% |  0.0% |  0.0% | 36.4%
  rt_oulton_park__fosters           9.0% | 16.0% | 28.5% | 12.7% | 11.5% |  9.6% | 10.0% | 20.4% |  1.0% |  2.0% | 16.4%
