====================================================================================================
GATES
====================================================================================================

seen laps, seen tracks
  n=320  median   1.32 m /   38.5 ms  p90    3.99 m /   125.2 ms  worst    14.89 m  within1  66.9%  within5  99.1%
  mean predictive entropy 2.339 nats
    ks_black_cat_county__layout_short n=32  median   2.39 m /   77.3 ms  p90    5.59 m /   144.7 ms  worst     7.09 m  within1  43.8%  within5 100.0%
    ks_brands_hatch__indy    n=40  median   0.62 m /   17.0 ms  p90    2.80 m /    74.3 ms  worst     3.99 m  within1  82.5%  within5 100.0%
    ks_highlands__layout_short n=40  median   1.20 m /   38.4 ms  p90    2.61 m /    99.5 ms  worst    10.81 m  within1  72.5%  within5  97.5%
    ks_laguna_seca           n=48  median   1.79 m /   46.5 ms  p90    5.97 m /   217.5 ms  worst    14.89 m  within1  56.2%  within5  97.9%
    ks_monza66__junior       n=16  median   0.91 m /   18.3 ms  p90    1.95 m /    65.6 ms  worst     6.38 m  within1  87.5%  within5 100.0%
    ks_nurburgring__layout_sprint_a n=32  median   1.66 m /   41.8 ms  p90    3.13 m /   102.1 ms  worst     6.11 m  within1  65.6%  within5 100.0%
    ks_red_bull_ring__layout_national n=40  median   1.74 m /   46.2 ms  p90    3.69 m /    93.0 ms  worst     3.91 m  within1  62.5%  within5 100.0%
    ks_vallelunga__club_circuit n=40  median   1.22 m /   40.3 ms  p90    4.81 m /   140.7 ms  worst     5.76 m  within1  67.5%  within5 100.0%
    magione                  n=32  median   0.97 m /   31.5 ms  p90    4.07 m /   132.4 ms  worst    10.20 m  within1  75.0%  within5  96.9%

G1  held-out laps, seen tracks
  n=320  median   1.41 m /   42.7 ms  p90    4.02 m /   109.9 ms  worst    74.56 m  within1  66.2%  within5  98.4%
  mean predictive entropy 2.324 nats
    ks_black_cat_county__layout_short n=32  median   1.60 m /   49.6 ms  p90    3.54 m /   102.0 ms  worst     4.92 m  within1  62.5%  within5 100.0%
    ks_brands_hatch__indy    n=32  median   1.20 m /   37.0 ms  p90    3.34 m /    90.0 ms  worst     4.88 m  within1  78.1%  within5 100.0%
    ks_highlands__layout_short n=32  median   1.05 m /   38.1 ms  p90    2.89 m /    73.1 ms  worst    40.38 m  within1  78.1%  within5  96.9%
    ks_laguna_seca           n=16  median   2.74 m /   63.3 ms  p90    4.21 m /   150.4 ms  worst     9.72 m  within1  43.8%  within5 100.0%
    ks_monza66__junior       n=32  median   1.41 m /   32.4 ms  p90    3.50 m /    90.7 ms  worst     6.16 m  within1  68.8%  within5 100.0%
    ks_nurburgring__layout_sprint_a n=48  median   2.07 m /   55.5 ms  p90    5.44 m /   165.1 ms  worst    74.56 m  within1  47.9%  within5  95.8%
    ks_red_bull_ring__layout_national n=72  median   1.41 m /   38.2 ms  p90    4.37 m /   121.3 ms  worst    14.22 m  within1  62.5%  within5  97.2%
    ks_vallelunga__club_circuit n=16  median   1.21 m /   46.2 ms  p90    2.42 m /    91.3 ms  worst     3.37 m  within1  75.0%  within5 100.0%
    magione                  n=40  median   1.06 m /   37.5 ms  p90    2.47 m /    81.4 ms  worst     6.12 m  within1  82.5%  within5 100.0%

G2  held-out tracks
  n=320  median   1.92 m /   54.3 ms  p90    7.09 m /   182.7 ms  worst   401.58 m  within1  51.9%  within5  94.4%
  mean predictive entropy 2.425 nats
    ks_silverstone__national n=152  median   2.45 m /   67.4 ms  p90    9.35 m /   226.2 ms  worst   401.58 m  within1  45.4%  within5  91.4%
    rt_lime_rock_park__no_chicane n=96  median   1.41 m /   38.4 ms  p90    5.34 m /   146.5 ms  worst   152.45 m  within1  60.4%  within5  95.8%
    rt_oulton_park__fosters  n=72  median   1.72 m /   50.3 ms  p90    4.55 m /   123.4 ms  worst    12.85 m  within1  54.2%  within5  98.6%

====================================================================================================
NEGATIVE CONTROLS
====================================================================================================

wrong-reference control: live clips paired with another track's reference
  matched reference   median    1.62 m   entropy 2.326 nats
  wrong reference     median  688.04 m   entropy 3.680 nats
  chance for 3227 bins at 2.00 m: 1613.3 m; uniform entropy 8.079 nats
  PASS: error must collapse to chance when the reference is wrong

wrote runs/v3_mobilenet_wide_s0/gates_v3.json
