  G1 ks_black_cat_county__layout_ ref 180056Z  live 183526Z
  G1 ks_black_cat_county__layout_ ref 183242Z  live 183526Z
  G1 ks_brands_hatch__indy        ref 171903Z  live 221531Z
  G1 ks_brands_hatch__indy        ref 181357Z  live 221531Z
  G1 ks_highlands__layout_short   ref 212549Z  live 005654Z
  G1 ks_laguna_seca               ref 110507Z  live 123110Z
  G1 ks_monza66__junior           ref 091133Z  live 093530Z
  G1 ks_nurburgring__layout_sprin ref 100528Z  live 103410Z
  G1 ks_red_bull_ring__layout_nat ref 232216Z  live 174436Z
  G1 ks_red_bull_ring__layout_nat ref 233620Z  live 174436Z
  G1 ks_vallelunga__club_circuit  ref 220345Z  live 223945Z
  G1 ks_vallelunga__club_circuit  ref 222513Z  live 223945Z
  G1 magione                      ref 225059Z  live 231051Z
  G1 magione                      ref 230023Z  live 231051Z
  G2 ks_silverstone__national     ref 105441Z  live 104658Z
  G2 ks_silverstone__national     ref 105442Z  live 104658Z
  G2 ks_silverstone__national     ref 105441Z  live 104658Z
  G2 ks_silverstone__national     ref 105442Z  live 104658Z
  G2 ks_silverstone__national     ref 105441Z  live 104658Z
  G2 ks_silverstone__national     ref 105442Z  live 104658Z
  G2 ks_silverstone__national     ref 105441Z  live 104658Z
  G2 ks_silverstone__national     ref 105442Z  live 104658Z
  G2 ks_silverstone__national     ref 105441Z  live 104658Z
  G2 ks_silverstone__national     ref 105442Z  live 104658Z
  G2 ks_silverstone__national     ref 105441Z  live 104658Z
  G2 ks_silverstone__national     ref 105442Z  live 104658Z
  G2 ks_silverstone__national     ref 105441Z  live 104658Z
  G2 ks_silverstone__national     ref 105442Z  live 104658Z
  G2 ks_silverstone__national     ref 104658Z  live 105441Z
  G2 ks_silverstone__national     ref 105442Z  live 105441Z
  G2 ks_silverstone__national     ref 104658Z  live 105441Z
  G2 ks_silverstone__national     ref 105442Z  live 105441Z
  G2 ks_silverstone__national     ref 104658Z  live 105441Z
  G2 ks_silverstone__national     ref 105442Z  live 105441Z
  G2 ks_silverstone__national     ref 104658Z  live 105441Z
  G2 ks_silverstone__national     ref 105442Z  live 105441Z
  G2 ks_silverstone__national     ref 104658Z  live 105441Z
  G2 ks_silverstone__national     ref 105442Z  live 105441Z
  G2 ks_silverstone__national     ref 104658Z  live 105441Z
  G2 ks_silverstone__national     ref 105442Z  live 105441Z
  G2 ks_silverstone__national     ref 104658Z  live 105441Z
  G2 ks_silverstone__national     ref 105442Z  live 105441Z
  G2 ks_silverstone__national     ref 104658Z  live 105441Z
  G2 ks_silverstone__national     ref 105442Z  live 105441Z
  G2 ks_silverstone__national     ref 104658Z  live 105442Z
  G2 ks_silverstone__national     ref 105441Z  live 105442Z
  G2 ks_silverstone__national     ref 104658Z  live 105442Z
  G2 ks_silverstone__national     ref 105441Z  live 105442Z
  G2 ks_silverstone__national     ref 104658Z  live 105442Z
  G2 ks_silverstone__national     ref 105441Z  live 105442Z
  G2 ks_silverstone__national     ref 104658Z  live 105442Z
  G2 ks_silverstone__national     ref 105441Z  live 105442Z
  G2 ks_silverstone__national     ref 104658Z  live 105442Z
  G2 ks_silverstone__national     ref 105441Z  live 105442Z
  G2 ks_silverstone__national     ref 104658Z  live 105442Z
  G2 ks_silverstone__national     ref 105441Z  live 105442Z
  G2 ks_silverstone__national     ref 104658Z  live 105442Z
  G2 ks_silverstone__national     ref 105441Z  live 105442Z
  G2 ks_silverstone__national     ref 104658Z  live 105442Z
  G2 ks_silverstone__national     ref 105441Z  live 105442Z
  G2 rt_lime_rock_park__no_chican ref 143440Z  live 141815Z
  G2 rt_lime_rock_park__no_chican ref 143440Z  live 141815Z
  G2 rt_lime_rock_park__no_chican ref 143440Z  live 141815Z
  G2 rt_lime_rock_park__no_chican ref 143440Z  live 141815Z
  G2 rt_lime_rock_park__no_chican ref 143440Z  live 141815Z
  G2 rt_lime_rock_park__no_chican ref 143440Z  live 141815Z
  G2 rt_lime_rock_park__no_chican ref 143440Z  live 141815Z
  G2 rt_lime_rock_park__no_chican ref 143440Z  live 141815Z
  G2 rt_lime_rock_park__no_chican ref 143440Z  live 141815Z
  G2 rt_lime_rock_park__no_chican ref 141815Z  live 143440Z
  G2 rt_lime_rock_park__no_chican ref 141815Z  live 143440Z
  G2 rt_lime_rock_park__no_chican ref 141815Z  live 143440Z
  G2 rt_lime_rock_park__no_chican ref 141815Z  live 143440Z
  G2 rt_lime_rock_park__no_chican ref 141815Z  live 143440Z
  G2 rt_lime_rock_park__no_chican ref 141815Z  live 143440Z
  G2 rt_lime_rock_park__no_chican ref 141815Z  live 143440Z
  G2 rt_lime_rock_park__no_chican ref 141815Z  live 143440Z
  G2 rt_oulton_park__fosters      ref 195157Z  live 193254Z
  G2 rt_oulton_park__fosters      ref 195157Z  live 193254Z
  G2 rt_oulton_park__fosters      ref 195157Z  live 193254Z
  G2 rt_oulton_park__fosters      ref 195157Z  live 193254Z
  G2 rt_oulton_park__fosters      ref 195157Z  live 193254Z
  G2 rt_oulton_park__fosters      ref 195157Z  live 193254Z
  G2 rt_oulton_park__fosters      ref 195157Z  live 193254Z
  G2 rt_oulton_park__fosters      ref 195157Z  live 193254Z
  G2 rt_oulton_park__fosters      ref 195157Z  live 193254Z
  G2 rt_oulton_park__fosters      ref 193254Z  live 195157Z
  G2 rt_oulton_park__fosters      ref 193254Z  live 195157Z
  G2 rt_oulton_park__fosters      ref 193254Z  live 195157Z
  G2 rt_oulton_park__fosters      ref 193254Z  live 195157Z
  G2 rt_oulton_park__fosters      ref 193254Z  live 195157Z
  G2 rt_oulton_park__fosters      ref 193254Z  live 195157Z
  G2 rt_oulton_park__fosters      ref 193254Z  live 195157Z
  G2 rt_oulton_park__fosters      ref 193254Z  live 195157Z
  G2 rt_oulton_park__fosters      ref 193254Z  live 195157Z

                                                                       median      p90  >100 ms   >10 m     worst
G1 single                                                       1.62 m   52 ms   163 ms    23.7%    2.4%   1513.8 m
G1 filter                                                       1.46 m   47 ms   154 ms    21.2%    1.5%     77.0 m
G1 filter, reference time                                       1.06 m   34 ms    91 ms     8.1%    0.0%     10.3 m
G1 filter, reference time, two modes                            1.00 m   32 ms    90 ms     7.6%    0.2%     33.6 m
G1 filter + speed                                               0.73 m   23 ms    63 ms     1.5%    0.0%      4.6 m
G1 filter, lag-corrected                                        1.45 m   46 ms   154 ms    21.2%    1.5%     77.3 m
G1 filter, reference time, lag-corrected                        1.06 m   34 ms    92 ms     8.0%    0.0%     10.6 m
G1 filter, reference time, two modes, lag-corrected             0.99 m   31 ms    91 ms     7.8%    0.2%     34.0 m
G1 filter + speed, lag-corrected                                0.74 m   24 ms    58 ms     1.2%    0.0%      5.9 m
G2 single                                                       2.07 m   57 ms   183 ms    27.1%    5.3%   1201.6 m
G2 filter                                                       1.92 m   53 ms   168 ms    24.6%    4.0%    784.6 m
G2 filter, reference time                                       1.34 m   36 ms    96 ms     9.0%    0.0%     12.3 m
G2 filter, reference time, two modes                            1.29 m   35 ms    95 ms     8.8%    0.6%     66.4 m
G2 filter + speed                                               0.77 m   21 ms    56 ms     0.6%    0.0%     14.2 m
G2 filter, lag-corrected                                        1.94 m   53 ms   169 ms    24.9%    4.1%    784.5 m
G2 filter, reference time, lag-corrected                        1.39 m   38 ms    99 ms     9.7%    0.0%     12.3 m
G2 filter, reference time, two modes, lag-corrected             1.32 m   36 ms    98 ms     9.4%    0.7%     66.2 m
G2 filter + speed, lag-corrected                                0.80 m   22 ms    58 ms     0.9%    0.0%     13.9 m
G2 ks_silverstone__national single                              2.39 m   66 ms   211 ms    32.5%    7.0%   1201.6 m
G2 ks_silverstone__national filter                              2.24 m   62 ms   198 ms    30.5%    5.9%    784.6 m
G2 ks_silverstone__national filter, reference time              1.31 m   36 ms    96 ms     8.8%    0.0%      8.7 m
G2 ks_silverstone__national filter, reference time, two modes    1.31 m   36 ms   102 ms    10.6%    1.1%     66.4 m
G2 ks_silverstone__national filter + speed                      0.85 m   23 ms    61 ms     1.1%    0.0%      7.5 m
G2 ks_silverstone__national filter, lag-corrected               2.26 m   63 ms   200 ms    30.9%    6.0%    784.5 m
G2 ks_silverstone__national filter, reference time, lag-corrected    1.35 m   37 ms    99 ms     9.6%    0.0%      8.8 m
G2 ks_silverstone__national filter, reference time, two modes, lag-corrected    1.35 m   37 ms   105 ms    11.3%    1.1%     66.2 m
G2 ks_silverstone__national filter + speed, lag-corrected       0.90 m   25 ms    64 ms     1.4%    0.0%      7.6 m
G2 same car single                                              2.72 m   76 ms   284 ms    38.0%   10.5%   1201.6 m
G2 same car filter                                              2.55 m   71 ms   247 ms    36.8%    8.8%    784.6 m
G2 same car filter, reference time                              1.01 m   28 ms    83 ms     5.4%    0.0%      8.4 m
G2 same car filter, reference time, two modes                   1.11 m   31 ms   109 ms    11.7%    2.4%     66.4 m
G2 same car filter + speed                                      0.92 m   26 ms    65 ms     1.3%    0.0%      5.5 m
G2 same car filter, lag-corrected                               2.58 m   72 ms   249 ms    37.2%    8.9%    784.5 m
G2 same car filter, reference time, lag-corrected               1.08 m   30 ms    86 ms     6.3%    0.0%      8.8 m
G2 same car filter, reference time, two modes, lag-corrected    1.18 m   33 ms   113 ms    12.4%    2.5%     66.2 m
G2 same car filter + speed, lag-corrected                       0.97 m   27 ms    69 ms     1.7%    0.0%      5.8 m
G2 rt_lime_rock_park__no_chicane single                         1.83 m   50 ms   148 ms    20.9%    2.8%    811.0 m
G2 rt_lime_rock_park__no_chicane filter                         1.69 m   45 ms   133 ms    18.1%    1.6%     36.0 m
G2 rt_lime_rock_park__no_chicane filter, reference time         1.45 m   40 ms    95 ms     8.5%    0.1%     12.3 m
G2 rt_lime_rock_park__no_chicane filter, reference time, two modes    1.37 m   37 ms    89 ms     6.0%    0.1%     12.7 m
G2 rt_lime_rock_park__no_chicane filter + speed                 0.73 m   19 ms    49 ms     0.1%    0.0%      4.6 m
G2 rt_lime_rock_park__no_chicane filter, lag-corrected          1.69 m   46 ms   134 ms    18.2%    1.6%     36.4 m
G2 rt_lime_rock_park__no_chicane filter, reference time, lag-corrected    1.51 m   41 ms    97 ms     8.9%    0.1%     12.3 m
G2 rt_lime_rock_park__no_chicane filter, reference time, two modes, lag-corrected    1.40 m   38 ms    90 ms     6.4%    0.1%     12.7 m
G2 rt_lime_rock_park__no_chicane filter + speed, lag-corrected    0.75 m   20 ms    48 ms     0.2%    0.0%      4.6 m
G2 rt_oulton_park__fosters single                               1.63 m   45 ms   143 ms    19.0%    3.4%   1105.0 m
G2 rt_oulton_park__fosters filter                               1.49 m   41 ms   124 ms    15.7%    1.3%     47.1 m
G2 rt_oulton_park__fosters filter, reference time               1.33 m   36 ms    99 ms     9.6%    0.0%      7.7 m
G2 rt_oulton_park__fosters filter, reference time, two modes    1.18 m   33 ms    87 ms     6.6%    0.0%     15.6 m
G2 rt_oulton_park__fosters filter + speed                       0.67 m   18 ms    44 ms     0.1%    0.0%     14.2 m
G2 rt_oulton_park__fosters filter, lag-corrected                1.52 m   42 ms   126 ms    15.9%    1.4%     46.7 m
G2 rt_oulton_park__fosters filter, reference time, lag-corrected    1.39 m   38 ms   103 ms    10.7%    0.0%      7.7 m
G2 rt_oulton_park__fosters filter, reference time, two modes, lag-corrected    1.21 m   33 ms    89 ms     6.9%    0.0%     15.1 m
G2 rt_oulton_park__fosters filter + speed, lag-corrected        0.64 m   18 ms    45 ms     0.2%    0.0%     13.9 m
