====================================================================================================
GATES
====================================================================================================

seen laps, seen tracks
  n=320  median   1.39 m /   40.1 ms  p90    4.24 m /   130.2 ms  worst    17.36 m  within1  62.5%  within5  98.8%
  mean predictive entropy 2.247 nats
    ks_black_cat_county__layout_short n=72  median   2.25 m /   66.8 ms  p90    6.00 m /   169.0 ms  worst    15.38 m  within1  45.8%  within5  95.8%
    ks_brands_hatch__indy    n=72  median   0.56 m /   18.2 ms  p90    1.69 m /    42.8 ms  worst     2.69 m  within1  91.7%  within5 100.0%
    ks_red_bull_ring__layout_national n=48  median   1.76 m /   48.6 ms  p90    4.31 m /   109.3 ms  worst     7.23 m  within1  56.2%  within5 100.0%
    ks_vallelunga__club_circuit n=64  median   2.36 m /   71.4 ms  p90    4.08 m /   174.6 ms  worst     9.59 m  within1  46.9%  within5 100.0%
    magione                  n=64  median   1.27 m /   40.4 ms  p90    3.16 m /   117.7 ms  worst    17.36 m  within1  68.8%  within5  98.4%

G1  held-out laps, seen tracks
  n=320  median   1.49 m /   45.8 ms  p90    3.86 m /   128.6 ms  worst    64.30 m  within1  64.1%  within5  99.7%
  mean predictive entropy 2.249 nats
    ks_black_cat_county__layout_short n=48  median   1.98 m /   54.3 ms  p90    5.61 m /   175.5 ms  worst     8.46 m  within1  50.0%  within5 100.0%
    ks_brands_hatch__indy    n=64  median   0.88 m /   25.6 ms  p90    2.40 m /    73.1 ms  worst     3.64 m  within1  76.6%  within5 100.0%
    ks_red_bull_ring__layout_national n=64  median   1.41 m /   40.6 ms  p90    4.19 m /   111.3 ms  worst     9.20 m  within1  65.6%  within5 100.0%
    ks_vallelunga__club_circuit n=88  median   1.56 m /   59.1 ms  p90    4.25 m /   160.2 ms  worst     7.66 m  within1  67.0%  within5 100.0%
    magione                  n=56  median   1.66 m /   56.2 ms  p90    3.56 m /   155.9 ms  worst    64.30 m  within1  55.4%  within5  98.2%

G2  held-out tracks
  n=320  median   2.81 m /   73.9 ms  p90   15.87 m /   436.2 ms  worst  1165.58 m  within1  38.4%  within5  84.7%
  mean predictive entropy 2.644 nats
    ks_silverstone__national n=320  median   2.81 m /   73.9 ms  p90   15.87 m /   436.2 ms  worst  1165.58 m  within1  38.4%  within5  84.7%

====================================================================================================
NEGATIVE CONTROLS
====================================================================================================

wrong-reference control: live clips paired with another track's reference
  matched reference   median    1.17 m   entropy 2.244 nats
  wrong reference     median  539.93 m   entropy 3.951 nats
  chance for 3227 bins at 2.00 m: 1613.3 m; uniform entropy 8.079 nats
  PASS: error must collapse to chance when the reference is wrong

wrote runs/lagfix_ctl/gates.json
