started from runs/ft_clean/best.pt
gate g1: held-out laps of seen tracks; full augmentation
train tracks ['ks_black_cat_county__layout_short', 'ks_brands_hatch__indy', 'ks_red_bull_ring__layout_national', 'ks_vallelunga__club_circuit', 'magione'] (111 laps usable)
eval  tracks ['ks_black_cat_county__layout_short', 'ks_brands_hatch__indy', 'ks_red_bull_ring__layout_national', 'ks_vallelunga__club_circuit', 'magione'], split=train
held out as live-only: ['ks_black_cat_county__layout_short__20260923T183526Z__lap08', 'ks_brands_hatch__indy__20260921T221531Z__lap02', 'ks_red_bull_ring__layout_national__20260923T174436Z__lap15', 'ks_vallelunga__club_circuit__20260922T223945Z__lap07', 'magione__default__20260922T231051Z__lap06']
frame 148x80, reference bins 3227
model 0.67M params on mps

step     1/1500  loss  3.5615 (ce  2.290 aux  2.541 ref 0.0008)  train median    2.18 m   4.18 s/step
step    20/1500  loss  3.2954 (ce  2.157 aux  2.277 ref 0.0004)  train median    0.57 m   0.98 s/step
step    40/1500  loss  3.5539 (ce  2.264 aux  2.580 ref 0.0008)  train median    1.61 m   0.94 s/step
step    60/1500  loss  3.7959 (ce  2.427 aux  2.737 ref 0.0012)  train median    2.32 m   0.96 s/step
step    80/1500  loss  3.5984 (ce  2.333 aux  2.529 ref 0.0016)  train median    2.68 m   0.95 s/step
step   100/1500  loss  4.0109 (ce  2.525 aux  2.972 ref 0.0005)  train median    3.54 m   0.96 s/step
step   120/1500  loss  4.0454 (ce  2.602 aux  2.886 ref 0.0005)  train median    2.12 m   0.89 s/step
step   140/1500  loss  3.4146 (ce  2.202 aux  2.425 ref 0.0004)  train median    0.57 m   0.85 s/step
step   160/1500  loss  3.3978 (ce  2.202 aux  2.391 ref 0.0005)  train median    0.50 m   0.87 s/step
step   180/1500  loss  3.6337 (ce  2.233 aux  2.802 ref 0.0002)  train median    0.85 m   0.88 s/step
step   200/1500  loss  3.5820 (ce  2.286 aux  2.591 ref 0.0008)  train median    1.50 m   0.89 s/step
  eval  n=192  median   1.59 m /   56.2 ms  p90    5.31 m /   167.5 ms  worst    31.90 m  within1  57.3%  within5  98.4%
        ks_black_cat_county__layout_short n=32  median   2.38 m /   67.5 ms  p90    5.57 m /   164.5 ms  worst    31.90 m  within1  37.5%  within5  96.9%
        ks_brands_hatch__indy    n=32  median   1.08 m /   33.6 ms  p90    3.86 m /    89.0 ms  worst     6.39 m  within1  62.5%  within5 100.0%
        ks_red_bull_ring__layout_national n=24  median   1.18 m /   38.2 ms  p90    5.19 m /   135.3 ms  worst     7.21 m  within1  58.3%  within5 100.0%
        ks_vallelunga__club_circuit n=48  median   1.53 m /   56.7 ms  p90    6.28 m /   198.9 ms  worst     7.42 m  within1  62.5%  within5 100.0%
        magione                  n=56  median   1.63 m /   61.9 ms  p90    4.35 m /   168.1 ms  worst    14.22 m  within1  60.7%  within5  96.4%
step   220/1500  loss  3.4063 (ce  2.214 aux  2.384 ref 0.0008)  train median    1.05 m   0.98 s/step
step   240/1500  loss  3.4616 (ce  2.243 aux  2.437 ref 0.0007)  train median    1.10 m   0.97 s/step
step   260/1500  loss  3.3212 (ce  2.172 aux  2.298 ref 0.0005)  train median    0.94 m   0.96 s/step
step   280/1500  loss  3.7110 (ce  2.418 aux  2.585 ref 0.0012)  train median    2.61 m   0.96 s/step
step   300/1500  loss  3.4010 (ce  2.184 aux  2.433 ref 0.0005)  train median    1.41 m   0.95 s/step
step   320/1500  loss  3.4971 (ce  2.274 aux  2.445 ref 0.0013)  train median    1.86 m   0.94 s/step
step   340/1500  loss  3.4058 (ce  2.248 aux  2.314 ref 0.0009)  train median    1.43 m   0.95 s/step
step   360/1500  loss  3.4990 (ce  2.197 aux  2.603 ref 0.0006)  train median    1.34 m   0.94 s/step
step   380/1500  loss  3.4834 (ce  2.250 aux  2.466 ref 0.0010)  train median    1.14 m   0.94 s/step
step   400/1500  loss  3.4883 (ce  2.273 aux  2.429 ref 0.0008)  train median    0.58 m   0.92 s/step
  eval  n=192  median   1.51 m /   51.6 ms  p90    5.60 m /   150.7 ms  worst    32.20 m  within1  60.9%  within5  97.9%
        ks_black_cat_county__layout_short n=32  median   1.81 m /   47.6 ms  p90    6.15 m /   176.0 ms  worst    32.20 m  within1  53.1%  within5  96.9%
        ks_brands_hatch__indy    n=32  median   0.71 m /   21.6 ms  p90    5.62 m /   129.2 ms  worst     8.14 m  within1  65.6%  within5 100.0%
        ks_red_bull_ring__layout_national n=24  median   1.44 m /   43.7 ms  p90    4.08 m /   101.9 ms  worst     5.79 m  within1  62.5%  within5 100.0%
        ks_vallelunga__club_circuit n=48  median   1.52 m /   59.3 ms  p90    5.24 m /   207.0 ms  worst    13.88 m  within1  56.2%  within5  97.9%
        magione                  n=56  median   1.51 m /   58.7 ms  p90    4.31 m /   184.4 ms  worst    12.47 m  within1  66.1%  within5  96.4%
step   420/1500  loss  3.6003 (ce  2.329 aux  2.542 ref 0.0010)  train median    1.44 m   0.96 s/step
step   440/1500  loss  3.6600 (ce  2.344 aux  2.630 ref 0.0009)  train median    1.43 m   0.97 s/step
step   460/1500  loss  3.4372 (ce  2.207 aux  2.460 ref 0.0006)  train median    0.75 m   0.97 s/step
step   480/1500  loss  3.3301 (ce  2.187 aux  2.285 ref 0.0005)  train median    0.57 m   0.97 s/step
step   500/1500  loss  3.6903 (ce  2.380 aux  2.619 ref 0.0012)  train median    2.39 m   0.95 s/step
step   520/1500  loss  3.2500 (ce  2.126 aux  2.247 ref 0.0002)  train median    0.23 m   0.94 s/step
step   540/1500  loss  3.7221 (ce  2.431 aux  2.580 ref 0.0014)  train median    1.65 m   0.92 s/step
step   560/1500  loss  3.4479 (ce  2.239 aux  2.417 ref 0.0009)  train median    1.60 m   0.90 s/step
step   580/1500  loss  3.2479 (ce  2.144 aux  2.207 ref 0.0004)  train median    0.57 m   0.90 s/step
step   600/1500  loss  3.4800 (ce  2.301 aux  2.357 ref 0.0012)  train median    1.43 m   0.90 s/step
  eval  n=192  median   1.48 m /   50.8 ms  p90    4.72 m /   140.5 ms  worst    25.47 m  within1  61.5%  within5  98.4%
        ks_black_cat_county__layout_short n=32  median   2.12 m /   71.1 ms  p90    5.12 m /   155.3 ms  worst    25.47 m  within1  46.9%  within5  93.8%
        ks_brands_hatch__indy    n=32  median   0.84 m /   27.5 ms  p90    4.00 m /    90.7 ms  worst     5.32 m  within1  68.8%  within5 100.0%
        ks_red_bull_ring__layout_national n=24  median   1.90 m /   45.1 ms  p90    4.58 m /   112.0 ms  worst     5.29 m  within1  50.0%  within5 100.0%
        ks_vallelunga__club_circuit n=48  median   1.53 m /   57.0 ms  p90    4.43 m /   154.7 ms  worst     7.43 m  within1  64.6%  within5 100.0%
        magione                  n=56  median   1.34 m /   52.4 ms  p90    3.67 m /   142.8 ms  worst    10.75 m  within1  67.9%  within5  98.2%
step   620/1500  loss  3.8234 (ce  2.402 aux  2.843 ref 0.0004)  train median    2.11 m   0.94 s/step
step   640/1500  loss  3.3494 (ce  2.198 aux  2.303 ref 0.0006)  train median    0.47 m   0.94 s/step
step   660/1500  loss  3.2680 (ce  2.142 aux  2.252 ref 0.0003)  train median    0.32 m   0.94 s/step
step   680/1500  loss  3.4696 (ce  2.227 aux  2.484 ref 0.0007)  train median    0.88 m   0.93 s/step
step   700/1500  loss  3.4141 (ce  2.191 aux  2.446 ref 0.0005)  train median    1.12 m   0.93 s/step
step   720/1500  loss  3.6812 (ce  2.335 aux  2.691 ref 0.0008)  train median    1.24 m   0.93 s/step
step   740/1500  loss  4.1094 (ce  2.639 aux  2.939 ref 0.0006)  train median    3.45 m   0.92 s/step
step   760/1500  loss  3.6946 (ce  2.275 aux  2.839 ref 0.0002)  train median    1.42 m   0.91 s/step
step   780/1500  loss  3.8746 (ce  2.304 aux  3.142 ref 0.0003)  train median    1.05 m   0.92 s/step
step   800/1500  loss  3.3309 (ce  2.161 aux  2.339 ref 0.0005)  train median    1.09 m   0.93 s/step
  eval  n=192  median   1.59 m /   51.1 ms  p90    4.82 m /   149.5 ms  worst    29.65 m  within1  62.0%  within5  98.4%
        ks_black_cat_county__layout_short n=32  median   2.06 m /   56.3 ms  p90    5.79 m /   152.0 ms  worst    29.65 m  within1  50.0%  within5  96.9%
        ks_brands_hatch__indy    n=32  median   1.15 m /   33.7 ms  p90    3.89 m /    89.7 ms  worst     6.86 m  within1  68.8%  within5 100.0%
        ks_red_bull_ring__layout_national n=24  median   1.73 m /   48.4 ms  p90    4.85 m /   105.3 ms  worst     5.75 m  within1  58.3%  within5 100.0%
        ks_vallelunga__club_circuit n=48  median   1.57 m /   53.5 ms  p90    4.45 m /   156.2 ms  worst     6.75 m  within1  66.7%  within5 100.0%
        magione                  n=56  median   1.35 m /   56.2 ms  p90    4.42 m /   162.7 ms  worst    14.16 m  within1  62.5%  within5  96.4%
step   820/1500  loss  3.3222 (ce  2.174 aux  2.296 ref 0.0006)  train median    0.81 m   0.95 s/step
step   840/1500  loss  3.3993 (ce  2.201 aux  2.395 ref 0.0005)  train median    1.01 m   0.95 s/step
step   860/1500  loss  3.2332 (ce  2.131 aux  2.204 ref 0.0002)  train median    0.21 m   0.94 s/step
step   880/1500  loss  3.3841 (ce  2.184 aux  2.400 ref 0.0005)  train median    1.21 m   0.95 s/step
step   900/1500  loss  3.4692 (ce  2.260 aux  2.418 ref 0.0008)  train median    1.50 m   0.94 s/step
step   920/1500  loss  3.3987 (ce  2.220 aux  2.356 ref 0.0009)  train median    1.39 m   0.94 s/step
step   940/1500  loss  3.5714 (ce  2.268 aux  2.606 ref 0.0003)  train median    1.32 m   0.93 s/step
step   960/1500  loss  3.6205 (ce  2.327 aux  2.586 ref 0.0008)  train median    1.56 m   0.92 s/step
step   980/1500  loss  3.7768 (ce  2.297 aux  2.959 ref 0.0003)  train median    1.64 m   0.92 s/step
step  1000/1500  loss  3.2720 (ce  2.162 aux  2.220 ref 0.0005)  train median    0.79 m   0.92 s/step
  eval  n=192  median   1.55 m /   49.1 ms  p90    4.19 m /   135.2 ms  worst    30.24 m  within1  65.6%  within5  98.4%
        ks_black_cat_county__layout_short n=32  median   1.76 m /   51.3 ms  p90    5.12 m /   134.8 ms  worst    30.24 m  within1  56.2%  within5  96.9%
        ks_brands_hatch__indy    n=32  median   1.20 m /   39.2 ms  p90    3.61 m /    90.9 ms  worst     6.65 m  within1  65.6%  within5 100.0%
        ks_red_bull_ring__layout_national n=24  median   1.56 m /   46.9 ms  p90    5.10 m /   117.9 ms  worst     5.66 m  within1  58.3%  within5 100.0%
        ks_vallelunga__club_circuit n=48  median   1.64 m /   58.1 ms  p90    3.83 m /   131.7 ms  worst     5.26 m  within1  70.8%  within5 100.0%
        magione                  n=56  median   1.43 m /   51.8 ms  p90    4.14 m /   161.1 ms  worst    13.87 m  within1  69.6%  within5  96.4%
step  1020/1500  loss  3.7437 (ce  2.405 aux  2.678 ref 0.0004)  train median    1.25 m   0.93 s/step
step  1040/1500  loss  3.4877 (ce  2.195 aux  2.586 ref 0.0005)  train median    0.97 m   0.93 s/step
step  1060/1500  loss  3.6503 (ce  2.372 aux  2.557 ref 0.0004)  train median    1.21 m   0.93 s/step
step  1080/1500  loss  3.2781 (ce  2.168 aux  2.219 ref 0.0006)  train median    1.07 m   0.93 s/step
step  1100/1500  loss  3.5916 (ce  2.259 aux  2.665 ref 0.0002)  train median    0.86 m   0.93 s/step
step  1120/1500  loss  3.6522 (ce  2.360 aux  2.583 ref 0.0012)  train median    1.98 m   0.93 s/step
step  1140/1500  loss  3.2579 (ce  2.138 aux  2.239 ref 0.0003)  train median    0.66 m   0.92 s/step
step  1160/1500  loss  3.4332 (ce  2.185 aux  2.496 ref 0.0005)  train median    1.11 m   0.91 s/step
step  1180/1500  loss  3.6283 (ce  2.355 aux  2.546 ref 0.0008)  train median    1.00 m   0.91 s/step
step  1200/1500  loss  3.2857 (ce  2.176 aux  2.220 ref 0.0005)  train median    0.68 m   0.91 s/step
  eval  n=192  median   1.38 m /   47.1 ms  p90    4.49 m /   131.8 ms  worst    31.41 m  within1  66.7%  within5  98.4%
        ks_black_cat_county__layout_short n=32  median   2.13 m /   64.1 ms  p90    5.19 m /   136.6 ms  worst    31.41 m  within1  46.9%  within5  96.9%
        ks_brands_hatch__indy    n=32  median   0.86 m /   25.7 ms  p90    3.54 m /    80.9 ms  worst     6.15 m  within1  75.0%  within5 100.0%
        ks_red_bull_ring__layout_national n=24  median   1.29 m /   41.9 ms  p90    4.88 m /   108.3 ms  worst     5.02 m  within1  66.7%  within5 100.0%
        ks_vallelunga__club_circuit n=48  median   1.38 m /   50.4 ms  p90    4.13 m /   128.8 ms  worst     5.55 m  within1  70.8%  within5 100.0%
        magione                  n=56  median   1.28 m /   50.2 ms  p90    4.34 m /   159.5 ms  worst    12.21 m  within1  69.6%  within5  96.4%
step  1220/1500  loss  3.2760 (ce  2.165 aux  2.222 ref 0.0006)  train median    1.41 m   0.92 s/step
step  1240/1500  loss  3.8735 (ce  2.332 aux  3.083 ref 0.0004)  train median    2.66 m   0.92 s/step
step  1260/1500  loss  3.4815 (ce  2.234 aux  2.494 ref 0.0006)  train median    1.19 m   0.92 s/step
step  1280/1500  loss  3.5280 (ce  2.283 aux  2.489 ref 0.0013)  train median    2.04 m   0.91 s/step
step  1300/1500  loss  3.5762 (ce  2.308 aux  2.536 ref 0.0008)  train median    1.72 m   0.90 s/step
step  1320/1500  loss  3.7190 (ce  2.304 aux  2.830 ref 0.0003)  train median    1.89 m   0.89 s/step
step  1340/1500  loss  3.4750 (ce  2.260 aux  2.428 ref 0.0009)  train median    1.51 m   0.88 s/step
step  1360/1500  loss  3.7097 (ce  2.384 aux  2.650 ref 0.0015)  train median    1.17 m   0.88 s/step
step  1380/1500  loss  3.5239 (ce  2.249 aux  2.549 ref 0.0009)  train median    1.53 m   0.87 s/step
step  1400/1500  loss  3.2710 (ce  2.167 aux  2.207 ref 0.0005)  train median    0.79 m   0.86 s/step
  eval  n=192  median   1.37 m /   44.2 ms  p90    4.31 m /   133.4 ms  worst    31.27 m  within1  66.7%  within5  98.4%
        ks_black_cat_county__layout_short n=32  median   2.04 m /   63.4 ms  p90    5.31 m /   136.2 ms  worst    31.27 m  within1  43.8%  within5  96.9%
        ks_brands_hatch__indy    n=32  median   0.88 m /   25.5 ms  p90    3.65 m /    81.1 ms  worst     5.92 m  within1  75.0%  within5 100.0%
        ks_red_bull_ring__layout_national n=24  median   1.24 m /   40.3 ms  p90    4.72 m /   104.0 ms  worst     4.85 m  within1  66.7%  within5 100.0%
        ks_vallelunga__club_circuit n=48  median   1.42 m /   53.6 ms  p90    4.16 m /   132.7 ms  worst     5.32 m  within1  68.8%  within5 100.0%
        magione                  n=56  median   1.29 m /   43.5 ms  p90    4.14 m /   156.0 ms  worst    12.49 m  within1  73.2%  within5  96.4%
step  1420/1500  loss  3.4124 (ce  2.222 aux  2.380 ref 0.0006)  train median    0.97 m   0.86 s/step
step  1440/1500  loss  3.5411 (ce  2.273 aux  2.536 ref 0.0008)  train median    2.11 m   0.86 s/step
step  1460/1500  loss  4.0494 (ce  2.649 aux  2.801 ref 0.0007)  train median    3.29 m   0.85 s/step
step  1480/1500  loss  3.4393 (ce  2.219 aux  2.440 ref 0.0009)  train median    1.61 m   0.85 s/step
step  1500/1500  loss  3.6297 (ce  2.317 aux  2.625 ref 0.0003)  train median    1.84 m   0.84 s/step
  eval  n=192  median   1.37 m /   44.8 ms  p90    4.29 m /   133.5 ms  worst    31.29 m  within1  66.7%  within5  98.4%
        ks_black_cat_county__layout_short n=32  median   2.03 m /   63.1 ms  p90    5.30 m /   136.5 ms  worst    31.29 m  within1  46.9%  within5  96.9%
        ks_brands_hatch__indy    n=32  median   0.88 m /   25.7 ms  p90    3.67 m /    81.6 ms  worst     5.92 m  within1  75.0%  within5 100.0%
        ks_red_bull_ring__layout_national n=24  median   1.22 m /   39.8 ms  p90    4.72 m /   103.7 ms  worst     4.84 m  within1  66.7%  within5 100.0%
        ks_vallelunga__club_circuit n=48  median   1.42 m /   53.9 ms  p90    4.14 m /   132.3 ms  worst     5.33 m  within1  68.8%  within5 100.0%
        magione                  n=56  median   1.29 m /   44.1 ms  p90    4.15 m /   156.2 ms  worst    12.47 m  within1  71.4%  within5  96.4%

best eval median 1.37 m; artifacts in /Users/pvodopija/code/primal/runs/lagfix_ctl
