  G2 rt_lime_rock_park__no_chican ref 143440Z  live 205006Z
  G2 rt_lime_rock_park__no_chican ref 143440Z  live 205006Z
  G2 rt_lime_rock_park__no_chican ref 143440Z  live 205006Z
  G2 rt_oulton_park__fosters      ref 195157Z  live 205804Z
  G2 rt_oulton_park__fosters      ref 195157Z  live 205804Z
  G2 rt_oulton_park__fosters      ref 195157Z  live 205804Z

                                                                       median      p90  >100 ms   >10 m     worst
G2 single                                                       2.74 m   76 ms   287 ms    40.1%    8.5%   1052.6 m
G2 filter                                                       2.83 m   78 ms   279 ms    39.6%    8.4%    513.4 m
G2 filter, reference time                                       2.00 m   54 ms   161 ms    24.4%    0.4%     20.9 m
G2 filter, reference time, two modes                            1.80 m   48 ms   178 ms    22.5%    2.0%     22.4 m
G2 filter + speed                                               1.25 m   33 ms   100 ms     9.9%    0.0%      6.5 m
G2 rt_lime_rock_park__no_chicane single                         3.09 m   83 ms   279 ms    43.1%    8.1%   1052.6 m
G2 rt_lime_rock_park__no_chicane filter                         3.07 m   84 ms   272 ms    42.5%    7.7%     42.5 m
G2 rt_lime_rock_park__no_chicane filter, reference time         1.97 m   53 ms   160 ms    21.6%    0.8%     20.9 m
G2 rt_lime_rock_park__no_chicane filter, reference time, two modes    1.90 m   50 ms   193 ms    24.8%    1.7%     22.4 m
G2 rt_lime_rock_park__no_chicane filter + speed                 1.15 m   30 ms   105 ms    11.6%    0.0%      6.5 m
G2 rt_oulton_park__fosters single                               2.51 m   70 ms   300 ms    37.5%    8.9%    851.5 m
G2 rt_oulton_park__fosters filter                               2.62 m   72 ms   291 ms    37.1%    9.1%    513.4 m
G2 rt_oulton_park__fosters filter, reference time               2.03 m   56 ms   162 ms    26.7%    0.0%      8.6 m
G2 rt_oulton_park__fosters filter, reference time, two modes    1.73 m   46 ms   154 ms    20.6%    2.2%     18.7 m
G2 rt_oulton_park__fosters filter + speed                       1.34 m   34 ms    93 ms     8.5%    0.0%      6.2 m
