  G1 ks_black_cat_county__layout_ ref 180056Z  live 183526Z
  G1 ks_black_cat_county__layout_ ref 183242Z  live 183526Z
  G1 ks_brands_hatch__indy        ref 171903Z  live 221531Z
  G1 ks_brands_hatch__indy        ref 181357Z  live 221531Z
  G1 ks_highlands__layout_short   ref 212549Z  live 005654Z
  G1 ks_laguna_seca               ref 110507Z  live 123110Z
  G1 ks_monza66__junior           ref 091133Z  live 093530Z
  G1 ks_nurburgring__layout_sprin ref 100528Z  live 103410Z
  G1 ks_red_bull_ring__layout_nat ref 232216Z  live 174436Z
  G1 ks_red_bull_ring__layout_nat ref 233620Z  live 174436Z
  G1 ks_vallelunga__club_circuit  ref 220345Z  live 223945Z
  G1 ks_vallelunga__club_circuit  ref 222513Z  live 223945Z
  G1 magione                      ref 225059Z  live 231051Z
  G1 magione                      ref 230023Z  live 231051Z
  G2 ks_silverstone__national     ref 105441Z  live 104658Z
  G2 ks_silverstone__national     ref 105442Z  live 104658Z
  G2 ks_silverstone__national     ref 105441Z  live 104658Z
  G2 ks_silverstone__national     ref 105442Z  live 104658Z
  G2 ks_silverstone__national     ref 105441Z  live 104658Z
  G2 ks_silverstone__national     ref 105442Z  live 104658Z
  G2 ks_silverstone__national     ref 105441Z  live 104658Z
  G2 ks_silverstone__national     ref 105442Z  live 104658Z
  G2 ks_silverstone__national     ref 105441Z  live 104658Z
  G2 ks_silverstone__national     ref 105442Z  live 104658Z
  G2 ks_silverstone__national     ref 105441Z  live 104658Z
  G2 ks_silverstone__national     ref 105442Z  live 104658Z
  G2 ks_silverstone__national     ref 105441Z  live 104658Z
  G2 ks_silverstone__national     ref 105442Z  live 104658Z
  G2 ks_silverstone__national     ref 104658Z  live 105441Z
  G2 ks_silverstone__national     ref 105442Z  live 105441Z
  G2 ks_silverstone__national     ref 104658Z  live 105441Z
  G2 ks_silverstone__national     ref 105442Z  live 105441Z
  G2 ks_silverstone__national     ref 104658Z  live 105441Z
  G2 ks_silverstone__national     ref 105442Z  live 105441Z
  G2 ks_silverstone__national     ref 104658Z  live 105441Z
  G2 ks_silverstone__national     ref 105442Z  live 105441Z
  G2 ks_silverstone__national     ref 104658Z  live 105441Z
  G2 ks_silverstone__national     ref 105442Z  live 105441Z
  G2 ks_silverstone__national     ref 104658Z  live 105441Z
  G2 ks_silverstone__national     ref 105442Z  live 105441Z
  G2 ks_silverstone__national     ref 104658Z  live 105441Z
  G2 ks_silverstone__national     ref 105442Z  live 105441Z
  G2 ks_silverstone__national     ref 104658Z  live 105441Z
  G2 ks_silverstone__national     ref 105442Z  live 105441Z
  G2 ks_silverstone__national     ref 104658Z  live 105442Z
  G2 ks_silverstone__national     ref 105441Z  live 105442Z
  G2 ks_silverstone__national     ref 104658Z  live 105442Z
  G2 ks_silverstone__national     ref 105441Z  live 105442Z
  G2 ks_silverstone__national     ref 104658Z  live 105442Z
  G2 ks_silverstone__national     ref 105441Z  live 105442Z
  G2 ks_silverstone__national     ref 104658Z  live 105442Z
  G2 ks_silverstone__national     ref 105441Z  live 105442Z
  G2 ks_silverstone__national     ref 104658Z  live 105442Z
  G2 ks_silverstone__national     ref 105441Z  live 105442Z
  G2 ks_silverstone__national     ref 104658Z  live 105442Z
  G2 ks_silverstone__national     ref 105441Z  live 105442Z
  G2 ks_silverstone__national     ref 104658Z  live 105442Z
  G2 ks_silverstone__national     ref 105441Z  live 105442Z
  G2 ks_silverstone__national     ref 104658Z  live 105442Z
  G2 ks_silverstone__national     ref 105441Z  live 105442Z
  G2 rt_lime_rock_park__no_chican ref 143440Z  live 141815Z
  G2 rt_lime_rock_park__no_chican ref 143440Z  live 141815Z
  G2 rt_lime_rock_park__no_chican ref 143440Z  live 141815Z
  G2 rt_lime_rock_park__no_chican ref 143440Z  live 141815Z
  G2 rt_lime_rock_park__no_chican ref 143440Z  live 141815Z
  G2 rt_lime_rock_park__no_chican ref 143440Z  live 141815Z
  G2 rt_lime_rock_park__no_chican ref 143440Z  live 141815Z
  G2 rt_lime_rock_park__no_chican ref 143440Z  live 141815Z
  G2 rt_lime_rock_park__no_chican ref 143440Z  live 141815Z
  G2 rt_lime_rock_park__no_chican ref 141815Z  live 143440Z
  G2 rt_lime_rock_park__no_chican ref 141815Z  live 143440Z
  G2 rt_lime_rock_park__no_chican ref 141815Z  live 143440Z
  G2 rt_lime_rock_park__no_chican ref 141815Z  live 143440Z
  G2 rt_lime_rock_park__no_chican ref 141815Z  live 143440Z
  G2 rt_lime_rock_park__no_chican ref 141815Z  live 143440Z
  G2 rt_lime_rock_park__no_chican ref 141815Z  live 143440Z
  G2 rt_lime_rock_park__no_chican ref 141815Z  live 143440Z
  G2 rt_oulton_park__fosters      ref 195157Z  live 193254Z
  G2 rt_oulton_park__fosters      ref 195157Z  live 193254Z
  G2 rt_oulton_park__fosters      ref 195157Z  live 193254Z
  G2 rt_oulton_park__fosters      ref 195157Z  live 193254Z
  G2 rt_oulton_park__fosters      ref 195157Z  live 193254Z
  G2 rt_oulton_park__fosters      ref 195157Z  live 193254Z
  G2 rt_oulton_park__fosters      ref 195157Z  live 193254Z
  G2 rt_oulton_park__fosters      ref 195157Z  live 193254Z
  G2 rt_oulton_park__fosters      ref 195157Z  live 193254Z
  G2 rt_oulton_park__fosters      ref 193254Z  live 195157Z
  G2 rt_oulton_park__fosters      ref 193254Z  live 195157Z
  G2 rt_oulton_park__fosters      ref 193254Z  live 195157Z
  G2 rt_oulton_park__fosters      ref 193254Z  live 195157Z
  G2 rt_oulton_park__fosters      ref 193254Z  live 195157Z
  G2 rt_oulton_park__fosters      ref 193254Z  live 195157Z
  G2 rt_oulton_park__fosters      ref 193254Z  live 195157Z
  G2 rt_oulton_park__fosters      ref 193254Z  live 195157Z
  G2 rt_oulton_park__fosters      ref 193254Z  live 195157Z

                                                                       median      p90  >100 ms   >10 m     worst
G1 single                                                       2.66 m   86 ms   321 ms    44.2%   10.8%   3224.6 m
G1 filter                                                       2.63 m   84 ms   276 ms    43.1%    8.5%   1468.4 m
G1 filter, reference time                                       1.65 m   52 ms   142 ms    21.9%    1.3%    143.7 m
G1 filter, reference time, two modes                            1.70 m   54 ms   161 ms    24.8%    2.8%    118.8 m
G1 filter + speed                                               1.23 m   39 ms   103 ms    10.9%    0.0%      8.8 m
G1 filter, lag-corrected                                        2.68 m   85 ms   277 ms    43.5%    8.6%   1467.0 m
G1 filter, reference time, lag-corrected                        1.66 m   52 ms   138 ms    21.6%    1.3%    143.0 m
G1 filter, reference time, two modes, lag-corrected             1.74 m   53 ms   162 ms    24.3%    2.8%    117.9 m
G1 filter + speed, lag-corrected                                1.18 m   37 ms    96 ms     9.1%    0.0%     10.1 m
G2 single                                                       2.73 m   74 ms   466 ms    39.3%   14.3%   1300.0 m
G2 filter                                                       2.64 m   72 ms   305 ms    37.9%   11.7%   1300.1 m
G2 filter, reference time                                       1.70 m   46 ms   126 ms    17.1%    0.7%   1026.8 m
G2 filter, reference time, two modes                            1.70 m   46 ms   142 ms    19.1%    3.0%    848.8 m
G2 filter + speed                                               1.12 m   30 ms    76 ms     4.6%    1.2%    321.2 m
G2 filter, lag-corrected                                        2.70 m   73 ms   309 ms    38.5%   12.0%   1299.6 m
G2 filter, reference time, lag-corrected                        1.76 m   48 ms   132 ms    18.8%    0.8%   1026.2 m
G2 filter, reference time, two modes, lag-corrected             1.77 m   48 ms   147 ms    21.1%    3.1%    848.2 m
G2 filter + speed, lag-corrected                                1.14 m   31 ms    83 ms     5.8%    1.2%    320.6 m
G2 ks_silverstone__national single                              3.47 m   94 ms  1865 ms    47.8%   21.5%   1300.0 m
G2 ks_silverstone__national filter                              3.30 m   89 ms   542 ms    46.2%   17.6%   1300.1 m
G2 ks_silverstone__national filter, reference time              1.83 m   49 ms   140 ms    19.4%    1.2%   1026.8 m
G2 ks_silverstone__national filter, reference time, two modes    1.87 m   51 ms   168 ms    23.5%    4.5%    848.8 m
G2 ks_silverstone__national filter + speed                      1.13 m   31 ms    84 ms     6.7%    2.1%    321.2 m
G2 ks_silverstone__national filter, lag-corrected               3.33 m   90 ms   550 ms    46.5%   18.1%   1299.6 m
G2 ks_silverstone__national filter, reference time, lag-corrected    1.87 m   51 ms   146 ms    21.1%    1.4%   1026.2 m
G2 ks_silverstone__national filter, reference time, two modes, lag-corrected    1.95 m   53 ms   172 ms    25.2%    4.7%    848.2 m
G2 ks_silverstone__national filter + speed, lag-corrected       1.21 m   33 ms    94 ms     8.5%    2.0%    320.6 m
G2 same car single                                              4.26 m  116 ms 11388 ms    54.5%   29.4%   1300.0 m
G2 same car filter                                              3.90 m  107 ms  1593 ms    52.2%   24.5%   1300.1 m
G2 same car filter, reference time                              1.60 m   45 ms   127 ms    15.6%    2.2%     65.6 m
G2 same car filter, reference time, two modes                   1.89 m   52 ms   192 ms    24.1%    7.2%    848.8 m
G2 same car filter + speed                                      1.33 m   37 ms   102 ms    10.5%    3.1%    321.2 m
G2 same car filter, lag-corrected                               3.94 m  107 ms  1596 ms    52.2%   24.7%   1299.6 m
G2 same car filter, reference time, lag-corrected               1.61 m   44 ms   124 ms    16.2%    2.1%     65.0 m
G2 same car filter, reference time, two modes, lag-corrected    1.92 m   53 ms   186 ms    24.8%    7.0%    848.2 m
G2 same car filter + speed, lag-corrected                       1.31 m   36 ms   101 ms    10.1%    3.1%    320.6 m
G2 rt_lime_rock_park__no_chicane single                         2.02 m   55 ms   140 ms    23.1%    1.2%   1053.5 m
G2 rt_lime_rock_park__no_chicane filter                         2.04 m   55 ms   139 ms    22.4%    0.7%     17.4 m
G2 rt_lime_rock_park__no_chicane filter, reference time         1.48 m   40 ms   100 ms    10.1%    0.0%     10.2 m
G2 rt_lime_rock_park__no_chicane filter, reference time, two modes    1.51 m   40 ms    99 ms     9.5%    0.1%     11.9 m
G2 rt_lime_rock_park__no_chicane filter + speed                 0.98 m   26 ms    57 ms     0.4%    0.0%      4.6 m
G2 rt_lime_rock_park__no_chicane filter, lag-corrected          2.06 m   55 ms   142 ms    23.0%    1.0%     22.1 m
G2 rt_lime_rock_park__no_chicane filter, reference time, lag-corrected    1.54 m   40 ms   106 ms    11.5%    0.0%     23.0 m
G2 rt_lime_rock_park__no_chicane filter, reference time, two modes, lag-corrected    1.44 m   38 ms   106 ms    11.7%    0.1%     22.2 m
G2 rt_lime_rock_park__no_chicane filter + speed, lag-corrected    0.99 m   27 ms    67 ms     2.0%    0.0%     24.4 m
G2 rt_oulton_park__fosters single                               2.24 m   62 ms   225 ms    31.9%    7.3%    597.0 m
G2 rt_oulton_park__fosters filter                               2.11 m   58 ms   211 ms    30.3%    6.0%    512.9 m
G2 rt_oulton_park__fosters filter, reference time               1.59 m   44 ms   126 ms    17.3%    0.1%     11.2 m
G2 rt_oulton_park__fosters filter, reference time, two modes    1.52 m   42 ms   127 ms    16.5%    1.7%     51.1 m
G2 rt_oulton_park__fosters filter + speed                       1.22 m   33 ms    71 ms     3.0%    0.0%      6.6 m
G2 rt_oulton_park__fosters filter, lag-corrected                2.25 m   62 ms   210 ms    31.7%    6.0%    511.7 m
G2 rt_oulton_park__fosters filter, reference time, lag-corrected    1.72 m   48 ms   126 ms    18.9%    0.1%     12.3 m
G2 rt_oulton_park__fosters filter, reference time, two modes, lag-corrected    1.69 m   47 ms   129 ms    18.5%    1.7%     49.8 m
G2 rt_oulton_park__fosters filter + speed, lag-corrected        1.10 m   32 ms    76 ms     2.3%    0.0%      6.1 m
