started from runs/v3_distill_nonorm_s0_base/best.pt
gate g1: held-out laps of seen tracks; full augmentation
train tracks ['ks_black_cat_county__layout_short', 'ks_brands_hatch__indy', 'ks_highlands__layout_short', 'ks_laguna_seca', 'ks_monza66__junior', 'ks_nurburgring__layout_sprint_a', 'ks_red_bull_ring__layout_national', 'ks_vallelunga__club_circuit', 'magione'] (284 laps usable)
eval  tracks ['ks_black_cat_county__layout_short', 'ks_brands_hatch__indy', 'ks_highlands__layout_short', 'ks_laguna_seca', 'ks_monza66__junior', 'ks_nurburgring__layout_sprint_a', 'ks_red_bull_ring__layout_national', 'ks_vallelunga__club_circuit', 'magione'], split=train
held out as live-only: ['ks_black_cat_county__layout_short__20260923T183526Z__lap07', 'ks_brands_hatch__indy__20260921T221531Z__lap02', 'ks_highlands__layout_short__20260928T005654Z__lap54', 'ks_laguna_seca__default__20260928T123110Z__lap12', 'ks_monza66__junior__20260928T093530Z__lap14', 'ks_nurburgring__layout_sprint_a__20260928T103410Z__lap12', 'ks_red_bull_ring__layout_national__20260923T174436Z__lap11', 'ks_vallelunga__club_circuit__20260922T223945Z__lap07', 'magione__default__20260922T231051Z__lap06']
frame 148x80, reference bins 3227
model 0.67M params on mps

distilling from runs/v3_resnet_s0/best.pt (weight 1.0, temperature 2.0)
step     1/1500  loss  3.9159 (ce  2.413 aux  3.005 ref 0.0016)  train median    2.79 m   5.42 s/step
step    20/1500  loss  4.0232 (ce  2.529 aux  2.988 ref 0.0009)  train median    2.74 m   1.32 s/step
step    40/1500  loss  4.4964 (ce  2.721 aux  3.549 ref 0.0012)  train median    3.11 m   1.12 s/step
step    60/1500  loss  4.2131 (ce  2.566 aux  3.294 ref 0.0009)  train median    2.18 m   1.12 s/step
step    80/1500  loss  4.4796 (ce  2.822 aux  3.312 ref 0.0025)  train median    4.36 m   1.12 s/step
step   100/1500  loss  4.4664 (ce  2.623 aux  3.686 ref 0.0004)  train median    3.15 m   1.09 s/step
step   120/1500  loss  3.7453 (ce  2.355 aux  2.780 ref 0.0010)  train median    1.58 m   1.12 s/step
step   140/1500  loss  4.1549 (ce  2.619 aux  3.070 ref 0.0011)  train median    2.59 m   1.11 s/step
step   160/1500  loss  4.6692 (ce  3.026 aux  3.285 ref 0.0010)  train median    3.20 m   1.15 s/step
step   180/1500  loss  3.7665 (ce  2.356 aux  2.820 ref 0.0014)  train median    1.89 m   1.13 s/step
step   200/1500  loss  3.7048 (ce  2.289 aux  2.831 ref 0.0008)  train median    2.14 m   1.12 s/step
  eval  n=192  median   2.78 m /   85.5 ms  p90   11.44 m /   328.2 ms  worst  1769.66 m  within1  37.0%  within5  89.1%
        ks_black_cat_county__layout_short n=24  median   1.46 m /   41.6 ms  p90   17.36 m /   669.2 ms  worst  1769.66 m  within1  58.3%  within5  83.3%
        ks_brands_hatch__indy    n=16  median   2.05 m /   73.4 ms  p90    6.62 m /   136.9 ms  worst    14.10 m  within1  43.8%  within5  93.8%
        ks_highlands__layout_short n=16  median   3.51 m /  132.4 ms  p90    7.74 m /   224.3 ms  worst   251.92 m  within1   6.2%  within5  93.8%
        ks_laguna_seca           n=16  median   5.51 m /  148.7 ms  p90   18.08 m /   492.3 ms  worst  1740.47 m  within1  31.2%  within5  75.0%
        ks_monza66__junior       n=8  median   1.08 m /   38.4 ms  p90    3.31 m /    65.9 ms  worst     3.86 m  within1  75.0%  within5 100.0%
        ks_nurburgring__layout_sprint_a n=24  median   3.80 m /  120.9 ms  p90   15.22 m /   620.5 ms  worst  1218.51 m  within1  20.8%  within5  79.2%
        ks_red_bull_ring__layout_national n=16  median   2.99 m /   96.1 ms  p90   10.24 m /   243.1 ms  worst    23.70 m  within1  12.5%  within5  87.5%
        ks_vallelunga__club_circuit n=32  median   2.44 m /   74.3 ms  p90    7.59 m /   266.1 ms  worst    11.55 m  within1  40.6%  within5  96.9%
        magione                  n=40  median   2.25 m /   77.5 ms  p90    7.03 m /   275.7 ms  worst  1009.81 m  within1  45.0%  within5  92.5%
step   220/1500  loss  4.9459 (ce  3.312 aux  3.265 ref 0.0029)  train median    4.55 m   1.21 s/step
step   240/1500  loss  3.7982 (ce  2.388 aux  2.818 ref 0.0015)  train median    2.32 m   1.21 s/step
step   260/1500  loss  4.1202 (ce  2.433 aux  3.373 ref 0.0010)  train median    1.53 m   1.21 s/step
step   280/1500  loss  4.0513 (ce  2.503 aux  3.095 ref 0.0006)  train median    1.77 m   1.21 s/step
step   300/1500  loss  4.1472 (ce  2.570 aux  3.154 ref 0.0005)  train median    1.26 m   1.19 s/step
step   320/1500  loss  4.5780 (ce  3.028 aux  3.097 ref 0.0025)  train median    5.73 m   1.19 s/step
step   340/1500  loss  4.0127 (ce  2.328 aux  3.368 ref 0.0007)  train median    0.78 m   1.19 s/step
step   360/1500  loss  4.1502 (ce  2.732 aux  2.834 ref 0.0024)  train median    3.80 m   1.18 s/step
step   380/1500  loss  4.5426 (ce  2.882 aux  3.319 ref 0.0025)  train median    6.49 m   1.18 s/step
step   400/1500  loss  3.9929 (ce  2.533 aux  2.919 ref 0.0012)  train median    1.65 m   1.15 s/step
  eval  n=192  median   2.91 m /   90.0 ms  p90   11.62 m /   333.4 ms  worst  1770.56 m  within1  39.1%  within5  88.0%
        ks_black_cat_county__layout_short n=24  median   2.05 m /   43.8 ms  p90   10.97 m /   349.4 ms  worst  1770.56 m  within1  45.8%  within5  87.5%
        ks_brands_hatch__indy    n=16  median   2.81 m /   78.1 ms  p90    6.55 m /   162.4 ms  worst    15.92 m  within1  43.8%  within5  93.8%
        ks_highlands__layout_short n=16  median   3.14 m /  115.1 ms  p90    7.91 m /   248.2 ms  worst   252.96 m  within1  31.2%  within5  93.8%
        ks_laguna_seca           n=16  median   5.47 m /  145.1 ms  p90   14.89 m /   414.8 ms  worst  1739.82 m  within1  18.8%  within5  68.8%
        ks_monza66__junior       n=8  median   1.43 m /   47.3 ms  p90    3.72 m /    77.1 ms  worst     4.84 m  within1  62.5%  within5 100.0%
        ks_nurburgring__layout_sprint_a n=24  median   6.02 m /  163.3 ms  p90   87.07 m /  2048.4 ms  worst  1220.03 m  within1  20.8%  within5  70.8%
        ks_red_bull_ring__layout_national n=16  median   3.11 m /   90.4 ms  p90    9.33 m /   228.9 ms  worst    13.60 m  within1  18.8%  within5  87.5%
        ks_vallelunga__club_circuit n=32  median   2.44 m /   77.2 ms  p90    7.78 m /   248.4 ms  worst    11.74 m  within1  46.9%  within5  96.9%
        magione                  n=40  median   1.96 m /   66.8 ms  p90    6.37 m /   262.6 ms  worst  1009.19 m  within1  52.5%  within5  92.5%
step   420/1500  loss  4.2334 (ce  2.468 aux  3.530 ref 0.0008)  train median    2.23 m   1.17 s/step
step   440/1500  loss  4.4368 (ce  2.662 aux  3.547 ref 0.0022)  train median    4.34 m   1.15 s/step
step   460/1500  loss  4.0928 (ce  2.613 aux  2.959 ref 0.0017)  train median    2.62 m   1.14 s/step
step   480/1500  loss  4.1376 (ce  2.558 aux  3.158 ref 0.0010)  train median    1.58 m   1.12 s/step
step   500/1500  loss  3.8107 (ce  2.490 aux  2.641 ref 0.0014)  train median    2.65 m   1.11 s/step
step   520/1500  loss  4.4253 (ce  2.744 aux  3.361 ref 0.0009)  train median    3.26 m   1.10 s/step
step   540/1500  loss  3.9151 (ce  2.552 aux  2.724 ref 0.0016)  train median    2.05 m   1.08 s/step
step   560/1500  loss  4.1538 (ce  2.597 aux  3.113 ref 0.0009)  train median    1.57 m   1.07 s/step
step   580/1500  loss  3.4592 (ce  2.218 aux  2.482 ref 0.0007)  train median    1.50 m   1.06 s/step
step   600/1500  loss  4.3010 (ce  2.685 aux  3.230 ref 0.0012)  train median    1.91 m   1.05 s/step
  eval  n=192  median   2.38 m /   75.5 ms  p90    9.33 m /   285.0 ms  worst  2995.39 m  within1  43.2%  within5  91.7%
        ks_black_cat_county__layout_short n=24  median   1.78 m /   43.2 ms  p90   15.19 m /   562.2 ms  worst  2995.39 m  within1  58.3%  within5  87.5%
        ks_brands_hatch__indy    n=16  median   2.90 m /   82.3 ms  p90    7.14 m /   185.8 ms  worst    17.37 m  within1  43.8%  within5  93.8%
        ks_highlands__layout_short n=16  median   2.11 m /   77.5 ms  p90    7.54 m /   196.7 ms  worst     8.47 m  within1  37.5%  within5 100.0%
        ks_laguna_seca           n=16  median   5.42 m /  136.4 ms  p90   12.79 m /   407.4 ms  worst  1740.72 m  within1  31.2%  within5  68.8%
        ks_monza66__junior       n=8  median   0.77 m /   31.3 ms  p90    2.38 m /    54.0 ms  worst     3.74 m  within1  87.5%  within5 100.0%
        ks_nurburgring__layout_sprint_a n=24  median   4.20 m /  134.2 ms  p90   81.69 m /  1844.4 ms  worst  1219.63 m  within1  25.0%  within5  83.3%
        ks_red_bull_ring__layout_national n=16  median   2.31 m /   83.6 ms  p90    9.02 m /   209.8 ms  worst    16.52 m  within1  37.5%  within5  87.5%
        ks_vallelunga__club_circuit n=32  median   2.15 m /   69.7 ms  p90    7.76 m /   267.9 ms  worst     9.69 m  within1  40.6%  within5 100.0%
        magione                  n=40  median   2.42 m /   62.1 ms  p90    6.72 m /   283.0 ms  worst    17.04 m  within1  47.5%  within5  97.5%
step   620/1500  loss  4.8072 (ce  2.955 aux  3.704 ref 0.0005)  train median    5.14 m   1.06 s/step
step   640/1500  loss  4.3573 (ce  2.780 aux  3.153 ref 0.0018)  train median    2.76 m   1.06 s/step
step   660/1500  loss  4.6293 (ce  2.988 aux  3.281 ref 0.0015)  train median    4.77 m   1.05 s/step
step   680/1500  loss  4.1033 (ce  2.502 aux  3.202 ref 0.0009)  train median    1.97 m   1.04 s/step
step   700/1500  loss  4.2752 (ce  2.686 aux  3.178 ref 0.0011)  train median    3.89 m   1.03 s/step
step   720/1500  loss  4.4866 (ce  2.812 aux  3.347 ref 0.0019)  train median    3.68 m   1.02 s/step
step   740/1500  loss  4.4790 (ce  2.662 aux  3.634 ref 0.0005)  train median    3.46 m   1.02 s/step
step   760/1500  loss  3.6400 (ce  2.330 aux  2.618 ref 0.0011)  train median    2.71 m   1.01 s/step
step   780/1500  loss  4.5936 (ce  2.724 aux  3.738 ref 0.0006)  train median    1.66 m   1.02 s/step
step   800/1500  loss  4.1033 (ce  2.535 aux  3.134 ref 0.0021)  train median    2.44 m   1.02 s/step
  eval  n=192  median   2.56 m /   85.0 ms  p90    9.75 m /   313.4 ms  worst  2995.25 m  within1  41.7%  within5  90.1%
        ks_black_cat_county__layout_short n=24  median   2.99 m /   73.5 ms  p90   15.63 m /   576.6 ms  worst  2995.25 m  within1  37.5%  within5  87.5%
        ks_brands_hatch__indy    n=16  median   2.03 m /   61.3 ms  p90    5.50 m /   145.8 ms  worst    18.08 m  within1  50.0%  within5  93.8%
        ks_highlands__layout_short n=16  median   2.77 m /  101.5 ms  p90    7.45 m /   204.8 ms  worst     8.51 m  within1  37.5%  within5 100.0%
        ks_laguna_seca           n=16  median   5.22 m /  137.2 ms  p90   14.85 m /   452.7 ms  worst  1739.22 m  within1  25.0%  within5  75.0%
        ks_monza66__junior       n=8  median   0.91 m /   30.8 ms  p90    3.97 m /    80.1 ms  worst     4.12 m  within1  75.0%  within5 100.0%
        ks_nurburgring__layout_sprint_a n=24  median   4.69 m /  153.9 ms  p90   80.83 m /  1800.2 ms  worst  1218.77 m  within1  25.0%  within5  79.2%
        ks_red_bull_ring__layout_national n=16  median   2.84 m /   87.3 ms  p90    8.35 m /   193.9 ms  worst    16.00 m  within1  25.0%  within5  87.5%
        ks_vallelunga__club_circuit n=32  median   2.08 m /   75.7 ms  p90    8.70 m /   284.3 ms  worst    11.80 m  within1  50.0%  within5  96.9%
        magione                  n=40  median   2.21 m /   73.3 ms  p90    5.89 m /   260.3 ms  worst    29.84 m  within1  50.0%  within5  92.5%
step   820/1500  loss  4.2056 (ce  2.600 aux  3.211 ref 0.0010)  train median    3.35 m   1.02 s/step
step   840/1500  loss  3.6780 (ce  2.330 aux  2.695 ref 0.0009)  train median    2.12 m   1.01 s/step
step   860/1500  loss  3.8060 (ce  2.365 aux  2.880 ref 0.0013)  train median    1.52 m   1.01 s/step
step   880/1500  loss  4.1150 (ce  2.580 aux  3.069 ref 0.0011)  train median    3.46 m   1.01 s/step
step   900/1500  loss  3.8858 (ce  2.510 aux  2.750 ref 0.0015)  train median    3.19 m   1.00 s/step
step   920/1500  loss  4.0823 (ce  2.655 aux  2.854 ref 0.0012)  train median    3.14 m   1.00 s/step
step   940/1500  loss  3.6198 (ce  2.300 aux  2.638 ref 0.0009)  train median    1.38 m   0.99 s/step
step   960/1500  loss  4.5676 (ce  2.904 aux  3.325 ref 0.0013)  train median    3.77 m   0.99 s/step
step   980/1500  loss  5.2348 (ce  3.192 aux  4.084 ref 0.0010)  train median    9.64 m   0.98 s/step
step  1000/1500  loss  4.0687 (ce  2.557 aux  3.020 ref 0.0021)  train median    2.01 m   0.98 s/step
  eval  n=192  median   2.64 m /   77.9 ms  p90    8.87 m /   281.9 ms  worst  1219.68 m  within1  41.1%  within5  93.8%
        ks_black_cat_county__layout_short n=24  median   1.67 m /   43.5 ms  p90    7.38 m /   229.2 ms  worst   327.67 m  within1  54.2%  within5  91.7%
        ks_brands_hatch__indy    n=16  median   2.02 m /   65.6 ms  p90    6.16 m /   163.1 ms  worst    17.42 m  within1  50.0%  within5  93.8%
        ks_highlands__layout_short n=16  median   2.52 m /   77.2 ms  p90    6.06 m /   186.6 ms  worst     8.88 m  within1  37.5%  within5 100.0%
        ks_laguna_seca           n=16  median   5.01 m /  128.8 ms  p90   10.63 m /   341.6 ms  worst    14.97 m  within1  31.2%  within5  87.5%
        ks_monza66__junior       n=8  median   1.23 m /   43.5 ms  p90    2.97 m /    59.3 ms  worst     3.62 m  within1  75.0%  within5 100.0%
        ks_nurburgring__layout_sprint_a n=24  median   5.03 m /  148.1 ms  p90   19.74 m /   471.5 ms  worst  1219.68 m  within1  20.8%  within5  83.3%
        ks_red_bull_ring__layout_national n=16  median   2.79 m /   86.9 ms  p90    6.26 m /   159.0 ms  worst    14.12 m  within1  18.8%  within5  93.8%
        ks_vallelunga__club_circuit n=32  median   2.28 m /   70.2 ms  p90    6.66 m /   249.0 ms  worst     9.61 m  within1  43.8%  within5 100.0%
        magione                  n=40  median   2.37 m /   74.8 ms  p90    6.70 m /   261.3 ms  worst    30.40 m  within1  47.5%  within5  95.0%
step  1020/1500  loss  3.4986 (ce  2.271 aux  2.454 ref 0.0011)  train median    2.04 m   0.98 s/step
step  1040/1500  loss  3.6508 (ce  2.325 aux  2.650 ref 0.0010)  train median    1.96 m   0.97 s/step
step  1060/1500  loss  3.7364 (ce  2.450 aux  2.571 ref 0.0018)  train median    3.69 m   0.97 s/step
step  1080/1500  loss  4.1356 (ce  2.648 aux  2.974 ref 0.0012)  train median    2.96 m   0.97 s/step
step  1100/1500  loss  4.0506 (ce  2.471 aux  3.159 ref 0.0004)  train median    1.39 m   0.96 s/step
step  1120/1500  loss  4.6577 (ce  3.119 aux  3.074 ref 0.0023)  train median    4.50 m   0.96 s/step
step  1140/1500  loss  4.8665 (ce  3.248 aux  3.236 ref 0.0012)  train median    3.94 m   0.95 s/step
step  1160/1500  loss  3.8453 (ce  2.449 aux  2.791 ref 0.0018)  train median    2.77 m   0.95 s/step
step  1180/1500  loss  4.0240 (ce  2.516 aux  3.014 ref 0.0010)  train median    1.18 m   0.95 s/step
step  1200/1500  loss  4.3729 (ce  2.795 aux  3.155 ref 0.0009)  train median    1.94 m   0.95 s/step
  eval  n=192  median   2.45 m /   74.0 ms  p90    8.85 m /   281.4 ms  worst  2996.62 m  within1  41.7%  within5  91.1%
        ks_black_cat_county__layout_short n=24  median   1.69 m /   44.0 ms  p90   14.94 m /   556.3 ms  worst  2996.62 m  within1  50.0%  within5  87.5%
        ks_brands_hatch__indy    n=16  median   2.08 m /   68.6 ms  p90    6.13 m /   164.4 ms  worst    17.18 m  within1  50.0%  within5  93.8%
        ks_highlands__layout_short n=16  median   2.14 m /   74.0 ms  p90    5.87 m /   186.9 ms  worst     8.76 m  within1  37.5%  within5 100.0%
        ks_laguna_seca           n=16  median   5.57 m /  136.1 ms  p90   11.00 m /   345.0 ms  worst    14.07 m  within1  31.2%  within5  81.2%
        ks_monza66__junior       n=8  median   1.14 m /   39.8 ms  p90    2.82 m /    65.3 ms  worst     3.31 m  within1  75.0%  within5 100.0%
        ks_nurburgring__layout_sprint_a n=24  median   4.65 m /  144.4 ms  p90   81.24 m /  1838.0 ms  worst  1219.41 m  within1  29.2%  within5  75.0%
        ks_red_bull_ring__layout_national n=16  median   2.86 m /   77.2 ms  p90    5.60 m /   156.1 ms  worst    12.50 m  within1  12.5%  within5  93.8%
        ks_vallelunga__club_circuit n=32  median   2.35 m /   75.2 ms  p90    7.62 m /   254.6 ms  worst     9.72 m  within1  46.9%  within5 100.0%
        magione                  n=40  median   2.04 m /   68.7 ms  p90    5.96 m /   269.5 ms  worst  1008.57 m  within1  47.5%  within5  92.5%
step  1220/1500  loss  4.3028 (ce  2.779 aux  3.046 ref 0.0012)  train median    3.78 m   0.95 s/step
step  1240/1500  loss  5.0553 (ce  3.110 aux  3.890 ref 0.0006)  train median    3.14 m   0.95 s/step
step  1260/1500  loss  3.7294 (ce  2.368 aux  2.722 ref 0.0008)  train median    1.30 m   0.95 s/step
step  1280/1500  loss  4.7097 (ce  2.997 aux  3.424 ref 0.0011)  train median    2.98 m   0.94 s/step
step  1300/1500  loss  4.0260 (ce  2.480 aux  3.091 ref 0.0018)  train median    2.44 m   0.94 s/step
step  1320/1500  loss  4.7717 (ce  2.931 aux  3.680 ref 0.0007)  train median    4.46 m   0.94 s/step
step  1340/1500  loss  5.3011 (ce  3.624 aux  3.353 ref 0.0023)  train median    8.31 m   0.94 s/step
step  1360/1500  loss  4.1088 (ce  2.565 aux  3.086 ref 0.0018)  train median    3.50 m   0.94 s/step
step  1380/1500  loss  4.3175 (ce  2.717 aux  3.199 ref 0.0013)  train median    3.70 m   0.94 s/step
step  1400/1500  loss  4.3491 (ce  2.772 aux  3.152 ref 0.0014)  train median    2.19 m   0.93 s/step
  eval  n=192  median   2.52 m /   76.7 ms  p90    9.04 m /   285.1 ms  worst  2996.16 m  within1  42.2%  within5  91.1%
        ks_black_cat_county__layout_short n=24  median   1.61 m /   42.7 ms  p90   15.34 m /   570.3 ms  worst  2996.16 m  within1  58.3%  within5  87.5%
        ks_brands_hatch__indy    n=16  median   2.03 m /   62.1 ms  p90    5.82 m /   154.3 ms  worst    17.30 m  within1  50.0%  within5  93.8%
        ks_highlands__layout_short n=16  median   2.28 m /   74.1 ms  p90    5.80 m /   185.5 ms  worst     8.14 m  within1  37.5%  within5 100.0%
        ks_laguna_seca           n=16  median   5.52 m /  142.4 ms  p90   10.81 m /   347.3 ms  worst    14.57 m  within1  31.2%  within5  81.2%
        ks_monza66__junior       n=8  median   1.13 m /   40.5 ms  p90    2.91 m /    69.0 ms  worst     3.62 m  within1  62.5%  within5 100.0%
        ks_nurburgring__layout_sprint_a n=24  median   4.57 m /  140.1 ms  p90   81.44 m /  1841.3 ms  worst  1219.10 m  within1  29.2%  within5  79.2%
        ks_red_bull_ring__layout_national n=16  median   2.84 m /   82.0 ms  p90    5.68 m /   158.9 ms  worst    12.26 m  within1  18.8%  within5  93.8%
        ks_vallelunga__club_circuit n=32  median   2.46 m /   80.8 ms  p90    8.29 m /   263.9 ms  worst    10.18 m  within1  43.8%  within5  96.9%
        magione                  n=40  median   2.24 m /   71.7 ms  p90    6.33 m /   258.3 ms  worst  1008.88 m  within1  47.5%  within5  92.5%
step  1420/1500  loss  4.4479 (ce  2.937 aux  3.020 ref 0.0016)  train median    3.56 m   0.94 s/step
step  1440/1500  loss  3.9972 (ce  2.493 aux  3.007 ref 0.0021)  train median    2.25 m   0.94 s/step
step  1460/1500  loss  3.7887 (ce  2.369 aux  2.839 ref 0.0014)  train median    2.05 m   0.93 s/step
step  1480/1500  loss  4.1923 (ce  2.679 aux  3.026 ref 0.0014)  train median    3.78 m   0.93 s/step
step  1500/1500  loss  3.5002 (ce  2.284 aux  2.432 ref 0.0009)  train median    0.78 m   0.93 s/step
  eval  n=192  median   2.50 m /   76.6 ms  p90    9.02 m /   285.4 ms  worst  2996.18 m  within1  42.2%  within5  91.1%
        ks_black_cat_county__layout_short n=24  median   1.61 m /   42.6 ms  p90   15.33 m /   569.9 ms  worst  2996.18 m  within1  58.3%  within5  87.5%
        ks_brands_hatch__indy    n=16  median   2.03 m /   62.5 ms  p90    5.84 m /   154.8 ms  worst    17.30 m  within1  50.0%  within5  93.8%
        ks_highlands__layout_short n=16  median   2.27 m /   74.0 ms  p90    5.80 m /   185.7 ms  worst     8.20 m  within1  37.5%  within5 100.0%
        ks_laguna_seca           n=16  median   5.52 m /  142.3 ms  p90   10.80 m /   346.7 ms  worst    14.54 m  within1  31.2%  within5  81.2%
        ks_monza66__junior       n=8  median   1.14 m /   40.7 ms  p90    2.90 m /    67.9 ms  worst     3.62 m  within1  62.5%  within5 100.0%
        ks_nurburgring__layout_sprint_a n=24  median   4.58 m /  140.5 ms  p90   81.42 m /  1840.8 ms  worst  1219.12 m  within1  29.2%  within5  79.2%
        ks_red_bull_ring__layout_national n=16  median   2.84 m /   82.4 ms  p90    5.68 m /   158.3 ms  worst    12.26 m  within1  18.8%  within5  93.8%
        ks_vallelunga__club_circuit n=32  median   2.46 m /   80.7 ms  p90    8.31 m /   262.4 ms  worst    10.11 m  within1  43.8%  within5  96.9%
        magione                  n=40  median   2.24 m /   71.4 ms  p90    6.28 m /   259.8 ms  worst  1008.86 m  within1  47.5%  within5  92.5%

best eval median 2.38 m; artifacts in /Users/pvodopija/code/primal/runs/v3_distill_nonorm_s0
