====================================================================================================
GATES
====================================================================================================

seen laps, seen tracks
  n=320  median   2.27 m /   69.1 ms  p90    7.48 m /   215.5 ms  worst  1758.57 m  within1  46.9%  within5  92.2%
  mean predictive entropy 2.641 nats
    ks_black_cat_county__layout_short n=32  median   3.97 m /  114.2 ms  p90   41.38 m /  1041.2 ms  worst  1758.57 m  within1  25.0%  within5  68.8%
    ks_brands_hatch__indy    n=40  median   1.40 m /   51.2 ms  p90    3.93 m /   113.4 ms  worst     6.56 m  within1  57.5%  within5 100.0%
    ks_highlands__layout_short n=40  median   1.22 m /   44.8 ms  p90    4.50 m /   158.9 ms  worst    22.48 m  within1  65.0%  within5  97.5%
    ks_laguna_seca           n=48  median   2.65 m /   80.9 ms  p90    8.12 m /   206.6 ms  worst   793.94 m  within1  39.6%  within5  93.8%
    ks_monza66__junior       n=16  median   3.74 m /   81.5 ms  p90    6.20 m /   151.1 ms  worst    62.58 m  within1  37.5%  within5  93.8%
    ks_nurburgring__layout_sprint_a n=32  median   2.44 m /   79.5 ms  p90   13.30 m /   311.3 ms  worst    68.77 m  within1  37.5%  within5  87.5%
    ks_red_bull_ring__layout_national n=40  median   2.65 m /   69.4 ms  p90    7.43 m /   256.7 ms  worst    21.21 m  within1  42.5%  within5  90.0%
    ks_vallelunga__club_circuit n=40  median   1.43 m /   57.3 ms  p90    4.44 m /   180.4 ms  worst     9.40 m  within1  55.0%  within5 100.0%
    magione                  n=32  median   1.91 m /   66.0 ms  p90    6.34 m /   177.6 ms  worst    58.23 m  within1  53.1%  within5  93.8%

G1  held-out laps, seen tracks
  n=320  median   2.04 m /   67.9 ms  p90    6.85 m /   213.5 ms  worst    50.57 m  within1  49.7%  within5  95.0%
  mean predictive entropy 2.637 nats
    ks_black_cat_county__layout_short n=32  median   1.96 m /   75.9 ms  p90    5.11 m /   156.2 ms  worst    50.57 m  within1  50.0%  within5  93.8%
    ks_brands_hatch__indy    n=32  median   1.53 m /   48.6 ms  p90    5.98 m /   160.8 ms  worst    12.19 m  within1  65.6%  within5  96.9%
    ks_highlands__layout_short n=32  median   1.73 m /   51.0 ms  p90    3.26 m /   114.5 ms  worst     6.85 m  within1  68.8%  within5 100.0%
    ks_laguna_seca           n=16  median   4.20 m /  103.4 ms  p90    9.24 m /   256.3 ms  worst    16.30 m  within1  37.5%  within5  87.5%
    ks_monza66__junior       n=32  median   1.54 m /   40.0 ms  p90    5.51 m /   160.9 ms  worst    11.14 m  within1  56.2%  within5  96.9%
    ks_nurburgring__layout_sprint_a n=48  median   4.39 m /  109.3 ms  p90   14.96 m /   561.0 ms  worst    49.22 m  within1  27.1%  within5  85.4%
    ks_red_bull_ring__layout_national n=72  median   2.73 m /   64.7 ms  p90    6.76 m /   202.3 ms  worst    28.28 m  within1  45.8%  within5  97.2%
    ks_vallelunga__club_circuit n=16  median   1.62 m /   62.9 ms  p90    3.76 m /   145.5 ms  worst     7.16 m  within1  56.2%  within5 100.0%
    magione                  n=40  median   1.85 m /   65.8 ms  p90    3.85 m /   150.2 ms  worst    42.60 m  within1  52.5%  within5  97.5%

G2  held-out tracks
  n=320  median   2.78 m /   74.4 ms  p90   10.40 m /   240.9 ms  worst    89.68 m  within1  40.9%  within5  89.7%
  mean predictive entropy 2.710 nats
    ks_silverstone__national n=152  median   3.41 m /   98.0 ms  p90   11.62 m /   284.6 ms  worst    89.68 m  within1  31.6%  within5  84.2%
    rt_lime_rock_park__no_chicane n=96  median   1.96 m /   49.8 ms  p90    5.49 m /   151.7 ms  worst    44.64 m  within1  51.0%  within5  94.8%
    rt_oulton_park__fosters  n=72  median   2.17 m /   59.1 ms  p90    7.07 m /   187.5 ms  worst    40.99 m  within1  47.2%  within5  94.4%

====================================================================================================
NEGATIVE CONTROLS
====================================================================================================

wrong-reference control: live clips paired with another track's reference
  matched reference   median    2.17 m   entropy 2.614 nats
  wrong reference     median  719.56 m   entropy 3.796 nats
  chance for 3227 bins at 2.00 m: 1613.3 m; uniform entropy 8.079 nats
  PASS: error must collapse to chance when the reference is wrong

wrote runs/v3_wide80_s0/gates_v3.json
