  G1 ks_black_cat_county__layout_ ref 180056Z  live 183526Z
  G1 ks_black_cat_county__layout_ ref 183242Z  live 183526Z
  G1 ks_brands_hatch__indy        ref 171903Z  live 221531Z
  G1 ks_brands_hatch__indy        ref 181357Z  live 221531Z
  G1 ks_highlands__layout_short   ref 212549Z  live 005654Z
  G1 ks_laguna_seca               ref 110507Z  live 123110Z
  G1 ks_monza66__junior           ref 091133Z  live 093530Z
  G1 ks_nurburgring__layout_sprin ref 100528Z  live 103410Z
  G1 ks_red_bull_ring__layout_nat ref 232216Z  live 174436Z
  G1 ks_red_bull_ring__layout_nat ref 233620Z  live 174436Z
  G1 ks_vallelunga__club_circuit  ref 220345Z  live 223945Z
  G1 ks_vallelunga__club_circuit  ref 222513Z  live 223945Z
  G1 magione                      ref 225059Z  live 231051Z
  G1 magione                      ref 230023Z  live 231051Z
  G2 ks_silverstone__national     ref 105441Z  live 104658Z
  G2 ks_silverstone__national     ref 105442Z  live 104658Z
  G2 ks_silverstone__national     ref 105441Z  live 104658Z
  G2 ks_silverstone__national     ref 105442Z  live 104658Z
  G2 ks_silverstone__national     ref 105441Z  live 104658Z
  G2 ks_silverstone__national     ref 105442Z  live 104658Z
  G2 ks_silverstone__national     ref 105441Z  live 104658Z
  G2 ks_silverstone__national     ref 105442Z  live 104658Z
  G2 ks_silverstone__national     ref 105441Z  live 104658Z
  G2 ks_silverstone__national     ref 105442Z  live 104658Z
  G2 ks_silverstone__national     ref 105441Z  live 104658Z
  G2 ks_silverstone__national     ref 105442Z  live 104658Z
  G2 ks_silverstone__national     ref 105441Z  live 104658Z
  G2 ks_silverstone__national     ref 105442Z  live 104658Z
  G2 ks_silverstone__national     ref 104658Z  live 105441Z
  G2 ks_silverstone__national     ref 105442Z  live 105441Z
  G2 ks_silverstone__national     ref 104658Z  live 105441Z
  G2 ks_silverstone__national     ref 105442Z  live 105441Z
  G2 ks_silverstone__national     ref 104658Z  live 105441Z
  G2 ks_silverstone__national     ref 105442Z  live 105441Z
  G2 ks_silverstone__national     ref 104658Z  live 105441Z
  G2 ks_silverstone__national     ref 105442Z  live 105441Z
  G2 ks_silverstone__national     ref 104658Z  live 105441Z
  G2 ks_silverstone__national     ref 105442Z  live 105441Z
  G2 ks_silverstone__national     ref 104658Z  live 105441Z
  G2 ks_silverstone__national     ref 105442Z  live 105441Z
  G2 ks_silverstone__national     ref 104658Z  live 105441Z
  G2 ks_silverstone__national     ref 105442Z  live 105441Z
  G2 ks_silverstone__national     ref 104658Z  live 105441Z
  G2 ks_silverstone__national     ref 105442Z  live 105441Z
  G2 ks_silverstone__national     ref 104658Z  live 105442Z
  G2 ks_silverstone__national     ref 105441Z  live 105442Z
  G2 ks_silverstone__national     ref 104658Z  live 105442Z
  G2 ks_silverstone__national     ref 105441Z  live 105442Z
  G2 ks_silverstone__national     ref 104658Z  live 105442Z
  G2 ks_silverstone__national     ref 105441Z  live 105442Z
  G2 ks_silverstone__national     ref 104658Z  live 105442Z
  G2 ks_silverstone__national     ref 105441Z  live 105442Z
  G2 ks_silverstone__national     ref 104658Z  live 105442Z
  G2 ks_silverstone__national     ref 105441Z  live 105442Z
  G2 ks_silverstone__national     ref 104658Z  live 105442Z
  G2 ks_silverstone__national     ref 105441Z  live 105442Z
  G2 ks_silverstone__national     ref 104658Z  live 105442Z
  G2 ks_silverstone__national     ref 105441Z  live 105442Z
  G2 ks_silverstone__national     ref 104658Z  live 105442Z
  G2 ks_silverstone__national     ref 105441Z  live 105442Z
  G2 rt_lime_rock_park__no_chican ref 143440Z  live 141815Z
  G2 rt_lime_rock_park__no_chican ref 143440Z  live 141815Z
  G2 rt_lime_rock_park__no_chican ref 143440Z  live 141815Z
  G2 rt_lime_rock_park__no_chican ref 143440Z  live 141815Z
  G2 rt_lime_rock_park__no_chican ref 143440Z  live 141815Z
  G2 rt_lime_rock_park__no_chican ref 143440Z  live 141815Z
  G2 rt_lime_rock_park__no_chican ref 143440Z  live 141815Z
  G2 rt_lime_rock_park__no_chican ref 143440Z  live 141815Z
  G2 rt_lime_rock_park__no_chican ref 143440Z  live 141815Z
  G2 rt_lime_rock_park__no_chican ref 141815Z  live 143440Z
  G2 rt_lime_rock_park__no_chican ref 141815Z  live 143440Z
  G2 rt_lime_rock_park__no_chican ref 141815Z  live 143440Z
  G2 rt_lime_rock_park__no_chican ref 141815Z  live 143440Z
  G2 rt_lime_rock_park__no_chican ref 141815Z  live 143440Z
  G2 rt_lime_rock_park__no_chican ref 141815Z  live 143440Z
  G2 rt_lime_rock_park__no_chican ref 141815Z  live 143440Z
  G2 rt_lime_rock_park__no_chican ref 141815Z  live 143440Z
  G2 rt_oulton_park__fosters      ref 195157Z  live 193254Z
  G2 rt_oulton_park__fosters      ref 195157Z  live 193254Z
  G2 rt_oulton_park__fosters      ref 195157Z  live 193254Z
  G2 rt_oulton_park__fosters      ref 195157Z  live 193254Z
  G2 rt_oulton_park__fosters      ref 195157Z  live 193254Z
  G2 rt_oulton_park__fosters      ref 195157Z  live 193254Z
  G2 rt_oulton_park__fosters      ref 195157Z  live 193254Z
  G2 rt_oulton_park__fosters      ref 195157Z  live 193254Z
  G2 rt_oulton_park__fosters      ref 195157Z  live 193254Z
  G2 rt_oulton_park__fosters      ref 193254Z  live 195157Z
  G2 rt_oulton_park__fosters      ref 193254Z  live 195157Z
  G2 rt_oulton_park__fosters      ref 193254Z  live 195157Z
  G2 rt_oulton_park__fosters      ref 193254Z  live 195157Z
  G2 rt_oulton_park__fosters      ref 193254Z  live 195157Z
  G2 rt_oulton_park__fosters      ref 193254Z  live 195157Z
  G2 rt_oulton_park__fosters      ref 193254Z  live 195157Z
  G2 rt_oulton_park__fosters      ref 193254Z  live 195157Z
  G2 rt_oulton_park__fosters      ref 193254Z  live 195157Z

                                                                       median      p90  >100 ms   >10 m     worst
G1 single                                                       2.52 m   81 ms   299 ms    41.8%    9.8%   3117.1 m
G1 filter                                                       2.28 m   73 ms   249 ms    37.5%    6.4%   1411.3 m
G1 filter, reference time                                       1.48 m   48 ms   130 ms    19.4%    0.4%     26.4 m
G1 filter, reference time, two modes                            1.48 m   48 ms   140 ms    20.0%    1.5%     38.5 m
G1 filter + speed                                               1.12 m   36 ms    95 ms     8.6%    0.0%      7.7 m
G1 filter, lag-corrected                                        2.25 m   71 ms   244 ms    36.7%    6.4%   1410.9 m
G1 filter, reference time, lag-corrected                        1.48 m   48 ms   122 ms    16.4%    0.4%     25.9 m
G1 filter, reference time, two modes, lag-corrected             1.46 m   47 ms   130 ms    17.5%    1.5%     38.8 m
G1 filter + speed, lag-corrected                                0.96 m   31 ms    84 ms     6.3%    0.0%      8.2 m
G2 single                                                       2.51 m   69 ms   268 ms    35.6%   10.3%   1185.5 m
G2 filter                                                       2.35 m   64 ms   227 ms    32.9%    7.7%   1054.5 m
G2 filter, reference time                                       1.50 m   41 ms   114 ms    14.2%    0.2%     38.6 m
G2 filter, reference time, two modes                            1.46 m   40 ms   125 ms    15.2%    1.8%    121.5 m
G2 filter + speed                                               0.86 m   24 ms    64 ms     1.9%    0.2%     17.4 m
G2 filter, lag-corrected                                        2.33 m   64 ms   232 ms    32.9%    8.0%   1054.0 m
G2 filter, reference time, lag-corrected                        1.58 m   43 ms   119 ms    15.7%    0.4%     38.9 m
G2 filter, reference time, two modes, lag-corrected             1.52 m   41 ms   128 ms    16.4%    2.0%    121.5 m
G2 filter + speed, lag-corrected                                0.93 m   26 ms    69 ms     2.6%    0.2%     18.5 m
G2 ks_silverstone__national single                              3.04 m   82 ms   361 ms    42.2%   13.8%   1123.7 m
G2 ks_silverstone__national filter                              2.90 m   78 ms   294 ms    40.5%   11.3%   1054.5 m
G2 ks_silverstone__national filter, reference time              1.64 m   46 ms   122 ms    16.6%    0.3%     38.6 m
G2 ks_silverstone__national filter, reference time, two modes    1.67 m   46 ms   145 ms    19.4%    2.8%    121.5 m
G2 ks_silverstone__national filter + speed                      0.97 m   27 ms    73 ms     3.1%    0.3%     17.4 m
G2 ks_silverstone__national filter, lag-corrected               2.89 m   78 ms   299 ms    41.0%   11.7%   1054.0 m
G2 ks_silverstone__national filter, reference time, lag-corrected    1.74 m   47 ms   128 ms    18.5%    0.4%     38.9 m
G2 ks_silverstone__national filter, reference time, two modes, lag-corrected    1.74 m   48 ms   150 ms    21.0%    3.0%    121.5 m
G2 ks_silverstone__national filter + speed, lag-corrected       1.12 m   31 ms    79 ms     4.2%    0.3%     18.5 m
G2 same car single                                              3.20 m   86 ms   408 ms    44.1%   15.3%   1123.7 m
G2 same car filter                                              3.04 m   82 ms   305 ms    42.3%   12.4%    394.7 m
G2 same car filter, reference time                              1.13 m   32 ms    92 ms     8.3%    0.5%     38.6 m
G2 same car filter, reference time, two modes                   1.35 m   38 ms   131 ms    15.3%    3.9%    121.5 m
G2 same car filter + speed                                      0.98 m   27 ms    76 ms     4.6%    0.4%     17.4 m
G2 same car filter, lag-corrected                               2.99 m   81 ms   310 ms    42.3%   12.5%    393.8 m
G2 same car filter, reference time, lag-corrected               1.25 m   35 ms    98 ms     9.7%    0.6%     38.9 m
G2 same car filter, reference time, two modes, lag-corrected    1.41 m   40 ms   137 ms    16.1%    4.1%    121.5 m
G2 same car filter + speed, lag-corrected                       1.09 m   30 ms    82 ms     5.3%    0.4%     18.5 m
G2 rt_lime_rock_park__no_chicane single                         1.91 m   52 ms   158 ms    23.5%    3.8%   1169.6 m
G2 rt_lime_rock_park__no_chicane filter                         1.81 m   49 ms   140 ms    20.0%    1.6%     24.2 m
G2 rt_lime_rock_park__no_chicane filter, reference time         1.13 m   32 ms    95 ms     8.8%    0.5%     13.4 m
G2 rt_lime_rock_park__no_chicane filter, reference time, two modes    1.16 m   31 ms    85 ms     7.4%    0.5%     13.0 m
G2 rt_lime_rock_park__no_chicane filter + speed                 0.67 m   18 ms    46 ms     0.0%    0.0%      4.4 m
G2 rt_lime_rock_park__no_chicane filter, lag-corrected          1.82 m   49 ms   137 ms    18.9%    1.9%     24.3 m
G2 rt_lime_rock_park__no_chicane filter, reference time, lag-corrected    1.09 m   29 ms   102 ms    10.4%    0.8%     16.9 m
G2 rt_lime_rock_park__no_chicane filter, reference time, two modes, lag-corrected    1.11 m   30 ms    93 ms     8.2%    0.8%     16.5 m
G2 rt_lime_rock_park__no_chicane filter + speed, lag-corrected    0.69 m   18 ms    47 ms     0.2%    0.0%      5.1 m
G2 rt_oulton_park__fosters single                               2.07 m   58 ms   204 ms    29.3%    7.2%   1185.5 m
G2 rt_oulton_park__fosters filter                               1.87 m   52 ms   167 ms    24.7%    4.0%     74.0 m
G2 rt_oulton_park__fosters filter, reference time               1.51 m   42 ms   109 ms    12.9%    0.0%      9.8 m
G2 rt_oulton_park__fosters filter, reference time, two modes    1.35 m   37 ms   105 ms    11.3%    0.5%     38.2 m
G2 rt_oulton_park__fosters filter + speed                       0.80 m   22 ms    54 ms     0.5%    0.0%      6.6 m
G2 rt_oulton_park__fosters filter, lag-corrected                1.91 m   53 ms   168 ms    24.8%    4.1%     74.4 m
G2 rt_oulton_park__fosters filter, reference time, lag-corrected    1.68 m   45 ms   111 ms    13.2%    0.0%      9.3 m
G2 rt_oulton_park__fosters filter, reference time, two modes, lag-corrected    1.47 m   40 ms   108 ms    11.9%    0.5%     38.2 m
G2 rt_oulton_park__fosters filter + speed, lag-corrected        0.79 m   22 ms    58 ms     0.6%    0.0%      5.9 m
