====================================================================================================
GATES
====================================================================================================

seen laps, seen tracks
  n=320  median   2.47 m /   78.9 ms  p90  169.12 m /  4368.9 ms  worst  2769.63 m  within1  44.1%  within5  76.9%
  mean predictive entropy 3.356 nats
    ks_black_cat_county__layout_short n=72  median   5.01 m /  151.3 ms  p90  157.31 m /  3438.0 ms  worst  2769.63 m  within1  23.6%  within5  69.4%
    ks_brands_hatch__indy    n=72  median   1.96 m /   57.1 ms  p90  332.12 m /  7826.1 ms  worst   695.33 m  within1  51.4%  within5  81.9%
    ks_red_bull_ring__layout_national n=48  median   3.87 m /  112.6 ms  p90  209.06 m /  4526.1 ms  worst   935.42 m  within1  29.2%  within5  66.7%
    ks_vallelunga__club_circuit n=64  median   0.59 m /   19.7 ms  p90    1.74 m /    66.4 ms  worst     2.77 m  within1  92.2%  within5 100.0%
    magione                  n=64  median   4.56 m /  172.0 ms  p90  195.28 m /  6505.1 ms  worst  1146.56 m  within1  21.9%  within5  64.1%

G1  held-out laps, seen tracks
  n=320  median   2.15 m /   70.9 ms  p90  207.50 m /  5821.3 ms  worst  1501.90 m  within1  48.8%  within5  75.3%
  mean predictive entropy 3.126 nats
    ks_black_cat_county__layout_short n=48  median   3.38 m /  136.0 ms  p90   18.62 m /   473.9 ms  worst  1501.90 m  within1  37.5%  within5  77.1%
    ks_brands_hatch__indy    n=64  median 101.39 m / 2777.5 ms  p90  587.89 m / 17863.1 ms  worst   903.38 m  within1  17.2%  within5  29.7%
    ks_red_bull_ring__layout_national n=64  median   3.18 m /   91.9 ms  p90   27.01 m /   742.6 ms  worst  1008.01 m  within1  32.8%  within5  75.0%
    ks_vallelunga__club_circuit n=88  median   0.51 m /   17.9 ms  p90    1.93 m /    70.7 ms  worst     3.93 m  within1  92.0%  within5 100.0%
    magione                  n=56  median   2.50 m /   89.3 ms  p90   13.89 m /   499.2 ms  worst   777.83 m  within1  44.6%  within5  87.5%

G2  held-out tracks
  n=320  median   5.74 m /  142.5 ms  p90  544.53 m / 14732.2 ms  worst  1253.45 m  within1  22.5%  within5  65.0%
  mean predictive entropy 3.219 nats
    ks_silverstone__national n=320  median   5.74 m /  142.5 ms  p90  544.53 m / 14732.2 ms  worst  1253.45 m  within1  22.5%  within5  65.0%

====================================================================================================
NEGATIVE CONTROLS
====================================================================================================

wrong-reference control: live clips paired with another track's reference
  matched reference   median    1.80 m   entropy 3.107 nats
  wrong reference     median  557.28 m   entropy 3.755 nats
  chance for 3227 bins at 2.00 m: 1613.3 m; uniform entropy 8.079 nats
  PASS: error must collapse to chance when the reference is wrong

wrote runs/lc1a/gates.json
