====================================================================================================
GATES
====================================================================================================

seen laps, seen tracks
  n=320  median   1.54 m /   49.1 ms  p90    4.95 m /   159.7 ms  worst    13.85 m  within1  58.1%  within5  99.1%
  mean predictive entropy 2.317 nats
    ks_black_cat_county__layout_short n=72  median   2.46 m /   80.5 ms  p90    6.00 m /   162.8 ms  worst    13.85 m  within1  36.1%  within5  97.2%
    ks_brands_hatch__indy    n=72  median   0.70 m /   19.0 ms  p90    1.40 m /    40.6 ms  worst     2.22 m  within1  97.2%  within5 100.0%
    ks_red_bull_ring__layout_national n=48  median   1.69 m /   48.0 ms  p90    5.38 m /   143.7 ms  worst     8.03 m  within1  52.1%  within5 100.0%
    ks_vallelunga__club_circuit n=64  median   2.19 m /   69.2 ms  p90    4.92 m /   179.8 ms  worst     7.61 m  within1  45.3%  within5 100.0%
    magione                  n=64  median   1.50 m /   55.2 ms  p90    5.33 m /   167.4 ms  worst    13.69 m  within1  56.2%  within5  98.4%

G1  held-out laps, seen tracks
  n=320  median   1.54 m /   51.9 ms  p90    4.70 m /   147.5 ms  worst    17.52 m  within1  58.8%  within5  99.1%
  mean predictive entropy 2.290 nats
    ks_black_cat_county__layout_short n=48  median   2.08 m /   59.0 ms  p90    5.28 m /   194.3 ms  worst    10.80 m  within1  47.9%  within5  97.9%
    ks_brands_hatch__indy    n=64  median   1.14 m /   29.5 ms  p90    3.01 m /    92.1 ms  worst     5.17 m  within1  78.1%  within5 100.0%
    ks_red_bull_ring__layout_national n=64  median   1.71 m /   49.9 ms  p90    5.75 m /   150.1 ms  worst     9.12 m  within1  54.7%  within5 100.0%
    ks_vallelunga__club_circuit n=88  median   1.84 m /   66.9 ms  p90    5.20 m /   180.0 ms  worst    17.52 m  within1  53.4%  within5  97.7%
    magione                  n=56  median   1.64 m /   57.6 ms  p90    3.34 m /   136.7 ms  worst     4.74 m  within1  58.9%  within5 100.0%

G2  held-out tracks
  n=320  median   2.73 m /   71.1 ms  p90   11.88 m /   293.5 ms  worst  1145.01 m  within1  37.5%  within5  87.2%
  mean predictive entropy 2.744 nats
    ks_silverstone__national n=320  median   2.73 m /   71.1 ms  p90   11.88 m /   293.5 ms  worst  1145.01 m  within1  37.5%  within5  87.2%

====================================================================================================
NEGATIVE CONTROLS
====================================================================================================

wrong-reference control: live clips paired with another track's reference
  matched reference   median    1.42 m   entropy 2.305 nats
  wrong reference     median  631.24 m   entropy 3.469 nats
  chance for 3227 bins at 2.00 m: 1613.3 m; uniform entropy 8.079 nats
  PASS: error must collapse to chance when the reference is wrong

wrote runs/recipe_p3_ft/gates.json
