====================================================================================================
GATES
====================================================================================================

seen laps, seen tracks
  n=320  median   1.63 m /   52.9 ms  p90    5.43 m /   163.8 ms  worst   521.77 m  within1  56.6%  within5  97.2%
  mean predictive entropy 2.370 nats
    ks_black_cat_county__layout_short n=32  median   3.12 m /   96.3 ms  p90    9.01 m /   238.3 ms  worst   521.77 m  within1  34.4%  within5  93.8%
    ks_brands_hatch__indy    n=40  median   1.15 m /   36.4 ms  p90    2.70 m /    99.4 ms  worst     5.01 m  within1  70.0%  within5 100.0%
    ks_highlands__layout_short n=40  median   1.18 m /   46.8 ms  p90    3.67 m /    94.2 ms  worst     4.95 m  within1  70.0%  within5 100.0%
    ks_laguna_seca           n=48  median   2.37 m /   71.1 ms  p90    7.80 m /   233.2 ms  worst    11.21 m  within1  45.8%  within5  95.8%
    ks_monza66__junior       n=16  median   1.57 m /   41.7 ms  p90    4.70 m /   139.6 ms  worst     7.24 m  within1  56.2%  within5 100.0%
    ks_nurburgring__layout_sprint_a n=32  median   1.71 m /   54.0 ms  p90    4.85 m /   152.6 ms  worst    22.77 m  within1  56.2%  within5  96.9%
    ks_red_bull_ring__layout_national n=40  median   1.51 m /   42.2 ms  p90    7.45 m /   170.2 ms  worst    18.18 m  within1  55.0%  within5  95.0%
    ks_vallelunga__club_circuit n=40  median   1.64 m /   57.0 ms  p90    4.10 m /   138.8 ms  worst     7.21 m  within1  60.0%  within5 100.0%
    magione                  n=32  median   1.55 m /   51.9 ms  p90    5.43 m /   162.4 ms  worst    34.56 m  within1  59.4%  within5  93.8%

G1  held-out laps, seen tracks
  n=320  median   1.85 m /   54.3 ms  p90    5.42 m /   149.5 ms  worst    82.22 m  within1  55.0%  within5  97.8%
  mean predictive entropy 2.373 nats
    ks_black_cat_county__layout_short n=32  median   2.01 m /   55.8 ms  p90    4.27 m /   125.2 ms  worst    11.64 m  within1  46.9%  within5  96.9%
    ks_brands_hatch__indy    n=32  median   1.44 m /   43.4 ms  p90    4.47 m /   126.4 ms  worst     7.12 m  within1  59.4%  within5 100.0%
    ks_highlands__layout_short n=32  median   1.14 m /   39.3 ms  p90    3.40 m /    84.8 ms  worst     4.86 m  within1  78.1%  within5 100.0%
    ks_laguna_seca           n=16  median   3.18 m /   90.1 ms  p90    6.41 m /   156.9 ms  worst    10.61 m  within1  37.5%  within5  93.8%
    ks_monza66__junior       n=32  median   2.04 m /   55.3 ms  p90    4.64 m /   131.3 ms  worst     5.99 m  within1  46.9%  within5 100.0%
    ks_nurburgring__layout_sprint_a n=48  median   2.36 m /   72.2 ms  p90    7.03 m /   226.7 ms  worst    44.97 m  within1  43.8%  within5  91.7%
    ks_red_bull_ring__layout_national n=72  median   2.09 m /   52.8 ms  p90    6.17 m /   150.6 ms  worst     9.79 m  within1  47.2%  within5 100.0%
    ks_vallelunga__club_circuit n=16  median   1.19 m /   40.5 ms  p90    2.34 m /    86.1 ms  worst     2.73 m  within1  87.5%  within5 100.0%
    magione                  n=40  median   1.54 m /   53.2 ms  p90    3.28 m /   136.7 ms  worst    82.22 m  within1  65.0%  within5  97.5%

G2  held-out tracks
  n=320  median   2.34 m /   62.1 ms  p90    7.89 m /   199.1 ms  worst    97.41 m  within1  43.1%  within5  92.8%
  mean predictive entropy 2.569 nats
    ks_silverstone__national n=152  median   3.20 m /   89.6 ms  p90    9.09 m /   219.2 ms  worst    55.89 m  within1  32.9%  within5  90.8%
    rt_lime_rock_park__no_chicane n=96  median   1.84 m /   48.5 ms  p90    5.03 m /   133.4 ms  worst    97.41 m  within1  52.1%  within5  94.8%
    rt_oulton_park__fosters  n=72  median   1.97 m /   52.5 ms  p90    5.24 m /   146.2 ms  worst    41.04 m  within1  52.8%  within5  94.4%

====================================================================================================
NEGATIVE CONTROLS
====================================================================================================

wrong-reference control: live clips paired with another track's reference
  matched reference   median    1.79 m   entropy 2.372 nats
  wrong reference     median  759.23 m   entropy 3.482 nats
  chance for 3227 bins at 2.00 m: 1613.3 m; uniform entropy 8.079 nats
  PASS: error must collapse to chance when the reference is wrong

wrote runs/v3_yaw10_s2/gates_v3.json
