  G2 rt_lime_rock_park__no_chican ref 143440Z  live 205006Z
  G2 rt_lime_rock_park__no_chican ref 143440Z  live 205006Z
  G2 rt_lime_rock_park__no_chican ref 143440Z  live 205006Z
  G2 rt_oulton_park__fosters      ref 195157Z  live 205804Z
  G2 rt_oulton_park__fosters      ref 195157Z  live 205804Z
  G2 rt_oulton_park__fosters      ref 195157Z  live 205804Z

                                                                       median      p90  >100 ms   >10 m     worst
G2 single                                                       2.34 m   64 ms   221 ms    32.7%    5.7%    492.0 m
G2 filter                                                       2.24 m   60 ms   219 ms    31.8%    4.2%     46.5 m
G2 filter, reference time                                       1.68 m   45 ms   119 ms    14.5%    0.4%     16.3 m
G2 filter, reference time, two modes                            1.65 m   44 ms   125 ms    15.8%    1.2%     35.2 m
G2 filter + speed                                               1.13 m   30 ms    77 ms     5.2%    0.0%      5.4 m
G2 rt_lime_rock_park__no_chicane single                         2.62 m   70 ms   231 ms    37.9%    6.7%    393.9 m
G2 rt_lime_rock_park__no_chicane filter                         2.70 m   73 ms   231 ms    38.2%    5.1%     30.3 m
G2 rt_lime_rock_park__no_chicane filter, reference time         1.98 m   54 ms   117 ms    14.8%    0.9%     16.3 m
G2 rt_lime_rock_park__no_chicane filter, reference time, two modes    2.02 m   53 ms   143 ms    20.8%    1.1%     18.4 m
G2 rt_lime_rock_park__no_chicane filter + speed                 1.09 m   30 ms    79 ms     5.0%    0.0%      5.0 m
G2 rt_oulton_park__fosters single                               2.16 m   60 ms   205 ms    28.4%    4.9%    492.0 m
G2 rt_oulton_park__fosters filter                               1.97 m   54 ms   193 ms    26.4%    3.5%     46.5 m
G2 rt_oulton_park__fosters filter, reference time               1.45 m   40 ms   120 ms    14.2%    0.0%      6.8 m
G2 rt_oulton_park__fosters filter, reference time, two modes    1.38 m   38 ms   108 ms    11.5%    1.3%     35.2 m
G2 rt_oulton_park__fosters filter + speed                       1.15 m   30 ms    73 ms     5.5%    0.0%      5.4 m
