  G1 ks_black_cat_county__layout_ ref 180056Z  live 183526Z
  G1 ks_black_cat_county__layout_ ref 183242Z  live 183526Z
  G1 ks_brands_hatch__indy        ref 171903Z  live 221531Z
  G1 ks_brands_hatch__indy        ref 181357Z  live 221531Z
  G1 ks_highlands__layout_short   ref 212549Z  live 005654Z
  G1 ks_laguna_seca               ref 110507Z  live 123110Z
  G1 ks_monza66__junior           ref 091133Z  live 093530Z
  G1 ks_nurburgring__layout_sprin ref 100528Z  live 103410Z
  G1 ks_red_bull_ring__layout_nat ref 232216Z  live 174436Z
  G1 ks_red_bull_ring__layout_nat ref 233620Z  live 174436Z
  G1 ks_vallelunga__club_circuit  ref 220345Z  live 223945Z
  G1 ks_vallelunga__club_circuit  ref 222513Z  live 223945Z
  G1 magione                      ref 225059Z  live 231051Z
  G1 magione                      ref 230023Z  live 231051Z
  G2 ks_silverstone__national     ref 105441Z  live 104658Z
  G2 ks_silverstone__national     ref 105442Z  live 104658Z
  G2 ks_silverstone__national     ref 105441Z  live 104658Z
  G2 ks_silverstone__national     ref 105442Z  live 104658Z
  G2 ks_silverstone__national     ref 105441Z  live 104658Z
  G2 ks_silverstone__national     ref 105442Z  live 104658Z
  G2 ks_silverstone__national     ref 105441Z  live 104658Z
  G2 ks_silverstone__national     ref 105442Z  live 104658Z
  G2 ks_silverstone__national     ref 105441Z  live 104658Z
  G2 ks_silverstone__national     ref 105442Z  live 104658Z
  G2 ks_silverstone__national     ref 105441Z  live 104658Z
  G2 ks_silverstone__national     ref 105442Z  live 104658Z
  G2 ks_silverstone__national     ref 105441Z  live 104658Z
  G2 ks_silverstone__national     ref 105442Z  live 104658Z
  G2 ks_silverstone__national     ref 104658Z  live 105441Z
  G2 ks_silverstone__national     ref 105442Z  live 105441Z
  G2 ks_silverstone__national     ref 104658Z  live 105441Z
  G2 ks_silverstone__national     ref 105442Z  live 105441Z
  G2 ks_silverstone__national     ref 104658Z  live 105441Z
  G2 ks_silverstone__national     ref 105442Z  live 105441Z
  G2 ks_silverstone__national     ref 104658Z  live 105441Z
  G2 ks_silverstone__national     ref 105442Z  live 105441Z
  G2 ks_silverstone__national     ref 104658Z  live 105441Z
  G2 ks_silverstone__national     ref 105442Z  live 105441Z
  G2 ks_silverstone__national     ref 104658Z  live 105441Z
  G2 ks_silverstone__national     ref 105442Z  live 105441Z
  G2 ks_silverstone__national     ref 104658Z  live 105441Z
  G2 ks_silverstone__national     ref 105442Z  live 105441Z
  G2 ks_silverstone__national     ref 104658Z  live 105441Z
  G2 ks_silverstone__national     ref 105442Z  live 105441Z
  G2 ks_silverstone__national     ref 104658Z  live 105442Z
  G2 ks_silverstone__national     ref 105441Z  live 105442Z
  G2 ks_silverstone__national     ref 104658Z  live 105442Z
  G2 ks_silverstone__national     ref 105441Z  live 105442Z
  G2 ks_silverstone__national     ref 104658Z  live 105442Z
  G2 ks_silverstone__national     ref 105441Z  live 105442Z
  G2 ks_silverstone__national     ref 104658Z  live 105442Z
  G2 ks_silverstone__national     ref 105441Z  live 105442Z
  G2 ks_silverstone__national     ref 104658Z  live 105442Z
  G2 ks_silverstone__national     ref 105441Z  live 105442Z
  G2 ks_silverstone__national     ref 104658Z  live 105442Z
  G2 ks_silverstone__national     ref 105441Z  live 105442Z
  G2 ks_silverstone__national     ref 104658Z  live 105442Z
  G2 ks_silverstone__national     ref 105441Z  live 105442Z
  G2 ks_silverstone__national     ref 104658Z  live 105442Z
  G2 ks_silverstone__national     ref 105441Z  live 105442Z
  G2 rt_lime_rock_park__no_chican ref 143440Z  live 141815Z
  G2 rt_lime_rock_park__no_chican ref 143440Z  live 141815Z
  G2 rt_lime_rock_park__no_chican ref 143440Z  live 141815Z
  G2 rt_lime_rock_park__no_chican ref 143440Z  live 141815Z
  G2 rt_lime_rock_park__no_chican ref 143440Z  live 141815Z
  G2 rt_lime_rock_park__no_chican ref 143440Z  live 141815Z
  G2 rt_lime_rock_park__no_chican ref 143440Z  live 141815Z
  G2 rt_lime_rock_park__no_chican ref 143440Z  live 141815Z
  G2 rt_lime_rock_park__no_chican ref 143440Z  live 141815Z
  G2 rt_lime_rock_park__no_chican ref 141815Z  live 143440Z
  G2 rt_lime_rock_park__no_chican ref 141815Z  live 143440Z
  G2 rt_lime_rock_park__no_chican ref 141815Z  live 143440Z
  G2 rt_lime_rock_park__no_chican ref 141815Z  live 143440Z
  G2 rt_lime_rock_park__no_chican ref 141815Z  live 143440Z
  G2 rt_lime_rock_park__no_chican ref 141815Z  live 143440Z
  G2 rt_lime_rock_park__no_chican ref 141815Z  live 143440Z
  G2 rt_lime_rock_park__no_chican ref 141815Z  live 143440Z
  G2 rt_oulton_park__fosters      ref 195157Z  live 193254Z
  G2 rt_oulton_park__fosters      ref 195157Z  live 193254Z
  G2 rt_oulton_park__fosters      ref 195157Z  live 193254Z
  G2 rt_oulton_park__fosters      ref 195157Z  live 193254Z
  G2 rt_oulton_park__fosters      ref 195157Z  live 193254Z
  G2 rt_oulton_park__fosters      ref 195157Z  live 193254Z
  G2 rt_oulton_park__fosters      ref 195157Z  live 193254Z
  G2 rt_oulton_park__fosters      ref 195157Z  live 193254Z
  G2 rt_oulton_park__fosters      ref 195157Z  live 193254Z
  G2 rt_oulton_park__fosters      ref 193254Z  live 195157Z
  G2 rt_oulton_park__fosters      ref 193254Z  live 195157Z
  G2 rt_oulton_park__fosters      ref 193254Z  live 195157Z
  G2 rt_oulton_park__fosters      ref 193254Z  live 195157Z
  G2 rt_oulton_park__fosters      ref 193254Z  live 195157Z
  G2 rt_oulton_park__fosters      ref 193254Z  live 195157Z
  G2 rt_oulton_park__fosters      ref 193254Z  live 195157Z
  G2 rt_oulton_park__fosters      ref 193254Z  live 195157Z
  G2 rt_oulton_park__fosters      ref 193254Z  live 195157Z

                                                                       median      p90  >100 ms   >10 m     worst
G1 single                                                       2.10 m   68 ms   206 ms    33.5%    5.2%   2854.7 m
G1 filter                                                       1.99 m   64 ms   192 ms    31.7%    3.4%    102.0 m
G1 filter, reference time                                       1.25 m   40 ms   108 ms    12.3%    0.2%     33.8 m
G1 filter, reference time, two modes                            1.29 m   41 ms   109 ms    12.1%    0.6%     40.1 m
G1 filter + speed                                               0.88 m   28 ms    76 ms     4.2%    0.0%      7.8 m
G1 filter, lag-corrected                                        2.03 m   64 ms   194 ms    32.4%    3.4%    102.3 m
G1 filter, reference time, lag-corrected                        1.33 m   42 ms   112 ms    13.1%    0.2%     33.4 m
G1 filter, reference time, two modes, lag-corrected             1.34 m   42 ms   113 ms    13.3%    0.6%     39.6 m
G1 filter + speed, lag-corrected                                0.93 m   29 ms    77 ms     4.7%    0.0%      7.3 m
G2 single                                                       2.35 m   65 ms   220 ms    32.4%    7.7%   1275.0 m
G2 filter                                                       2.24 m   61 ms   199 ms    30.5%    5.9%   1059.4 m
G2 filter, reference time                                       1.45 m   39 ms   111 ms    13.3%    0.1%     14.1 m
G2 filter, reference time, two modes                            1.42 m   39 ms   112 ms    13.1%    1.1%    122.9 m
G2 filter + speed                                               0.97 m   26 ms    65 ms     2.1%    0.1%     18.7 m
G2 filter, lag-corrected                                        2.27 m   63 ms   203 ms    31.5%    6.0%   1059.2 m
G2 filter, reference time, lag-corrected                        1.57 m   43 ms   117 ms    14.9%    0.1%     14.7 m
G2 filter, reference time, two modes, lag-corrected             1.53 m   42 ms   118 ms    14.7%    1.1%    122.8 m
G2 filter + speed, lag-corrected                                1.05 m   28 ms    72 ms     3.1%    0.1%     19.3 m
G2 ks_silverstone__national single                              2.72 m   74 ms   271 ms    37.9%   10.2%   1275.0 m
G2 ks_silverstone__national filter                              2.61 m   72 ms   239 ms    36.9%    8.5%   1059.4 m
G2 ks_silverstone__national filter, reference time              1.55 m   42 ms   120 ms    15.3%    0.2%     14.1 m
G2 ks_silverstone__national filter, reference time, two modes    1.53 m   42 ms   125 ms    16.3%    1.6%    122.9 m
G2 ks_silverstone__national filter + speed                      1.03 m   28 ms    73 ms     3.0%    0.2%     18.7 m
G2 ks_silverstone__national filter, lag-corrected               2.67 m   73 ms   242 ms    37.7%    8.7%   1059.2 m
G2 ks_silverstone__national filter, reference time, lag-corrected    1.66 m   45 ms   125 ms    17.2%    0.2%     14.7 m
G2 ks_silverstone__national filter, reference time, two modes, lag-corrected    1.64 m   45 ms   131 ms    18.0%    1.7%    122.8 m
G2 ks_silverstone__national filter + speed, lag-corrected       1.16 m   31 ms    81 ms     4.6%    0.2%     19.3 m
G2 same car single                                              2.86 m   79 ms   302 ms    40.4%   11.7%   1275.0 m
G2 same car filter                                              2.71 m   75 ms   253 ms    38.4%    9.8%   1059.4 m
G2 same car filter, reference time                              1.17 m   32 ms    90 ms     7.3%    0.2%     12.5 m
G2 same car filter, reference time, two modes                   1.21 m   34 ms   102 ms    10.5%    2.1%    109.9 m
G2 same car filter + speed                                      1.05 m   29 ms    73 ms     3.4%    0.2%     14.8 m
G2 same car filter, lag-corrected                               2.77 m   76 ms   256 ms    39.1%    9.9%   1059.2 m
G2 same car filter, reference time, lag-corrected               1.26 m   35 ms    96 ms     8.7%    0.1%     13.0 m
G2 same car filter, reference time, two modes, lag-corrected    1.32 m   37 ms   108 ms    12.1%    2.1%    109.5 m
G2 same car filter + speed, lag-corrected                       1.15 m   31 ms    80 ms     4.6%    0.2%     15.4 m
G2 rt_lime_rock_park__no_chicane single                         1.95 m   52 ms   152 ms    23.1%    2.6%    126.5 m
G2 rt_lime_rock_park__no_chicane filter                         1.91 m   51 ms   138 ms    20.6%    1.1%     18.7 m
G2 rt_lime_rock_park__no_chicane filter, reference time         1.39 m   37 ms    94 ms     8.2%    0.0%      9.6 m
G2 rt_lime_rock_park__no_chicane filter, reference time, two modes    1.34 m   36 ms    94 ms     7.9%    0.0%      9.8 m
G2 rt_lime_rock_park__no_chicane filter + speed                 0.82 m   22 ms    52 ms     0.3%    0.0%      4.1 m
G2 rt_lime_rock_park__no_chicane filter, lag-corrected          1.90 m   51 ms   142 ms    21.6%    1.2%     18.9 m
G2 rt_lime_rock_park__no_chicane filter, reference time, lag-corrected    1.54 m   41 ms    99 ms     9.4%    0.0%      9.0 m
G2 rt_lime_rock_park__no_chicane filter, reference time, two modes, lag-corrected    1.44 m   39 ms    98 ms     9.2%    0.0%      9.6 m
G2 rt_lime_rock_park__no_chicane filter + speed, lag-corrected    0.91 m   24 ms    60 ms     0.7%    0.0%      4.4 m
G2 rt_oulton_park__fosters single                               1.99 m   56 ms   178 ms    26.3%    5.8%   1105.7 m
G2 rt_oulton_park__fosters filter                               1.81 m   50 ms   156 ms    23.1%    3.3%     84.8 m
G2 rt_oulton_park__fosters filter, reference time               1.30 m   36 ms   107 ms    12.4%    0.0%      8.6 m
G2 rt_oulton_park__fosters filter, reference time, two modes    1.25 m   34 ms    98 ms     9.6%    0.5%     39.6 m
G2 rt_oulton_park__fosters filter + speed                       0.97 m   26 ms    56 ms     1.2%    0.0%      5.3 m
G2 rt_oulton_park__fosters filter, lag-corrected                1.86 m   52 ms   159 ms    24.6%    3.3%     85.6 m
G2 rt_oulton_park__fosters filter, reference time, lag-corrected    1.44 m   39 ms   112 ms    13.6%    0.0%      8.6 m
G2 rt_oulton_park__fosters filter, reference time, two modes, lag-corrected    1.34 m   37 ms   103 ms    10.9%    0.5%     39.6 m
G2 rt_oulton_park__fosters filter + speed, lag-corrected        0.94 m   26 ms    64 ms     1.6%    0.0%      5.0 m
