started from runs/v3_yaw10_s2_base/best.pt
gate g1: held-out laps of seen tracks; full augmentation
train tracks ['ks_black_cat_county__layout_short', 'ks_brands_hatch__indy', 'ks_highlands__layout_short', 'ks_laguna_seca', 'ks_monza66__junior', 'ks_nurburgring__layout_sprint_a', 'ks_red_bull_ring__layout_national', 'ks_vallelunga__club_circuit', 'magione'] (284 laps usable)
eval  tracks ['ks_black_cat_county__layout_short', 'ks_brands_hatch__indy', 'ks_highlands__layout_short', 'ks_laguna_seca', 'ks_monza66__junior', 'ks_nurburgring__layout_sprint_a', 'ks_red_bull_ring__layout_national', 'ks_vallelunga__club_circuit', 'magione'], split=train
held out as live-only: ['ks_black_cat_county__layout_short__20260923T183526Z__lap07', 'ks_brands_hatch__indy__20260921T221531Z__lap02', 'ks_highlands__layout_short__20260928T005654Z__lap54', 'ks_laguna_seca__default__20260928T123110Z__lap12', 'ks_monza66__junior__20260928T093530Z__lap14', 'ks_nurburgring__layout_sprint_a__20260928T103410Z__lap12', 'ks_red_bull_ring__layout_national__20260923T174436Z__lap11', 'ks_vallelunga__club_circuit__20260922T223945Z__lap07', 'magione__default__20260922T231051Z__lap06']
frame 148x80, reference bins 3227
model 0.67M params on mps

step     1/1500  loss  3.6627 (ce  2.394 aux  2.537 ref 0.0016)  train median    2.63 m   1.45 s/step
step    20/1500  loss  4.4487 (ce  2.817 aux  3.262 ref 0.0009)  train median    3.05 m   0.42 s/step
step    40/1500  loss  4.1606 (ce  2.720 aux  2.881 ref 0.0007)  train median    2.38 m   0.40 s/step
step    60/1500  loss  4.6443 (ce  2.937 aux  3.414 ref 0.0007)  train median    2.92 m   0.43 s/step
step    80/1500  loss  3.5610 (ce  2.288 aux  2.546 ref 0.0011)  train median    1.95 m   0.41 s/step
step   100/1500  loss  3.6659 (ce  2.394 aux  2.542 ref 0.0011)  train median    2.34 m   0.40 s/step
step   120/1500  loss  3.8678 (ce  2.479 aux  2.777 ref 0.0014)  train median    2.14 m   0.39 s/step
step   140/1500  loss  3.5648 (ce  2.279 aux  2.570 ref 0.0009)  train median    1.36 m   0.39 s/step
step   160/1500  loss  3.9152 (ce  2.515 aux  2.799 ref 0.0011)  train median    1.61 m   0.38 s/step
step   180/1500  loss  3.9476 (ce  2.523 aux  2.848 ref 0.0008)  train median    1.96 m   0.38 s/step
step   200/1500  loss  3.4645 (ce  2.206 aux  2.517 ref 0.0006)  train median    1.00 m   0.38 s/step
  eval  n=192  median   2.60 m /   82.8 ms  p90    7.81 m /   228.9 ms  worst  1004.16 m  within1  40.1%  within5  92.7%
        ks_black_cat_county__layout_short n=16  median   2.62 m /   90.1 ms  p90   12.48 m /   387.3 ms  worst   515.82 m  within1  31.2%  within5  81.2%
        ks_brands_hatch__indy    n=24  median   2.42 m /   64.4 ms  p90    6.65 m /   186.8 ms  worst     8.01 m  within1  45.8%  within5 100.0%
        ks_highlands__layout_short n=24  median   1.67 m /   52.2 ms  p90    4.07 m /   105.5 ms  worst     5.65 m  within1  58.3%  within5 100.0%
        ks_laguna_seca           n=8  median   3.62 m /   85.1 ms  p90    7.38 m /   192.3 ms  worst    10.82 m  within1  37.5%  within5  87.5%
        ks_monza66__junior       n=24  median   2.61 m /   75.2 ms  p90   11.83 m /   245.4 ms  worst    46.46 m  within1  41.7%  within5  87.5%
        ks_nurburgring__layout_sprint_a n=40  median   4.08 m /  118.9 ms  p90   10.55 m /   295.8 ms  worst  1004.16 m  within1  20.0%  within5  90.0%
        ks_red_bull_ring__layout_national n=8  median   3.67 m /  107.3 ms  p90   18.37 m /   519.2 ms  worst    35.25 m  within1  12.5%  within5  62.5%
        ks_vallelunga__club_circuit n=16  median   2.60 m /   88.2 ms  p90    5.19 m /   176.4 ms  worst     7.86 m  within1  37.5%  within5 100.0%
        magione                  n=32  median   1.83 m /   65.5 ms  p90    4.65 m /   171.3 ms  worst     6.91 m  within1  59.4%  within5 100.0%
step   220/1500  loss  3.5379 (ce  2.230 aux  2.614 ref 0.0006)  train median    1.62 m   0.41 s/step
step   240/1500  loss  3.7255 (ce  2.301 aux  2.849 ref 0.0011)  train median    1.66 m   0.39 s/step
step   260/1500  loss  3.9875 (ce  2.440 aux  3.096 ref 0.0003)  train median    2.45 m   0.40 s/step
step   280/1500  loss  3.8298 (ce  2.456 aux  2.747 ref 0.0008)  train median    2.37 m   0.39 s/step
step   300/1500  loss  3.8610 (ce  2.453 aux  2.816 ref 0.0013)  train median    1.45 m   0.39 s/step
step   320/1500  loss  4.4513 (ce  2.896 aux  3.108 ref 0.0017)  train median    4.54 m   0.38 s/step
step   340/1500  loss  3.5968 (ce  2.239 aux  2.715 ref 0.0005)  train median    1.05 m   0.38 s/step
step   360/1500  loss  3.4535 (ce  2.192 aux  2.521 ref 0.0007)  train median    1.19 m   0.38 s/step
step   380/1500  loss  3.8326 (ce  2.465 aux  2.733 ref 0.0013)  train median    3.12 m   0.38 s/step
step   400/1500  loss  4.4718 (ce  2.776 aux  3.390 ref 0.0004)  train median    2.14 m   0.37 s/step
  eval  n=192  median   2.42 m /   69.1 ms  p90    7.50 m /   208.8 ms  worst  1002.01 m  within1  44.8%  within5  94.8%
        ks_black_cat_county__layout_short n=16  median   4.06 m /  134.0 ms  p90    8.61 m /   282.3 ms  worst   518.08 m  within1  25.0%  within5  93.8%
        ks_brands_hatch__indy    n=24  median   2.56 m /   91.1 ms  p90    6.81 m /   197.2 ms  worst    10.53 m  within1  37.5%  within5  95.8%
        ks_highlands__layout_short n=24  median   1.29 m /   47.9 ms  p90    3.15 m /    89.1 ms  worst     6.78 m  within1  66.7%  within5 100.0%
        ks_laguna_seca           n=8  median   1.32 m /   35.1 ms  p90   10.01 m /   256.2 ms  worst    12.67 m  within1  62.5%  within5  87.5%
        ks_monza66__junior       n=24  median   2.48 m /   71.0 ms  p90    7.23 m /   179.8 ms  worst    50.83 m  within1  37.5%  within5  91.7%
        ks_nurburgring__layout_sprint_a n=40  median   3.38 m /  110.8 ms  p90   22.18 m /   742.2 ms  worst  1002.01 m  within1  22.5%  within5  87.5%
        ks_red_bull_ring__layout_national n=8  median   1.77 m /   55.1 ms  p90    5.60 m /   144.1 ms  worst     8.97 m  within1  62.5%  within5 100.0%
        ks_vallelunga__club_circuit n=16  median   2.66 m /   85.7 ms  p90    5.04 m /   177.6 ms  worst     9.42 m  within1  43.8%  within5 100.0%
        magione                  n=32  median   1.34 m /   43.1 ms  p90    4.25 m /   131.3 ms  worst     7.53 m  within1  68.8%  within5 100.0%
step   420/1500  loss  4.4537 (ce  2.723 aux  3.461 ref 0.0006)  train median    3.99 m   0.39 s/step
step   440/1500  loss  3.6445 (ce  2.399 aux  2.490 ref 0.0010)  train median    1.51 m   0.39 s/step
step   460/1500  loss  4.1030 (ce  2.657 aux  2.891 ref 0.0007)  train median    4.01 m   0.39 s/step
step   480/1500  loss  3.8913 (ce  2.532 aux  2.716 ref 0.0015)  train median    2.02 m   0.39 s/step
step   500/1500  loss  3.7040 (ce  2.381 aux  2.643 ref 0.0016)  train median    2.10 m   0.39 s/step
step   520/1500  loss  4.5736 (ce  3.088 aux  2.969 ref 0.0018)  train median    6.06 m   0.39 s/step
step   540/1500  loss  3.8023 (ce  2.405 aux  2.794 ref 0.0012)  train median    1.84 m   0.39 s/step
step   560/1500  loss  4.2549 (ce  2.737 aux  3.034 ref 0.0014)  train median    2.42 m   0.38 s/step
step   580/1500  loss  3.9719 (ce  2.464 aux  3.015 ref 0.0005)  train median    0.82 m   0.38 s/step
step   600/1500  loss  3.9399 (ce  2.456 aux  2.967 ref 0.0019)  train median    2.66 m   0.38 s/step
  eval  n=192  median   2.67 m /   84.1 ms  p90    7.36 m /   207.0 ms  worst    42.66 m  within1  39.1%  within5  94.3%
        ks_black_cat_county__layout_short n=16  median   2.95 m /  112.5 ms  p90    7.93 m /   201.3 ms  worst    10.36 m  within1  31.2%  within5  93.8%
        ks_brands_hatch__indy    n=24  median   3.59 m /  107.9 ms  p90    7.31 m /   210.3 ms  worst    10.35 m  within1  37.5%  within5  95.8%
        ks_highlands__layout_short n=24  median   1.63 m /   46.9 ms  p90    2.99 m /    91.7 ms  worst     7.07 m  within1  50.0%  within5 100.0%
        ks_laguna_seca           n=8  median   5.29 m /  123.3 ms  p90    8.28 m /   208.7 ms  worst    10.13 m  within1  37.5%  within5  87.5%
        ks_monza66__junior       n=24  median   3.20 m /   79.4 ms  p90   11.46 m /   231.1 ms  worst    42.66 m  within1  29.2%  within5  87.5%
        ks_nurburgring__layout_sprint_a n=40  median   4.37 m /  114.5 ms  p90   12.88 m /   362.0 ms  worst    39.54 m  within1  27.5%  within5  87.5%
        ks_red_bull_ring__layout_national n=8  median   4.28 m /  131.5 ms  p90    7.39 m /   179.2 ms  worst     8.75 m  within1  25.0%  within5 100.0%
        ks_vallelunga__club_circuit n=16  median   2.32 m /   75.2 ms  p90    4.00 m /   147.9 ms  worst     5.82 m  within1  43.8%  within5 100.0%
        magione                  n=32  median   1.30 m /   59.5 ms  p90    4.88 m /   148.0 ms  worst     6.34 m  within1  59.4%  within5 100.0%
step   620/1500  loss  3.6256 (ce  2.308 aux  2.634 ref 0.0012)  train median    1.87 m   0.39 s/step
step   640/1500  loss  3.6107 (ce  2.287 aux  2.646 ref 0.0009)  train median    1.69 m   0.39 s/step
step   660/1500  loss  3.9089 (ce  2.566 aux  2.683 ref 0.0015)  train median    2.65 m   0.39 s/step
step   680/1500  loss  4.2142 (ce  2.743 aux  2.942 ref 0.0014)  train median    2.09 m   0.38 s/step
step   700/1500  loss  3.7089 (ce  2.371 aux  2.675 ref 0.0013)  train median    1.41 m   0.38 s/step
step   720/1500  loss  3.6131 (ce  2.252 aux  2.722 ref 0.0006)  train median    1.61 m   0.38 s/step
step   740/1500  loss  3.5050 (ce  2.267 aux  2.476 ref 0.0008)  train median    1.25 m   0.38 s/step
step   760/1500  loss  4.0468 (ce  2.613 aux  2.868 ref 0.0007)  train median    3.38 m   0.38 s/step
step   780/1500  loss  3.7761 (ce  2.410 aux  2.730 ref 0.0015)  train median    2.11 m   0.38 s/step
step   800/1500  loss  3.5217 (ce  2.265 aux  2.513 ref 0.0011)  train median    1.52 m   0.38 s/step
  eval  n=192  median   1.86 m /   57.0 ms  p90    7.12 m /   204.0 ms  worst   514.99 m  within1  52.1%  within5  93.8%
        ks_black_cat_county__layout_short n=16  median   4.58 m /  123.1 ms  p90   24.38 m /   890.9 ms  worst   514.99 m  within1  37.5%  within5  87.5%
        ks_brands_hatch__indy    n=24  median   3.24 m /   90.3 ms  p90    7.12 m /   224.6 ms  worst    11.56 m  within1  37.5%  within5  91.7%
        ks_highlands__layout_short n=24  median   1.25 m /   43.3 ms  p90    3.13 m /    86.9 ms  worst     6.40 m  within1  75.0%  within5 100.0%
        ks_laguna_seca           n=8  median   2.00 m /   45.5 ms  p90    9.40 m /   243.3 ms  worst    13.12 m  within1  50.0%  within5  87.5%
        ks_monza66__junior       n=24  median   2.37 m /   56.3 ms  p90    4.37 m /   158.5 ms  worst    20.55 m  within1  45.8%  within5  91.7%
        ks_nurburgring__layout_sprint_a n=40  median   2.67 m /   88.9 ms  p90    7.91 m /   238.1 ms  worst    38.78 m  within1  40.0%  within5  90.0%
        ks_red_bull_ring__layout_national n=8  median   2.21 m /   55.4 ms  p90    5.65 m /   140.9 ms  worst    10.01 m  within1  50.0%  within5  87.5%
        ks_vallelunga__club_circuit n=16  median   1.87 m /   71.2 ms  p90    5.04 m /   161.7 ms  worst     8.55 m  within1  50.0%  within5 100.0%
        magione                  n=32  median   1.03 m /   40.6 ms  p90    4.40 m /   141.9 ms  worst     7.14 m  within1  75.0%  within5 100.0%
step   820/1500  loss  3.6682 (ce  2.393 aux  2.549 ref 0.0010)  train median    1.82 m   0.39 s/step
step   840/1500  loss  3.9093 (ce  2.504 aux  2.810 ref 0.0015)  train median    3.87 m   0.39 s/step
step   860/1500  loss  3.9290 (ce  2.374 aux  3.111 ref 0.0004)  train median    1.32 m   0.39 s/step
step   880/1500  loss  3.5910 (ce  2.292 aux  2.597 ref 0.0006)  train median    1.35 m   0.39 s/step
step   900/1500  loss  3.5987 (ce  2.266 aux  2.664 ref 0.0004)  train median    0.55 m   0.39 s/step
step   920/1500  loss  3.5000 (ce  2.264 aux  2.472 ref 0.0005)  train median    1.24 m   0.39 s/step
step   940/1500  loss  4.1598 (ce  2.669 aux  2.981 ref 0.0009)  train median    2.38 m   0.39 s/step
step   960/1500  loss  3.7898 (ce  2.364 aux  2.851 ref 0.0004)  train median    2.12 m   0.39 s/step
step   980/1500  loss  4.8219 (ce  3.267 aux  3.108 ref 0.0023)  train median    7.56 m   0.39 s/step
step  1000/1500  loss  3.8406 (ce  2.447 aux  2.786 ref 0.0007)  train median    2.73 m   0.39 s/step
  eval  n=192  median   2.22 m /   63.0 ms  p90    6.76 m /   204.1 ms  worst    40.84 m  within1  46.9%  within5  95.3%
        ks_black_cat_county__layout_short n=16  median   2.77 m /  101.2 ms  p90    8.20 m /   219.7 ms  worst     8.77 m  within1  37.5%  within5 100.0%
        ks_brands_hatch__indy    n=24  median   2.77 m /   83.5 ms  p90    6.59 m /   201.3 ms  worst    10.39 m  within1  37.5%  within5  95.8%
        ks_highlands__layout_short n=24  median   1.20 m /   40.0 ms  p90    3.45 m /    92.4 ms  worst     5.38 m  within1  70.8%  within5 100.0%
        ks_laguna_seca           n=8  median   2.16 m /   49.6 ms  p90    8.23 m /   214.7 ms  worst    12.26 m  within1  37.5%  within5  87.5%
        ks_monza66__junior       n=24  median   2.39 m /   58.4 ms  p90   10.46 m /   219.0 ms  worst    40.84 m  within1  45.8%  within5  87.5%
        ks_nurburgring__layout_sprint_a n=40  median   3.19 m /   98.8 ms  p90    8.84 m /   297.3 ms  worst    39.01 m  within1  25.0%  within5  90.0%
        ks_red_bull_ring__layout_national n=8  median   2.64 m /   67.4 ms  p90    5.35 m /   134.9 ms  worst     9.09 m  within1  50.0%  within5 100.0%
        ks_vallelunga__club_circuit n=16  median   2.30 m /   75.6 ms  p90    4.45 m /   151.6 ms  worst     6.74 m  within1  43.8%  within5 100.0%
        magione                  n=32  median   1.37 m /   46.8 ms  p90    4.15 m /   161.4 ms  worst     6.76 m  within1  71.9%  within5 100.0%
step  1020/1500  loss  3.9543 (ce  2.504 aux  2.900 ref 0.0003)  train median    1.50 m   0.39 s/step
step  1040/1500  loss  3.8679 (ce  2.423 aux  2.889 ref 0.0004)  train median    2.36 m   0.40 s/step
step  1060/1500  loss  3.4708 (ce  2.247 aux  2.446 ref 0.0010)  train median    1.13 m   0.39 s/step
step  1080/1500  loss  3.8373 (ce  2.477 aux  2.719 ref 0.0016)  train median    1.66 m   0.39 s/step
step  1100/1500  loss  4.0900 (ce  2.604 aux  2.971 ref 0.0006)  train median    3.86 m   0.39 s/step
step  1120/1500  loss  3.6833 (ce  2.389 aux  2.587 ref 0.0013)  train median    3.36 m   0.39 s/step
step  1140/1500  loss  3.8377 (ce  2.512 aux  2.650 ref 0.0010)  train median    2.73 m   0.39 s/step
step  1160/1500  loss  3.9933 (ce  2.600 aux  2.786 ref 0.0012)  train median    3.80 m   0.39 s/step
step  1180/1500  loss  3.8178 (ce  2.517 aux  2.601 ref 0.0019)  train median    2.33 m   0.39 s/step
step  1200/1500  loss  3.6099 (ce  2.287 aux  2.644 ref 0.0011)  train median    1.50 m   0.39 s/step
  eval  n=192  median   1.98 m /   60.7 ms  p90    7.09 m /   199.9 ms  worst    40.89 m  within1  50.0%  within5  94.8%
        ks_black_cat_county__layout_short n=16  median   3.12 m /  110.2 ms  p90    8.04 m /   249.0 ms  worst     8.50 m  within1  37.5%  within5 100.0%
        ks_brands_hatch__indy    n=24  median   2.43 m /   69.0 ms  p90    6.18 m /   184.6 ms  worst    10.24 m  within1  45.8%  within5  95.8%
        ks_highlands__layout_short n=24  median   1.02 m /   35.9 ms  p90    3.05 m /    87.0 ms  worst     5.14 m  within1  79.2%  within5 100.0%
        ks_laguna_seca           n=8  median   2.12 m /   48.1 ms  p90    8.27 m /   215.4 ms  worst    12.18 m  within1  50.0%  within5  87.5%
        ks_monza66__junior       n=24  median   1.78 m /   59.0 ms  p90    9.77 m /   204.9 ms  worst    40.89 m  within1  54.2%  within5  87.5%
        ks_nurburgring__layout_sprint_a n=40  median   3.45 m /  102.9 ms  p90   11.46 m /   384.6 ms  worst    39.06 m  within1  25.0%  within5  87.5%
        ks_red_bull_ring__layout_national n=8  median   2.11 m /   59.9 ms  p90    5.54 m /   137.4 ms  worst     9.62 m  within1  50.0%  within5 100.0%
        ks_vallelunga__club_circuit n=16  median   2.45 m /   85.3 ms  p90    4.56 m /   152.0 ms  worst     7.09 m  within1  37.5%  within5 100.0%
        magione                  n=32  median   1.38 m /   46.4 ms  p90    4.65 m /   155.3 ms  worst     7.78 m  within1  71.9%  within5 100.0%
step  1220/1500  loss  3.7467 (ce  2.413 aux  2.665 ref 0.0014)  train median    1.85 m   0.40 s/step
step  1240/1500  loss  3.8086 (ce  2.435 aux  2.747 ref 0.0011)  train median    1.35 m   0.40 s/step
step  1260/1500  loss  3.4104 (ce  2.197 aux  2.425 ref 0.0004)  train median    0.75 m   0.39 s/step
step  1280/1500  loss  3.5710 (ce  2.287 aux  2.567 ref 0.0008)  train median    1.48 m   0.39 s/step
step  1300/1500  loss  3.7015 (ce  2.390 aux  2.622 ref 0.0017)  train median    2.60 m   0.39 s/step
step  1320/1500  loss  3.6823 (ce  2.381 aux  2.602 ref 0.0008)  train median    1.61 m   0.39 s/step
step  1340/1500  loss  4.0761 (ce  2.431 aux  3.290 ref 0.0004)  train median    1.69 m   0.39 s/step
step  1360/1500  loss  3.4339 (ce  2.175 aux  2.517 ref 0.0005)  train median    0.66 m   0.39 s/step
step  1380/1500  loss  4.0692 (ce  2.595 aux  2.948 ref 0.0009)  train median    1.98 m   0.39 s/step
step  1400/1500  loss  3.5460 (ce  2.269 aux  2.553 ref 0.0006)  train median    1.51 m   0.39 s/step
  eval  n=192  median   1.98 m /   62.6 ms  p90    6.53 m /   196.7 ms  worst    36.50 m  within1  51.0%  within5  96.4%
        ks_black_cat_county__layout_short n=16  median   3.25 m /  109.7 ms  p90    8.05 m /   259.7 ms  worst     8.78 m  within1  37.5%  within5 100.0%
        ks_brands_hatch__indy    n=24  median   2.53 m /   72.2 ms  p90    5.91 m /   181.0 ms  worst     9.65 m  within1  45.8%  within5 100.0%
        ks_highlands__layout_short n=24  median   0.98 m /   34.4 ms  p90    2.99 m /    87.1 ms  worst     5.06 m  within1  75.0%  within5 100.0%
        ks_laguna_seca           n=8  median   2.20 m /   48.7 ms  p90    8.04 m /   209.8 ms  worst    12.09 m  within1  50.0%  within5  87.5%
        ks_monza66__junior       n=24  median   2.12 m /   68.0 ms  p90    5.71 m /   168.0 ms  worst    20.24 m  within1  50.0%  within5  91.7%
        ks_nurburgring__layout_sprint_a n=40  median   3.31 m /  104.8 ms  p90    7.88 m /   235.8 ms  worst    36.50 m  within1  30.0%  within5  90.0%
        ks_red_bull_ring__layout_national n=8  median   1.56 m /   42.7 ms  p90    5.66 m /   139.3 ms  worst     9.90 m  within1  62.5%  within5 100.0%
        ks_vallelunga__club_circuit n=16  median   2.37 m /   79.7 ms  p90    4.60 m /   154.6 ms  worst     6.58 m  within1  37.5%  within5 100.0%
        magione                  n=32  median   1.34 m /   40.4 ms  p90    4.81 m /   158.4 ms  worst     6.98 m  within1  75.0%  within5 100.0%
step  1420/1500  loss  3.7316 (ce  2.400 aux  2.662 ref 0.0012)  train median    1.84 m   0.40 s/step
step  1440/1500  loss  3.8249 (ce  2.406 aux  2.837 ref 0.0010)  train median    2.27 m   0.40 s/step
step  1460/1500  loss  3.3624 (ce  2.192 aux  2.340 ref 0.0006)  train median    1.00 m   0.40 s/step
step  1480/1500  loss  3.7835 (ce  2.342 aux  2.882 ref 0.0004)  train median    2.72 m   0.40 s/step
step  1500/1500  loss  4.7846 (ce  3.030 aux  3.508 ref 0.0008)  train median    2.10 m   0.40 s/step
  eval  n=192  median   1.97 m /   62.8 ms  p90    6.48 m /   194.6 ms  worst    36.51 m  within1  51.0%  within5  96.4%
        ks_black_cat_county__layout_short n=16  median   3.26 m /  108.7 ms  p90    8.05 m /   258.2 ms  worst     8.76 m  within1  37.5%  within5 100.0%
        ks_brands_hatch__indy    n=24  median   2.51 m /   72.2 ms  p90    5.87 m /   180.9 ms  worst     9.65 m  within1  45.8%  within5 100.0%
        ks_highlands__layout_short n=24  median   0.99 m /   34.1 ms  p90    3.00 m /    87.4 ms  worst     5.07 m  within1  75.0%  within5 100.0%
        ks_laguna_seca           n=8  median   2.23 m /   49.4 ms  p90    7.99 m /   208.8 ms  worst    12.06 m  within1  50.0%  within5  87.5%
        ks_monza66__junior       n=24  median   2.09 m /   68.0 ms  p90    5.74 m /   168.0 ms  worst    20.19 m  within1  50.0%  within5  91.7%
        ks_nurburgring__layout_sprint_a n=40  median   3.29 m /  104.9 ms  p90    7.92 m /   235.4 ms  worst    36.51 m  within1  30.0%  within5  90.0%
        ks_red_bull_ring__layout_national n=8  median   1.55 m /   42.5 ms  p90    5.69 m /   139.2 ms  worst     9.88 m  within1  62.5%  within5 100.0%
        ks_vallelunga__club_circuit n=16  median   2.39 m /   80.2 ms  p90    4.60 m /   154.4 ms  worst     6.56 m  within1  37.5%  within5 100.0%
        magione                  n=32  median   1.32 m /   40.5 ms  p90    4.83 m /   159.3 ms  worst     6.95 m  within1  75.0%  within5 100.0%

best eval median 1.86 m; artifacts in /Users/pvodopija/code/primal/runs/v3_yaw10_s2
