  G1 ks_black_cat_county__layout_ ref 180056Z  live 183526Z
  G1 ks_black_cat_county__layout_ ref 183242Z  live 183526Z
  G1 ks_brands_hatch__indy        ref 171903Z  live 221531Z
  G1 ks_brands_hatch__indy        ref 181357Z  live 221531Z
  G1 ks_highlands__layout_short   ref 212549Z  live 005654Z
  G1 ks_laguna_seca               ref 110507Z  live 123110Z
  G1 ks_monza66__junior           ref 091133Z  live 093530Z
  G1 ks_nurburgring__layout_sprin ref 100528Z  live 103410Z
  G1 ks_red_bull_ring__layout_nat ref 232216Z  live 174436Z
  G1 ks_red_bull_ring__layout_nat ref 233620Z  live 174436Z
  G1 ks_vallelunga__club_circuit  ref 220345Z  live 223945Z
  G1 ks_vallelunga__club_circuit  ref 222513Z  live 223945Z
  G1 magione                      ref 225059Z  live 231051Z
  G1 magione                      ref 230023Z  live 231051Z
  G2 ks_silverstone__national     ref 105441Z  live 104658Z
  G2 ks_silverstone__national     ref 105442Z  live 104658Z
  G2 ks_silverstone__national     ref 105441Z  live 104658Z
  G2 ks_silverstone__national     ref 105442Z  live 104658Z
  G2 ks_silverstone__national     ref 105441Z  live 104658Z
  G2 ks_silverstone__national     ref 105442Z  live 104658Z
  G2 ks_silverstone__national     ref 105441Z  live 104658Z
  G2 ks_silverstone__national     ref 105442Z  live 104658Z
  G2 ks_silverstone__national     ref 105441Z  live 104658Z
  G2 ks_silverstone__national     ref 105442Z  live 104658Z
  G2 ks_silverstone__national     ref 105441Z  live 104658Z
  G2 ks_silverstone__national     ref 105442Z  live 104658Z
  G2 ks_silverstone__national     ref 105441Z  live 104658Z
  G2 ks_silverstone__national     ref 105442Z  live 104658Z
  G2 ks_silverstone__national     ref 104658Z  live 105441Z
  G2 ks_silverstone__national     ref 105442Z  live 105441Z
  G2 ks_silverstone__national     ref 104658Z  live 105441Z
  G2 ks_silverstone__national     ref 105442Z  live 105441Z
  G2 ks_silverstone__national     ref 104658Z  live 105441Z
  G2 ks_silverstone__national     ref 105442Z  live 105441Z
  G2 ks_silverstone__national     ref 104658Z  live 105441Z
  G2 ks_silverstone__national     ref 105442Z  live 105441Z
  G2 ks_silverstone__national     ref 104658Z  live 105441Z
  G2 ks_silverstone__national     ref 105442Z  live 105441Z
  G2 ks_silverstone__national     ref 104658Z  live 105441Z
  G2 ks_silverstone__national     ref 105442Z  live 105441Z
  G2 ks_silverstone__national     ref 104658Z  live 105441Z
  G2 ks_silverstone__national     ref 105442Z  live 105441Z
  G2 ks_silverstone__national     ref 104658Z  live 105441Z
  G2 ks_silverstone__national     ref 105442Z  live 105441Z
  G2 ks_silverstone__national     ref 104658Z  live 105442Z
  G2 ks_silverstone__national     ref 105441Z  live 105442Z
  G2 ks_silverstone__national     ref 104658Z  live 105442Z
  G2 ks_silverstone__national     ref 105441Z  live 105442Z
  G2 ks_silverstone__national     ref 104658Z  live 105442Z
  G2 ks_silverstone__national     ref 105441Z  live 105442Z
  G2 ks_silverstone__national     ref 104658Z  live 105442Z
  G2 ks_silverstone__national     ref 105441Z  live 105442Z
  G2 ks_silverstone__national     ref 104658Z  live 105442Z
  G2 ks_silverstone__national     ref 105441Z  live 105442Z
  G2 ks_silverstone__national     ref 104658Z  live 105442Z
  G2 ks_silverstone__national     ref 105441Z  live 105442Z
  G2 ks_silverstone__national     ref 104658Z  live 105442Z
  G2 ks_silverstone__national     ref 105441Z  live 105442Z
  G2 ks_silverstone__national     ref 104658Z  live 105442Z
  G2 ks_silverstone__national     ref 105441Z  live 105442Z
  G2 rt_lime_rock_park__no_chican ref 143440Z  live 141815Z
  G2 rt_lime_rock_park__no_chican ref 143440Z  live 141815Z
  G2 rt_lime_rock_park__no_chican ref 143440Z  live 141815Z
  G2 rt_lime_rock_park__no_chican ref 143440Z  live 141815Z
  G2 rt_lime_rock_park__no_chican ref 143440Z  live 141815Z
  G2 rt_lime_rock_park__no_chican ref 143440Z  live 141815Z
  G2 rt_lime_rock_park__no_chican ref 143440Z  live 141815Z
  G2 rt_lime_rock_park__no_chican ref 143440Z  live 141815Z
  G2 rt_lime_rock_park__no_chican ref 143440Z  live 141815Z
  G2 rt_lime_rock_park__no_chican ref 141815Z  live 143440Z
  G2 rt_lime_rock_park__no_chican ref 141815Z  live 143440Z
  G2 rt_lime_rock_park__no_chican ref 141815Z  live 143440Z
  G2 rt_lime_rock_park__no_chican ref 141815Z  live 143440Z
  G2 rt_lime_rock_park__no_chican ref 141815Z  live 143440Z
  G2 rt_lime_rock_park__no_chican ref 141815Z  live 143440Z
  G2 rt_lime_rock_park__no_chican ref 141815Z  live 143440Z
  G2 rt_lime_rock_park__no_chican ref 141815Z  live 143440Z
  G2 rt_oulton_park__fosters      ref 195157Z  live 193254Z
  G2 rt_oulton_park__fosters      ref 195157Z  live 193254Z
  G2 rt_oulton_park__fosters      ref 195157Z  live 193254Z
  G2 rt_oulton_park__fosters      ref 195157Z  live 193254Z
  G2 rt_oulton_park__fosters      ref 195157Z  live 193254Z
  G2 rt_oulton_park__fosters      ref 195157Z  live 193254Z
  G2 rt_oulton_park__fosters      ref 195157Z  live 193254Z
  G2 rt_oulton_park__fosters      ref 195157Z  live 193254Z
  G2 rt_oulton_park__fosters      ref 195157Z  live 193254Z
  G2 rt_oulton_park__fosters      ref 193254Z  live 195157Z
  G2 rt_oulton_park__fosters      ref 193254Z  live 195157Z
  G2 rt_oulton_park__fosters      ref 193254Z  live 195157Z
  G2 rt_oulton_park__fosters      ref 193254Z  live 195157Z
  G2 rt_oulton_park__fosters      ref 193254Z  live 195157Z
  G2 rt_oulton_park__fosters      ref 193254Z  live 195157Z
  G2 rt_oulton_park__fosters      ref 193254Z  live 195157Z
  G2 rt_oulton_park__fosters      ref 193254Z  live 195157Z
  G2 rt_oulton_park__fosters      ref 193254Z  live 195157Z

                                                                       median      p90  >100 ms   >10 m     worst
G1 single                                                       1.99 m   63 ms   203 ms    31.5%    4.8%   2849.9 m
G1 filter                                                       1.89 m   60 ms   189 ms    29.5%    3.1%     72.2 m
G1 filter, reference time                                       1.22 m   38 ms   115 ms    13.4%    0.1%     10.8 m
G1 filter + speed                                               0.95 m   29 ms    82 ms     5.5%    0.0%      6.4 m
G1 filter, lag-corrected                                        1.89 m   60 ms   188 ms    29.5%    3.1%     73.0 m
G1 filter, reference time, lag-corrected                        1.27 m   40 ms   111 ms    12.9%    0.1%     10.5 m
G1 filter + speed, lag-corrected                                0.89 m   29 ms    76 ms     4.4%    0.0%      6.3 m
G2 single                                                       2.25 m   62 ms   209 ms    31.1%    7.2%   1288.2 m
G2 filter                                                       2.19 m   60 ms   197 ms    30.4%    5.7%   1077.8 m
G2 filter, reference time                                       1.49 m   40 ms   109 ms    13.0%    0.1%   1063.7 m
G2 filter + speed                                               0.96 m   26 ms    63 ms     1.3%    0.1%     14.8 m
G2 filter, lag-corrected                                        2.25 m   62 ms   201 ms    31.4%    5.9%   1077.5 m
G2 filter, reference time, lag-corrected                        1.59 m   43 ms   113 ms    14.5%    0.1%   1063.3 m
G2 filter + speed, lag-corrected                                1.03 m   28 ms    71 ms     2.1%    0.1%     33.4 m
G2 ks_silverstone__national single                              2.63 m   72 ms   255 ms    36.8%   10.0%   1288.2 m
G2 ks_silverstone__national filter                              2.64 m   73 ms   235 ms    37.1%    8.5%   1077.8 m
G2 ks_silverstone__national filter, reference time              1.62 m   44 ms   114 ms    15.2%    0.2%   1063.7 m
G2 ks_silverstone__national filter + speed                      0.97 m   26 ms    66 ms     1.6%    0.1%     14.8 m
G2 ks_silverstone__national filter, lag-corrected               2.68 m   74 ms   238 ms    38.1%    8.9%   1077.5 m
G2 ks_silverstone__national filter, reference time, lag-corrected    1.76 m   47 ms   120 ms    16.9%    0.2%   1063.3 m
G2 ks_silverstone__national filter + speed, lag-corrected       1.12 m   30 ms    73 ms     2.5%    0.1%     33.4 m
G2 same car single                                              2.70 m   75 ms   289 ms    38.8%   11.8%   1288.2 m
G2 same car filter                                              2.74 m   76 ms   252 ms    39.0%   10.0%   1064.2 m
G2 same car filter, reference time                              1.18 m   32 ms    81 ms     5.7%    0.1%     29.3 m
G2 same car filter + speed                                      1.00 m   27 ms    68 ms     2.0%    0.2%     14.8 m
G2 same car filter, lag-corrected                               2.74 m   76 ms   258 ms    39.4%   10.2%   1064.0 m
G2 same car filter, reference time, lag-corrected               1.27 m   35 ms    88 ms     6.7%    0.1%     29.7 m
G2 same car filter + speed, lag-corrected                       1.09 m   30 ms    74 ms     3.0%    0.2%     15.4 m
G2 rt_lime_rock_park__no_chicane single                         1.76 m   47 ms   144 ms    20.9%    1.5%    263.7 m
G2 rt_lime_rock_park__no_chicane filter                         1.70 m   45 ms   140 ms    19.8%    0.9%     14.3 m
G2 rt_lime_rock_park__no_chicane filter, reference time         1.31 m   35 ms    93 ms     7.5%    0.0%      8.2 m
G2 rt_lime_rock_park__no_chicane filter + speed                 0.91 m   24 ms    59 ms     0.3%    0.0%      4.0 m
G2 rt_lime_rock_park__no_chicane filter, lag-corrected          1.75 m   47 ms   144 ms    20.4%    1.0%     14.4 m
G2 rt_lime_rock_park__no_chicane filter, reference time, lag-corrected    1.43 m   37 ms    96 ms     8.2%    0.0%      9.3 m
G2 rt_lime_rock_park__no_chicane filter + speed, lag-corrected    0.89 m   24 ms    69 ms     1.2%    0.0%      4.8 m
G2 rt_oulton_park__fosters single                               1.94 m   54 ms   175 ms    25.4%    5.1%    562.0 m
G2 rt_oulton_park__fosters filter                               1.82 m   50 ms   156 ms    22.8%    2.8%     63.2 m
G2 rt_oulton_park__fosters filter, reference time               1.35 m   37 ms   106 ms    12.1%    0.0%      9.1 m
G2 rt_oulton_park__fosters filter + speed                       0.98 m   27 ms    59 ms     1.4%    0.0%      5.8 m
G2 rt_oulton_park__fosters filter, lag-corrected                1.89 m   53 ms   157 ms    23.9%    2.7%     63.8 m
G2 rt_oulton_park__fosters filter, reference time, lag-corrected    1.39 m   38 ms   111 ms    13.5%    0.0%      8.5 m
G2 rt_oulton_park__fosters filter + speed, lag-corrected        0.92 m   26 ms    67 ms     1.5%    0.0%      5.2 m
