  G1 ks_black_cat_county__layout_ ref 180056Z  live 183526Z
  G1 ks_black_cat_county__layout_ ref 183242Z  live 183526Z
  G1 ks_brands_hatch__indy        ref 171903Z  live 221531Z
  G1 ks_brands_hatch__indy        ref 181357Z  live 221531Z
  G1 ks_highlands__layout_short   ref 212549Z  live 005654Z
  G1 ks_laguna_seca               ref 110507Z  live 123110Z
  G1 ks_monza66__junior           ref 091133Z  live 093530Z
  G1 ks_nurburgring__layout_sprin ref 100528Z  live 103410Z
  G1 ks_red_bull_ring__layout_nat ref 232216Z  live 174436Z
  G1 ks_red_bull_ring__layout_nat ref 233620Z  live 174436Z
  G1 ks_vallelunga__club_circuit  ref 220345Z  live 223945Z
  G1 ks_vallelunga__club_circuit  ref 222513Z  live 223945Z
  G1 magione                      ref 225059Z  live 231051Z
  G1 magione                      ref 230023Z  live 231051Z
  G2 ks_silverstone__national     ref 105441Z  live 104658Z
  G2 ks_silverstone__national     ref 105442Z  live 104658Z
  G2 ks_silverstone__national     ref 105441Z  live 104658Z
  G2 ks_silverstone__national     ref 105442Z  live 104658Z
  G2 ks_silverstone__national     ref 105441Z  live 104658Z
  G2 ks_silverstone__national     ref 105442Z  live 104658Z
  G2 ks_silverstone__national     ref 105441Z  live 104658Z
  G2 ks_silverstone__national     ref 105442Z  live 104658Z
  G2 ks_silverstone__national     ref 105441Z  live 104658Z
  G2 ks_silverstone__national     ref 105442Z  live 104658Z
  G2 ks_silverstone__national     ref 105441Z  live 104658Z
  G2 ks_silverstone__national     ref 105442Z  live 104658Z
  G2 ks_silverstone__national     ref 105441Z  live 104658Z
  G2 ks_silverstone__national     ref 105442Z  live 104658Z
  G2 ks_silverstone__national     ref 104658Z  live 105441Z
  G2 ks_silverstone__national     ref 105442Z  live 105441Z
  G2 ks_silverstone__national     ref 104658Z  live 105441Z
  G2 ks_silverstone__national     ref 105442Z  live 105441Z
  G2 ks_silverstone__national     ref 104658Z  live 105441Z
  G2 ks_silverstone__national     ref 105442Z  live 105441Z
  G2 ks_silverstone__national     ref 104658Z  live 105441Z
  G2 ks_silverstone__national     ref 105442Z  live 105441Z
  G2 ks_silverstone__national     ref 104658Z  live 105441Z
  G2 ks_silverstone__national     ref 105442Z  live 105441Z
  G2 ks_silverstone__national     ref 104658Z  live 105441Z
  G2 ks_silverstone__national     ref 105442Z  live 105441Z
  G2 ks_silverstone__national     ref 104658Z  live 105441Z
  G2 ks_silverstone__national     ref 105442Z  live 105441Z
  G2 ks_silverstone__national     ref 104658Z  live 105441Z
  G2 ks_silverstone__national     ref 105442Z  live 105441Z
  G2 ks_silverstone__national     ref 104658Z  live 105442Z
  G2 ks_silverstone__national     ref 105441Z  live 105442Z
  G2 ks_silverstone__national     ref 104658Z  live 105442Z
  G2 ks_silverstone__national     ref 105441Z  live 105442Z
  G2 ks_silverstone__national     ref 104658Z  live 105442Z
  G2 ks_silverstone__national     ref 105441Z  live 105442Z
  G2 ks_silverstone__national     ref 104658Z  live 105442Z
  G2 ks_silverstone__national     ref 105441Z  live 105442Z
  G2 ks_silverstone__national     ref 104658Z  live 105442Z
  G2 ks_silverstone__national     ref 105441Z  live 105442Z
  G2 ks_silverstone__national     ref 104658Z  live 105442Z
  G2 ks_silverstone__national     ref 105441Z  live 105442Z
  G2 ks_silverstone__national     ref 104658Z  live 105442Z
  G2 ks_silverstone__national     ref 105441Z  live 105442Z
  G2 ks_silverstone__national     ref 104658Z  live 105442Z
  G2 ks_silverstone__national     ref 105441Z  live 105442Z
  G2 rt_lime_rock_park__no_chican ref 143440Z  live 141815Z
  G2 rt_lime_rock_park__no_chican ref 143440Z  live 141815Z
  G2 rt_lime_rock_park__no_chican ref 143440Z  live 141815Z
  G2 rt_lime_rock_park__no_chican ref 143440Z  live 141815Z
  G2 rt_lime_rock_park__no_chican ref 143440Z  live 141815Z
  G2 rt_lime_rock_park__no_chican ref 143440Z  live 141815Z
  G2 rt_lime_rock_park__no_chican ref 143440Z  live 141815Z
  G2 rt_lime_rock_park__no_chican ref 143440Z  live 141815Z
  G2 rt_lime_rock_park__no_chican ref 143440Z  live 141815Z
  G2 rt_lime_rock_park__no_chican ref 141815Z  live 143440Z
  G2 rt_lime_rock_park__no_chican ref 141815Z  live 143440Z
  G2 rt_lime_rock_park__no_chican ref 141815Z  live 143440Z
  G2 rt_lime_rock_park__no_chican ref 141815Z  live 143440Z
  G2 rt_lime_rock_park__no_chican ref 141815Z  live 143440Z
  G2 rt_lime_rock_park__no_chican ref 141815Z  live 143440Z
  G2 rt_lime_rock_park__no_chican ref 141815Z  live 143440Z
  G2 rt_lime_rock_park__no_chican ref 141815Z  live 143440Z
  G2 rt_oulton_park__fosters      ref 195157Z  live 193254Z
  G2 rt_oulton_park__fosters      ref 195157Z  live 193254Z
  G2 rt_oulton_park__fosters      ref 195157Z  live 193254Z
  G2 rt_oulton_park__fosters      ref 195157Z  live 193254Z
  G2 rt_oulton_park__fosters      ref 195157Z  live 193254Z
  G2 rt_oulton_park__fosters      ref 195157Z  live 193254Z
  G2 rt_oulton_park__fosters      ref 195157Z  live 193254Z
  G2 rt_oulton_park__fosters      ref 195157Z  live 193254Z
  G2 rt_oulton_park__fosters      ref 195157Z  live 193254Z
  G2 rt_oulton_park__fosters      ref 193254Z  live 195157Z
  G2 rt_oulton_park__fosters      ref 193254Z  live 195157Z
  G2 rt_oulton_park__fosters      ref 193254Z  live 195157Z
  G2 rt_oulton_park__fosters      ref 193254Z  live 195157Z
  G2 rt_oulton_park__fosters      ref 193254Z  live 195157Z
  G2 rt_oulton_park__fosters      ref 193254Z  live 195157Z
  G2 rt_oulton_park__fosters      ref 193254Z  live 195157Z
  G2 rt_oulton_park__fosters      ref 193254Z  live 195157Z
  G2 rt_oulton_park__fosters      ref 193254Z  live 195157Z

                                                                       median      p90  >100 ms   >10 m     worst
G1 single                                                       2.01 m   64 ms   207 ms    32.2%    5.0%   3030.5 m
G1 filter                                                       1.91 m   61 ms   191 ms    29.7%    3.3%   1070.0 m
G1 filter, reference time                                       1.22 m   39 ms   115 ms    13.7%    0.1%     10.5 m
G1 filter, reference time, two modes                            1.23 m   39 ms   119 ms    14.2%    0.7%     25.0 m
G1 filter + speed                                               0.96 m   30 ms    84 ms     5.6%    0.0%      6.8 m
G2 single                                                       2.27 m   62 ms   212 ms    31.5%    7.5%   1288.2 m
G2 filter                                                       2.20 m   61 ms   201 ms    30.7%    6.0%   1077.8 m
G2 filter, reference time                                       1.48 m   40 ms   109 ms    13.2%    0.1%     40.7 m
G2 filter, reference time, two modes                            1.42 m   39 ms   112 ms    13.2%    1.3%    102.5 m
G2 filter + speed                                               0.97 m   26 ms    63 ms     1.3%    0.1%     14.8 m
G2 ks_silverstone__national single                              2.65 m   72 ms   261 ms    37.3%   10.3%   1288.2 m
G2 ks_silverstone__national filter                              2.66 m   73 ms   238 ms    37.4%    8.8%   1077.8 m
G2 ks_silverstone__national filter, reference time              1.62 m   44 ms   115 ms    15.5%    0.2%     40.7 m
G2 ks_silverstone__national filter, reference time, two modes    1.57 m   43 ms   125 ms    16.5%    2.1%    102.5 m
G2 ks_silverstone__national filter + speed                      0.98 m   27 ms    66 ms     1.6%    0.1%     14.8 m
G2 same car single                                              2.72 m   76 ms   299 ms    39.4%   12.2%   1288.2 m
G2 same car filter                                              2.77 m   77 ms   258 ms    39.4%   10.4%   1064.2 m
G2 same car filter, reference time                              1.16 m   32 ms    83 ms     5.9%    0.1%     40.7 m
G2 same car filter, reference time, two modes                   1.26 m   35 ms   112 ms    12.3%    3.0%    102.5 m
G2 same car filter + speed                                      1.00 m   27 ms    68 ms     2.0%    0.2%     14.8 m
G2 rt_lime_rock_park__no_chicane single                         1.77 m   47 ms   145 ms    21.1%    1.6%    263.7 m
G2 rt_lime_rock_park__no_chicane filter                         1.69 m   45 ms   141 ms    19.9%    1.0%     14.1 m
G2 rt_lime_rock_park__no_chicane filter, reference time         1.32 m   35 ms    93 ms     7.7%    0.0%      8.4 m
G2 rt_lime_rock_park__no_chicane filter, reference time, two modes    1.27 m   34 ms    92 ms     7.5%    0.0%      8.2 m
G2 rt_lime_rock_park__no_chicane filter + speed                 0.94 m   25 ms    59 ms     0.6%    0.0%      6.8 m
G2 rt_oulton_park__fosters single                               1.96 m   55 ms   178 ms    25.9%    5.3%    644.8 m
G2 rt_oulton_park__fosters filter                               1.84 m   51 ms   161 ms    23.1%    3.1%    133.3 m
G2 rt_oulton_park__fosters filter, reference time               1.33 m   37 ms   106 ms    12.0%    0.0%      9.3 m
G2 rt_oulton_park__fosters filter, reference time, two modes    1.25 m   34 ms   100 ms     9.9%    0.3%     21.8 m
G2 rt_oulton_park__fosters filter + speed                       0.99 m   27 ms    59 ms     1.0%    0.0%      5.9 m
