====================================================================================================
GATES
====================================================================================================

seen laps, seen tracks
  n=320  median   1.58 m /   47.0 ms  p90    5.16 m /   147.6 ms  worst    43.28 m  within1  61.3%  within5  98.1%
  mean predictive entropy 2.337 nats
    ks_black_cat_county__layout_short n=32  median   2.28 m /   74.2 ms  p90    6.64 m /   176.3 ms  worst    14.26 m  within1  46.9%  within5  96.9%
    ks_brands_hatch__indy    n=40  median   1.14 m /   31.5 ms  p90    2.58 m /    71.3 ms  worst     3.46 m  within1  72.5%  within5 100.0%
    ks_highlands__layout_short n=40  median   1.02 m /   39.1 ms  p90    2.38 m /    84.0 ms  worst     4.71 m  within1  82.5%  within5 100.0%
    ks_laguna_seca           n=48  median   1.77 m /   60.8 ms  p90    5.84 m /   175.1 ms  worst     7.92 m  within1  56.2%  within5 100.0%
    ks_monza66__junior       n=16  median   1.08 m /   24.2 ms  p90    3.68 m /   113.0 ms  worst    12.74 m  within1  68.8%  within5  93.8%
    ks_nurburgring__layout_sprint_a n=32  median   2.08 m /   53.8 ms  p90    7.55 m /   244.7 ms  worst    43.28 m  within1  50.0%  within5  90.6%
    ks_red_bull_ring__layout_national n=40  median   2.10 m /   68.2 ms  p90    5.50 m /   154.4 ms  worst    13.07 m  within1  47.5%  within5  97.5%
    ks_vallelunga__club_circuit n=40  median   1.69 m /   54.9 ms  p90    4.22 m /   136.6 ms  worst     7.29 m  within1  65.0%  within5 100.0%
    magione                  n=32  median   0.92 m /   47.1 ms  p90    5.11 m /   184.0 ms  worst     9.80 m  within1  62.5%  within5 100.0%

G1  held-out laps, seen tracks
  n=320  median   1.66 m /   51.7 ms  p90    4.77 m /   131.9 ms  worst    45.99 m  within1  56.6%  within5  99.1%
  mean predictive entropy 2.342 nats
    ks_black_cat_county__layout_short n=32  median   1.43 m /   48.8 ms  p90    4.48 m /   111.9 ms  worst     8.28 m  within1  56.2%  within5 100.0%
    ks_brands_hatch__indy    n=32  median   1.56 m /   53.0 ms  p90    7.33 m /   175.9 ms  worst    10.13 m  within1  59.4%  within5  96.9%
    ks_highlands__layout_short n=32  median   1.25 m /   39.5 ms  p90    2.47 m /    82.9 ms  worst     3.81 m  within1  75.0%  within5 100.0%
    ks_laguna_seca           n=16  median   2.99 m /   81.4 ms  p90    5.90 m /   137.3 ms  worst     9.42 m  within1  37.5%  within5 100.0%
    ks_monza66__junior       n=32  median   1.51 m /   35.2 ms  p90    3.68 m /   108.4 ms  worst     5.12 m  within1  62.5%  within5 100.0%
    ks_nurburgring__layout_sprint_a n=48  median   2.46 m /   81.4 ms  p90    7.01 m /   243.6 ms  worst    35.40 m  within1  45.8%  within5  97.9%
    ks_red_bull_ring__layout_national n=72  median   1.72 m /   43.9 ms  p90    3.86 m /   101.6 ms  worst     7.17 m  within1  55.6%  within5 100.0%
    ks_vallelunga__club_circuit n=16  median   0.73 m /   41.2 ms  p90    3.03 m /   100.2 ms  worst     4.30 m  within1  62.5%  within5 100.0%
    magione                  n=40  median   1.71 m /   61.2 ms  p90    3.50 m /   137.6 ms  worst    45.99 m  within1  55.0%  within5  97.5%

G2  held-out tracks
  n=320  median   2.38 m /   62.0 ms  p90    7.73 m /   204.2 ms  worst   804.47 m  within1  43.1%  within5  93.1%
  mean predictive entropy 2.500 nats
    ks_silverstone__national n=152  median   3.60 m /   89.7 ms  p90    9.63 m /   239.0 ms  worst   804.47 m  within1  32.9%  within5  90.1%
    rt_lime_rock_park__no_chicane n=96  median   1.75 m /   46.6 ms  p90    3.93 m /   106.0 ms  worst    14.16 m  within1  54.2%  within5  97.9%
    rt_oulton_park__fosters  n=72  median   1.97 m /   56.9 ms  p90    6.97 m /   194.5 ms  worst    32.54 m  within1  50.0%  within5  93.1%

====================================================================================================
NEGATIVE CONTROLS
====================================================================================================

wrong-reference control: live clips paired with another track's reference
  matched reference   median    1.51 m   entropy 2.306 nats
  wrong reference     median  730.57 m   entropy 3.551 nats
  chance for 3227 bins at 2.00 m: 1613.3 m; uniform entropy 8.079 nats
  PASS: error must collapse to chance when the reference is wrong

wrote runs/v3_fold10_s0/gates_v3.json
