  G1 ks_black_cat_county__layout_ ref 180056Z  live 183526Z
  G1 ks_black_cat_county__layout_ ref 183242Z  live 183526Z
  G1 ks_brands_hatch__indy        ref 171903Z  live 221531Z
  G1 ks_brands_hatch__indy        ref 181357Z  live 221531Z
  G1 ks_highlands__layout_short   ref 212549Z  live 005654Z
  G1 ks_laguna_seca               ref 110507Z  live 123110Z
  G1 ks_monza66__junior           ref 091133Z  live 093530Z
  G1 ks_nurburgring__layout_sprin ref 100528Z  live 103410Z
  G1 ks_red_bull_ring__layout_nat ref 232216Z  live 174436Z
  G1 ks_red_bull_ring__layout_nat ref 233620Z  live 174436Z
  G1 ks_vallelunga__club_circuit  ref 220345Z  live 223945Z
  G1 ks_vallelunga__club_circuit  ref 222513Z  live 223945Z
  G1 magione                      ref 225059Z  live 231051Z
  G1 magione                      ref 230023Z  live 231051Z
  G2 ks_silverstone__national     ref 105441Z  live 104658Z
  G2 ks_silverstone__national     ref 105442Z  live 104658Z
  G2 ks_silverstone__national     ref 105441Z  live 104658Z
  G2 ks_silverstone__national     ref 105442Z  live 104658Z
  G2 ks_silverstone__national     ref 105441Z  live 104658Z
  G2 ks_silverstone__national     ref 105442Z  live 104658Z
  G2 ks_silverstone__national     ref 105441Z  live 104658Z
  G2 ks_silverstone__national     ref 105442Z  live 104658Z
  G2 ks_silverstone__national     ref 105441Z  live 104658Z
  G2 ks_silverstone__national     ref 105442Z  live 104658Z
  G2 ks_silverstone__national     ref 105441Z  live 104658Z
  G2 ks_silverstone__national     ref 105442Z  live 104658Z
  G2 ks_silverstone__national     ref 105441Z  live 104658Z
  G2 ks_silverstone__national     ref 105442Z  live 104658Z
  G2 ks_silverstone__national     ref 104658Z  live 105441Z
  G2 ks_silverstone__national     ref 105442Z  live 105441Z
  G2 ks_silverstone__national     ref 104658Z  live 105441Z
  G2 ks_silverstone__national     ref 105442Z  live 105441Z
  G2 ks_silverstone__national     ref 104658Z  live 105441Z
  G2 ks_silverstone__national     ref 105442Z  live 105441Z
  G2 ks_silverstone__national     ref 104658Z  live 105441Z
  G2 ks_silverstone__national     ref 105442Z  live 105441Z
  G2 ks_silverstone__national     ref 104658Z  live 105441Z
  G2 ks_silverstone__national     ref 105442Z  live 105441Z
  G2 ks_silverstone__national     ref 104658Z  live 105441Z
  G2 ks_silverstone__national     ref 105442Z  live 105441Z
  G2 ks_silverstone__national     ref 104658Z  live 105441Z
  G2 ks_silverstone__national     ref 105442Z  live 105441Z
  G2 ks_silverstone__national     ref 104658Z  live 105441Z
  G2 ks_silverstone__national     ref 105442Z  live 105441Z
  G2 ks_silverstone__national     ref 104658Z  live 105442Z
  G2 ks_silverstone__national     ref 105441Z  live 105442Z
  G2 ks_silverstone__national     ref 104658Z  live 105442Z
  G2 ks_silverstone__national     ref 105441Z  live 105442Z
  G2 ks_silverstone__national     ref 104658Z  live 105442Z
  G2 ks_silverstone__national     ref 105441Z  live 105442Z
  G2 ks_silverstone__national     ref 104658Z  live 105442Z
  G2 ks_silverstone__national     ref 105441Z  live 105442Z
  G2 ks_silverstone__national     ref 104658Z  live 105442Z
  G2 ks_silverstone__national     ref 105441Z  live 105442Z
  G2 ks_silverstone__national     ref 104658Z  live 105442Z
  G2 ks_silverstone__national     ref 105441Z  live 105442Z
  G2 ks_silverstone__national     ref 104658Z  live 105442Z
  G2 ks_silverstone__national     ref 105441Z  live 105442Z
  G2 ks_silverstone__national     ref 104658Z  live 105442Z
  G2 ks_silverstone__national     ref 105441Z  live 105442Z
  G2 rt_lime_rock_park__no_chican ref 143440Z  live 141815Z
  G2 rt_lime_rock_park__no_chican ref 143440Z  live 141815Z
  G2 rt_lime_rock_park__no_chican ref 143440Z  live 141815Z
  G2 rt_lime_rock_park__no_chican ref 143440Z  live 141815Z
  G2 rt_lime_rock_park__no_chican ref 143440Z  live 141815Z
  G2 rt_lime_rock_park__no_chican ref 143440Z  live 141815Z
  G2 rt_lime_rock_park__no_chican ref 143440Z  live 141815Z
  G2 rt_lime_rock_park__no_chican ref 143440Z  live 141815Z
  G2 rt_lime_rock_park__no_chican ref 143440Z  live 141815Z
  G2 rt_lime_rock_park__no_chican ref 141815Z  live 143440Z
  G2 rt_lime_rock_park__no_chican ref 141815Z  live 143440Z
  G2 rt_lime_rock_park__no_chican ref 141815Z  live 143440Z
  G2 rt_lime_rock_park__no_chican ref 141815Z  live 143440Z
  G2 rt_lime_rock_park__no_chican ref 141815Z  live 143440Z
  G2 rt_lime_rock_park__no_chican ref 141815Z  live 143440Z
  G2 rt_lime_rock_park__no_chican ref 141815Z  live 143440Z
  G2 rt_lime_rock_park__no_chican ref 141815Z  live 143440Z
  G2 rt_oulton_park__fosters      ref 195157Z  live 193254Z
  G2 rt_oulton_park__fosters      ref 195157Z  live 193254Z
  G2 rt_oulton_park__fosters      ref 195157Z  live 193254Z
  G2 rt_oulton_park__fosters      ref 195157Z  live 193254Z
  G2 rt_oulton_park__fosters      ref 195157Z  live 193254Z
  G2 rt_oulton_park__fosters      ref 195157Z  live 193254Z
  G2 rt_oulton_park__fosters      ref 195157Z  live 193254Z
  G2 rt_oulton_park__fosters      ref 195157Z  live 193254Z
  G2 rt_oulton_park__fosters      ref 195157Z  live 193254Z
  G2 rt_oulton_park__fosters      ref 193254Z  live 195157Z
  G2 rt_oulton_park__fosters      ref 193254Z  live 195157Z
  G2 rt_oulton_park__fosters      ref 193254Z  live 195157Z
  G2 rt_oulton_park__fosters      ref 193254Z  live 195157Z
  G2 rt_oulton_park__fosters      ref 193254Z  live 195157Z
  G2 rt_oulton_park__fosters      ref 193254Z  live 195157Z
  G2 rt_oulton_park__fosters      ref 193254Z  live 195157Z
  G2 rt_oulton_park__fosters      ref 193254Z  live 195157Z
  G2 rt_oulton_park__fosters      ref 193254Z  live 195157Z

                                                                       median      p90  >100 ms   >10 m     worst
G1 single                                                       2.00 m   65 ms   200 ms    32.4%    4.4%   2849.1 m
G1 filter                                                       1.95 m   62 ms   190 ms    30.7%    3.1%   1545.3 m
G1 filter, reference time                                       1.25 m   40 ms   112 ms    13.2%    0.1%     10.6 m
G1 filter, reference time, two modes                            1.28 m   41 ms   116 ms    13.8%    0.5%     56.1 m
G1 filter + speed                                               1.01 m   32 ms    81 ms     5.2%    0.0%      6.9 m
G1 filter, lag-corrected                                        1.91 m   61 ms   190 ms    30.4%    3.2%   1545.6 m
G1 filter, reference time, lag-corrected                        1.24 m   39 ms   110 ms    12.4%    0.0%     10.5 m
G1 filter, reference time, two modes, lag-corrected             1.24 m   39 ms   116 ms    13.6%    0.5%     56.2 m
G1 filter + speed, lag-corrected                                0.93 m   29 ms    79 ms     4.8%    0.0%      6.7 m
G2 single                                                       2.18 m   60 ms   221 ms    30.1%    8.2%   1204.8 m
G2 filter                                                       2.09 m   57 ms   200 ms    29.1%    6.4%   1063.0 m
G2 filter, reference time                                       1.47 m   40 ms   107 ms    11.9%    0.1%     46.8 m
G2 filter, reference time, two modes                            1.45 m   39 ms   114 ms    13.4%    1.8%    159.4 m
G2 filter + speed                                               0.95 m   26 ms    65 ms     1.8%    0.1%     16.1 m
G2 filter, lag-corrected                                        2.12 m   58 ms   200 ms    29.3%    6.4%   1063.2 m
G2 filter, reference time, lag-corrected                        1.51 m   41 ms   108 ms    12.3%    0.1%     46.7 m
G2 filter, reference time, two modes, lag-corrected             1.49 m   40 ms   115 ms    13.8%    1.8%    159.2 m
G2 filter + speed, lag-corrected                                0.98 m   27 ms    66 ms     1.9%    0.1%     16.0 m
G2 ks_silverstone__national single                              2.63 m   71 ms   310 ms    36.8%   11.9%   1204.8 m
G2 ks_silverstone__national filter                              2.52 m   69 ms   257 ms    36.0%    9.5%   1063.0 m
G2 ks_silverstone__national filter, reference time              1.57 m   43 ms   115 ms    14.1%    0.2%     46.8 m
G2 ks_silverstone__national filter, reference time, two modes    1.59 m   43 ms   133 ms    17.2%    2.9%    159.4 m
G2 ks_silverstone__national filter + speed                      1.05 m   29 ms    72 ms     2.7%    0.1%     16.1 m
G2 ks_silverstone__national filter, lag-corrected               2.56 m   69 ms   256 ms    36.2%    9.6%   1063.2 m
G2 ks_silverstone__national filter, reference time, lag-corrected    1.62 m   44 ms   116 ms    14.4%    0.2%     46.7 m
G2 ks_silverstone__national filter, reference time, two modes, lag-corrected    1.63 m   44 ms   133 ms    17.6%    2.9%    159.2 m
G2 ks_silverstone__national filter + speed, lag-corrected       1.08 m   29 ms    73 ms     2.9%    0.1%     16.0 m
G2 same car single                                              2.75 m   74 ms   375 ms    38.6%   13.9%   1165.6 m
G2 same car filter                                              2.62 m   71 ms   283 ms    37.8%   10.9%   1063.0 m
G2 same car filter, reference time                              1.21 m   33 ms    84 ms     5.8%    0.2%     46.8 m
G2 same car filter, reference time, two modes                   1.31 m   36 ms   118 ms    12.9%    3.9%    159.4 m
G2 same car filter + speed                                      1.03 m   28 ms    69 ms     2.0%    0.0%     10.9 m
G2 same car filter, lag-corrected                               2.64 m   71 ms   282 ms    37.7%   10.9%   1063.2 m
G2 same car filter, reference time, lag-corrected               1.21 m   33 ms    82 ms     5.4%    0.2%     46.7 m
G2 same car filter, reference time, two modes, lag-corrected    1.32 m   37 ms   117 ms    12.7%    3.9%    159.2 m
G2 same car filter + speed, lag-corrected                       1.05 m   29 ms    69 ms     2.1%    0.0%     11.0 m
G2 rt_lime_rock_park__no_chicane single                         1.66 m   45 ms   129 ms    18.0%    0.9%    197.2 m
G2 rt_lime_rock_park__no_chicane filter                         1.65 m   44 ms   128 ms    17.2%    0.4%     19.0 m
G2 rt_lime_rock_park__no_chicane filter, reference time         1.27 m   34 ms    89 ms     6.6%    0.0%      9.8 m
G2 rt_lime_rock_park__no_chicane filter, reference time, two modes    1.27 m   34 ms    88 ms     6.4%    0.0%     10.1 m
G2 rt_lime_rock_park__no_chicane filter + speed                 0.71 m   19 ms    51 ms     0.0%    0.0%      3.6 m
G2 rt_lime_rock_park__no_chicane filter, lag-corrected          1.67 m   44 ms   128 ms    17.4%    0.5%     18.9 m
G2 rt_lime_rock_park__no_chicane filter, reference time, lag-corrected    1.32 m   35 ms    88 ms     6.7%    0.1%     11.7 m
G2 rt_lime_rock_park__no_chicane filter, reference time, two modes, lag-corrected    1.30 m   35 ms    89 ms     6.8%    0.1%     11.2 m
G2 rt_lime_rock_park__no_chicane filter + speed, lag-corrected    0.76 m   20 ms    53 ms     0.0%    0.0%      3.9 m
G2 rt_oulton_park__fosters single                               1.81 m   50 ms   168 ms    23.7%    5.1%    615.3 m
G2 rt_oulton_park__fosters filter                               1.74 m   48 ms   158 ms    22.0%    3.6%     52.1 m
G2 rt_oulton_park__fosters filter, reference time               1.35 m   37 ms   103 ms    10.9%    0.0%      9.2 m
G2 rt_oulton_park__fosters filter, reference time, two modes    1.31 m   36 ms    99 ms     9.7%    0.4%     20.5 m
G2 rt_oulton_park__fosters filter + speed                       0.95 m   26 ms    56 ms     1.0%    0.0%      6.6 m
G2 rt_oulton_park__fosters filter, lag-corrected                1.77 m   49 ms   157 ms    22.3%    3.7%     52.2 m
G2 rt_oulton_park__fosters filter, reference time, lag-corrected    1.40 m   38 ms   106 ms    11.8%    0.0%      9.4 m
G2 rt_oulton_park__fosters filter, reference time, two modes, lag-corrected    1.34 m   37 ms   100 ms    10.2%    0.4%     20.5 m
G2 rt_oulton_park__fosters filter + speed, lag-corrected        0.94 m   26 ms    58 ms     1.1%    0.0%      6.7 m
