gate g1: held-out laps of seen tracks; full augmentation
train tracks ['ks_black_cat_county__layout_short', 'ks_brands_hatch__indy', 'ks_red_bull_ring__layout_national', 'ks_vallelunga__club_circuit', 'magione'] (111 laps usable)
eval  tracks ['ks_black_cat_county__layout_short', 'ks_brands_hatch__indy', 'ks_red_bull_ring__layout_national', 'ks_vallelunga__club_circuit', 'magione'], split=train
held out as live-only: ['ks_black_cat_county__layout_short__20260923T183526Z__lap08', 'ks_brands_hatch__indy__20260921T221531Z__lap02', 'ks_red_bull_ring__layout_national__20260923T174436Z__lap15', 'ks_vallelunga__club_circuit__20260922T223945Z__lap07', 'magione__default__20260922T231051Z__lap06']
frame 148x80, reference bins 3227
model 0.67M params on mps

step     1/6000  loss 10.5347 (ce  7.177 aux  6.715 ref 0.0000)  train median  628.01 m   2.08 s/step
step    20/6000  loss 10.0955 (ce  6.940 aux  6.311 ref 0.0000)  train median  411.23 m   0.46 s/step
step    40/6000  loss 10.0077 (ce  7.225 aux  5.566 ref 0.0000)  train median  503.99 m   0.41 s/step
step    60/6000  loss  9.6375 (ce  6.849 aux  5.578 ref 0.0000)  train median  176.81 m   0.41 s/step
step    80/6000  loss 10.0802 (ce  6.622 aux  6.916 ref 0.0000)  train median  306.80 m   0.41 s/step
step   100/6000  loss 10.2418 (ce  7.206 aux  6.069 ref 0.0023)  train median  151.27 m   0.42 s/step
step   120/6000  loss  9.7613 (ce  6.551 aux  6.421 ref 0.0000)  train median  157.80 m   0.42 s/step
step   140/6000  loss  8.8405 (ce  5.973 aux  5.729 ref 0.0055)  train median  669.54 m   0.40 s/step
step   160/6000  loss  7.4925 (ce  5.031 aux  4.919 ref 0.0035)  train median   19.54 m   0.42 s/step
step   180/6000  loss 10.9750 (ce  7.284 aux  7.382 ref 0.0000)  train median 1125.54 m   0.42 s/step
step   200/6000  loss  7.0103 (ce  4.698 aux  4.622 ref 0.0017)  train median   18.21 m   0.42 s/step
  eval  n=192  median  10.00 m /  307.4 ms  p90  217.28 m /  6010.7 ms  worst  2692.55 m  within1  14.1%  within5  50.0%
        ks_black_cat_county__layout_short n=32  median   8.75 m /  234.1 ms  p90   34.70 m /   777.6 ms  worst  2692.55 m  within1  21.9%  within5  56.2%
        ks_brands_hatch__indy    n=32  median  30.48 m / 1109.0 ms  p90  248.06 m /  6054.0 ms  worst   880.43 m  within1   6.2%  within5  21.9%
        ks_red_bull_ring__layout_national n=24  median   8.35 m /  276.2 ms  p90   34.01 m /   886.6 ms  worst  1018.88 m  within1   4.2%  within5  58.3%
        ks_vallelunga__club_circuit n=48  median  10.38 m /  361.0 ms  p90  356.27 m / 13808.1 ms  worst   693.03 m  within1  18.8%  within5  47.9%
        magione                  n=56  median   7.60 m /  278.0 ms  p90  145.98 m /  4336.0 ms  worst   574.42 m  within1  14.3%  within5  60.7%
step   220/6000  loss  8.7376 (ce  5.754 aux  5.966 ref 0.0019)  train median  199.13 m   0.44 s/step
step   240/6000  loss  8.4288 (ce  5.669 aux  5.518 ref 0.0013)  train median   95.67 m   0.44 s/step
step   260/6000  loss  7.2728 (ce  4.795 aux  4.951 ref 0.0042)  train median   33.43 m   0.44 s/step
step   280/6000  loss  7.4912 (ce  4.979 aux  5.022 ref 0.0022)  train median   17.38 m   0.44 s/step
step   300/6000  loss  7.0541 (ce  4.511 aux  5.085 ref 0.0012)  train median    4.80 m   0.44 s/step
step   320/6000  loss  7.1213 (ce  4.782 aux  4.674 ref 0.0048)  train median   15.16 m   0.44 s/step
step   340/6000  loss  7.7382 (ce  5.142 aux  5.188 ref 0.0042)  train median   13.88 m   0.44 s/step
step   360/6000  loss  6.9827 (ce  4.627 aux  4.709 ref 0.0021)  train median    6.50 m   0.44 s/step
step   380/6000  loss  8.2081 (ce  5.603 aux  5.207 ref 0.0020)  train median  313.65 m   0.44 s/step
step   400/6000  loss  7.2498 (ce  4.796 aux  4.904 ref 0.0033)  train median   12.78 m   0.43 s/step
  eval  n=192  median   5.63 m /  182.4 ms  p90   98.56 m /  2739.0 ms  worst  2878.79 m  within1  21.4%  within5  68.2%
        ks_black_cat_county__layout_short n=32  median   4.61 m /  115.1 ms  p90   31.52 m /   604.5 ms  worst  2878.79 m  within1  28.1%  within5  75.0%
        ks_brands_hatch__indy    n=32  median  11.44 m /  294.4 ms  p90  147.96 m /  3565.7 ms  worst   838.71 m  within1  12.5%  within5  46.9%
        ks_red_bull_ring__layout_national n=24  median   5.38 m /  156.3 ms  p90   17.45 m /   382.6 ms  worst   149.72 m  within1   4.2%  within5  66.7%
        ks_vallelunga__club_circuit n=48  median   4.68 m /  176.5 ms  p90   73.77 m /  2979.1 ms  worst   794.03 m  within1  29.2%  within5  72.9%
        magione                  n=56  median   4.40 m /  171.1 ms  p90   90.38 m /  2740.0 ms  worst   220.50 m  within1  23.2%  within5  73.2%
step   420/6000  loss  7.1109 (ce  4.601 aux  5.015 ref 0.0034)  train median   11.07 m   0.44 s/step
step   440/6000  loss  6.3307 (ce  4.051 aux  4.556 ref 0.0027)  train median   12.83 m   0.44 s/step
step   460/6000  loss  5.7198 (ce  3.423 aux  4.591 ref 0.0025)  train median    3.42 m   0.44 s/step
step   480/6000  loss  6.4053 (ce  4.175 aux  4.457 ref 0.0026)  train median    6.29 m   0.44 s/step
step   500/6000  loss  7.6046 (ce  4.890 aux  5.427 ref 0.0022)  train median   46.86 m   0.44 s/step
step   520/6000  loss  9.7696 (ce  6.752 aux  6.030 ref 0.0055)  train median  270.64 m   0.44 s/step
step   540/6000  loss  6.8058 (ce  4.488 aux  4.633 ref 0.0033)  train median    7.03 m   0.43 s/step
step   560/6000  loss  7.2341 (ce  4.596 aux  5.276 ref 0.0008)  train median   17.85 m   0.43 s/step
step   580/6000  loss  4.7133 (ce  2.866 aux  3.693 ref 0.0020)  train median    3.29 m   0.43 s/step
step   600/6000  loss  7.1573 (ce  4.744 aux  4.824 ref 0.0028)  train median   10.87 m   0.43 s/step
  eval  n=192  median   3.73 m /  118.6 ms  p90   42.03 m /  1265.7 ms  worst  1144.94 m  within1  31.2%  within5  77.6%
        ks_black_cat_county__layout_short n=32  median   3.86 m /  109.0 ms  p90   25.73 m /   508.4 ms  worst  1144.94 m  within1  31.2%  within5  78.1%
        ks_brands_hatch__indy    n=32  median   4.96 m /  175.9 ms  p90  127.87 m /  3092.2 ms  worst   156.55 m  within1  21.9%  within5  71.9%
        ks_red_bull_ring__layout_national n=24  median   4.19 m /   97.9 ms  p90    9.72 m /   254.8 ms  worst    11.63 m  within1  29.2%  within5  87.5%
        ks_vallelunga__club_circuit n=48  median   3.01 m /   88.8 ms  p90   35.94 m /  1337.1 ms  worst   453.67 m  within1  39.6%  within5  77.1%
        magione                  n=56  median   3.34 m /  121.2 ms  p90   51.29 m /  1597.3 ms  worst   623.77 m  within1  30.4%  within5  76.8%
step   620/6000  loss 10.6607 (ce  7.223 aux  6.876 ref 0.0001)  train median 1125.43 m   0.44 s/step
step   640/6000  loss  6.4474 (ce  4.028 aux  4.835 ref 0.0034)  train median    7.93 m   0.44 s/step
step   660/6000  loss  7.4815 (ce  5.040 aux  4.879 ref 0.0032)  train median   10.86 m   0.44 s/step
step   680/6000  loss  5.8022 (ce  3.695 aux  4.211 ref 0.0027)  train median   10.56 m   0.43 s/step
step   700/6000  loss  6.2186 (ce  3.933 aux  4.569 ref 0.0015)  train median    5.85 m   0.43 s/step
step   720/6000  loss  6.1217 (ce  3.932 aux  4.377 ref 0.0023)  train median    5.06 m   0.43 s/step
step   740/6000  loss  6.5744 (ce  4.066 aux  5.015 ref 0.0006)  train median    7.91 m   0.43 s/step
step   760/6000  loss  8.5081 (ce  5.485 aux  6.045 ref 0.0002)  train median  126.31 m   0.43 s/step
step   780/6000  loss  7.0092 (ce  4.375 aux  5.268 ref 0.0007)  train median   51.09 m   0.44 s/step
step   800/6000  loss  8.2199 (ce  5.517 aux  5.404 ref 0.0011)  train median  260.68 m   0.44 s/step
  eval  n=192  median   3.91 m /  122.1 ms  p90   25.57 m /   827.0 ms  worst   692.73 m  within1  28.1%  within5  79.7%
        ks_black_cat_county__layout_short n=32  median   3.76 m /  120.0 ms  p90   16.67 m /   499.0 ms  worst   157.71 m  within1  15.6%  within5  78.1%
        ks_brands_hatch__indy    n=32  median   5.78 m /  167.5 ms  p90   27.96 m /   705.3 ms  worst   138.32 m  within1  12.5%  within5  75.0%
        ks_red_bull_ring__layout_national n=24  median   3.57 m /   95.3 ms  p90    8.59 m /   184.3 ms  worst    39.06 m  within1  37.5%  within5  95.8%
        ks_vallelunga__club_circuit n=48  median   3.43 m /  112.6 ms  p90   49.43 m /  2228.5 ms  worst   692.73 m  within1  39.6%  within5  72.9%
        magione                  n=56  median   3.40 m /  120.8 ms  p90   21.05 m /   840.4 ms  worst   643.27 m  within1  30.4%  within5  82.1%
step   820/6000  loss  5.6725 (ce  3.529 aux  4.285 ref 0.0032)  train median    5.41 m   0.44 s/step
step   840/6000  loss  5.9628 (ce  3.877 aux  4.168 ref 0.0025)  train median   13.01 m   0.44 s/step
step   860/6000  loss  5.1591 (ce  3.212 aux  3.892 ref 0.0020)  train median    2.90 m   0.44 s/step
step   880/6000  loss  5.7540 (ce  3.553 aux  4.401 ref 0.0017)  train median    3.12 m   0.44 s/step
step   900/6000  loss  5.6755 (ce  3.650 aux  4.049 ref 0.0013)  train median    2.95 m   0.44 s/step
step   920/6000  loss  6.0883 (ce  3.947 aux  4.279 ref 0.0041)  train median   10.45 m   0.44 s/step
step   940/6000  loss  7.8189 (ce  5.103 aux  5.430 ref 0.0009)  train median  435.89 m   0.44 s/step
step   960/6000  loss  5.1935 (ce  3.292 aux  3.803 ref 0.0010)  train median    2.22 m   0.44 s/step
step   980/6000  loss  6.6121 (ce  4.175 aux  4.873 ref 0.0012)  train median    9.84 m   0.44 s/step
step  1000/6000  loss  4.3425 (ce  2.594 aux  3.496 ref 0.0013)  train median    1.48 m   0.44 s/step
  eval  n=192  median   4.28 m /  129.0 ms  p90   25.71 m /   760.5 ms  worst   722.04 m  within1  28.1%  within5  80.2%
        ks_black_cat_county__layout_short n=32  median   5.35 m /  142.6 ms  p90   28.81 m /   561.4 ms  worst    64.27 m  within1  25.0%  within5  62.5%
        ks_brands_hatch__indy    n=32  median   5.45 m /  130.8 ms  p90   36.79 m /   985.9 ms  worst   137.53 m  within1  21.9%  within5  75.0%
        ks_red_bull_ring__layout_national n=24  median   4.12 m /  100.2 ms  p90   10.79 m /   260.4 ms  worst    30.08 m  within1  33.3%  within5  87.5%
        ks_vallelunga__club_circuit n=48  median   3.31 m /  114.5 ms  p90    9.40 m /   301.9 ms  worst   722.04 m  within1  31.2%  within5  93.8%
        magione                  n=56  median   4.40 m /  166.3 ms  p90   37.72 m /  1430.5 ms  worst   576.98 m  within1  28.6%  within5  78.6%
step  1020/6000  loss  6.2866 (ce  3.994 aux  4.584 ref 0.0010)  train median    8.43 m   0.45 s/step
step  1040/6000  loss  6.4993 (ce  4.133 aux  4.730 ref 0.0020)  train median   33.94 m   0.44 s/step
step  1060/6000  loss  8.0780 (ce  5.365 aux  5.425 ref 0.0013)  train median   13.51 m   0.44 s/step
step  1080/6000  loss  4.6983 (ce  2.932 aux  3.531 ref 0.0015)  train median    2.06 m   0.44 s/step
step  1100/6000  loss  7.1910 (ce  4.458 aux  5.465 ref 0.0007)  train median   21.24 m   0.44 s/step
step  1120/6000  loss  6.4524 (ce  4.207 aux  4.488 ref 0.0019)  train median   21.68 m   0.44 s/step
step  1140/6000  loss  4.6979 (ce  2.952 aux  3.490 ref 0.0022)  train median    4.66 m   0.44 s/step
step  1160/6000  loss  4.7720 (ce  2.809 aux  3.925 ref 0.0015)  train median    3.60 m   0.44 s/step
step  1180/6000  loss  7.6601 (ce  4.911 aux  5.496 ref 0.0018)  train median   19.64 m   0.44 s/step
step  1200/6000  loss  4.2892 (ce  2.552 aux  3.474 ref 0.0013)  train median    1.83 m   0.44 s/step
  eval  n=192  median   3.23 m /  109.2 ms  p90   16.33 m /   399.7 ms  worst   177.35 m  within1  33.9%  within5  85.4%
        ks_black_cat_county__layout_short n=32  median   3.45 m /  106.5 ms  p90   16.33 m /   353.6 ms  worst    57.02 m  within1  25.0%  within5  81.2%
        ks_brands_hatch__indy    n=32  median   4.50 m /  151.2 ms  p90   10.47 m /   277.8 ms  worst   111.93 m  within1  21.9%  within5  87.5%
        ks_red_bull_ring__layout_national n=24  median   3.86 m /  122.5 ms  p90   10.27 m /   223.3 ms  worst    23.18 m  within1  45.8%  within5  87.5%
        ks_vallelunga__club_circuit n=48  median   3.03 m /   97.6 ms  p90   11.41 m /   387.0 ms  worst    45.79 m  within1  37.5%  within5  87.5%
        magione                  n=56  median   2.22 m /  101.4 ms  p90   21.46 m /   852.3 ms  worst   177.35 m  within1  37.5%  within5  83.9%
step  1220/6000  loss  4.2681 (ce  2.659 aux  3.217 ref 0.0018)  train median    2.65 m   0.45 s/step
step  1240/6000  loss  9.2133 (ce  6.180 aux  6.067 ref 0.0011)  train median  193.97 m   0.45 s/step
step  1260/6000  loss  5.3032 (ce  3.344 aux  3.916 ref 0.0017)  train median    5.59 m   0.45 s/step
step  1280/6000  loss  5.6408 (ce  3.626 aux  4.026 ref 0.0039)  train median    9.63 m   0.44 s/step
step  1300/6000  loss  4.8194 (ce  3.073 aux  3.492 ref 0.0010)  train median    1.63 m   0.44 s/step
step  1320/6000  loss  6.0813 (ce  3.686 aux  4.790 ref 0.0004)  train median    2.60 m   0.44 s/step
step  1340/6000  loss  5.2973 (ce  3.417 aux  3.759 ref 0.0016)  train median    5.27 m   0.44 s/step
step  1360/6000  loss  6.2507 (ce  4.014 aux  4.471 ref 0.0024)  train median    5.02 m   0.44 s/step
step  1380/6000  loss  6.2753 (ce  3.955 aux  4.636 ref 0.0036)  train median   19.90 m   0.44 s/step
step  1400/6000  loss  4.7988 (ce  3.163 aux  3.268 ref 0.0035)  train median    7.84 m   0.44 s/step
  eval  n=192  median   3.02 m /  104.9 ms  p90   14.00 m /   418.2 ms  worst   175.07 m  within1  34.4%  within5  85.4%
        ks_black_cat_county__layout_short n=32  median   4.20 m /  129.5 ms  p90   18.11 m /   456.7 ms  worst   158.89 m  within1  25.0%  within5  81.2%
        ks_brands_hatch__indy    n=32  median   4.15 m /  109.8 ms  p90   10.61 m /   298.5 ms  worst    47.32 m  within1  21.9%  within5  81.2%
        ks_red_bull_ring__layout_national n=24  median   3.59 m /   92.3 ms  p90    9.81 m /   235.1 ms  worst    18.79 m  within1  41.7%  within5  91.7%
        ks_vallelunga__club_circuit n=48  median   2.43 m /   82.8 ms  p90    8.89 m /   284.3 ms  worst    25.09 m  within1  41.7%  within5  91.7%
        magione                  n=56  median   3.12 m /  113.7 ms  p90   26.57 m /   888.7 ms  worst   175.07 m  within1  37.5%  within5  82.1%
step  1420/6000  loss  4.8826 (ce  3.040 aux  3.684 ref 0.0019)  train median    3.86 m   0.44 s/step
step  1440/6000  loss  6.0792 (ce  3.902 aux  4.353 ref 0.0018)  train median   14.49 m   0.44 s/step
step  1460/6000  loss  5.4583 (ce  3.114 aux  4.688 ref 0.0005)  train median    3.16 m   0.44 s/step
step  1480/6000  loss  4.8532 (ce  2.980 aux  3.743 ref 0.0034)  train median    4.90 m   0.44 s/step
step  1500/6000  loss  7.3701 (ce  4.866 aux  5.008 ref 0.0006)  train median   16.41 m   0.44 s/step
step  1520/6000  loss  4.8919 (ce  3.059 aux  3.665 ref 0.0012)  train median    2.45 m   0.44 s/step
step  1540/6000  loss  4.7082 (ce  2.992 aux  3.429 ref 0.0028)  train median    4.33 m   0.44 s/step
step  1560/6000  loss  7.1799 (ce  4.893 aux  4.568 ref 0.0056)  train median   17.26 m   0.44 s/step
step  1580/6000  loss  4.4917 (ce  2.912 aux  3.157 ref 0.0018)  train median    5.61 m   0.44 s/step
step  1600/6000  loss  5.6145 (ce  3.428 aux  4.369 ref 0.0032)  train median    4.53 m   0.44 s/step
  eval  n=192  median   3.51 m /  123.2 ms  p90   15.04 m /   467.1 ms  worst  1015.58 m  within1  32.8%  within5  83.3%
        ks_black_cat_county__layout_short n=32  median   5.62 m /  136.1 ms  p90   22.67 m /   501.1 ms  worst   158.32 m  within1  31.2%  within5  75.0%
        ks_brands_hatch__indy    n=32  median   6.26 m /  158.7 ms  p90   14.96 m /   344.1 ms  worst    47.93 m  within1  25.0%  within5  78.1%
        ks_red_bull_ring__layout_national n=24  median   3.69 m /   95.9 ms  p90    5.46 m /   169.9 ms  worst    13.35 m  within1  33.3%  within5  95.8%
        ks_vallelunga__club_circuit n=48  median   2.55 m /   84.3 ms  p90   11.72 m /   323.2 ms  worst    27.36 m  within1  45.8%  within5  87.5%
        magione                  n=56  median   3.24 m /  146.6 ms  p90   38.97 m /  1066.0 ms  worst  1015.58 m  within1  26.8%  within5  82.1%
step  1620/6000  loss  6.7796 (ce  4.245 aux  5.069 ref 0.0010)  train median   13.38 m   0.45 s/step
step  1640/6000  loss  5.3848 (ce  3.353 aux  4.062 ref 0.0022)  train median    6.56 m   0.45 s/step
step  1660/6000  loss  3.9644 (ce  2.476 aux  2.976 ref 0.0009)  train median    1.55 m   0.45 s/step
step  1680/6000  loss  5.8945 (ce  3.657 aux  4.471 ref 0.0035)  train median   12.59 m   0.45 s/step
step  1700/6000  loss  4.7500 (ce  2.943 aux  3.612 ref 0.0024)  train median    4.26 m   0.45 s/step
step  1720/6000  loss  4.3534 (ce  2.716 aux  3.275 ref 0.0010)  train median    2.41 m   0.45 s/step
step  1740/6000  loss  5.5903 (ce  3.596 aux  3.988 ref 0.0010)  train median    3.50 m   0.45 s/step
step  1760/6000  loss  4.9083 (ce  3.277 aux  3.261 ref 0.0019)  train median    2.81 m   0.45 s/step
step  1780/6000  loss  4.5140 (ce  2.907 aux  3.212 ref 0.0023)  train median    5.24 m   0.44 s/step
step  1800/6000  loss  5.0534 (ce  3.072 aux  3.961 ref 0.0021)  train median    3.57 m   0.44 s/step
  eval  n=192  median   3.17 m /  106.7 ms  p90   10.83 m /   343.9 ms  worst   175.14 m  within1  33.9%  within5  86.5%
        ks_black_cat_county__layout_short n=32  median   3.25 m /  117.9 ms  p90   12.17 m /   294.1 ms  worst    27.98 m  within1  34.4%  within5  84.4%
        ks_brands_hatch__indy    n=32  median   4.17 m /  119.8 ms  p90    8.86 m /   239.5 ms  worst    10.55 m  within1  28.1%  within5  93.8%
        ks_red_bull_ring__layout_national n=24  median   3.58 m /  100.5 ms  p90   10.62 m /   304.5 ms  worst    24.80 m  within1  20.8%  within5  79.2%
        ks_vallelunga__club_circuit n=48  median   2.39 m /   95.8 ms  p90    9.91 m /   342.6 ms  worst    35.92 m  within1  41.7%  within5  89.6%
        magione                  n=56  median   2.60 m /  101.4 ms  p90   18.21 m /   748.8 ms  worst   175.14 m  within1  35.7%  within5  83.9%
step  1820/6000  loss  6.1772 (ce  3.845 aux  4.664 ref 0.0006)  train median    8.66 m   0.45 s/step
step  1840/6000  loss  4.2235 (ce  2.677 aux  3.090 ref 0.0024)  train median    3.34 m   0.45 s/step
step  1860/6000  loss  7.8852 (ce  4.983 aux  5.803 ref 0.0008)  train median  328.39 m   0.45 s/step
step  1880/6000  loss  4.5499 (ce  2.770 aux  3.557 ref 0.0021)  train median    3.14 m   0.45 s/step
step  1900/6000  loss  6.3738 (ce  3.949 aux  4.848 ref 0.0011)  train median    5.61 m   0.45 s/step
step  1920/6000  loss  6.2678 (ce  4.036 aux  4.462 ref 0.0018)  train median   30.42 m   0.45 s/step
step  1940/6000  loss  6.9335 (ce  4.504 aux  4.857 ref 0.0030)  train median   24.55 m   0.44 s/step
step  1960/6000  loss  4.8581 (ce  3.019 aux  3.677 ref 0.0016)  train median    5.07 m   0.44 s/step
step  1980/6000  loss  6.1740 (ce  4.096 aux  4.154 ref 0.0014)  train median    5.71 m   0.44 s/step
step  2000/6000  loss  5.1200 (ce  3.289 aux  3.661 ref 0.0022)  train median    6.13 m   0.44 s/step
  eval  n=192  median   2.76 m /   93.5 ms  p90   12.12 m /   324.7 ms  worst   163.42 m  within1  37.0%  within5  88.0%
        ks_black_cat_county__layout_short n=32  median   3.23 m /  115.4 ms  p90   14.22 m /   335.5 ms  worst   163.42 m  within1  28.1%  within5  81.2%
        ks_brands_hatch__indy    n=32  median   3.19 m /  100.9 ms  p90    6.23 m /   172.6 ms  worst    10.83 m  within1  31.2%  within5  93.8%
        ks_red_bull_ring__layout_national n=24  median   3.09 m /   88.3 ms  p90    6.45 m /   144.1 ms  worst    14.20 m  within1  37.5%  within5  95.8%
        ks_vallelunga__club_circuit n=48  median   2.19 m /   85.5 ms  p90    8.16 m /   343.7 ms  worst    58.14 m  within1  45.8%  within5  91.7%
        magione                  n=56  median   2.55 m /   98.3 ms  p90   17.61 m /   681.4 ms  worst   104.41 m  within1  37.5%  within5  82.1%
step  2020/6000  loss  4.6382 (ce  2.852 aux  3.570 ref 0.0017)  train median    2.65 m   0.45 s/step
step  2040/6000  loss  5.1785 (ce  3.329 aux  3.697 ref 0.0019)  train median    4.47 m   0.44 s/step
step  2060/6000  loss  4.5984 (ce  2.882 aux  3.432 ref 0.0006)  train median    2.20 m   0.44 s/step
step  2080/6000  loss  5.5564 (ce  3.561 aux  3.987 ref 0.0036)  train median   10.55 m   0.44 s/step
step  2100/6000  loss  4.6162 (ce  2.876 aux  3.480 ref 0.0008)  train median    1.67 m   0.44 s/step
step  2120/6000  loss  5.7563 (ce  3.846 aux  3.816 ref 0.0040)  train median   11.06 m   0.44 s/step
step  2140/6000  loss  5.2923 (ce  3.339 aux  3.906 ref 0.0019)  train median    5.13 m   0.44 s/step
step  2160/6000  loss  4.4237 (ce  2.720 aux  3.406 ref 0.0012)  train median    4.20 m   0.44 s/step
step  2180/6000  loss  4.5971 (ce  2.907 aux  3.379 ref 0.0015)  train median    2.08 m   0.44 s/step
step  2200/6000  loss  4.4054 (ce  2.695 aux  3.419 ref 0.0025)  train median    3.10 m   0.44 s/step
  eval  n=192  median   2.59 m /   92.6 ms  p90    9.04 m /   292.5 ms  worst   173.53 m  within1  35.4%  within5  90.6%
        ks_black_cat_county__layout_short n=32  median   2.74 m /   96.4 ms  p90   11.96 m /   368.1 ms  worst    27.28 m  within1  34.4%  within5  84.4%
        ks_brands_hatch__indy    n=32  median   3.24 m /  100.7 ms  p90    7.20 m /   196.1 ms  worst    12.25 m  within1  31.2%  within5  93.8%
        ks_red_bull_ring__layout_national n=24  median   3.09 m /   86.2 ms  p90    8.89 m /   222.7 ms  worst    17.69 m  within1  41.7%  within5  91.7%
        ks_vallelunga__club_circuit n=48  median   2.56 m /   88.5 ms  p90    8.51 m /   290.6 ms  worst    15.26 m  within1  35.4%  within5  91.7%
        magione                  n=56  median   2.48 m /   86.5 ms  p90    8.31 m /   341.6 ms  worst   173.53 m  within1  35.7%  within5  91.1%
step  2220/6000  loss  6.3187 (ce  3.827 aux  4.984 ref 0.0007)  train median   23.98 m   0.45 s/step
step  2240/6000  loss  5.7257 (ce  3.627 aux  4.196 ref 0.0013)  train median    2.71 m   0.45 s/step
step  2260/6000  loss  6.8125 (ce  4.412 aux  4.802 ref 0.0004)  train median    3.60 m   0.45 s/step
step  2280/6000  loss  4.8370 (ce  2.967 aux  3.737 ref 0.0018)  train median    1.98 m   0.44 s/step
step  2300/6000  loss  4.7327 (ce  2.778 aux  3.909 ref 0.0010)  train median    1.90 m   0.44 s/step
step  2320/6000  loss  5.7239 (ce  3.770 aux  3.906 ref 0.0024)  train median    8.07 m   0.44 s/step
step  2340/6000  loss  6.1296 (ce  4.156 aux  3.945 ref 0.0015)  train median    4.43 m   0.44 s/step
step  2360/6000  loss  4.7245 (ce  2.840 aux  3.768 ref 0.0004)  train median    3.59 m   0.44 s/step
step  2380/6000  loss  5.7165 (ce  3.627 aux  4.176 ref 0.0033)  train median   11.80 m   0.44 s/step
step  2400/6000  loss  4.7541 (ce  2.939 aux  3.630 ref 0.0013)  train median    2.59 m   0.45 s/step
  eval  n=192  median   2.87 m /   93.2 ms  p90   10.02 m /   322.7 ms  worst   790.31 m  within1  40.6%  within5  89.6%
        ks_black_cat_county__layout_short n=32  median   3.00 m /  121.5 ms  p90   10.43 m /   248.5 ms  worst    33.43 m  within1  37.5%  within5  87.5%
        ks_brands_hatch__indy    n=32  median   4.08 m /  111.8 ms  p90    9.37 m /   264.4 ms  worst    16.04 m  within1  25.0%  within5  90.6%
        ks_red_bull_ring__layout_national n=24  median   2.81 m /   79.1 ms  p90    8.25 m /   228.6 ms  worst    12.21 m  within1  41.7%  within5  91.7%
        ks_vallelunga__club_circuit n=48  median   2.22 m /   84.8 ms  p90    8.25 m /   335.0 ms  worst   790.31 m  within1  45.8%  within5  89.6%
        magione                  n=56  median   2.40 m /   81.9 ms  p90   12.69 m /   429.3 ms  worst   106.74 m  within1  46.4%  within5  89.3%
step  2420/6000  loss  4.6152 (ce  2.860 aux  3.509 ref 0.0011)  train median    3.18 m   0.45 s/step
step  2440/6000  loss  5.9266 (ce  3.556 aux  4.740 ref 0.0006)  train median    2.88 m   0.45 s/step
step  2460/6000  loss  5.1201 (ce  3.363 aux  3.511 ref 0.0026)  train median    6.20 m   0.45 s/step
step  2480/6000  loss  4.8056 (ce  3.062 aux  3.485 ref 0.0016)  train median    4.50 m   0.45 s/step
step  2500/6000  loss  4.8767 (ce  3.040 aux  3.672 ref 0.0016)  train median    3.97 m   0.45 s/step
step  2520/6000  loss  5.0136 (ce  3.327 aux  3.372 ref 0.0026)  train median    7.31 m   0.45 s/step
step  2540/6000  loss  5.0720 (ce  3.237 aux  3.668 ref 0.0024)  train median    4.23 m   0.45 s/step
step  2560/6000  loss  5.0443 (ce  3.337 aux  3.412 ref 0.0031)  train median    6.05 m   0.45 s/step
step  2580/6000  loss 10.2829 (ce  6.812 aux  6.942 ref 0.0000)  train median  466.46 m   0.45 s/step
step  2600/6000  loss  4.4983 (ce  2.728 aux  3.539 ref 0.0019)  train median    4.60 m   0.45 s/step
  eval  n=192  median   2.41 m /   83.4 ms  p90    9.32 m /   274.4 ms  worst   984.10 m  within1  42.2%  within5  91.1%
        ks_black_cat_county__layout_short n=32  median   2.69 m /   84.2 ms  p90   15.42 m /   350.2 ms  worst    30.03 m  within1  37.5%  within5  84.4%
        ks_brands_hatch__indy    n=32  median   2.82 m /   88.0 ms  p90    9.32 m /   228.7 ms  worst    12.14 m  within1  34.4%  within5  93.8%
        ks_red_bull_ring__layout_national n=24  median   2.95 m /  101.6 ms  p90    7.82 m /   197.8 ms  worst    10.41 m  within1  41.7%  within5  91.7%
        ks_vallelunga__club_circuit n=48  median   2.06 m /   81.2 ms  p90    7.08 m /   224.0 ms  worst    17.26 m  within1  47.9%  within5  97.9%
        magione                  n=56  median   2.08 m /   77.7 ms  p90   12.21 m /   413.9 ms  worst   984.10 m  within1  44.6%  within5  87.5%
step  2620/6000  loss  4.5102 (ce  2.799 aux  3.420 ref 0.0020)  train median    3.57 m   0.45 s/step
step  2640/6000  loss  4.8773 (ce  3.054 aux  3.645 ref 0.0014)  train median    2.93 m   0.45 s/step
step  2660/6000  loss  4.1887 (ce  2.576 aux  3.223 ref 0.0016)  train median    3.66 m   0.45 s/step
step  2680/6000  loss  4.1440 (ce  2.576 aux  3.134 ref 0.0018)  train median    1.75 m   0.45 s/step
step  2700/6000  loss  4.0082 (ce  2.589 aux  2.837 ref 0.0018)  train median    1.91 m   0.45 s/step
step  2720/6000  loss  4.0561 (ce  2.517 aux  3.076 ref 0.0016)  train median    1.86 m   0.45 s/step
step  2740/6000  loss  4.0347 (ce  2.604 aux  2.859 ref 0.0023)  train median    4.97 m   0.45 s/step
step  2760/6000  loss  5.6696 (ce  3.746 aux  3.844 ref 0.0031)  train median    4.00 m   0.45 s/step
step  2780/6000  loss  4.9035 (ce  3.096 aux  3.613 ref 0.0021)  train median    7.96 m   0.45 s/step
step  2800/6000  loss  5.1870 (ce  3.157 aux  4.058 ref 0.0022)  train median    5.71 m   0.45 s/step
  eval  n=192  median   2.42 m /   79.9 ms  p90   10.14 m /   301.8 ms  worst   172.75 m  within1  40.6%  within5  89.6%
        ks_black_cat_county__layout_short n=32  median   2.88 m /   95.2 ms  p90   17.65 m /   349.5 ms  worst   158.95 m  within1  28.1%  within5  84.4%
        ks_brands_hatch__indy    n=32  median   3.19 m /   90.0 ms  p90   10.68 m /   247.8 ms  worst    13.30 m  within1  37.5%  within5  87.5%
        ks_red_bull_ring__layout_national n=24  median   1.85 m /   50.8 ms  p90    7.12 m /   164.4 ms  worst    11.34 m  within1  50.0%  within5  95.8%
        ks_vallelunga__club_circuit n=48  median   2.11 m /   74.2 ms  p90    8.95 m /   295.5 ms  worst    41.80 m  within1  47.9%  within5  91.7%
        magione                  n=56  median   2.17 m /   80.3 ms  p90    8.95 m /   339.2 ms  worst   172.75 m  within1  39.3%  within5  89.3%
step  2820/6000  loss  4.8072 (ce  2.910 aux  3.793 ref 0.0020)  train median    3.10 m   0.45 s/step
step  2840/6000  loss  4.7026 (ce  2.990 aux  3.423 ref 0.0021)  train median    3.61 m   0.45 s/step
step  2860/6000  loss  5.2079 (ce  3.306 aux  3.801 ref 0.0033)  train median    8.24 m   0.45 s/step
step  2880/6000  loss  4.6806 (ce  2.967 aux  3.425 ref 0.0012)  train median    1.73 m   0.45 s/step
step  2900/6000  loss  4.8729 (ce  3.218 aux  3.308 ref 0.0011)  train median    4.25 m   0.45 s/step
step  2920/6000  loss  7.4664 (ce  5.065 aux  4.802 ref 0.0004)  train median   38.84 m   0.45 s/step
step  2940/6000  loss  4.5841 (ce  3.056 aux  3.053 ref 0.0027)  train median    3.92 m   0.45 s/step
step  2960/6000  loss  4.3299 (ce  2.633 aux  3.391 ref 0.0022)  train median    2.43 m   0.45 s/step
step  2980/6000  loss  4.6062 (ce  2.887 aux  3.436 ref 0.0025)  train median    5.73 m   0.45 s/step
step  3000/6000  loss  4.1018 (ce  2.634 aux  2.933 ref 0.0025)  train median    3.35 m   0.45 s/step
  eval  n=192  median   2.43 m /   81.4 ms  p90    8.23 m /   255.9 ms  worst   790.80 m  within1  43.2%  within5  93.8%
        ks_black_cat_county__layout_short n=32  median   2.74 m /   80.7 ms  p90   14.96 m /   344.3 ms  worst    26.76 m  within1  37.5%  within5  87.5%
        ks_brands_hatch__indy    n=32  median   3.03 m /   91.5 ms  p90    7.44 m /   173.6 ms  worst     9.15 m  within1  34.4%  within5 100.0%
        ks_red_bull_ring__layout_national n=24  median   2.92 m /   82.4 ms  p90    8.14 m /   213.0 ms  worst    13.90 m  within1  37.5%  within5  91.7%
        ks_vallelunga__club_circuit n=48  median   1.90 m /   80.3 ms  p90    7.61 m /   284.9 ms  worst   790.80 m  within1  52.1%  within5  95.8%
        magione                  n=56  median   2.10 m /   82.9 ms  p90    7.85 m /   278.6 ms  worst    40.35 m  within1  46.4%  within5  92.9%
step  3020/6000  loss  4.7840 (ce  2.929 aux  3.708 ref 0.0013)  train median    3.25 m   0.45 s/step
step  3040/6000  loss  4.0848 (ce  2.549 aux  3.069 ref 0.0014)  train median    3.29 m   0.45 s/step
step  3060/6000  loss  7.1370 (ce  4.641 aux  4.990 ref 0.0011)  train median   50.00 m   0.45 s/step
step  3080/6000  loss  4.1707 (ce  2.568 aux  3.205 ref 0.0016)  train median    3.53 m   0.45 s/step
step  3100/6000  loss  4.9650 (ce  3.060 aux  3.809 ref 0.0008)  train median    6.21 m   0.45 s/step
step  3120/6000  loss  6.5950 (ce  4.149 aux  4.892 ref 0.0006)  train median   12.39 m   0.45 s/step
step  3140/6000  loss  4.6163 (ce  2.749 aux  3.732 ref 0.0015)  train median    4.73 m   0.45 s/step
step  3160/6000  loss  5.0468 (ce  3.253 aux  3.585 ref 0.0016)  train median    3.55 m   0.45 s/step
step  3180/6000  loss  4.0811 (ce  2.603 aux  2.955 ref 0.0014)  train median    1.83 m   0.45 s/step
step  3200/6000  loss  4.1449 (ce  2.712 aux  2.863 ref 0.0022)  train median    4.35 m   0.45 s/step
  eval  n=192  median   2.23 m /   79.0 ms  p90    8.97 m /   261.1 ms  worst   171.78 m  within1  45.8%  within5  93.2%
        ks_black_cat_county__layout_short n=32  median   2.66 m /   80.7 ms  p90    8.84 m /   208.2 ms  worst    30.40 m  within1  40.6%  within5  90.6%
        ks_brands_hatch__indy    n=32  median   2.79 m /   80.0 ms  p90    7.01 m /   159.9 ms  worst     9.60 m  within1  40.6%  within5 100.0%
        ks_red_bull_ring__layout_national n=24  median   2.78 m /   84.3 ms  p90    8.68 m /   212.5 ms  worst    47.94 m  within1  41.7%  within5  87.5%
        ks_vallelunga__club_circuit n=48  median   1.95 m /   72.1 ms  p90    9.42 m /   291.9 ms  worst    15.31 m  within1  50.0%  within5  95.8%
        magione                  n=56  median   2.02 m /   85.4 ms  p90    8.05 m /   306.4 ms  worst   171.78 m  within1  50.0%  within5  91.1%
step  3220/6000  loss  3.8549 (ce  2.448 aux  2.813 ref 0.0013)  train median    2.17 m   0.45 s/step
step  3240/6000  loss  4.1325 (ce  2.639 aux  2.986 ref 0.0015)  train median    1.27 m   0.45 s/step
step  3260/6000  loss  6.0611 (ce  3.580 aux  4.961 ref 0.0005)  train median   12.24 m   0.45 s/step
step  3280/6000  loss  5.5109 (ce  3.512 aux  3.997 ref 0.0009)  train median    3.03 m   0.45 s/step
step  3300/6000  loss  4.8514 (ce  3.072 aux  3.557 ref 0.0007)  train median    3.83 m   0.45 s/step
step  3320/6000  loss  5.8169 (ce  3.862 aux  3.907 ref 0.0023)  train median    7.51 m   0.45 s/step
step  3340/6000  loss  5.2370 (ce  3.170 aux  4.133 ref 0.0008)  train median    7.13 m   0.45 s/step
step  3360/6000  loss  3.9548 (ce  2.420 aux  3.068 ref 0.0012)  train median    2.28 m   0.45 s/step
step  3380/6000  loss  4.2469 (ce  2.670 aux  3.152 ref 0.0025)  train median    2.43 m   0.45 s/step
step  3400/6000  loss  4.2107 (ce  2.667 aux  3.087 ref 0.0012)  train median    1.97 m   0.45 s/step
  eval  n=192  median   2.08 m /   70.1 ms  p90    7.75 m /   265.0 ms  worst   163.36 m  within1  49.5%  within5  92.7%
        ks_black_cat_county__layout_short n=32  median   2.71 m /   77.7 ms  p90    7.97 m /   256.4 ms  worst    22.53 m  within1  43.8%  within5  90.6%
        ks_brands_hatch__indy    n=32  median   2.92 m /   85.3 ms  p90    6.52 m /   166.8 ms  worst     7.47 m  within1  40.6%  within5 100.0%
        ks_red_bull_ring__layout_national n=24  median   1.88 m /   67.8 ms  p90    7.30 m /   177.5 ms  worst    12.61 m  within1  54.2%  within5  91.7%
        ks_vallelunga__club_circuit n=48  median   1.80 m /   64.3 ms  p90    8.19 m /   333.3 ms  worst    16.38 m  within1  54.2%  within5  91.7%
        magione                  n=56  median   1.87 m /   66.1 ms  p90    8.25 m /   290.2 ms  worst   163.36 m  within1  51.8%  within5  91.1%
step  3420/6000  loss  4.1215 (ce  2.612 aux  3.017 ref 0.0022)  train median    2.94 m   0.45 s/step
step  3440/6000  loss  5.2735 (ce  3.427 aux  3.690 ref 0.0025)  train median    5.57 m   0.45 s/step
step  3460/6000  loss  5.1239 (ce  3.367 aux  3.512 ref 0.0011)  train median    2.52 m   0.45 s/step
step  3480/6000  loss  4.8944 (ce  3.087 aux  3.614 ref 0.0007)  train median    2.93 m   0.45 s/step
step  3500/6000  loss  4.0795 (ce  2.513 aux  3.132 ref 0.0020)  train median    2.71 m   0.45 s/step
step  3520/6000  loss  4.0696 (ce  2.452 aux  3.234 ref 0.0011)  train median    2.22 m   0.45 s/step
step  3540/6000  loss  4.6621 (ce  2.909 aux  3.504 ref 0.0018)  train median    2.88 m   0.45 s/step
step  3560/6000  loss  5.6656 (ce  3.723 aux  3.884 ref 0.0009)  train median    3.31 m   0.45 s/step
step  3580/6000  loss  3.8614 (ce  2.419 aux  2.883 ref 0.0012)  train median    1.53 m   0.45 s/step
step  3600/6000  loss  4.9374 (ce  3.032 aux  3.808 ref 0.0021)  train median    3.82 m   0.45 s/step
  eval  n=192  median   2.13 m /   75.5 ms  p90    7.06 m /   245.1 ms  worst   162.78 m  within1  46.9%  within5  94.3%
        ks_black_cat_county__layout_short n=32  median   2.78 m /   63.8 ms  p90   12.18 m /   337.2 ms  worst    31.20 m  within1  34.4%  within5  87.5%
        ks_brands_hatch__indy    n=32  median   2.36 m /   72.0 ms  p90    4.79 m /   110.1 ms  worst     6.74 m  within1  43.8%  within5 100.0%
        ks_red_bull_ring__layout_national n=24  median   2.11 m /   70.4 ms  p90    7.83 m /   178.5 ms  worst     9.98 m  within1  50.0%  within5 100.0%
        ks_vallelunga__club_circuit n=48  median   1.64 m /   67.6 ms  p90    6.88 m /   303.0 ms  worst    32.27 m  within1  54.2%  within5  91.7%
        magione                  n=56  median   2.24 m /   85.1 ms  p90    7.72 m /   279.7 ms  worst   162.78 m  within1  48.2%  within5  94.6%
step  3620/6000  loss  4.0155 (ce  2.511 aux  3.007 ref 0.0017)  train median    2.43 m   0.45 s/step
step  3640/6000  loss  6.7430 (ce  4.476 aux  4.534 ref 0.0007)  train median    4.84 m   0.45 s/step
step  3660/6000  loss  4.7446 (ce  3.138 aux  3.213 ref 0.0010)  train median    2.39 m   0.45 s/step
step  3680/6000  loss  4.7587 (ce  3.031 aux  3.452 ref 0.0036)  train median    5.31 m   0.45 s/step
step  3700/6000  loss  4.2162 (ce  2.638 aux  3.155 ref 0.0019)  train median    2.53 m   0.45 s/step
step  3720/6000  loss  6.0383 (ce  3.624 aux  4.826 ref 0.0013)  train median    1.73 m   0.45 s/step
step  3740/6000  loss  4.0467 (ce  2.601 aux  2.889 ref 0.0021)  train median    3.78 m   0.45 s/step
step  3760/6000  loss  5.6825 (ce  3.509 aux  4.346 ref 0.0012)  train median    3.60 m   0.45 s/step
step  3780/6000  loss  3.6644 (ce  2.395 aux  2.538 ref 0.0011)  train median    1.39 m   0.45 s/step
step  3800/6000  loss  4.7864 (ce  3.107 aux  3.358 ref 0.0012)  train median    4.07 m   0.45 s/step
  eval  n=192  median   1.97 m /   69.6 ms  p90    7.67 m /   243.6 ms  worst   165.28 m  within1  51.0%  within5  92.7%
        ks_black_cat_county__layout_short n=32  median   2.42 m /   76.0 ms  p90    7.49 m /   231.5 ms  worst    30.63 m  within1  43.8%  within5  90.6%
        ks_brands_hatch__indy    n=32  median   3.03 m /   79.0 ms  p90    6.31 m /   155.9 ms  worst     7.68 m  within1  43.8%  within5 100.0%
        ks_red_bull_ring__layout_national n=24  median   2.34 m /   67.0 ms  p90    5.85 m /   167.7 ms  worst     8.52 m  within1  41.7%  within5 100.0%
        ks_vallelunga__club_circuit n=48  median   1.82 m /   61.0 ms  p90    7.38 m /   318.8 ms  worst    12.13 m  within1  58.3%  within5  91.7%
        magione                  n=56  median   1.78 m /   79.5 ms  p90   15.65 m /   495.1 ms  worst   165.28 m  within1  57.1%  within5  87.5%
step  3820/6000  loss  4.7799 (ce  3.008 aux  3.541 ref 0.0027)  train median    5.16 m   0.45 s/step
step  3840/6000  loss  4.6742 (ce  2.902 aux  3.542 ref 0.0023)  train median    4.92 m   0.45 s/step
step  3860/6000  loss  4.8575 (ce  2.933 aux  3.849 ref 0.0005)  train median    3.58 m   0.45 s/step
step  3880/6000  loss  4.7385 (ce  3.006 aux  3.463 ref 0.0020)  train median    6.75 m   0.45 s/step
step  3900/6000  loss  3.6338 (ce  2.280 aux  2.707 ref 0.0008)  train median    1.19 m   0.45 s/step
step  3920/6000  loss  5.5177 (ce  3.313 aux  4.408 ref 0.0007)  train median    8.05 m   0.45 s/step
step  3940/6000  loss  3.8433 (ce  2.377 aux  2.932 ref 0.0011)  train median    2.48 m   0.45 s/step
step  3960/6000  loss  5.2439 (ce  3.422 aux  3.642 ref 0.0016)  train median    3.21 m   0.45 s/step
step  3980/6000  loss  4.2652 (ce  2.679 aux  3.171 ref 0.0010)  train median    1.86 m   0.45 s/step
step  4000/6000  loss  4.9141 (ce  3.127 aux  3.573 ref 0.0005)  train median    4.48 m   0.45 s/step
  eval  n=192  median   2.10 m /   72.1 ms  p90    7.93 m /   228.3 ms  worst   103.63 m  within1  49.0%  within5  94.8%
        ks_black_cat_county__layout_short n=32  median   2.49 m /   73.6 ms  p90    6.88 m /   178.4 ms  worst    30.19 m  within1  40.6%  within5  93.8%
        ks_brands_hatch__indy    n=32  median   2.77 m /   76.5 ms  p90    5.19 m /   136.9 ms  worst     7.98 m  within1  37.5%  within5 100.0%
        ks_red_bull_ring__layout_national n=24  median   2.40 m /   70.2 ms  p90    7.31 m /   180.4 ms  worst     8.70 m  within1  41.7%  within5 100.0%
        ks_vallelunga__club_circuit n=48  median   1.86 m /   77.5 ms  p90    7.78 m /   322.1 ms  worst    12.88 m  within1  54.2%  within5  93.8%
        magione                  n=56  median   1.59 m /   66.9 ms  p90    9.68 m /   344.9 ms  worst   103.63 m  within1  58.9%  within5  91.1%
step  4020/6000  loss  4.7950 (ce  3.074 aux  3.440 ref 0.0021)  train median    5.47 m   0.46 s/step
step  4040/6000  loss  9.4933 (ce  6.351 aux  6.284 ref 0.0005)  train median  578.45 m   0.46 s/step
step  4060/6000  loss  5.1279 (ce  3.212 aux  3.829 ref 0.0022)  train median    4.02 m   0.46 s/step
step  4080/6000  loss  4.4718 (ce  2.858 aux  3.225 ref 0.0017)  train median    5.34 m   0.46 s/step
step  4100/6000  loss  3.7050 (ce  2.450 aux  2.508 ref 0.0013)  train median    1.19 m   0.45 s/step
step  4120/6000  loss  3.9922 (ce  2.524 aux  2.936 ref 0.0015)  train median    2.55 m   0.45 s/step
step  4140/6000  loss  5.0554 (ce  3.148 aux  3.813 ref 0.0009)  train median    1.88 m   0.45 s/step
step  4160/6000  loss  3.6631 (ce  2.259 aux  2.808 ref 0.0006)  train median    0.85 m   0.45 s/step
step  4180/6000  loss  3.7315 (ce  2.395 aux  2.672 ref 0.0016)  train median    2.18 m   0.45 s/step
step  4200/6000  loss  3.5277 (ce  2.312 aux  2.430 ref 0.0011)  train median    1.91 m   0.45 s/step
  eval  n=192  median   2.07 m /   68.5 ms  p90    8.61 m /   294.2 ms  worst   171.20 m  within1  48.4%  within5  91.7%
        ks_black_cat_county__layout_short n=32  median   2.55 m /   64.4 ms  p90    6.25 m /   183.7 ms  worst    29.81 m  within1  43.8%  within5  90.6%
        ks_brands_hatch__indy    n=32  median   2.33 m /   57.6 ms  p90    4.60 m /   133.6 ms  worst     8.65 m  within1  46.9%  within5 100.0%
        ks_red_bull_ring__layout_national n=24  median   2.40 m /   72.7 ms  p90    7.18 m /   179.4 ms  worst     9.61 m  within1  41.7%  within5 100.0%
        ks_vallelunga__club_circuit n=48  median   1.99 m /   82.5 ms  p90   10.10 m /   326.2 ms  worst    49.40 m  within1  50.0%  within5  89.6%
        magione                  n=56  median   1.90 m /   65.8 ms  p90   13.81 m /   504.0 ms  worst   171.20 m  within1  53.6%  within5  85.7%
step  4220/6000  loss  4.3009 (ce  2.614 aux  3.373 ref 0.0005)  train median    2.40 m   0.46 s/step
step  4240/6000  loss  5.7941 (ce  3.505 aux  4.577 ref 0.0007)  train median    5.32 m   0.46 s/step
step  4260/6000  loss  3.7156 (ce  2.391 aux  2.647 ref 0.0015)  train median    2.85 m   0.46 s/step
step  4280/6000  loss  3.9071 (ce  2.577 aux  2.659 ref 0.0020)  train median    1.77 m   0.46 s/step
step  4300/6000  loss  4.4380 (ce  2.919 aux  3.037 ref 0.0014)  train median    2.95 m   0.46 s/step
step  4320/6000  loss  6.1253 (ce  4.034 aux  4.181 ref 0.0005)  train median    2.33 m   0.46 s/step
step  4340/6000  loss  4.0573 (ce  2.561 aux  2.991 ref 0.0021)  train median    2.91 m   0.46 s/step
step  4360/6000  loss  3.5553 (ce  2.273 aux  2.564 ref 0.0008)  train median    1.22 m   0.46 s/step
step  4380/6000  loss  3.9233 (ce  2.497 aux  2.850 ref 0.0016)  train median    1.98 m   0.46 s/step
step  4400/6000  loss  4.3348 (ce  2.652 aux  3.364 ref 0.0020)  train median    4.04 m   0.46 s/step
  eval  n=192  median   2.04 m /   72.9 ms  p90    7.35 m /   245.4 ms  worst    91.25 m  within1  49.0%  within5  94.3%
        ks_black_cat_county__layout_short n=32  median   2.39 m /   74.9 ms  p90    7.49 m /   197.5 ms  worst    29.19 m  within1  43.8%  within5  90.6%
        ks_brands_hatch__indy    n=32  median   2.59 m /   69.8 ms  p90    5.65 m /   157.0 ms  worst     8.39 m  within1  40.6%  within5 100.0%
        ks_red_bull_ring__layout_national n=24  median   2.29 m /   72.3 ms  p90    5.74 m /   152.3 ms  worst     8.40 m  within1  50.0%  within5 100.0%
        ks_vallelunga__club_circuit n=48  median   1.71 m /   69.7 ms  p90    9.63 m /   313.3 ms  worst    44.28 m  within1  54.2%  within5  91.7%
        magione                  n=56  median   1.91 m /   72.9 ms  p90    7.64 m /   291.9 ms  worst    91.25 m  within1  51.8%  within5  92.9%
step  4420/6000  loss  3.8445 (ce  2.441 aux  2.805 ref 0.0019)  train median    2.78 m   0.46 s/step
step  4440/6000  loss  6.1701 (ce  3.796 aux  4.746 ref 0.0014)  train median   15.06 m   0.46 s/step
step  4460/6000  loss  4.3028 (ce  2.459 aux  3.686 ref 0.0013)  train median    2.12 m   0.46 s/step
step  4480/6000  loss  4.5268 (ce  2.956 aux  3.140 ref 0.0025)  train median    3.69 m   0.46 s/step
step  4500/6000  loss  4.1470 (ce  2.622 aux  3.049 ref 0.0012)  train median    1.96 m   0.46 s/step
step  4520/6000  loss  4.9135 (ce  3.070 aux  3.685 ref 0.0013)  train median    2.28 m   0.46 s/step
step  4540/6000  loss  4.2925 (ce  2.658 aux  3.268 ref 0.0014)  train median    4.43 m   0.46 s/step
step  4560/6000  loss  5.3321 (ce  3.263 aux  4.135 ref 0.0026)  train median    7.74 m   0.46 s/step
step  4580/6000  loss  4.9796 (ce  3.219 aux  3.518 ref 0.0026)  train median    7.52 m   0.46 s/step
step  4600/6000  loss  4.0924 (ce  2.574 aux  3.036 ref 0.0009)  train median    1.54 m   0.46 s/step
  eval  n=192  median   2.03 m /   70.5 ms  p90    6.72 m /   225.9 ms  worst    48.15 m  within1  49.0%  within5  96.4%
        ks_black_cat_county__layout_short n=32  median   2.03 m /   58.4 ms  p90    8.76 m /   199.6 ms  worst    31.56 m  within1  46.9%  within5  93.8%
        ks_brands_hatch__indy    n=32  median   2.17 m /   76.5 ms  p90    6.49 m /   147.5 ms  worst     7.28 m  within1  46.9%  within5 100.0%
        ks_red_bull_ring__layout_national n=24  median   2.61 m /   74.8 ms  p90    4.85 m /   158.3 ms  worst     9.00 m  within1  41.7%  within5 100.0%
        ks_vallelunga__club_circuit n=48  median   1.65 m /   69.2 ms  p90    7.15 m /   281.8 ms  worst    48.15 m  within1  54.2%  within5  93.8%
        magione                  n=56  median   1.86 m /   75.2 ms  p90    6.57 m /   248.5 ms  worst    42.69 m  within1  50.0%  within5  96.4%
step  4620/6000  loss  4.6792 (ce  2.910 aux  3.536 ref 0.0023)  train median    4.73 m   0.46 s/step
step  4640/6000  loss  4.9608 (ce  3.194 aux  3.532 ref 0.0019)  train median    5.23 m   0.46 s/step
step  4660/6000  loss  4.2654 (ce  2.610 aux  3.310 ref 0.0009)  train median    1.12 m   0.46 s/step
step  4680/6000  loss  4.0726 (ce  2.536 aux  3.071 ref 0.0013)  train median    2.87 m   0.46 s/step
step  4700/6000  loss  5.0067 (ce  3.021 aux  3.971 ref 0.0015)  train median    3.81 m   0.46 s/step
step  4720/6000  loss  4.6180 (ce  3.026 aux  3.184 ref 0.0009)  train median    2.62 m   0.46 s/step
step  4740/6000  loss  5.4658 (ce  3.582 aux  3.767 ref 0.0018)  train median    4.72 m   0.46 s/step
step  4760/6000  loss  4.8915 (ce  2.909 aux  3.961 ref 0.0031)  train median    5.53 m   0.46 s/step
step  4780/6000  loss  5.2565 (ce  3.140 aux  4.232 ref 0.0006)  train median    5.89 m   0.46 s/step
step  4800/6000  loss  4.2403 (ce  2.590 aux  3.299 ref 0.0015)  train median    2.88 m   0.46 s/step
  eval  n=192  median   2.02 m /   69.4 ms  p90    6.27 m /   218.0 ms  worst    40.80 m  within1  49.5%  within5  96.4%
        ks_black_cat_county__layout_short n=32  median   2.27 m /   71.9 ms  p90    6.61 m /   191.2 ms  worst    30.28 m  within1  37.5%  within5  90.6%
        ks_brands_hatch__indy    n=32  median   1.93 m /   65.9 ms  p90    5.60 m /   126.6 ms  worst     6.88 m  within1  50.0%  within5 100.0%
        ks_red_bull_ring__layout_national n=24  median   2.57 m /   67.7 ms  p90    4.43 m /   135.0 ms  worst     9.02 m  within1  45.8%  within5 100.0%
        ks_vallelunga__club_circuit n=48  median   1.80 m /   68.1 ms  p90    7.58 m /   276.6 ms  worst    10.33 m  within1  56.2%  within5  97.9%
        magione                  n=56  median   1.88 m /   74.7 ms  p90    5.97 m /   242.9 ms  worst    40.80 m  within1  51.8%  within5  94.6%
step  4820/6000  loss  4.6692 (ce  2.893 aux  3.552 ref 0.0010)  train median    4.48 m   0.46 s/step
step  4840/6000  loss  4.8904 (ce  3.182 aux  3.415 ref 0.0028)  train median    7.99 m   0.46 s/step
step  4860/6000  loss  3.7872 (ce  2.368 aux  2.838 ref 0.0010)  train median    2.09 m   0.46 s/step
step  4880/6000  loss  4.8687 (ce  3.017 aux  3.702 ref 0.0015)  train median    5.62 m   0.46 s/step
step  4900/6000  loss  4.7578 (ce  2.874 aux  3.767 ref 0.0010)  train median    1.94 m   0.46 s/step
step  4920/6000  loss  4.3854 (ce  2.755 aux  3.259 ref 0.0014)  train median    3.28 m   0.46 s/step
step  4940/6000  loss  5.5724 (ce  3.864 aux  3.414 ref 0.0022)  train median    2.78 m   0.46 s/step
step  4960/6000  loss  4.7637 (ce  3.221 aux  3.084 ref 0.0026)  train median    5.20 m   0.46 s/step
step  4980/6000  loss  6.4561 (ce  4.100 aux  4.711 ref 0.0005)  train median    6.07 m   0.46 s/step
step  5000/6000  loss  4.6625 (ce  2.925 aux  3.474 ref 0.0018)  train median    3.62 m   0.46 s/step
  eval  n=192  median   2.06 m /   71.0 ms  p90    6.94 m /   209.5 ms  worst    40.76 m  within1  48.4%  within5  97.4%
        ks_black_cat_county__layout_short n=32  median   2.33 m /   78.9 ms  p90    8.36 m /   197.1 ms  worst    31.32 m  within1  40.6%  within5  90.6%
        ks_brands_hatch__indy    n=32  median   2.30 m /   56.6 ms  p90    6.01 m /   140.5 ms  worst     8.03 m  within1  46.9%  within5 100.0%
        ks_red_bull_ring__layout_national n=24  median   2.18 m /   69.5 ms  p90    5.16 m /   145.9 ms  worst     9.24 m  within1  33.3%  within5 100.0%
        ks_vallelunga__club_circuit n=48  median   1.72 m /   65.9 ms  p90    7.86 m /   291.0 ms  worst     9.97 m  within1  62.5%  within5 100.0%
        magione                  n=56  median   2.02 m /   80.4 ms  p90    6.48 m /   243.0 ms  worst    40.76 m  within1  48.2%  within5  96.4%
step  5020/6000  loss  4.4969 (ce  2.891 aux  3.209 ref 0.0015)  train median    3.85 m   0.46 s/step
step  5040/6000  loss  3.8250 (ce  2.305 aux  3.039 ref 0.0008)  train median    1.03 m   0.46 s/step
step  5060/6000  loss  4.6785 (ce  2.881 aux  3.594 ref 0.0016)  train median    2.70 m   0.46 s/step
step  5080/6000  loss  3.5891 (ce  2.322 aux  2.533 ref 0.0012)  train median    1.63 m   0.46 s/step
step  5100/6000  loss  3.9556 (ce  2.474 aux  2.962 ref 0.0014)  train median    2.31 m   0.46 s/step
step  5120/6000  loss  3.8306 (ce  2.412 aux  2.835 ref 0.0017)  train median    2.28 m   0.46 s/step
step  5140/6000  loss  4.7972 (ce  2.865 aux  3.864 ref 0.0008)  train median    5.44 m   0.46 s/step
step  5160/6000  loss  6.9846 (ce  4.588 aux  4.794 ref 0.0002)  train median   24.38 m   0.46 s/step
step  5180/6000  loss  4.4113 (ce  2.586 aux  3.651 ref 0.0007)  train median    1.89 m   0.46 s/step
step  5200/6000  loss  3.7958 (ce  2.431 aux  2.728 ref 0.0013)  train median    2.70 m   0.46 s/step
  eval  n=192  median   2.00 m /   69.2 ms  p90    6.76 m /   214.4 ms  worst   102.54 m  within1  50.0%  within5  96.9%
        ks_black_cat_county__layout_short n=32  median   2.51 m /   72.9 ms  p90    8.91 m /   186.3 ms  worst    31.09 m  within1  37.5%  within5  90.6%
        ks_brands_hatch__indy    n=32  median   2.25 m /   61.2 ms  p90    5.41 m /   138.3 ms  worst     6.79 m  within1  46.9%  within5 100.0%
        ks_red_bull_ring__layout_national n=24  median   1.95 m /   62.6 ms  p90    5.20 m /   154.8 ms  worst     9.76 m  within1  50.0%  within5 100.0%
        ks_vallelunga__club_circuit n=48  median   1.86 m /   70.9 ms  p90    7.45 m /   273.2 ms  worst     9.96 m  within1  58.3%  within5 100.0%
        magione                  n=56  median   1.87 m /   76.6 ms  p90    7.03 m /   259.0 ms  worst   102.54 m  within1  51.8%  within5  94.6%
step  5220/6000  loss  4.4055 (ce  2.742 aux  3.323 ref 0.0029)  train median    4.34 m   0.46 s/step
step  5240/6000  loss  4.4733 (ce  2.862 aux  3.220 ref 0.0021)  train median    4.33 m   0.46 s/step
step  5260/6000  loss  3.9679 (ce  2.588 aux  2.757 ref 0.0023)  train median    2.90 m   0.46 s/step
step  5280/6000  loss  5.7210 (ce  3.517 aux  4.403 ref 0.0053)  train median   11.07 m   0.46 s/step
step  5300/6000  loss  5.3918 (ce  3.451 aux  3.879 ref 0.0018)  train median    3.41 m   0.46 s/step
step  5320/6000  loss  3.9922 (ce  2.517 aux  2.947 ref 0.0022)  train median    2.40 m   0.46 s/step
step  5340/6000  loss  4.0419 (ce  2.520 aux  3.043 ref 0.0012)  train median    2.48 m   0.46 s/step
step  5360/6000  loss  4.8091 (ce  2.954 aux  3.711 ref 0.0003)  train median    1.63 m   0.46 s/step
step  5380/6000  loss  4.4351 (ce  2.732 aux  3.404 ref 0.0015)  train median    1.42 m   0.46 s/step
step  5400/6000  loss  5.6169 (ce  3.428 aux  4.376 ref 0.0024)  train median    4.58 m   0.46 s/step
  eval  n=192  median   1.94 m /   71.1 ms  p90    6.40 m /   206.1 ms  worst    31.07 m  within1  52.1%  within5  96.4%
        ks_black_cat_county__layout_short n=32  median   2.21 m /   69.6 ms  p90    9.55 m /   184.3 ms  worst    30.63 m  within1  43.8%  within5  90.6%
        ks_brands_hatch__indy    n=32  median   2.15 m /   72.0 ms  p90    4.95 m /   138.0 ms  worst     6.11 m  within1  50.0%  within5 100.0%
        ks_red_bull_ring__layout_national n=24  median   1.99 m /   65.4 ms  p90    5.33 m /   161.2 ms  worst     9.08 m  within1  50.0%  within5 100.0%
        ks_vallelunga__club_circuit n=48  median   1.80 m /   70.3 ms  p90    6.99 m /   264.4 ms  worst    10.63 m  within1  58.3%  within5  97.9%
        magione                  n=56  median   1.83 m /   72.0 ms  p90    6.50 m /   255.2 ms  worst    31.07 m  within1  53.6%  within5  94.6%
step  5420/6000  loss  4.3060 (ce  2.757 aux  3.097 ref 0.0006)  train median    4.22 m   0.46 s/step
step  5440/6000  loss  4.5903 (ce  2.983 aux  3.214 ref 0.0017)  train median    4.25 m   0.46 s/step
step  5460/6000  loss  3.8561 (ce  2.431 aux  2.849 ref 0.0012)  train median    1.38 m   0.46 s/step
step  5480/6000  loss  5.3391 (ce  3.396 aux  3.886 ref 0.0008)  train median    6.00 m   0.46 s/step
step  5500/6000  loss  3.9738 (ce  2.513 aux  2.921 ref 0.0008)  train median    1.62 m   0.46 s/step
step  5520/6000  loss  4.0304 (ce  2.427 aux  3.205 ref 0.0017)  train median    4.09 m   0.46 s/step
step  5540/6000  loss  4.2920 (ce  2.645 aux  3.292 ref 0.0021)  train median    4.60 m   0.46 s/step
step  5560/6000  loss  7.2042 (ce  4.715 aux  4.978 ref 0.0008)  train median    7.90 m   0.46 s/step
step  5580/6000  loss  4.5101 (ce  2.920 aux  3.178 ref 0.0022)  train median    4.49 m   0.46 s/step
step  5600/6000  loss  4.2196 (ce  2.684 aux  3.070 ref 0.0015)  train median    1.92 m   0.46 s/step
  eval  n=192  median   1.97 m /   70.6 ms  p90    6.59 m /   208.8 ms  worst    30.90 m  within1  51.6%  within5  96.9%
        ks_black_cat_county__layout_short n=32  median   2.29 m /   68.7 ms  p90    7.82 m /   192.4 ms  worst    30.90 m  within1  43.8%  within5  90.6%
        ks_brands_hatch__indy    n=32  median   2.26 m /   59.1 ms  p90    5.51 m /   139.1 ms  worst     6.82 m  within1  46.9%  within5 100.0%
        ks_red_bull_ring__layout_national n=24  median   2.10 m /   68.3 ms  p90    5.10 m /   154.9 ms  worst     9.44 m  within1  45.8%  within5 100.0%
        ks_vallelunga__club_circuit n=48  median   1.84 m /   69.0 ms  p90    7.41 m /   264.2 ms  worst     9.65 m  within1  62.5%  within5 100.0%
        magione                  n=56  median   1.93 m /   77.1 ms  p90    5.94 m /   238.0 ms  worst    29.83 m  within1  51.8%  within5  94.6%
step  5620/6000  loss  4.5279 (ce  2.958 aux  3.137 ref 0.0015)  train median    2.04 m   0.46 s/step
step  5640/6000  loss  6.0633 (ce  4.105 aux  3.916 ref 0.0008)  train median    4.17 m   0.46 s/step
step  5660/6000  loss  3.9910 (ce  2.545 aux  2.889 ref 0.0018)  train median    3.29 m   0.46 s/step
step  5680/6000  loss  3.9186 (ce  2.459 aux  2.917 ref 0.0018)  train median    2.53 m   0.46 s/step
step  5700/6000  loss  3.7403 (ce  2.364 aux  2.752 ref 0.0016)  train median    2.38 m   0.46 s/step
step  5720/6000  loss  4.1035 (ce  2.521 aux  3.165 ref 0.0010)  train median    1.58 m   0.46 s/step
step  5740/6000  loss  3.3899 (ce  2.192 aux  2.395 ref 0.0006)  train median    1.20 m   0.46 s/step
step  5760/6000  loss  4.6464 (ce  3.030 aux  3.231 ref 0.0026)  train median    4.41 m   0.46 s/step
step  5780/6000  loss  4.5146 (ce  2.895 aux  3.237 ref 0.0016)  train median    3.26 m   0.46 s/step
step  5800/6000  loss  3.6655 (ce  2.377 aux  2.575 ref 0.0015)  train median    2.40 m   0.46 s/step
  eval  n=192  median   1.87 m /   68.5 ms  p90    6.32 m /   207.6 ms  worst    30.69 m  within1  51.6%  within5  96.4%
        ks_black_cat_county__layout_short n=32  median   2.12 m /   66.1 ms  p90    9.78 m /   189.2 ms  worst    30.69 m  within1  43.8%  within5  87.5%
        ks_brands_hatch__indy    n=32  median   2.28 m /   68.6 ms  p90    5.26 m /   136.1 ms  worst     6.33 m  within1  46.9%  within5 100.0%
        ks_red_bull_ring__layout_national n=24  median   1.96 m /   64.2 ms  p90    5.05 m /   154.9 ms  worst     8.93 m  within1  50.0%  within5 100.0%
        ks_vallelunga__club_circuit n=48  median   1.68 m /   67.5 ms  p90    7.03 m /   271.3 ms  worst    10.23 m  within1  60.4%  within5  97.9%
        magione                  n=56  median   1.79 m /   73.9 ms  p90    6.33 m /   239.1 ms  worst    30.42 m  within1  51.8%  within5  96.4%
step  5820/6000  loss  5.1783 (ce  3.539 aux  3.277 ref 0.0020)  train median    4.43 m   0.46 s/step
step  5840/6000  loss  3.7813 (ce  2.369 aux  2.824 ref 0.0013)  train median    2.62 m   0.46 s/step
step  5860/6000  loss  4.1393 (ce  2.563 aux  3.151 ref 0.0010)  train median    1.72 m   0.46 s/step
step  5880/6000  loss  5.2148 (ce  3.406 aux  3.615 ref 0.0014)  train median    3.35 m   0.46 s/step
step  5900/6000  loss  3.9060 (ce  2.408 aux  2.994 ref 0.0010)  train median    1.24 m   0.46 s/step
step  5920/6000  loss  5.8126 (ce  3.559 aux  4.506 ref 0.0010)  train median    6.83 m   0.46 s/step
step  5940/6000  loss  4.2846 (ce  2.736 aux  3.096 ref 0.0019)  train median    3.38 m   0.46 s/step
step  5960/6000  loss  4.3298 (ce  2.683 aux  3.293 ref 0.0009)  train median    1.74 m   0.46 s/step
step  5980/6000  loss  4.4307 (ce  2.687 aux  3.488 ref 0.0007)  train median    2.65 m   0.46 s/step
step  6000/6000  loss  4.6396 (ce  2.809 aux  3.660 ref 0.0014)  train median    3.68 m   0.46 s/step
  eval  n=192  median   1.87 m /   68.8 ms  p90    6.32 m /   209.3 ms  worst    30.67 m  within1  52.6%  within5  96.4%
        ks_black_cat_county__layout_short n=32  median   2.15 m /   66.5 ms  p90    9.73 m /   188.4 ms  worst    30.67 m  within1  43.8%  within5  87.5%
        ks_brands_hatch__indy    n=32  median   2.29 m /   67.3 ms  p90    5.27 m /   135.8 ms  worst     6.34 m  within1  46.9%  within5 100.0%
        ks_red_bull_ring__layout_national n=24  median   1.94 m /   65.0 ms  p90    5.05 m /   154.7 ms  worst     8.99 m  within1  54.2%  within5 100.0%
        ks_vallelunga__club_circuit n=48  median   1.68 m /   66.8 ms  p90    7.08 m /   273.3 ms  worst    10.20 m  within1  62.5%  within5  97.9%
        magione                  n=56  median   1.75 m /   73.8 ms  p90    6.30 m /   238.0 ms  worst    30.43 m  within1  51.8%  within5  96.4%

best eval median 1.87 m; artifacts in /Users/pvodopija/code/primal/runs/ab_cam2_mirror_long
