  G1 ks_black_cat_county__layout_ ref 180056Z  live 183526Z
  G1 ks_black_cat_county__layout_ ref 183242Z  live 183526Z
  G1 ks_brands_hatch__indy        ref 171903Z  live 221531Z
  G1 ks_brands_hatch__indy        ref 181357Z  live 221531Z
  G1 ks_highlands__layout_short   ref 212549Z  live 005654Z
  G1 ks_laguna_seca               ref 110507Z  live 123110Z
  G1 ks_monza66__junior           ref 091133Z  live 093530Z
  G1 ks_nurburgring__layout_sprin ref 100528Z  live 103410Z
  G1 ks_red_bull_ring__layout_nat ref 232216Z  live 174436Z
  G1 ks_red_bull_ring__layout_nat ref 233620Z  live 174436Z
  G1 ks_vallelunga__club_circuit  ref 220345Z  live 223945Z
  G1 ks_vallelunga__club_circuit  ref 222513Z  live 223945Z
  G1 magione                      ref 225059Z  live 231051Z
  G1 magione                      ref 230023Z  live 231051Z
  G2 ks_silverstone__national     ref 105441Z  live 104658Z
  G2 ks_silverstone__national     ref 105442Z  live 104658Z
  G2 ks_silverstone__national     ref 105441Z  live 104658Z
  G2 ks_silverstone__national     ref 105442Z  live 104658Z
  G2 ks_silverstone__national     ref 105441Z  live 104658Z
  G2 ks_silverstone__national     ref 105442Z  live 104658Z
  G2 ks_silverstone__national     ref 105441Z  live 104658Z
  G2 ks_silverstone__national     ref 105442Z  live 104658Z
  G2 ks_silverstone__national     ref 105441Z  live 104658Z
  G2 ks_silverstone__national     ref 105442Z  live 104658Z
  G2 ks_silverstone__national     ref 105441Z  live 104658Z
  G2 ks_silverstone__national     ref 105442Z  live 104658Z
  G2 ks_silverstone__national     ref 105441Z  live 104658Z
  G2 ks_silverstone__national     ref 105442Z  live 104658Z
  G2 ks_silverstone__national     ref 104658Z  live 105441Z
  G2 ks_silverstone__national     ref 105442Z  live 105441Z
  G2 ks_silverstone__national     ref 104658Z  live 105441Z
  G2 ks_silverstone__national     ref 105442Z  live 105441Z
  G2 ks_silverstone__national     ref 104658Z  live 105441Z
  G2 ks_silverstone__national     ref 105442Z  live 105441Z
  G2 ks_silverstone__national     ref 104658Z  live 105441Z
  G2 ks_silverstone__national     ref 105442Z  live 105441Z
  G2 ks_silverstone__national     ref 104658Z  live 105441Z
  G2 ks_silverstone__national     ref 105442Z  live 105441Z
  G2 ks_silverstone__national     ref 104658Z  live 105441Z
  G2 ks_silverstone__national     ref 105442Z  live 105441Z
  G2 ks_silverstone__national     ref 104658Z  live 105441Z
  G2 ks_silverstone__national     ref 105442Z  live 105441Z
  G2 ks_silverstone__national     ref 104658Z  live 105441Z
  G2 ks_silverstone__national     ref 105442Z  live 105441Z
  G2 ks_silverstone__national     ref 104658Z  live 105442Z
  G2 ks_silverstone__national     ref 105441Z  live 105442Z
  G2 ks_silverstone__national     ref 104658Z  live 105442Z
  G2 ks_silverstone__national     ref 105441Z  live 105442Z
  G2 ks_silverstone__national     ref 104658Z  live 105442Z
  G2 ks_silverstone__national     ref 105441Z  live 105442Z
  G2 ks_silverstone__national     ref 104658Z  live 105442Z
  G2 ks_silverstone__national     ref 105441Z  live 105442Z
  G2 ks_silverstone__national     ref 104658Z  live 105442Z
  G2 ks_silverstone__national     ref 105441Z  live 105442Z
  G2 ks_silverstone__national     ref 104658Z  live 105442Z
  G2 ks_silverstone__national     ref 105441Z  live 105442Z
  G2 ks_silverstone__national     ref 104658Z  live 105442Z
  G2 ks_silverstone__national     ref 105441Z  live 105442Z
  G2 ks_silverstone__national     ref 104658Z  live 105442Z
  G2 ks_silverstone__national     ref 105441Z  live 105442Z
  G2 rt_lime_rock_park__no_chican ref 143440Z  live 141815Z
  G2 rt_lime_rock_park__no_chican ref 143440Z  live 141815Z
  G2 rt_lime_rock_park__no_chican ref 143440Z  live 141815Z
  G2 rt_lime_rock_park__no_chican ref 143440Z  live 141815Z
  G2 rt_lime_rock_park__no_chican ref 143440Z  live 141815Z
  G2 rt_lime_rock_park__no_chican ref 143440Z  live 141815Z
  G2 rt_lime_rock_park__no_chican ref 143440Z  live 141815Z
  G2 rt_lime_rock_park__no_chican ref 143440Z  live 141815Z
  G2 rt_lime_rock_park__no_chican ref 143440Z  live 141815Z
  G2 rt_lime_rock_park__no_chican ref 141815Z  live 143440Z
  G2 rt_lime_rock_park__no_chican ref 141815Z  live 143440Z
  G2 rt_lime_rock_park__no_chican ref 141815Z  live 143440Z
  G2 rt_lime_rock_park__no_chican ref 141815Z  live 143440Z
  G2 rt_lime_rock_park__no_chican ref 141815Z  live 143440Z
  G2 rt_lime_rock_park__no_chican ref 141815Z  live 143440Z
  G2 rt_lime_rock_park__no_chican ref 141815Z  live 143440Z
  G2 rt_lime_rock_park__no_chican ref 141815Z  live 143440Z
  G2 rt_oulton_park__fosters      ref 195157Z  live 193254Z
  G2 rt_oulton_park__fosters      ref 195157Z  live 193254Z
  G2 rt_oulton_park__fosters      ref 195157Z  live 193254Z
  G2 rt_oulton_park__fosters      ref 195157Z  live 193254Z
  G2 rt_oulton_park__fosters      ref 195157Z  live 193254Z
  G2 rt_oulton_park__fosters      ref 195157Z  live 193254Z
  G2 rt_oulton_park__fosters      ref 195157Z  live 193254Z
  G2 rt_oulton_park__fosters      ref 195157Z  live 193254Z
  G2 rt_oulton_park__fosters      ref 195157Z  live 193254Z
  G2 rt_oulton_park__fosters      ref 193254Z  live 195157Z
  G2 rt_oulton_park__fosters      ref 193254Z  live 195157Z
  G2 rt_oulton_park__fosters      ref 193254Z  live 195157Z
  G2 rt_oulton_park__fosters      ref 193254Z  live 195157Z
  G2 rt_oulton_park__fosters      ref 193254Z  live 195157Z
  G2 rt_oulton_park__fosters      ref 193254Z  live 195157Z
  G2 rt_oulton_park__fosters      ref 193254Z  live 195157Z
  G2 rt_oulton_park__fosters      ref 193254Z  live 195157Z
  G2 rt_oulton_park__fosters      ref 193254Z  live 195157Z

                                                                       median      p90  >100 ms   >10 m     worst
G1 single                                                       2.51 m   81 ms   280 ms    41.0%    9.1%   3224.0 m
G1 filter                                                       2.47 m   79 ms   262 ms    41.3%    7.6%   1548.1 m
G1 filter, reference time                                       1.55 m   50 ms   134 ms    20.0%    0.9%     38.4 m
G1 filter + speed                                               1.10 m   36 ms    95 ms     8.4%    0.1%     10.5 m
G1 filter, lag-corrected                                        2.48 m   79 ms   261 ms    40.7%    7.5%   1548.3 m
G1 filter, reference time, lag-corrected                        1.49 m   48 ms   134 ms    19.2%    0.9%     37.9 m
G1 filter + speed, lag-corrected                                1.06 m   33 ms    91 ms     7.5%    0.0%     10.1 m
G2 single                                                       2.65 m   72 ms   364 ms    37.8%   12.8%   1299.9 m
G2 filter                                                       2.54 m   70 ms   274 ms    36.7%   10.5%   1300.0 m
G2 filter, reference time                                       1.67 m   45 ms   124 ms    16.6%    0.7%     67.5 m
G2 filter + speed                                               1.09 m   30 ms    74 ms     4.5%    1.6%    590.3 m
G2 filter, lag-corrected                                        2.52 m   69 ms   275 ms    36.2%   10.5%   1300.0 m
G2 filter, reference time, lag-corrected                        1.67 m   45 ms   125 ms    17.0%    0.8%     67.1 m
G2 filter + speed, lag-corrected                                1.03 m   28 ms    73 ms     4.4%    1.6%    589.9 m
G2 ks_silverstone__national single                              3.25 m   88 ms   905 ms    45.2%   18.8%   1299.9 m
G2 ks_silverstone__national filter                              3.07 m   84 ms   430 ms    43.6%   15.6%   1300.0 m
G2 ks_silverstone__national filter, reference time              1.81 m   49 ms   137 ms    19.2%    1.3%     67.5 m
G2 ks_silverstone__national filter + speed                      1.14 m   31 ms    84 ms     6.9%    2.8%    590.3 m
G2 ks_silverstone__national filter, lag-corrected               3.05 m   83 ms   433 ms    43.3%   15.6%   1300.0 m
G2 ks_silverstone__national filter, reference time, lag-corrected    1.81 m   49 ms   140 ms    20.0%    1.4%     67.1 m
G2 ks_silverstone__national filter + speed, lag-corrected       1.10 m   30 ms    85 ms     6.9%    2.7%    589.9 m
G2 same car single                                              3.96 m  105 ms  2191 ms    51.7%   25.3%   1299.9 m
G2 same car filter                                              3.65 m  100 ms   896 ms    49.9%   21.5%   1300.0 m
G2 same car filter, reference time                              1.56 m   42 ms   120 ms    14.5%    2.0%     67.5 m
G2 same car filter + speed                                      1.31 m   36 ms   112 ms    12.3%    4.9%    589.5 m
G2 same car filter, lag-corrected                               3.68 m   98 ms   895 ms    49.4%   21.5%   1300.0 m
G2 same car filter, reference time, lag-corrected               1.55 m   42 ms   118 ms    14.5%    2.0%     67.1 m
G2 same car filter + speed, lag-corrected                       1.26 m   35 ms   109 ms    11.4%    4.9%    589.0 m
G2 rt_lime_rock_park__no_chicane single                         1.97 m   53 ms   142 ms    22.4%    1.3%    972.2 m
G2 rt_lime_rock_park__no_chicane filter                         1.99 m   53 ms   142 ms    22.5%    0.6%     15.6 m
G2 rt_lime_rock_park__no_chicane filter, reference time         1.41 m   38 ms   102 ms    10.5%    0.0%     10.3 m
G2 rt_lime_rock_park__no_chicane filter + speed                 0.90 m   24 ms    54 ms     0.1%    0.0%      5.1 m
G2 rt_lime_rock_park__no_chicane filter, lag-corrected          1.91 m   52 ms   141 ms    21.7%    0.5%     15.8 m
G2 rt_lime_rock_park__no_chicane filter, reference time, lag-corrected    1.43 m   39 ms   101 ms    10.3%    0.0%      9.5 m
G2 rt_lime_rock_park__no_chicane filter + speed, lag-corrected    0.81 m   21 ms    50 ms     0.2%    0.0%      3.8 m
G2 rt_oulton_park__fosters single                               2.24 m   63 ms   227 ms    32.5%    7.6%    597.6 m
G2 rt_oulton_park__fosters filter                               2.13 m   59 ms   215 ms    31.2%    6.1%    542.4 m
G2 rt_oulton_park__fosters filter, reference time               1.58 m   44 ms   118 ms    15.3%    0.0%     10.1 m
G2 rt_oulton_park__fosters filter + speed                       1.14 m   31 ms    67 ms     2.4%    0.0%      6.8 m
G2 rt_oulton_park__fosters filter, lag-corrected                2.14 m   59 ms   213 ms    31.0%    6.1%    541.8 m
G2 rt_oulton_park__fosters filter, reference time, lag-corrected    1.54 m   43 ms   116 ms    15.3%    0.0%     11.0 m
G2 rt_oulton_park__fosters filter + speed, lag-corrected        1.10 m   30 ms    64 ms     2.0%    0.0%      6.4 m
