gate g1: held-out laps of seen tracks; full augmentation
train tracks ['ks_black_cat_county__layout_short', 'ks_brands_hatch__indy', 'ks_highlands__layout_short', 'ks_laguna_seca', 'ks_monza66__junior', 'ks_nurburgring__layout_sprint_a', 'ks_red_bull_ring__layout_national', 'ks_vallelunga__club_circuit', 'magione'] (284 laps usable)
eval  tracks ['ks_black_cat_county__layout_short', 'ks_brands_hatch__indy', 'ks_highlands__layout_short', 'ks_laguna_seca', 'ks_monza66__junior', 'ks_nurburgring__layout_sprint_a', 'ks_red_bull_ring__layout_national', 'ks_vallelunga__club_circuit', 'magione'], split=train
held out as live-only: ['ks_black_cat_county__layout_short__20260923T183526Z__lap07', 'ks_brands_hatch__indy__20260921T221531Z__lap02', 'ks_highlands__layout_short__20260928T005654Z__lap54', 'ks_laguna_seca__default__20260928T123110Z__lap12', 'ks_monza66__junior__20260928T093530Z__lap14', 'ks_nurburgring__layout_sprint_a__20260928T103410Z__lap12', 'ks_red_bull_ring__layout_national__20260923T174436Z__lap11', 'ks_vallelunga__club_circuit__20260922T223945Z__lap07', 'magione__default__20260922T231051Z__lap06']
frame 148x80, reference bins 3227
model 0.67M params on mps

step     1/6000  loss 10.1123 (ce  6.768 aux  6.688 ref 0.0000)  train median  633.21 m   1.64 s/step
step    20/6000  loss 10.9019 (ce  7.569 aux  6.661 ref 0.0036)  train median  713.05 m   0.37 s/step
step    40/6000  loss 10.8667 (ce  7.557 aux  6.619 ref 0.0000)  train median  727.67 m   0.33 s/step
step    60/6000  loss 10.9319 (ce  7.456 aux  6.953 ref 0.0000)  train median 1332.02 m   0.32 s/step
step    80/6000  loss  9.9593 (ce  6.909 aux  6.100 ref 0.0000)  train median  326.92 m   0.33 s/step
step   100/6000  loss  9.4250 (ce  6.617 aux  5.615 ref 0.0018)  train median   69.20 m   0.34 s/step
step   120/6000  loss  8.4058 (ce  5.822 aux  5.167 ref 0.0009)  train median  121.97 m   0.34 s/step
step   140/6000  loss  6.6963 (ce  4.514 aux  4.362 ref 0.0032)  train median    7.17 m   0.34 s/step
step   160/6000  loss  9.0216 (ce  6.064 aux  5.914 ref 0.0018)  train median   85.18 m   0.35 s/step
step   180/6000  loss  7.4911 (ce  4.992 aux  4.994 ref 0.0029)  train median    9.31 m   0.35 s/step
step   200/6000  loss  7.3207 (ce  4.799 aux  5.041 ref 0.0018)  train median   79.17 m   0.35 s/step
  eval  n=192  median  17.16 m /  460.3 ms  p90  757.48 m / 23277.8 ms  worst  2845.85 m  within1  12.5%  within5  41.1%
        ks_black_cat_county__layout_short n=24  median   9.81 m /  309.6 ms  p90 2098.94 m / 58010.6 ms  worst  2845.85 m  within1  25.0%  within5  50.0%
        ks_brands_hatch__indy    n=16  median  36.91 m /  997.7 ms  p90  770.88 m / 24735.9 ms  worst   907.09 m  within1   6.2%  within5  25.0%
        ks_highlands__layout_short n=16  median 227.45 m / 6888.5 ms  p90  630.73 m / 21058.0 ms  worst   744.75 m  within1   0.0%  within5   6.2%
        ks_laguna_seca           n=16  median 239.09 m / 6047.9 ms  p90  967.64 m / 28954.7 ms  worst  1397.15 m  within1   6.2%  within5  18.8%
        ks_monza66__junior       n=8  median   6.12 m /  182.0 ms  p90   14.30 m /   343.7 ms  worst    30.76 m  within1   0.0%  within5  87.5%
        ks_nurburgring__layout_sprint_a n=24  median  20.89 m /  712.2 ms  p90 1022.08 m / 34836.5 ms  worst  1366.73 m  within1  29.2%  within5  37.5%
        ks_red_bull_ring__layout_national n=16  median  24.23 m /  764.1 ms  p90  131.48 m /  3080.0 ms  worst   669.96 m  within1  12.5%  within5  25.0%
        ks_vallelunga__club_circuit n=32  median   8.66 m /  302.4 ms  p90  138.98 m /  5886.9 ms  worst   827.33 m  within1  12.5%  within5  53.1%
        magione                  n=40  median   8.31 m /  305.3 ms  p90  175.43 m /  5132.1 ms  worst   610.37 m  within1   7.5%  within5  55.0%
step   220/6000  loss  8.2792 (ce  5.450 aux  5.655 ref 0.0032)  train median   20.10 m   0.38 s/step
step   240/6000  loss  7.1357 (ce  4.613 aux  5.044 ref 0.0022)  train median    9.79 m   0.38 s/step
step   260/6000  loss  7.6094 (ce  4.983 aux  5.250 ref 0.0038)  train median   29.14 m   0.38 s/step
step   280/6000  loss  8.3637 (ce  5.655 aux  5.417 ref 0.0008)  train median   82.47 m   0.38 s/step
step   300/6000  loss  6.2573 (ce  4.000 aux  4.510 ref 0.0040)  train median    8.09 m   0.38 s/step
step   320/6000  loss  6.1422 (ce  4.013 aux  4.255 ref 0.0028)  train median    7.14 m   0.38 s/step
step   340/6000  loss  6.7402 (ce  4.360 aux  4.756 ref 0.0040)  train median   28.68 m   0.39 s/step
step   360/6000  loss  5.6831 (ce  3.523 aux  4.318 ref 0.0031)  train median    4.09 m   0.38 s/step
step   380/6000  loss  7.1260 (ce  4.714 aux  4.820 ref 0.0033)  train median   11.49 m   0.38 s/step
step   400/6000  loss  7.0402 (ce  4.524 aux  5.031 ref 0.0014)  train median   32.53 m   0.37 s/step
  eval  n=192  median   4.55 m /  156.9 ms  p90  593.61 m / 18158.4 ms  worst  2659.95 m  within1  25.5%  within5  68.2%
        ks_black_cat_county__layout_short n=24  median   3.56 m /  111.1 ms  p90 1396.82 m / 37220.5 ms  worst  2659.95 m  within1  29.2%  within5  66.7%
        ks_brands_hatch__indy    n=16  median   3.50 m /  132.3 ms  p90  276.50 m /  8928.6 ms  worst   601.26 m  within1  31.2%  within5  68.8%
        ks_highlands__layout_short n=16  median   7.70 m /  226.6 ms  p90  617.16 m / 19402.0 ms  worst   758.60 m  within1   6.2%  within5  56.2%
        ks_laguna_seca           n=16  median  28.76 m /  829.5 ms  p90 1430.15 m / 42157.4 ms  worst  1486.31 m  within1   6.2%  within5  31.2%
        ks_monza66__junior       n=8  median   1.50 m /   43.8 ms  p90   12.34 m /   319.1 ms  worst    29.72 m  within1  62.5%  within5  87.5%
        ks_nurburgring__layout_sprint_a n=24  median   8.70 m /  268.4 ms  p90 1216.98 m / 35681.4 ms  worst  1418.39 m  within1  12.5%  within5  54.2%
        ks_red_bull_ring__layout_national n=16  median   6.76 m /  191.3 ms  p90   20.71 m /   629.0 ms  worst   146.04 m  within1  25.0%  within5  62.5%
        ks_vallelunga__club_circuit n=32  median   2.95 m /   95.9 ms  p90   14.67 m /   451.6 ms  worst    43.99 m  within1  40.6%  within5  81.2%
        magione                  n=40  median   3.36 m /  126.7 ms  p90   12.50 m /   479.5 ms  worst    61.92 m  within1  25.0%  within5  85.0%
step   420/6000  loss  6.0611 (ce  3.802 aux  4.518 ref 0.0015)  train median    6.24 m   0.39 s/step
step   440/6000  loss  7.1841 (ce  4.626 aux  5.114 ref 0.0013)  train median    4.87 m   0.39 s/step
step   460/6000  loss  6.2907 (ce  4.016 aux  4.548 ref 0.0026)  train median    7.33 m   0.39 s/step
step   480/6000  loss  5.1904 (ce  3.104 aux  4.171 ref 0.0019)  train median    4.17 m   0.39 s/step
step   500/6000  loss  8.3031 (ce  5.700 aux  5.206 ref 0.0010)  train median   49.54 m   0.39 s/step
step   520/6000  loss  6.4452 (ce  4.116 aux  4.658 ref 0.0018)  train median   20.96 m   0.39 s/step
step   540/6000  loss  5.2562 (ce  3.221 aux  4.070 ref 0.0016)  train median    3.92 m   0.39 s/step
step   560/6000  loss  8.4969 (ce  5.724 aux  5.545 ref 0.0020)  train median   49.22 m   0.38 s/step
step   580/6000  loss  4.5602 (ce  2.781 aux  3.555 ref 0.0021)  train median    3.66 m   0.38 s/step
step   600/6000  loss  8.3308 (ce  5.669 aux  5.322 ref 0.0008)  train median  338.50 m   0.38 s/step
  eval  n=192  median   5.34 m /  169.2 ms  p90  176.35 m /  6270.5 ms  worst  2762.25 m  within1  24.5%  within5  68.8%
        ks_black_cat_county__layout_short n=24  median   5.70 m /  172.1 ms  p90 1525.96 m / 40887.6 ms  worst  2762.25 m  within1  41.7%  within5  62.5%
        ks_brands_hatch__indy    n=16  median   1.99 m /   71.2 ms  p90   33.43 m /   764.3 ms  worst   102.82 m  within1  50.0%  within5  81.2%
        ks_highlands__layout_short n=16  median   6.15 m /  186.7 ms  p90  544.11 m / 17066.6 ms  worst   780.45 m  within1  12.5%  within5  62.5%
        ks_laguna_seca           n=16  median   9.82 m /  260.7 ms  p90 1200.94 m / 36796.7 ms  worst  1471.18 m  within1   6.2%  within5  50.0%
        ks_monza66__junior       n=8  median   5.54 m /  148.2 ms  p90   18.99 m /   551.7 ms  worst    39.06 m  within1  12.5%  within5  75.0%
        ks_nurburgring__layout_sprint_a n=24  median  10.65 m /  287.3 ms  p90  967.09 m / 27988.1 ms  worst  1190.97 m  within1   4.2%  within5  50.0%
        ks_red_bull_ring__layout_national n=16  median   5.44 m /  163.2 ms  p90   25.20 m /   714.6 ms  worst    59.29 m  within1  18.8%  within5  75.0%
        ks_vallelunga__club_circuit n=32  median   3.56 m /  144.3 ms  p90   35.81 m /  1018.8 ms  worst   101.78 m  within1  28.1%  within5  75.0%
        magione                  n=40  median   4.25 m /  161.9 ms  p90   60.41 m /  1905.3 ms  worst   156.12 m  within1  30.0%  within5  80.0%
step   620/6000  loss  6.2783 (ce  3.846 aux  4.863 ref 0.0006)  train median    5.49 m   0.40 s/step
step   640/6000  loss  5.7440 (ce  3.719 aux  4.048 ref 0.0012)  train median    3.89 m   0.40 s/step
step   660/6000  loss  6.7966 (ce  4.264 aux  5.062 ref 0.0023)  train median   12.07 m   0.39 s/step
step   680/6000  loss  6.0729 (ce  3.997 aux  4.150 ref 0.0009)  train median    4.59 m   0.39 s/step
step   700/6000  loss  5.7141 (ce  3.529 aux  4.368 ref 0.0028)  train median   13.55 m   0.39 s/step
step   720/6000  loss  5.2350 (ce  3.332 aux  3.803 ref 0.0022)  train median    5.84 m   0.39 s/step
step   740/6000  loss  7.0093 (ce  4.530 aux  4.957 ref 0.0010)  train median   31.87 m   0.39 s/step
step   760/6000  loss  4.8835 (ce  2.989 aux  3.788 ref 0.0009)  train median    1.72 m   0.39 s/step
step   780/6000  loss  6.8511 (ce  4.355 aux  4.992 ref 0.0014)  train median   56.74 m   0.40 s/step
step   800/6000  loss  6.2763 (ce  3.974 aux  4.602 ref 0.0031)  train median    9.84 m   0.40 s/step
  eval  n=192  median   3.82 m /  126.4 ms  p90   42.17 m /  1038.5 ms  worst  2277.52 m  within1  30.7%  within5  80.2%
        ks_black_cat_county__layout_short n=24  median   3.11 m /  105.4 ms  p90  346.19 m / 13970.5 ms  worst  2277.52 m  within1  37.5%  within5  75.0%
        ks_brands_hatch__indy    n=16  median   2.18 m /   78.6 ms  p90    9.63 m /   273.4 ms  worst    15.33 m  within1  50.0%  within5  87.5%
        ks_highlands__layout_short n=16  median   4.17 m /  151.8 ms  p90   14.19 m /   473.8 ms  worst    59.07 m  within1  12.5%  within5  81.2%
        ks_laguna_seca           n=16  median   8.67 m /  236.8 ms  p90  729.82 m / 22507.2 ms  worst  1323.58 m  within1  18.8%  within5  50.0%
        ks_monza66__junior       n=8  median   2.41 m /   66.4 ms  p90    3.84 m /   102.2 ms  worst     4.59 m  within1  37.5%  within5 100.0%
        ks_nurburgring__layout_sprint_a n=24  median   7.59 m /  268.9 ms  p90  936.83 m / 31395.1 ms  worst  1453.41 m  within1  16.7%  within5  62.5%
        ks_red_bull_ring__layout_national n=16  median   5.11 m /  153.7 ms  p90   28.74 m /   779.8 ms  worst    46.80 m  within1  25.0%  within5  81.2%
        ks_vallelunga__club_circuit n=32  median   3.42 m /  114.7 ms  p90   10.24 m /   360.7 ms  worst   762.62 m  within1  34.4%  within5  87.5%
        magione                  n=40  median   3.71 m /  111.1 ms  p90    8.36 m /   297.4 ms  worst   680.18 m  within1  37.5%  within5  92.5%
step   820/6000  loss  6.6604 (ce  4.197 aux  4.925 ref 0.0011)  train median   12.78 m   0.41 s/step
step   840/6000  loss  5.5655 (ce  3.581 aux  3.968 ref 0.0014)  train median    4.57 m   0.41 s/step
step   860/6000  loss  5.2501 (ce  3.267 aux  3.963 ref 0.0025)  train median    6.48 m   0.41 s/step
step   880/6000  loss  7.0268 (ce  4.518 aux  5.017 ref 0.0008)  train median   39.76 m   0.41 s/step
step   900/6000  loss  6.6852 (ce  4.413 aux  4.544 ref 0.0013)  train median    4.35 m   0.41 s/step
step   920/6000  loss  5.5837 (ce  3.560 aux  4.045 ref 0.0014)  train median    5.60 m   0.41 s/step
step   940/6000  loss  6.1380 (ce  4.119 aux  4.036 ref 0.0019)  train median    6.35 m   0.41 s/step
step   960/6000  loss  6.1919 (ce  4.173 aux  4.035 ref 0.0027)  train median    9.04 m   0.41 s/step
step   980/6000  loss  6.0405 (ce  3.764 aux  4.552 ref 0.0007)  train median    9.56 m   0.41 s/step
step  1000/6000  loss  5.6342 (ce  3.509 aux  4.248 ref 0.0025)  train median    6.59 m   0.41 s/step
  eval  n=192  median   4.34 m /  133.3 ms  p90   90.44 m /  2590.0 ms  worst  2814.66 m  within1  25.0%  within5  76.0%
        ks_black_cat_county__layout_short n=24  median   3.22 m /  110.0 ms  p90  380.59 m / 12304.4 ms  worst  2814.66 m  within1  25.0%  within5  66.7%
        ks_brands_hatch__indy    n=16  median   3.69 m /  107.5 ms  p90   11.84 m /   294.1 ms  worst    15.21 m  within1  37.5%  within5  81.2%
        ks_highlands__layout_short n=16  median   6.12 m /  183.8 ms  p90  597.30 m / 20205.5 ms  worst   717.85 m  within1  18.8%  within5  75.0%
        ks_laguna_seca           n=16  median   4.97 m /  143.7 ms  p90  540.74 m / 15801.1 ms  worst  1323.85 m  within1  18.8%  within5  81.2%
        ks_monza66__junior       n=8  median   2.28 m /   64.8 ms  p90    3.31 m /    80.6 ms  worst     3.36 m  within1  37.5%  within5 100.0%
        ks_nurburgring__layout_sprint_a n=24  median   8.87 m /  299.8 ms  p90  741.72 m / 21191.2 ms  worst  1038.63 m  within1  12.5%  within5  58.3%
        ks_red_bull_ring__layout_national n=16  median   4.52 m /  112.1 ms  p90   30.93 m /   789.9 ms  worst    57.53 m  within1  18.8%  within5  75.0%
        ks_vallelunga__club_circuit n=32  median   2.91 m /   92.9 ms  p90   29.98 m /  1186.6 ms  worst   192.74 m  within1  34.4%  within5  81.2%
        magione                  n=40  median   3.85 m /  132.7 ms  p90   37.53 m /  1444.9 ms  worst   685.25 m  within1  25.0%  within5  80.0%
step  1020/6000  loss  4.8758 (ce  3.061 aux  3.627 ref 0.0027)  train median    5.17 m   0.41 s/step
step  1040/6000  loss  4.1712 (ce  2.663 aux  3.017 ref 0.0009)  train median    1.89 m   0.41 s/step
step  1060/6000  loss  4.7873 (ce  3.163 aux  3.245 ref 0.0043)  train median   10.90 m   0.41 s/step
step  1080/6000  loss  5.6358 (ce  3.452 aux  4.366 ref 0.0013)  train median    9.00 m   0.41 s/step
step  1100/6000  loss  6.9180 (ce  4.429 aux  4.977 ref 0.0005)  train median   17.94 m   0.41 s/step
step  1120/6000  loss  5.2961 (ce  3.284 aux  4.021 ref 0.0023)  train median    4.84 m   0.41 s/step
step  1140/6000  loss  4.9662 (ce  3.041 aux  3.848 ref 0.0012)  train median    4.49 m   0.41 s/step
step  1160/6000  loss  5.4455 (ce  3.447 aux  3.992 ref 0.0045)  train median    5.37 m   0.41 s/step
step  1180/6000  loss  5.0607 (ce  3.047 aux  4.027 ref 0.0014)  train median    3.19 m   0.41 s/step
step  1200/6000  loss  4.7596 (ce  2.888 aux  3.742 ref 0.0010)  train median    1.50 m   0.41 s/step
  eval  n=192  median   3.35 m /  109.0 ms  p90   22.48 m /   869.9 ms  worst  2926.26 m  within1  36.5%  within5  83.9%
        ks_black_cat_county__layout_short n=24  median   3.51 m /  117.8 ms  p90 1282.12 m / 41434.6 ms  worst  2926.26 m  within1  33.3%  within5  70.8%
        ks_brands_hatch__indy    n=16  median   2.06 m /   85.9 ms  p90    8.14 m /   232.5 ms  worst    10.45 m  within1  50.0%  within5  93.8%
        ks_highlands__layout_short n=16  median   4.89 m /  160.1 ms  p90   14.52 m /   452.5 ms  worst   497.74 m  within1  18.8%  within5  87.5%
        ks_laguna_seca           n=16  median   5.16 m /  169.5 ms  p90  503.27 m / 14946.9 ms  worst  1341.92 m  within1  31.2%  within5  81.2%
        ks_monza66__junior       n=8  median   1.82 m /   36.7 ms  p90    3.88 m /   132.8 ms  worst     4.81 m  within1  50.0%  within5 100.0%
        ks_nurburgring__layout_sprint_a n=24  median   4.13 m /  151.6 ms  p90   24.27 m /   832.3 ms  worst  1596.71 m  within1  25.0%  within5  75.0%
        ks_red_bull_ring__layout_national n=16  median   3.76 m /  111.5 ms  p90   19.92 m /   627.3 ms  worst   142.90 m  within1  31.2%  within5  81.2%
        ks_vallelunga__club_circuit n=32  median   1.99 m /   92.2 ms  p90    6.48 m /   239.0 ms  worst    23.70 m  within1  50.0%  within5  96.9%
        magione                  n=40  median   3.16 m /  103.0 ms  p90   18.39 m /   909.0 ms  worst  1029.25 m  within1  37.5%  within5  80.0%
step  1220/6000  loss  5.6689 (ce  3.518 aux  4.301 ref 0.0009)  train median    3.71 m   0.42 s/step
step  1240/6000  loss  8.6994 (ce  5.865 aux  5.669 ref 0.0007)  train median  222.83 m   0.42 s/step
step  1260/6000  loss  5.7917 (ce  3.778 aux  4.024 ref 0.0026)  train median   10.19 m   0.42 s/step
step  1280/6000  loss  5.2756 (ce  3.206 aux  4.138 ref 0.0010)  train median    5.10 m   0.42 s/step
step  1300/6000  loss  5.1359 (ce  3.239 aux  3.790 ref 0.0029)  train median    3.83 m   0.42 s/step
step  1320/6000  loss  5.4646 (ce  3.412 aux  4.105 ref 0.0006)  train median    4.14 m   0.42 s/step
step  1340/6000  loss  4.9853 (ce  3.186 aux  3.597 ref 0.0023)  train median    7.96 m   0.42 s/step
step  1360/6000  loss  4.5304 (ce  2.867 aux  3.325 ref 0.0017)  train median    3.37 m   0.42 s/step
step  1380/6000  loss  4.6223 (ce  2.929 aux  3.384 ref 0.0012)  train median    4.67 m   0.42 s/step
step  1400/6000  loss  4.4444 (ce  2.797 aux  3.292 ref 0.0024)  train median    2.98 m   0.42 s/step
  eval  n=192  median   3.16 m /  101.3 ms  p90   10.33 m /   318.1 ms  worst  1481.01 m  within1  33.3%  within5  88.5%
        ks_black_cat_county__layout_short n=24  median   2.48 m /   77.5 ms  p90  391.69 m / 15237.4 ms  worst  1370.35 m  within1  29.2%  within5  79.2%
        ks_brands_hatch__indy    n=16  median   3.92 m /  113.6 ms  p90   11.18 m /   284.0 ms  worst    13.98 m  within1  25.0%  within5  81.2%
        ks_highlands__layout_short n=16  median   4.59 m /  144.7 ms  p90    9.44 m /   307.0 ms  worst    13.45 m  within1  18.8%  within5  87.5%
        ks_laguna_seca           n=16  median   2.78 m /   77.1 ms  p90    8.81 m /   277.2 ms  worst  1481.01 m  within1  37.5%  within5  93.8%
        ks_monza66__junior       n=8  median   2.24 m /   67.4 ms  p90    5.70 m /   127.8 ms  worst     9.49 m  within1  50.0%  within5 100.0%
        ks_nurburgring__layout_sprint_a n=24  median   4.14 m /  151.8 ms  p90    9.22 m /   311.8 ms  worst  1057.23 m  within1  33.3%  within5  91.7%
        ks_red_bull_ring__layout_national n=16  median   3.88 m /  104.0 ms  p90    9.44 m /   258.8 ms  worst    19.29 m  within1  31.2%  within5  87.5%
        ks_vallelunga__club_circuit n=32  median   2.61 m /   88.0 ms  p90    8.14 m /   258.9 ms  worst    14.03 m  within1  43.8%  within5  90.6%
        magione                  n=40  median   3.56 m /  132.3 ms  p90    8.26 m /   285.5 ms  worst    55.04 m  within1  32.5%  within5  90.0%
step  1420/6000  loss  4.5511 (ce  2.839 aux  3.422 ref 0.0017)  train median    2.75 m   0.42 s/step
step  1440/6000  loss  4.4233 (ce  2.704 aux  3.437 ref 0.0015)  train median    2.93 m   0.42 s/step
step  1460/6000  loss  5.2372 (ce  3.381 aux  3.710 ref 0.0020)  train median    6.87 m   0.42 s/step
step  1480/6000  loss  4.8626 (ce  3.010 aux  3.704 ref 0.0017)  train median    4.09 m   0.42 s/step
step  1500/6000  loss  3.8651 (ce  2.502 aux  2.724 ref 0.0018)  train median    2.96 m   0.42 s/step
step  1520/6000  loss  4.9087 (ce  2.903 aux  4.009 ref 0.0013)  train median    1.75 m   0.42 s/step
step  1540/6000  loss  5.6929 (ce  3.786 aux  3.813 ref 0.0012)  train median    2.92 m   0.41 s/step
step  1560/6000  loss  4.4932 (ce  2.720 aux  3.545 ref 0.0013)  train median    1.68 m   0.42 s/step
step  1580/6000  loss  5.2659 (ce  3.310 aux  3.908 ref 0.0028)  train median    3.10 m   0.41 s/step
step  1600/6000  loss  4.5733 (ce  2.841 aux  3.462 ref 0.0019)  train median    2.14 m   0.42 s/step
  eval  n=192  median   3.24 m /  101.9 ms  p90   11.20 m /   342.4 ms  worst  1337.57 m  within1  31.8%  within5  89.1%
        ks_black_cat_county__layout_short n=24  median   2.97 m /   84.1 ms  p90   65.33 m /  1467.1 ms  worst   459.56 m  within1  25.0%  within5  87.5%
        ks_brands_hatch__indy    n=16  median   1.83 m /   66.9 ms  p90    9.66 m /   262.4 ms  worst    13.96 m  within1  50.0%  within5  87.5%
        ks_highlands__layout_short n=16  median   3.80 m /  147.6 ms  p90   17.60 m /   647.8 ms  worst    41.29 m  within1  18.8%  within5  87.5%
        ks_laguna_seca           n=16  median   5.76 m /  146.1 ms  p90  536.66 m / 15721.5 ms  worst  1337.57 m  within1  25.0%  within5  81.2%
        ks_monza66__junior       n=8  median   1.71 m /   57.1 ms  p90    3.89 m /   103.4 ms  worst     6.20 m  within1  62.5%  within5 100.0%
        ks_nurburgring__layout_sprint_a n=24  median   5.28 m /  174.1 ms  p90   36.75 m /   864.1 ms  worst  1214.00 m  within1  12.5%  within5  83.3%
        ks_red_bull_ring__layout_national n=16  median   3.97 m /  110.0 ms  p90   13.81 m /   324.2 ms  worst    19.22 m  within1  31.2%  within5  81.2%
        ks_vallelunga__club_circuit n=32  median   2.60 m /   90.3 ms  p90    6.52 m /   210.4 ms  worst    15.83 m  within1  37.5%  within5  96.9%
        magione                  n=40  median   3.36 m /  119.8 ms  p90    8.57 m /   291.8 ms  worst    30.98 m  within1  37.5%  within5  92.5%
step  1620/6000  loss  4.1344 (ce  2.595 aux  3.077 ref 0.0022)  train median    3.18 m   0.42 s/step
step  1640/6000  loss  4.1576 (ce  2.592 aux  3.130 ref 0.0017)  train median    3.48 m   0.42 s/step
step  1660/6000  loss  4.9465 (ce  3.152 aux  3.587 ref 0.0020)  train median    4.21 m   0.42 s/step
step  1680/6000  loss  4.9157 (ce  3.243 aux  3.342 ref 0.0029)  train median    6.43 m   0.42 s/step
step  1700/6000  loss  4.2330 (ce  2.591 aux  3.281 ref 0.0023)  train median    3.11 m   0.42 s/step
step  1720/6000  loss  4.8612 (ce  3.068 aux  3.583 ref 0.0024)  train median    4.39 m   0.42 s/step
step  1740/6000  loss  5.3665 (ce  3.472 aux  3.786 ref 0.0025)  train median    9.41 m   0.42 s/step
step  1760/6000  loss  5.3417 (ce  3.359 aux  3.963 ref 0.0022)  train median    8.09 m   0.42 s/step
step  1780/6000  loss  5.4312 (ce  3.516 aux  3.829 ref 0.0019)  train median   10.43 m   0.42 s/step
step  1800/6000  loss  4.9056 (ce  3.061 aux  3.688 ref 0.0010)  train median    1.42 m   0.42 s/step
  eval  n=192  median   3.13 m /  102.1 ms  p90   11.96 m /   356.4 ms  worst  2266.51 m  within1  36.5%  within5  86.5%
        ks_black_cat_county__layout_short n=24  median   3.11 m /   92.4 ms  p90   66.06 m /  1466.1 ms  worst  2266.51 m  within1  33.3%  within5  79.2%
        ks_brands_hatch__indy    n=16  median   1.88 m /   79.5 ms  p90    8.74 m /   243.8 ms  worst    11.48 m  within1  50.0%  within5  87.5%
        ks_highlands__layout_short n=16  median   3.58 m /  111.2 ms  p90   23.93 m /   697.9 ms  worst   812.24 m  within1  18.8%  within5  87.5%
        ks_laguna_seca           n=16  median   2.65 m /  106.6 ms  p90   11.95 m /   355.8 ms  worst   716.33 m  within1  50.0%  within5  81.2%
        ks_monza66__junior       n=8  median   1.52 m /   54.0 ms  p90    3.70 m /   100.8 ms  worst     5.18 m  within1  62.5%  within5 100.0%
        ks_nurburgring__layout_sprint_a n=24  median   4.98 m /  160.7 ms  p90  298.38 m / 10810.3 ms  worst  1188.62 m  within1  16.7%  within5  75.0%
        ks_red_bull_ring__layout_national n=16  median   4.07 m /  109.1 ms  p90   11.12 m /   343.6 ms  worst    20.64 m  within1  25.0%  within5  87.5%
        ks_vallelunga__club_circuit n=32  median   1.64 m /   62.3 ms  p90    8.70 m /   280.2 ms  worst   785.84 m  within1  59.4%  within5  90.6%
        magione                  n=40  median   3.81 m /  126.3 ms  p90    7.72 m /   260.5 ms  worst    30.40 m  within1  27.5%  within5  92.5%
step  1820/6000  loss  4.4501 (ce  2.743 aux  3.413 ref 0.0022)  train median    3.02 m   0.42 s/step
step  1840/6000  loss  5.5460 (ce  3.605 aux  3.879 ref 0.0031)  train median   10.00 m   0.42 s/step
step  1860/6000  loss  4.7626 (ce  3.171 aux  3.182 ref 0.0021)  train median    1.30 m   0.42 s/step
step  1880/6000  loss  5.1066 (ce  3.340 aux  3.530 ref 0.0029)  train median    4.00 m   0.42 s/step
step  1900/6000  loss  4.7832 (ce  2.906 aux  3.753 ref 0.0017)  train median    3.64 m   0.42 s/step
step  1920/6000  loss  4.5880 (ce  2.986 aux  3.202 ref 0.0014)  train median    3.06 m   0.42 s/step
step  1940/6000  loss  4.1685 (ce  2.521 aux  3.294 ref 0.0019)  train median    2.79 m   0.42 s/step
step  1960/6000  loss  4.6573 (ce  2.878 aux  3.557 ref 0.0013)  train median    5.37 m   0.42 s/step
step  1980/6000  loss  5.3489 (ce  3.413 aux  3.870 ref 0.0012)  train median    3.59 m   0.42 s/step
step  2000/6000  loss  4.4221 (ce  2.738 aux  3.366 ref 0.0013)  train median    3.22 m   0.41 s/step
  eval  n=192  median   3.08 m /   93.9 ms  p90    9.26 m /   306.0 ms  worst  2928.16 m  within1  36.5%  within5  90.6%
        ks_black_cat_county__layout_short n=24  median   3.45 m /  110.6 ms  p90  157.64 m /  3072.2 ms  worst  2928.16 m  within1  33.3%  within5  79.2%
        ks_brands_hatch__indy    n=16  median   2.36 m /   75.3 ms  p90    4.99 m /   143.0 ms  worst     6.69 m  within1  43.8%  within5 100.0%
        ks_highlands__layout_short n=16  median   3.52 m /  103.2 ms  p90    7.32 m /   245.5 ms  worst     8.29 m  within1  31.2%  within5 100.0%
        ks_laguna_seca           n=16  median   3.50 m /  118.3 ms  p90  446.81 m / 13394.4 ms  worst  1486.33 m  within1  37.5%  within5  81.2%
        ks_monza66__junior       n=8  median   2.25 m /   57.8 ms  p90    3.75 m /   120.1 ms  worst     3.88 m  within1  37.5%  within5 100.0%
        ks_nurburgring__layout_sprint_a n=24  median   3.79 m /  137.3 ms  p90    9.20 m /   285.0 ms  worst    43.18 m  within1  29.2%  within5  91.7%
        ks_red_bull_ring__layout_national n=16  median   3.49 m /  102.4 ms  p90   12.76 m /   371.9 ms  worst    22.89 m  within1  18.8%  within5  87.5%
        ks_vallelunga__club_circuit n=32  median   2.49 m /   82.5 ms  p90    6.33 m /   212.0 ms  worst   759.39 m  within1  37.5%  within5  93.8%
        magione                  n=40  median   2.74 m /   84.6 ms  p90    9.54 m /   306.9 ms  worst   102.66 m  within1  47.5%  within5  90.0%
step  2020/6000  loss  4.6176 (ce  2.909 aux  3.416 ref 0.0012)  train median    3.49 m   0.42 s/step
step  2040/6000  loss  4.5673 (ce  2.955 aux  3.222 ref 0.0032)  train median    5.03 m   0.42 s/step
step  2060/6000  loss  4.6638 (ce  2.921 aux  3.484 ref 0.0024)  train median    4.77 m   0.42 s/step
step  2080/6000  loss  4.5612 (ce  2.932 aux  3.256 ref 0.0028)  train median    6.14 m   0.42 s/step
step  2100/6000  loss  6.9225 (ce  4.500 aux  4.843 ref 0.0025)  train median   14.30 m   0.42 s/step
step  2120/6000  loss  4.5473 (ce  2.967 aux  3.161 ref 0.0003)  train median    1.31 m   0.42 s/step
step  2140/6000  loss  5.0867 (ce  3.286 aux  3.599 ref 0.0020)  train median    1.88 m   0.42 s/step
step  2160/6000  loss  4.6401 (ce  2.933 aux  3.412 ref 0.0013)  train median    3.40 m   0.42 s/step
step  2180/6000  loss  4.5225 (ce  2.691 aux  3.662 ref 0.0012)  train median    1.82 m   0.42 s/step
step  2200/6000  loss  4.5771 (ce  2.743 aux  3.668 ref 0.0006)  train median    1.96 m   0.42 s/step
  eval  n=192  median   3.24 m /   97.9 ms  p90    9.22 m /   300.3 ms  worst  2928.86 m  within1  33.3%  within5  90.6%
        ks_black_cat_county__layout_short n=24  median   2.07 m /   73.7 ms  p90   55.52 m /  1076.7 ms  worst  2928.86 m  within1  50.0%  within5  87.5%
        ks_brands_hatch__indy    n=16  median   3.10 m /  106.7 ms  p90    8.16 m /   195.5 ms  worst    10.46 m  within1  37.5%  within5  93.8%
        ks_highlands__layout_short n=16  median   4.04 m /  138.5 ms  p90   16.93 m /   508.7 ms  worst   791.21 m  within1  25.0%  within5  87.5%
        ks_laguna_seca           n=16  median   5.39 m /  146.0 ms  p90   12.04 m /   336.7 ms  worst   783.22 m  within1   0.0%  within5  87.5%
        ks_monza66__junior       n=8  median   1.06 m /   37.1 ms  p90    5.64 m /   171.8 ms  worst     6.25 m  within1  75.0%  within5 100.0%
        ks_nurburgring__layout_sprint_a n=24  median   3.44 m /  108.0 ms  p90    8.71 m /   253.0 ms  worst    10.74 m  within1  16.7%  within5  91.7%
        ks_red_bull_ring__layout_national n=16  median   4.63 m /  151.3 ms  p90   23.19 m /   710.8 ms  worst    46.19 m  within1  12.5%  within5  81.2%
        ks_vallelunga__club_circuit n=32  median   2.89 m /   91.8 ms  p90    4.92 m /   175.4 ms  worst    24.16 m  within1  40.6%  within5  96.9%
        magione                  n=40  median   2.40 m /   75.5 ms  p90    8.91 m /   306.4 ms  worst   103.79 m  within1  42.5%  within5  90.0%
step  2220/6000  loss  5.8469 (ce  3.495 aux  4.703 ref 0.0003)  train median    2.96 m   0.42 s/step
step  2240/6000  loss  3.8270 (ce  2.384 aux  2.884 ref 0.0016)  train median    3.49 m   0.42 s/step
step  2260/6000  loss  3.7339 (ce  2.427 aux  2.613 ref 0.0013)  train median    2.15 m   0.42 s/step
step  2280/6000  loss  4.5132 (ce  2.843 aux  3.339 ref 0.0019)  train median    4.30 m   0.42 s/step
step  2300/6000  loss  4.0341 (ce  2.462 aux  3.142 ref 0.0012)  train median    2.51 m   0.42 s/step
step  2320/6000  loss  4.6536 (ce  2.896 aux  3.514 ref 0.0015)  train median    4.57 m   0.42 s/step
step  2340/6000  loss  4.7378 (ce  3.047 aux  3.381 ref 0.0015)  train median    3.00 m   0.42 s/step
step  2360/6000  loss  4.2670 (ce  2.627 aux  3.280 ref 0.0006)  train median    3.78 m   0.42 s/step
step  2380/6000  loss  5.0232 (ce  3.150 aux  3.745 ref 0.0022)  train median    6.76 m   0.41 s/step
step  2400/6000  loss  4.4492 (ce  2.688 aux  3.520 ref 0.0028)  train median    4.47 m   0.41 s/step
  eval  n=192  median   2.49 m /   78.7 ms  p90    9.78 m /   280.9 ms  worst  1968.67 m  within1  39.6%  within5  90.6%
        ks_black_cat_county__layout_short n=24  median   3.13 m /   99.1 ms  p90   66.26 m /  1477.1 ms  worst  1968.67 m  within1  33.3%  within5  83.3%
        ks_brands_hatch__indy    n=16  median   2.18 m /   75.9 ms  p90    6.83 m /   167.9 ms  worst    12.71 m  within1  37.5%  within5  93.8%
        ks_highlands__layout_short n=16  median   2.23 m /   71.7 ms  p90    6.75 m /   229.8 ms  worst     9.79 m  within1  43.8%  within5 100.0%
        ks_laguna_seca           n=16  median   3.50 m /   97.8 ms  p90  540.46 m / 15799.3 ms  worst  1340.72 m  within1  31.2%  within5  81.2%
        ks_monza66__junior       n=8  median   2.29 m /   51.0 ms  p90    3.10 m /    97.3 ms  worst     3.10 m  within1  37.5%  within5 100.0%
        ks_nurburgring__layout_sprint_a n=24  median   4.00 m /  131.4 ms  p90    9.28 m /   246.1 ms  worst    52.82 m  within1  25.0%  within5  91.7%
        ks_red_bull_ring__layout_national n=16  median   2.88 m /   84.3 ms  p90   22.96 m /   687.9 ms  worst    43.55 m  within1  37.5%  within5  81.2%
        ks_vallelunga__club_circuit n=32  median   2.29 m /   76.9 ms  p90    4.91 m /   153.9 ms  worst    22.37 m  within1  46.9%  within5  96.9%
        magione                  n=40  median   1.99 m /   69.6 ms  p90    8.97 m /   347.2 ms  worst   103.65 m  within1  50.0%  within5  90.0%
step  2420/6000  loss  4.4954 (ce  2.991 aux  3.007 ref 0.0024)  train median    4.51 m   0.42 s/step
step  2440/6000  loss  4.5171 (ce  2.932 aux  3.167 ref 0.0026)  train median    3.76 m   0.42 s/step
step  2460/6000  loss  4.4066 (ce  2.773 aux  3.265 ref 0.0014)  train median    3.68 m   0.42 s/step
step  2480/6000  loss  4.1716 (ce  2.608 aux  3.126 ref 0.0011)  train median    3.22 m   0.42 s/step
step  2500/6000  loss  4.5967 (ce  2.917 aux  3.359 ref 0.0010)  train median    2.62 m   0.42 s/step
step  2520/6000  loss  4.0694 (ce  2.510 aux  3.118 ref 0.0008)  train median    3.14 m   0.42 s/step
step  2540/6000  loss  4.5434 (ce  2.883 aux  3.320 ref 0.0011)  train median    3.97 m   0.42 s/step
step  2560/6000  loss  4.1226 (ce  2.630 aux  2.985 ref 0.0012)  train median    3.87 m   0.42 s/step
step  2580/6000  loss  5.2128 (ce  3.260 aux  3.906 ref 0.0007)  train median   12.02 m   0.42 s/step
step  2600/6000  loss  4.5340 (ce  2.827 aux  3.413 ref 0.0019)  train median    4.51 m   0.42 s/step
  eval  n=192  median   2.16 m /   75.1 ms  p90    8.81 m /   269.5 ms  worst  1338.65 m  within1  47.9%  within5  91.7%
        ks_black_cat_county__layout_short n=24  median   2.27 m /   76.3 ms  p90   67.75 m /  1500.1 ms  worst   236.19 m  within1  50.0%  within5  87.5%
        ks_brands_hatch__indy    n=16  median   1.03 m /   46.2 ms  p90    7.39 m /   179.9 ms  worst     9.76 m  within1  62.5%  within5 100.0%
        ks_highlands__layout_short n=16  median   3.09 m /  113.6 ms  p90    7.82 m /   242.0 ms  worst    14.04 m  within1  25.0%  within5  93.8%
        ks_laguna_seca           n=16  median   3.21 m /   83.1 ms  p90  537.60 m / 15925.5 ms  worst  1338.65 m  within1  37.5%  within5  81.2%
        ks_monza66__junior       n=8  median   1.73 m /   51.3 ms  p90    3.14 m /    87.0 ms  worst     4.27 m  within1  62.5%  within5 100.0%
        ks_nurburgring__layout_sprint_a n=24  median   3.60 m /  120.3 ms  p90    7.99 m /   256.9 ms  worst   845.30 m  within1  29.2%  within5  91.7%
        ks_red_bull_ring__layout_national n=16  median   1.88 m /   55.0 ms  p90    7.84 m /   204.0 ms  worst    16.98 m  within1  56.2%  within5  87.5%
        ks_vallelunga__club_circuit n=32  median   1.46 m /   51.9 ms  p90    4.85 m /   146.5 ms  worst    16.56 m  within1  65.6%  within5  96.9%
        magione                  n=40  median   2.32 m /   84.0 ms  p90   10.45 m /   391.2 ms  worst  1009.97 m  within1  45.0%  within5  90.0%
step  2620/6000  loss  4.6198 (ce  2.802 aux  3.633 ref 0.0019)  train median    4.57 m   0.42 s/step
step  2640/6000  loss  5.5908 (ce  3.725 aux  3.729 ref 0.0023)  train median    3.36 m   0.42 s/step
step  2660/6000  loss  4.2754 (ce  2.621 aux  3.307 ref 0.0019)  train median    2.63 m   0.42 s/step
step  2680/6000  loss  4.8437 (ce  3.078 aux  3.530 ref 0.0019)  train median    6.46 m   0.42 s/step
step  2700/6000  loss  4.5180 (ce  2.707 aux  3.621 ref 0.0017)  train median    1.81 m   0.42 s/step
step  2720/6000  loss  4.0639 (ce  2.527 aux  3.072 ref 0.0013)  train median    2.08 m   0.42 s/step
step  2740/6000  loss  3.9939 (ce  2.498 aux  2.991 ref 0.0015)  train median    1.23 m   0.42 s/step
step  2760/6000  loss  5.3353 (ce  3.557 aux  3.554 ref 0.0018)  train median    6.29 m   0.42 s/step
step  2780/6000  loss  4.6232 (ce  2.931 aux  3.382 ref 0.0018)  train median    5.45 m   0.42 s/step
step  2800/6000  loss  4.7314 (ce  2.941 aux  3.580 ref 0.0015)  train median    2.50 m   0.42 s/step
  eval  n=192  median   2.36 m /   77.3 ms  p90    8.04 m /   255.8 ms  worst  2962.39 m  within1  41.1%  within5  92.7%
        ks_black_cat_county__layout_short n=24  median   2.30 m /   59.6 ms  p90  153.78 m /  3000.9 ms  worst  2962.39 m  within1  41.7%  within5  83.3%
        ks_brands_hatch__indy    n=16  median   2.15 m /   62.3 ms  p90    6.74 m /   157.4 ms  worst    10.66 m  within1  43.8%  within5  93.8%
        ks_highlands__layout_short n=16  median   2.06 m /   86.6 ms  p90    5.77 m /   190.8 ms  worst     8.27 m  within1  50.0%  within5 100.0%
        ks_laguna_seca           n=16  median   2.79 m /   83.3 ms  p90    5.25 m /   139.3 ms  worst     6.51 m  within1  25.0%  within5 100.0%
        ks_monza66__junior       n=8  median   2.28 m /   50.4 ms  p90    3.27 m /    99.9 ms  worst     4.05 m  within1  37.5%  within5 100.0%
        ks_nurburgring__layout_sprint_a n=24  median   4.70 m /  151.3 ms  p90   35.93 m /   845.3 ms  worst  1217.37 m  within1  20.8%  within5  83.3%
        ks_red_bull_ring__layout_national n=16  median   1.98 m /   58.8 ms  p90    6.06 m /   147.4 ms  worst    20.61 m  within1  56.2%  within5  93.8%
        ks_vallelunga__club_circuit n=32  median   1.89 m /   68.0 ms  p90    5.30 m /   181.4 ms  worst     9.19 m  within1  50.0%  within5 100.0%
        magione                  n=40  median   2.64 m /   81.2 ms  p90    8.34 m /   357.0 ms  worst   101.38 m  within1  42.5%  within5  90.0%
step  2820/6000  loss  4.4723 (ce  2.909 aux  3.125 ref 0.0020)  train median    5.25 m   0.42 s/step
step  2840/6000  loss  4.5601 (ce  2.694 aux  3.731 ref 0.0010)  train median    4.03 m   0.42 s/step
step  2860/6000  loss  4.0946 (ce  2.544 aux  3.099 ref 0.0015)  train median    2.58 m   0.42 s/step
step  2880/6000  loss  4.2095 (ce  2.784 aux  2.850 ref 0.0022)  train median    3.49 m   0.42 s/step
step  2900/6000  loss  3.8076 (ce  2.455 aux  2.703 ref 0.0016)  train median    1.68 m   0.42 s/step
step  2920/6000  loss  3.9963 (ce  2.499 aux  2.993 ref 0.0017)  train median    2.66 m   0.42 s/step
step  2940/6000  loss  3.9094 (ce  2.503 aux  2.812 ref 0.0007)  train median    1.42 m   0.42 s/step
step  2960/6000  loss  4.5256 (ce  2.948 aux  3.152 ref 0.0019)  train median    4.45 m   0.42 s/step
step  2980/6000  loss  3.7448 (ce  2.376 aux  2.736 ref 0.0010)  train median    2.18 m   0.42 s/step
step  3000/6000  loss  4.6398 (ce  2.952 aux  3.374 ref 0.0017)  train median    6.22 m   0.42 s/step
  eval  n=192  median   2.31 m /   78.2 ms  p90    7.60 m /   259.4 ms  worst  1419.54 m  within1  42.7%  within5  92.2%
        ks_black_cat_county__layout_short n=24  median   2.73 m /   80.6 ms  p90   68.66 m /  1518.8 ms  worst  1419.54 m  within1  41.7%  within5  83.3%
        ks_brands_hatch__indy    n=16  median   1.98 m /   56.6 ms  p90    5.74 m /   153.2 ms  worst     9.49 m  within1  50.0%  within5 100.0%
        ks_highlands__layout_short n=16  median   2.55 m /   95.2 ms  p90   12.84 m /   368.0 ms  worst   521.76 m  within1  37.5%  within5  87.5%
        ks_laguna_seca           n=16  median   2.07 m /   53.7 ms  p90    5.91 m /   170.5 ms  worst     7.60 m  within1  50.0%  within5 100.0%
        ks_monza66__junior       n=8  median   1.91 m /   51.8 ms  p90    2.73 m /    91.6 ms  worst     2.82 m  within1  50.0%  within5 100.0%
        ks_nurburgring__layout_sprint_a n=24  median   4.49 m /  145.4 ms  p90   41.70 m /   931.5 ms  worst  1214.84 m  within1  25.0%  within5  83.3%
        ks_red_bull_ring__layout_national n=16  median   2.23 m /   70.9 ms  p90    5.89 m /   161.4 ms  worst    15.95 m  within1  43.8%  within5  93.8%
        ks_vallelunga__club_circuit n=32  median   1.97 m /   60.5 ms  p90    4.88 m /   172.7 ms  worst    19.74 m  within1  50.0%  within5  96.9%
        magione                  n=40  median   2.82 m /   83.2 ms  p90    9.22 m /   312.7 ms  worst   100.07 m  within1  42.5%  within5  92.5%
step  3020/6000  loss  3.9381 (ce  2.493 aux  2.888 ref 0.0018)  train median    2.80 m   0.42 s/step
step  3040/6000  loss  3.6501 (ce  2.348 aux  2.604 ref 0.0006)  train median    0.98 m   0.42 s/step
step  3060/6000  loss  4.7761 (ce  3.022 aux  3.508 ref 0.0007)  train median    4.27 m   0.42 s/step
step  3080/6000  loss  4.1085 (ce  2.604 aux  3.008 ref 0.0014)  train median    2.73 m   0.42 s/step
step  3100/6000  loss  5.2638 (ce  3.326 aux  3.875 ref 0.0010)  train median    6.78 m   0.42 s/step
step  3120/6000  loss  3.6450 (ce  2.318 aux  2.652 ref 0.0010)  train median    1.35 m   0.42 s/step
step  3140/6000  loss  4.8108 (ce  2.908 aux  3.804 ref 0.0025)  train median    3.60 m   0.42 s/step
step  3160/6000  loss  4.8492 (ce  3.135 aux  3.428 ref 0.0011)  train median    4.53 m   0.42 s/step
step  3180/6000  loss  4.1064 (ce  2.613 aux  2.986 ref 0.0015)  train median    1.73 m   0.42 s/step
step  3200/6000  loss  4.7873 (ce  3.150 aux  3.274 ref 0.0011)  train median    4.25 m   0.42 s/step
  eval  n=192  median   2.08 m /   70.3 ms  p90    6.24 m /   216.3 ms  worst  1424.49 m  within1  48.4%  within5  95.8%
        ks_black_cat_county__layout_short n=24  median   2.20 m /   60.4 ms  p90   66.19 m /  1482.5 ms  worst  1424.49 m  within1  45.8%  within5  87.5%
        ks_brands_hatch__indy    n=16  median   2.05 m /   77.1 ms  p90    7.50 m /   162.1 ms  worst     9.87 m  within1  50.0%  within5 100.0%
        ks_highlands__layout_short n=16  median   2.50 m /   81.9 ms  p90    4.93 m /   179.7 ms  worst    13.17 m  within1  50.0%  within5  93.8%
        ks_laguna_seca           n=16  median   3.05 m /   85.0 ms  p90    5.06 m /   163.2 ms  worst     5.43 m  within1  25.0%  within5 100.0%
        ks_monza66__junior       n=8  median   0.68 m /   22.6 ms  p90    1.97 m /    53.9 ms  worst     2.86 m  within1  87.5%  within5 100.0%
        ks_nurburgring__layout_sprint_a n=24  median   2.98 m /  108.4 ms  p90    6.50 m /   237.0 ms  worst    42.72 m  within1  33.3%  within5  91.7%
        ks_red_bull_ring__layout_national n=16  median   2.19 m /   60.0 ms  p90    4.90 m /   129.8 ms  worst    13.92 m  within1  37.5%  within5  93.8%
        ks_vallelunga__club_circuit n=32  median   1.58 m /   66.7 ms  p90    4.57 m /   147.2 ms  worst     8.64 m  within1  56.2%  within5 100.0%
        magione                  n=40  median   1.62 m /   63.6 ms  p90    6.77 m /   247.5 ms  worst    11.97 m  within1  57.5%  within5  97.5%
step  3220/6000  loss  4.6396 (ce  2.817 aux  3.643 ref 0.0018)  train median    2.43 m   0.42 s/step
step  3240/6000  loss  4.5357 (ce  2.817 aux  3.435 ref 0.0024)  train median    1.16 m   0.42 s/step
step  3260/6000  loss  3.6128 (ce  2.300 aux  2.624 ref 0.0010)  train median    1.54 m   0.42 s/step
step  3280/6000  loss  4.5367 (ce  2.845 aux  3.382 ref 0.0012)  train median    3.65 m   0.42 s/step
step  3300/6000  loss  4.6701 (ce  3.022 aux  3.295 ref 0.0006)  train median    4.40 m   0.42 s/step
step  3320/6000  loss  4.2861 (ce  2.682 aux  3.209 ref 0.0007)  train median    1.68 m   0.42 s/step
step  3340/6000  loss  3.9711 (ce  2.568 aux  2.806 ref 0.0013)  train median    1.20 m   0.42 s/step
step  3360/6000  loss  4.4627 (ce  2.690 aux  3.544 ref 0.0015)  train median    3.95 m   0.42 s/step
step  3380/6000  loss  4.9162 (ce  3.237 aux  3.358 ref 0.0010)  train median    3.02 m   0.42 s/step
step  3400/6000  loss  4.3420 (ce  2.743 aux  3.196 ref 0.0014)  train median    4.27 m   0.42 s/step
  eval  n=192  median   2.61 m /   80.1 ms  p90    7.38 m /   225.2 ms  worst  1416.98 m  within1  42.7%  within5  94.3%
        ks_black_cat_county__layout_short n=24  median   2.98 m /  103.3 ms  p90   76.58 m /  1729.4 ms  worst  1416.98 m  within1  33.3%  within5  83.3%
        ks_brands_hatch__indy    n=16  median   1.83 m /   75.2 ms  p90    5.45 m /   133.4 ms  worst     6.66 m  within1  56.2%  within5 100.0%
        ks_highlands__layout_short n=16  median   2.15 m /   95.2 ms  p90    4.99 m /   200.6 ms  worst    17.57 m  within1  43.8%  within5  93.8%
        ks_laguna_seca           n=16  median   2.69 m /   87.8 ms  p90    5.87 m /   164.5 ms  worst     6.14 m  within1  31.2%  within5 100.0%
        ks_monza66__junior       n=8  median   1.52 m /   41.6 ms  p90    2.25 m /    63.8 ms  worst     2.48 m  within1  75.0%  within5 100.0%
        ks_nurburgring__layout_sprint_a n=24  median   4.12 m /  137.0 ms  p90    9.20 m /   272.7 ms  worst    45.94 m  within1  29.2%  within5  91.7%
        ks_red_bull_ring__layout_national n=16  median   2.66 m /   74.5 ms  p90    5.69 m /   143.1 ms  worst    13.66 m  within1  43.8%  within5  93.8%
        ks_vallelunga__club_circuit n=32  median   2.52 m /   79.6 ms  p90    4.91 m /   183.1 ms  worst     8.05 m  within1  43.8%  within5 100.0%
        magione                  n=40  median   2.49 m /   76.1 ms  p90    8.63 m /   278.1 ms  worst   100.09 m  within1  47.5%  within5  92.5%
step  3420/6000  loss  4.8547 (ce  3.072 aux  3.564 ref 0.0019)  train median    6.27 m   0.42 s/step
step  3440/6000  loss  4.5170 (ce  2.882 aux  3.269 ref 0.0019)  train median    3.21 m   0.42 s/step
step  3460/6000  loss  4.2467 (ce  2.779 aux  2.934 ref 0.0014)  train median    2.97 m   0.42 s/step
step  3480/6000  loss  4.7634 (ce  3.075 aux  3.375 ref 0.0008)  train median    6.61 m   0.42 s/step
step  3500/6000  loss  4.2970 (ce  2.663 aux  3.268 ref 0.0011)  train median    3.60 m   0.42 s/step
step  3520/6000  loss  4.1556 (ce  2.557 aux  3.196 ref 0.0011)  train median    1.93 m   0.42 s/step
step  3540/6000  loss  4.1633 (ce  2.711 aux  2.902 ref 0.0024)  train median    4.28 m   0.42 s/step
step  3560/6000  loss  4.2158 (ce  2.552 aux  3.325 ref 0.0022)  train median    3.72 m   0.42 s/step
step  3580/6000  loss  3.6098 (ce  2.219 aux  2.781 ref 0.0007)  train median    1.21 m   0.42 s/step
step  3600/6000  loss  4.8646 (ce  3.151 aux  3.427 ref 0.0012)  train median    3.79 m   0.42 s/step
  eval  n=192  median   2.08 m /   71.2 ms  p90    6.43 m /   231.2 ms  worst  2539.92 m  within1  49.0%  within5  94.8%
        ks_black_cat_county__layout_short n=24  median   2.15 m /   70.2 ms  p90   75.94 m /  1716.3 ms  worst  2539.92 m  within1  50.0%  within5  83.3%
        ks_brands_hatch__indy    n=16  median   0.76 m /   25.6 ms  p90    5.24 m /   128.3 ms  worst     8.16 m  within1  68.8%  within5 100.0%
        ks_highlands__layout_short n=16  median   2.73 m /  100.6 ms  p90    5.85 m /   202.0 ms  worst    17.96 m  within1  37.5%  within5  93.8%
        ks_laguna_seca           n=16  median   1.94 m /   74.7 ms  p90    4.92 m /   149.2 ms  worst     7.78 m  within1  56.2%  within5 100.0%
        ks_monza66__junior       n=8  median   0.83 m /   28.9 ms  p90    2.17 m /    43.2 ms  worst     2.65 m  within1  87.5%  within5 100.0%
        ks_nurburgring__layout_sprint_a n=24  median   3.33 m /  105.3 ms  p90   22.70 m /   506.9 ms  worst  1054.53 m  within1  33.3%  within5  87.5%
        ks_red_bull_ring__layout_national n=16  median   2.19 m /   71.7 ms  p90    9.27 m /   221.7 ms  worst    26.66 m  within1  43.8%  within5  87.5%
        ks_vallelunga__club_circuit n=32  median   1.72 m /   52.0 ms  p90    4.28 m /   149.6 ms  worst     6.41 m  within1  53.1%  within5 100.0%
        magione                  n=40  median   2.40 m /   92.9 ms  p90    6.01 m /   230.6 ms  worst     8.03 m  within1  42.5%  within5 100.0%
step  3620/6000  loss  3.6757 (ce  2.319 aux  2.713 ref 0.0009)  train median    1.77 m   0.42 s/step
step  3640/6000  loss  3.6920 (ce  2.369 aux  2.646 ref 0.0012)  train median    1.55 m   0.42 s/step
step  3660/6000  loss  3.9110 (ce  2.410 aux  3.000 ref 0.0016)  train median    2.11 m   0.42 s/step
step  3680/6000  loss  5.4558 (ce  3.640 aux  3.630 ref 0.0018)  train median    6.22 m   0.42 s/step
step  3700/6000  loss  3.7540 (ce  2.420 aux  2.666 ref 0.0012)  train median    3.25 m   0.42 s/step
step  3720/6000  loss  3.8277 (ce  2.435 aux  2.785 ref 0.0017)  train median    1.80 m   0.42 s/step
step  3740/6000  loss  6.6348 (ce  4.240 aux  4.787 ref 0.0019)  train median    6.02 m   0.42 s/step
step  3760/6000  loss  3.8922 (ce  2.454 aux  2.875 ref 0.0017)  train median    3.97 m   0.42 s/step
step  3780/6000  loss  4.6742 (ce  2.916 aux  3.516 ref 0.0011)  train median    1.85 m   0.42 s/step
step  3800/6000  loss  4.0250 (ce  2.514 aux  3.020 ref 0.0012)  train median    1.25 m   0.42 s/step
  eval  n=192  median   2.07 m /   65.8 ms  p90    6.20 m /   191.4 ms  worst  1419.53 m  within1  49.0%  within5  95.8%
        ks_black_cat_county__layout_short n=24  median   2.10 m /   54.7 ms  p90   30.10 m /   769.4 ms  worst  1419.53 m  within1  45.8%  within5  87.5%
        ks_brands_hatch__indy    n=16  median   1.33 m /   46.2 ms  p90    5.96 m /   170.4 ms  worst    10.93 m  within1  62.5%  within5  93.8%
        ks_highlands__layout_short n=16  median   2.07 m /   76.3 ms  p90    3.81 m /   144.8 ms  worst     4.23 m  within1  43.8%  within5 100.0%
        ks_laguna_seca           n=16  median   2.65 m /   76.0 ms  p90    4.72 m /   131.6 ms  worst     5.40 m  within1  43.8%  within5 100.0%
        ks_monza66__junior       n=8  median   0.95 m /   29.0 ms  p90    1.67 m /    37.9 ms  worst     1.69 m  within1 100.0%  within5 100.0%
        ks_nurburgring__layout_sprint_a n=24  median   3.60 m /  130.9 ms  p90    6.28 m /   200.1 ms  worst    19.56 m  within1  33.3%  within5  95.8%
        ks_red_bull_ring__layout_national n=16  median   2.28 m /   71.5 ms  p90    4.51 m /   111.5 ms  worst    15.54 m  within1  43.8%  within5  93.8%
        ks_vallelunga__club_circuit n=32  median   1.82 m /   61.4 ms  p90    5.01 m /   160.9 ms  worst    11.15 m  within1  53.1%  within5  96.9%
        magione                  n=40  median   2.10 m /   66.7 ms  p90    6.72 m /   250.6 ms  worst    36.33 m  within1  47.5%  within5  97.5%
step  3820/6000  loss  4.1349 (ce  2.695 aux  2.878 ref 0.0018)  train median    3.29 m   0.42 s/step
step  3840/6000  loss  4.1990 (ce  2.591 aux  3.215 ref 0.0016)  train median    2.51 m   0.42 s/step
step  3860/6000  loss  4.5857 (ce  2.994 aux  3.183 ref 0.0004)  train median    2.27 m   0.42 s/step
step  3880/6000  loss  4.0026 (ce  2.473 aux  3.059 ref 0.0011)  train median    1.35 m   0.42 s/step
step  3900/6000  loss  4.0139 (ce  2.538 aux  2.949 ref 0.0023)  train median    4.56 m   0.42 s/step
step  3920/6000  loss  5.2743 (ce  3.286 aux  3.975 ref 0.0003)  train median    2.15 m   0.42 s/step
step  3940/6000  loss  3.9396 (ce  2.424 aux  3.030 ref 0.0009)  train median    2.18 m   0.42 s/step
step  3960/6000  loss  3.9386 (ce  2.402 aux  3.071 ref 0.0012)  train median    1.70 m   0.42 s/step
step  3980/6000  loss  5.0971 (ce  3.223 aux  3.744 ref 0.0036)  train median    4.76 m   0.42 s/step
step  4000/6000  loss  4.0689 (ce  2.473 aux  3.192 ref 0.0004)  train median    1.52 m   0.42 s/step
  eval  n=192  median   2.29 m /   72.3 ms  p90    7.63 m /   235.1 ms  worst  1419.37 m  within1  44.8%  within5  93.8%
        ks_black_cat_county__layout_short n=24  median   2.58 m /   92.3 ms  p90   31.69 m /   834.9 ms  worst  1419.37 m  within1  37.5%  within5  87.5%
        ks_brands_hatch__indy    n=16  median   2.26 m /   65.4 ms  p90    4.53 m /   132.6 ms  worst     8.65 m  within1  43.8%  within5 100.0%
        ks_highlands__layout_short n=16  median   2.62 m /  104.8 ms  p90    5.51 m /   213.5 ms  worst    20.10 m  within1  43.8%  within5  93.8%
        ks_laguna_seca           n=16  median   1.95 m /   71.1 ms  p90    5.63 m /   159.6 ms  worst     5.96 m  within1  50.0%  within5 100.0%
        ks_monza66__junior       n=8  median   1.39 m /   40.0 ms  p90    2.27 m /    69.7 ms  worst     2.48 m  within1  75.0%  within5 100.0%
        ks_nurburgring__layout_sprint_a n=24  median   3.88 m /  118.3 ms  p90    9.01 m /   301.3 ms  worst    43.63 m  within1  33.3%  within5  91.7%
        ks_red_bull_ring__layout_national n=16  median   2.65 m /   73.7 ms  p90    5.80 m /   144.2 ms  worst    16.72 m  within1  31.2%  within5  93.8%
        ks_vallelunga__club_circuit n=32  median   2.21 m /   77.7 ms  p90    4.47 m /   168.3 ms  worst    11.71 m  within1  43.8%  within5  93.8%
        magione                  n=40  median   1.65 m /   63.5 ms  p90    7.76 m /   277.7 ms  worst    19.23 m  within1  55.0%  within5  92.5%
step  4020/6000  loss  3.7715 (ce  2.376 aux  2.790 ref 0.0009)  train median    1.82 m   0.42 s/step
step  4040/6000  loss  5.1319 (ce  3.130 aux  4.003 ref 0.0009)  train median    6.33 m   0.42 s/step
step  4060/6000  loss  4.3738 (ce  2.750 aux  3.246 ref 0.0012)  train median    1.67 m   0.42 s/step
step  4080/6000  loss  3.8345 (ce  2.422 aux  2.824 ref 0.0012)  train median    3.23 m   0.42 s/step
step  4100/6000  loss  4.4306 (ce  2.880 aux  3.100 ref 0.0010)  train median    3.40 m   0.42 s/step
step  4120/6000  loss  5.0452 (ce  3.360 aux  3.368 ref 0.0022)  train median    4.68 m   0.42 s/step
step  4140/6000  loss  3.7103 (ce  2.325 aux  2.770 ref 0.0012)  train median    1.63 m   0.42 s/step
step  4160/6000  loss  3.6460 (ce  2.357 aux  2.577 ref 0.0010)  train median    1.89 m   0.42 s/step
step  4180/6000  loss  3.6928 (ce  2.269 aux  2.847 ref 0.0010)  train median    1.85 m   0.42 s/step
step  4200/6000  loss  4.0993 (ce  2.590 aux  3.017 ref 0.0010)  train median    2.46 m   0.42 s/step
  eval  n=192  median   1.98 m /   67.6 ms  p90    6.45 m /   222.8 ms  worst  2501.11 m  within1  50.5%  within5  96.4%
        ks_black_cat_county__layout_short n=24  median   2.09 m /   69.6 ms  p90   65.68 m /  1466.4 ms  worst  2501.11 m  within1  50.0%  within5  87.5%
        ks_brands_hatch__indy    n=16  median   1.90 m /   59.9 ms  p90    7.18 m /   176.9 ms  worst     8.18 m  within1  62.5%  within5 100.0%
        ks_highlands__layout_short n=16  median   2.16 m /   67.9 ms  p90    3.29 m /   142.4 ms  worst     5.19 m  within1  50.0%  within5 100.0%
        ks_laguna_seca           n=16  median   1.87 m /   61.4 ms  p90    6.45 m /   182.3 ms  worst     7.15 m  within1  50.0%  within5 100.0%
        ks_monza66__junior       n=8  median   1.39 m /   36.9 ms  p90    2.17 m /    62.3 ms  worst     2.54 m  within1  75.0%  within5 100.0%
        ks_nurburgring__layout_sprint_a n=24  median   3.30 m /   96.3 ms  p90    6.82 m /   221.9 ms  worst    40.75 m  within1  37.5%  within5  91.7%
        ks_red_bull_ring__layout_national n=16  median   2.44 m /   67.7 ms  p90    5.21 m /   129.1 ms  worst    13.06 m  within1  43.8%  within5  93.8%
        ks_vallelunga__club_circuit n=32  median   1.85 m /   61.5 ms  p90    4.59 m /   128.0 ms  worst     9.86 m  within1  56.2%  within5 100.0%
        magione                  n=40  median   2.22 m /   72.0 ms  p90    6.64 m /   248.5 ms  worst    10.67 m  within1  47.5%  within5  97.5%
step  4220/6000  loss  3.7294 (ce  2.260 aux  2.940 ref 0.0001)  train median    0.61 m   0.42 s/step
step  4240/6000  loss  4.5805 (ce  2.923 aux  3.315 ref 0.0007)  train median    4.08 m   0.42 s/step
step  4260/6000  loss  4.7721 (ce  2.998 aux  3.548 ref 0.0012)  train median    4.28 m   0.42 s/step
step  4280/6000  loss  4.2015 (ce  2.671 aux  3.060 ref 0.0011)  train median    2.03 m   0.42 s/step
step  4300/6000  loss  3.9053 (ce  2.517 aux  2.775 ref 0.0011)  train median    2.66 m   0.42 s/step
step  4320/6000  loss  3.7999 (ce  2.388 aux  2.823 ref 0.0009)  train median    1.74 m   0.42 s/step
step  4340/6000  loss  4.5355 (ce  2.773 aux  3.525 ref 0.0007)  train median    2.18 m   0.42 s/step
step  4360/6000  loss  5.1154 (ce  3.316 aux  3.598 ref 0.0020)  train median    5.96 m   0.42 s/step
step  4380/6000  loss  4.1286 (ce  2.604 aux  3.046 ref 0.0020)  train median    4.71 m   0.42 s/step
step  4400/6000  loss  3.6187 (ce  2.272 aux  2.693 ref 0.0008)  train median    1.96 m   0.42 s/step
  eval  n=192  median   2.11 m /   66.3 ms  p90    6.75 m /   232.6 ms  worst  2503.33 m  within1  47.9%  within5  94.8%
        ks_black_cat_county__layout_short n=24  median   1.55 m /   54.0 ms  p90    6.88 m /   195.2 ms  worst  2503.33 m  within1  54.2%  within5  91.7%
        ks_brands_hatch__indy    n=16  median   0.84 m /   37.4 ms  p90    4.84 m /   139.0 ms  worst     8.96 m  within1  68.8%  within5 100.0%
        ks_highlands__layout_short n=16  median   2.29 m /   77.1 ms  p90    3.75 m /   140.6 ms  worst     5.60 m  within1  37.5%  within5 100.0%
        ks_laguna_seca           n=16  median   2.53 m /   73.6 ms  p90    6.56 m /   222.2 ms  worst    10.83 m  within1  50.0%  within5  93.8%
        ks_monza66__junior       n=8  median   1.02 m /   21.5 ms  p90    2.55 m /    78.5 ms  worst     2.68 m  within1  62.5%  within5 100.0%
        ks_nurburgring__layout_sprint_a n=24  median   3.64 m /  131.5 ms  p90   13.04 m /   298.5 ms  worst    40.95 m  within1  29.2%  within5  87.5%
        ks_red_bull_ring__layout_national n=16  median   2.17 m /   74.0 ms  p90    4.22 m /   103.8 ms  worst    14.50 m  within1  31.2%  within5  93.8%
        ks_vallelunga__club_circuit n=32  median   1.48 m /   53.4 ms  p90    5.82 m /   192.2 ms  worst    10.89 m  within1  59.4%  within5  96.9%
        magione                  n=40  median   2.19 m /   79.1 ms  p90    6.88 m /   300.1 ms  worst    15.78 m  within1  45.0%  within5  95.0%
step  4420/6000  loss  3.8856 (ce  2.515 aux  2.740 ref 0.0009)  train median    1.40 m   0.42 s/step
step  4440/6000  loss  3.5635 (ce  2.261 aux  2.603 ref 0.0008)  train median    1.09 m   0.42 s/step
step  4460/6000  loss  3.9167 (ce  2.494 aux  2.843 ref 0.0015)  train median    4.48 m   0.42 s/step
step  4480/6000  loss  3.8439 (ce  2.396 aux  2.894 ref 0.0014)  train median    2.09 m   0.42 s/step
step  4500/6000  loss  3.8121 (ce  2.437 aux  2.750 ref 0.0009)  train median    1.39 m   0.42 s/step
step  4520/6000  loss  4.2699 (ce  2.689 aux  3.159 ref 0.0027)  train median    3.17 m   0.42 s/step
step  4540/6000  loss  4.2237 (ce  2.635 aux  3.177 ref 0.0013)  train median    3.52 m   0.42 s/step
step  4560/6000  loss  4.1816 (ce  2.640 aux  3.082 ref 0.0011)  train median    3.09 m   0.42 s/step
step  4580/6000  loss  4.0587 (ce  2.536 aux  3.044 ref 0.0013)  train median    3.10 m   0.42 s/step
step  4600/6000  loss  4.3501 (ce  2.825 aux  3.049 ref 0.0015)  train median    5.01 m   0.42 s/step
  eval  n=192  median   1.98 m /   61.9 ms  p90    6.63 m /   211.4 ms  worst  2504.31 m  within1  51.0%  within5  96.4%
        ks_black_cat_county__layout_short n=24  median   1.85 m /   56.3 ms  p90    7.52 m /   213.2 ms  worst  2504.31 m  within1  62.5%  within5  91.7%
        ks_brands_hatch__indy    n=16  median   1.09 m /   34.8 ms  p90    7.11 m /   167.3 ms  worst     7.63 m  within1  68.8%  within5 100.0%
        ks_highlands__layout_short n=16  median   2.53 m /   82.3 ms  p90    4.25 m /   137.7 ms  worst     5.18 m  within1  31.2%  within5 100.0%
        ks_laguna_seca           n=16  median   1.77 m /   55.8 ms  p90    7.32 m /   247.6 ms  worst    13.05 m  within1  50.0%  within5  93.8%
        ks_monza66__junior       n=8  median   0.83 m /   25.7 ms  p90    1.93 m /    45.5 ms  worst     2.73 m  within1  87.5%  within5 100.0%
        ks_nurburgring__layout_sprint_a n=24  median   3.27 m /   99.2 ms  p90   11.30 m /   261.3 ms  worst  1339.16 m  within1  41.7%  within5  87.5%
        ks_red_bull_ring__layout_national n=16  median   2.33 m /   63.6 ms  p90    4.45 m /   111.4 ms  worst    12.65 m  within1  43.8%  within5  93.8%
        ks_vallelunga__club_circuit n=32  median   1.80 m /   61.3 ms  p90    4.83 m /   159.2 ms  worst     6.48 m  within1  56.2%  within5 100.0%
        magione                  n=40  median   2.28 m /   80.2 ms  p90    5.57 m /   225.3 ms  worst     8.12 m  within1  42.5%  within5 100.0%
step  4620/6000  loss  4.1715 (ce  2.676 aux  2.988 ref 0.0018)  train median    1.76 m   0.42 s/step
step  4640/6000  loss  3.5760 (ce  2.286 aux  2.579 ref 0.0012)  train median    2.12 m   0.42 s/step
step  4660/6000  loss  3.9321 (ce  2.431 aux  3.001 ref 0.0011)  train median    2.42 m   0.42 s/step
step  4680/6000  loss  3.7482 (ce  2.336 aux  2.823 ref 0.0007)  train median    1.18 m   0.42 s/step
step  4700/6000  loss  4.0688 (ce  2.596 aux  2.944 ref 0.0010)  train median    1.83 m   0.42 s/step
step  4720/6000  loss  3.8995 (ce  2.398 aux  3.001 ref 0.0014)  train median    1.74 m   0.42 s/step
step  4740/6000  loss  5.2745 (ce  3.499 aux  3.550 ref 0.0014)  train median    3.25 m   0.42 s/step
step  4760/6000  loss  4.5920 (ce  3.050 aux  3.083 ref 0.0011)  train median    4.46 m   0.42 s/step
step  4780/6000  loss  4.1561 (ce  2.554 aux  3.203 ref 0.0006)  train median    3.54 m   0.42 s/step
step  4800/6000  loss  3.9706 (ce  2.451 aux  3.038 ref 0.0012)  train median    2.72 m   0.42 s/step
  eval  n=192  median   1.91 m /   62.8 ms  p90    6.18 m /   205.3 ms  worst  2503.89 m  within1  51.6%  within5  96.9%
        ks_black_cat_county__layout_short n=24  median   1.77 m /   57.8 ms  p90   31.25 m /   806.9 ms  worst  2503.89 m  within1  58.3%  within5  87.5%
        ks_brands_hatch__indy    n=16  median   0.95 m /   44.0 ms  p90    8.03 m /   181.9 ms  worst     8.68 m  within1  68.8%  within5 100.0%
        ks_highlands__layout_short n=16  median   2.47 m /   80.9 ms  p90    3.66 m /   143.5 ms  worst     4.86 m  within1  37.5%  within5 100.0%
        ks_laguna_seca           n=16  median   2.20 m /   62.7 ms  p90    5.08 m /   163.5 ms  worst     6.68 m  within1  50.0%  within5 100.0%
        ks_monza66__junior       n=8  median   0.49 m /   14.2 ms  p90    1.45 m /    37.4 ms  worst     2.63 m  within1  87.5%  within5 100.0%
        ks_nurburgring__layout_sprint_a n=24  median   2.95 m /   98.3 ms  p90    8.70 m /   228.7 ms  worst    43.53 m  within1  41.7%  within5  91.7%
        ks_red_bull_ring__layout_national n=16  median   2.29 m /   70.8 ms  p90    3.47 m /    98.0 ms  worst    14.10 m  within1  37.5%  within5  93.8%
        ks_vallelunga__club_circuit n=32  median   1.70 m /   60.9 ms  p90    4.13 m /   143.4 ms  worst     9.86 m  within1  53.1%  within5 100.0%
        magione                  n=40  median   1.97 m /   66.5 ms  p90    5.71 m /   229.1 ms  worst     8.55 m  within1  50.0%  within5 100.0%
step  4820/6000  loss  3.6466 (ce  2.219 aux  2.854 ref 0.0007)  train median    0.99 m   0.42 s/step
step  4840/6000  loss  4.4131 (ce  2.751 aux  3.323 ref 0.0014)  train median    3.94 m   0.42 s/step
step  4860/6000  loss  4.0283 (ce  2.513 aux  3.028 ref 0.0018)  train median    1.60 m   0.42 s/step
step  4880/6000  loss  4.0179 (ce  2.518 aux  2.998 ref 0.0010)  train median    1.76 m   0.42 s/step
step  4900/6000  loss  4.2095 (ce  2.589 aux  3.239 ref 0.0023)  train median    3.72 m   0.42 s/step
step  4920/6000  loss  4.1198 (ce  2.634 aux  2.970 ref 0.0013)  train median    3.21 m   0.42 s/step
step  4940/6000  loss  4.2627 (ce  2.718 aux  3.088 ref 0.0007)  train median    1.61 m   0.42 s/step
step  4960/6000  loss  4.0181 (ce  2.459 aux  3.116 ref 0.0010)  train median    2.72 m   0.42 s/step
step  4980/6000  loss  5.2762 (ce  3.398 aux  3.756 ref 0.0004)  train median    2.67 m   0.42 s/step
step  5000/6000  loss  3.6314 (ce  2.267 aux  2.728 ref 0.0004)  train median    0.75 m   0.42 s/step
  eval  n=192  median   2.09 m /   67.9 ms  p90    6.07 m /   209.8 ms  worst  2501.97 m  within1  47.9%  within5  96.4%
        ks_black_cat_county__layout_short n=24  median   2.04 m /   61.7 ms  p90   30.38 m /   783.8 ms  worst  2501.97 m  within1  45.8%  within5  87.5%
        ks_brands_hatch__indy    n=16  median   1.14 m /   40.5 ms  p90    8.27 m /   183.6 ms  worst     9.09 m  within1  75.0%  within5 100.0%
        ks_highlands__layout_short n=16  median   2.77 m /   83.7 ms  p90    3.90 m /   151.3 ms  worst     5.88 m  within1  31.2%  within5 100.0%
        ks_laguna_seca           n=16  median   1.94 m /   56.6 ms  p90    4.50 m /   149.9 ms  worst     5.59 m  within1  50.0%  within5 100.0%
        ks_monza66__junior       n=8  median   1.08 m /   25.0 ms  p90    1.58 m /    43.0 ms  worst     2.20 m  within1  87.5%  within5 100.0%
        ks_nurburgring__layout_sprint_a n=24  median   3.60 m /  109.5 ms  p90    8.66 m /   254.8 ms  worst    45.19 m  within1  33.3%  within5  91.7%
        ks_red_bull_ring__layout_national n=16  median   2.31 m /   71.5 ms  p90    4.07 m /    97.0 ms  worst    13.99 m  within1  31.2%  within5  93.8%
        ks_vallelunga__club_circuit n=32  median   1.70 m /   54.7 ms  p90    4.62 m /   158.1 ms  worst    10.98 m  within1  53.1%  within5  96.9%
        magione                  n=40  median   2.21 m /   78.5 ms  p90    6.10 m /   236.6 ms  worst     8.27 m  within1  47.5%  within5 100.0%
step  5020/6000  loss  4.0731 (ce  2.610 aux  2.925 ref 0.0011)  train median    2.25 m   0.42 s/step
step  5040/6000  loss  3.6487 (ce  2.310 aux  2.676 ref 0.0008)  train median    1.28 m   0.42 s/step
step  5060/6000  loss  4.0028 (ce  2.531 aux  2.943 ref 0.0013)  train median    1.96 m   0.42 s/step
step  5080/6000  loss  4.0329 (ce  2.500 aux  3.063 ref 0.0018)  train median    2.61 m   0.42 s/step
step  5100/6000  loss  4.5912 (ce  3.098 aux  2.984 ref 0.0016)  train median    3.85 m   0.42 s/step
step  5120/6000  loss  4.6366 (ce  2.944 aux  3.384 ref 0.0011)  train median    2.95 m   0.42 s/step
step  5140/6000  loss  4.3070 (ce  2.590 aux  3.434 ref 0.0002)  train median    1.37 m   0.42 s/step
step  5160/6000  loss  4.1437 (ce  2.569 aux  3.149 ref 0.0006)  train median    3.82 m   0.42 s/step
step  5180/6000  loss  4.5459 (ce  2.938 aux  3.215 ref 0.0016)  train median    2.82 m   0.42 s/step
step  5200/6000  loss  3.6698 (ce  2.342 aux  2.655 ref 0.0014)  train median    1.62 m   0.42 s/step
  eval  n=192  median   1.81 m /   60.2 ms  p90    6.40 m /   220.4 ms  worst  2502.78 m  within1  51.6%  within5  95.8%
        ks_black_cat_county__layout_short n=24  median   2.43 m /   89.6 ms  p90   30.71 m /   788.3 ms  worst  2502.78 m  within1  45.8%  within5  87.5%
        ks_brands_hatch__indy    n=16  median   1.57 m /   55.7 ms  p90    6.86 m /   162.9 ms  worst     8.60 m  within1  68.8%  within5 100.0%
        ks_highlands__layout_short n=16  median   2.17 m /   86.9 ms  p90    4.74 m /   203.9 ms  worst    14.67 m  within1  37.5%  within5  93.8%
        ks_laguna_seca           n=16  median   2.21 m /   67.9 ms  p90    4.62 m /   163.5 ms  worst     7.03 m  within1  43.8%  within5 100.0%
        ks_monza66__junior       n=8  median   1.34 m /   33.0 ms  p90    1.52 m /    43.6 ms  worst     1.53 m  within1 100.0%  within5 100.0%
        ks_nurburgring__layout_sprint_a n=24  median   3.58 m /  130.1 ms  p90    7.88 m /   256.3 ms  worst    45.37 m  within1  37.5%  within5  91.7%
        ks_red_bull_ring__layout_national n=16  median   2.28 m /   63.5 ms  p90    4.82 m /   119.3 ms  worst    14.62 m  within1  43.8%  within5  93.8%
        ks_vallelunga__club_circuit n=32  median   1.73 m /   57.5 ms  p90    4.86 m /   136.8 ms  worst    10.22 m  within1  56.2%  within5  96.9%
        magione                  n=40  median   1.67 m /   60.2 ms  p90    5.99 m /   241.2 ms  worst     8.31 m  within1  55.0%  within5 100.0%
step  5220/6000  loss  4.3966 (ce  2.814 aux  3.163 ref 0.0020)  train median    4.81 m   0.42 s/step
step  5240/6000  loss  4.2788 (ce  2.762 aux  3.030 ref 0.0025)  train median    3.33 m   0.42 s/step
step  5260/6000  loss  4.4373 (ce  2.624 aux  3.624 ref 0.0018)  train median    3.91 m   0.42 s/step
step  5280/6000  loss  4.4727 (ce  2.858 aux  3.227 ref 0.0034)  train median    5.16 m   0.42 s/step
step  5300/6000  loss  4.0356 (ce  2.612 aux  2.846 ref 0.0017)  train median    2.91 m   0.42 s/step
step  5320/6000  loss  4.0584 (ce  2.469 aux  3.178 ref 0.0009)  train median    1.80 m   0.42 s/step
step  5340/6000  loss  4.5829 (ce  2.983 aux  3.200 ref 0.0009)  train median    3.44 m   0.42 s/step
step  5360/6000  loss  3.6371 (ce  2.316 aux  2.640 ref 0.0012)  train median    1.67 m   0.42 s/step
step  5380/6000  loss  3.8788 (ce  2.477 aux  2.803 ref 0.0012)  train median    1.55 m   0.42 s/step
step  5400/6000  loss  3.7418 (ce  2.421 aux  2.642 ref 0.0007)  train median    2.37 m   0.42 s/step
  eval  n=192  median   1.96 m /   64.5 ms  p90    6.45 m /   207.1 ms  worst  2502.93 m  within1  52.1%  within5  96.4%
        ks_black_cat_county__layout_short n=24  median   1.85 m /   69.1 ms  p90   30.53 m /   789.3 ms  worst  2502.93 m  within1  58.3%  within5  87.5%
        ks_brands_hatch__indy    n=16  median   1.06 m /   37.0 ms  p90    7.11 m /   168.5 ms  worst     8.82 m  within1  75.0%  within5 100.0%
        ks_highlands__layout_short n=16  median   2.70 m /   96.2 ms  p90    5.92 m /   203.0 ms  worst   685.93 m  within1  18.8%  within5  93.8%
        ks_laguna_seca           n=16  median   1.68 m /   52.7 ms  p90    4.96 m /   157.3 ms  worst     6.45 m  within1  56.2%  within5 100.0%
        ks_monza66__junior       n=8  median   0.67 m /   20.2 ms  p90    1.43 m /    28.8 ms  worst     1.99 m  within1 100.0%  within5 100.0%
        ks_nurburgring__layout_sprint_a n=24  median   3.24 m /   98.8 ms  p90    7.47 m /   236.3 ms  worst    46.28 m  within1  37.5%  within5  91.7%
        ks_red_bull_ring__layout_national n=16  median   2.50 m /   72.4 ms  p90    4.08 m /   107.3 ms  worst    13.41 m  within1  31.2%  within5  93.8%
        ks_vallelunga__club_circuit n=32  median   1.81 m /   61.2 ms  p90    4.74 m /   158.3 ms  worst     8.62 m  within1  62.5%  within5 100.0%
        magione                  n=40  median   2.13 m /   73.5 ms  p90    5.72 m /   219.1 ms  worst     7.95 m  within1  50.0%  within5 100.0%
step  5420/6000  loss  4.1861 (ce  2.664 aux  3.045 ref 0.0007)  train median    2.15 m   0.42 s/step
step  5440/6000  loss  4.2785 (ce  2.795 aux  2.965 ref 0.0017)  train median    3.65 m   0.42 s/step
step  5460/6000  loss  3.8428 (ce  2.398 aux  2.889 ref 0.0010)  train median    1.51 m   0.42 s/step
step  5480/6000  loss  4.2342 (ce  2.679 aux  3.110 ref 0.0005)  train median    3.41 m   0.42 s/step
step  5500/6000  loss  4.5701 (ce  2.849 aux  3.440 ref 0.0031)  train median    3.72 m   0.42 s/step
step  5520/6000  loss  4.0937 (ce  2.608 aux  2.969 ref 0.0017)  train median    3.23 m   0.42 s/step
step  5540/6000  loss  4.4377 (ce  2.933 aux  3.008 ref 0.0012)  train median    3.28 m   0.42 s/step
step  5560/6000  loss  3.6826 (ce  2.332 aux  2.700 ref 0.0010)  train median    1.23 m   0.42 s/step
step  5580/6000  loss  4.0203 (ce  2.535 aux  2.970 ref 0.0009)  train median    2.47 m   0.42 s/step
step  5600/6000  loss  3.9745 (ce  2.497 aux  2.954 ref 0.0010)  train median    2.59 m   0.42 s/step
  eval  n=192  median   1.88 m /   61.1 ms  p90    6.31 m /   196.2 ms  worst  2503.01 m  within1  51.0%  within5  96.9%
        ks_black_cat_county__layout_short n=24  median   1.73 m /   66.4 ms  p90   30.62 m /   791.8 ms  worst  2503.01 m  within1  58.3%  within5  87.5%
        ks_brands_hatch__indy    n=16  median   0.91 m /   34.9 ms  p90    7.17 m /   160.0 ms  worst     7.95 m  within1  68.8%  within5 100.0%
        ks_highlands__layout_short n=16  median   2.45 m /   85.9 ms  p90    4.17 m /   176.5 ms  worst     6.62 m  within1  18.8%  within5 100.0%
        ks_laguna_seca           n=16  median   1.79 m /   51.5 ms  p90    4.96 m /   158.0 ms  worst     6.39 m  within1  56.2%  within5 100.0%
        ks_monza66__junior       n=8  median   0.58 m /   17.2 ms  p90    1.53 m /    30.7 ms  worst     2.02 m  within1  87.5%  within5 100.0%
        ks_nurburgring__layout_sprint_a n=24  median   3.33 m /  100.1 ms  p90    7.66 m /   243.2 ms  worst    45.65 m  within1  37.5%  within5  91.7%
        ks_red_bull_ring__layout_national n=16  median   2.62 m /   74.4 ms  p90    3.89 m /   104.7 ms  worst    13.70 m  within1  31.2%  within5  93.8%
        ks_vallelunga__club_circuit n=32  median   1.73 m /   57.7 ms  p90    4.71 m /   155.2 ms  worst     8.58 m  within1  65.6%  within5 100.0%
        magione                  n=40  median   2.11 m /   75.3 ms  p90    5.73 m /   218.1 ms  worst     7.69 m  within1  47.5%  within5 100.0%
step  5620/6000  loss  4.3719 (ce  2.778 aux  3.185 ref 0.0023)  train median    4.48 m   0.42 s/step
step  5640/6000  loss  4.6125 (ce  3.039 aux  3.147 ref 0.0009)  train median    2.69 m   0.42 s/step
step  5660/6000  loss  4.5242 (ce  2.999 aux  3.048 ref 0.0018)  train median    3.56 m   0.42 s/step
step  5680/6000  loss  4.5355 (ce  2.838 aux  3.394 ref 0.0006)  train median    1.92 m   0.42 s/step
step  5700/6000  loss  4.1073 (ce  2.504 aux  3.205 ref 0.0014)  train median    2.34 m   0.42 s/step
step  5720/6000  loss  3.7858 (ce  2.380 aux  2.811 ref 0.0010)  train median    1.97 m   0.42 s/step
step  5740/6000  loss  3.4918 (ce  2.252 aux  2.478 ref 0.0008)  train median    1.32 m   0.42 s/step
step  5760/6000  loss  3.9076 (ce  2.486 aux  2.841 ref 0.0012)  train median    1.14 m   0.42 s/step
step  5780/6000  loss  3.7195 (ce  2.352 aux  2.735 ref 0.0006)  train median    2.04 m   0.42 s/step
step  5800/6000  loss  3.7788 (ce  2.328 aux  2.899 ref 0.0012)  train median    1.89 m   0.42 s/step
  eval  n=192  median   1.92 m /   60.4 ms  p90    6.05 m /   206.1 ms  worst  2502.88 m  within1  52.1%  within5  96.4%
        ks_black_cat_county__layout_short n=24  median   1.94 m /   72.5 ms  p90   30.67 m /   789.6 ms  worst  2502.88 m  within1  58.3%  within5  87.5%
        ks_brands_hatch__indy    n=16  median   1.06 m /   41.4 ms  p90    7.03 m /   164.7 ms  worst     8.43 m  within1  75.0%  within5 100.0%
        ks_highlands__layout_short n=16  median   2.23 m /   82.3 ms  p90    4.36 m /   186.4 ms  worst     7.35 m  within1  18.8%  within5 100.0%
        ks_laguna_seca           n=16  median   1.71 m /   52.8 ms  p90    4.62 m /   147.5 ms  worst     6.61 m  within1  56.2%  within5 100.0%
        ks_monza66__junior       n=8  median   0.85 m /   24.0 ms  p90    1.42 m /    32.2 ms  worst     1.79 m  within1 100.0%  within5 100.0%
        ks_nurburgring__layout_sprint_a n=24  median   3.41 m /  110.4 ms  p90    7.79 m /   244.7 ms  worst    45.52 m  within1  33.3%  within5  91.7%
        ks_red_bull_ring__layout_national n=16  median   2.49 m /   71.8 ms  p90    4.13 m /   107.2 ms  worst    14.10 m  within1  37.5%  within5  93.8%
        ks_vallelunga__club_circuit n=32  median   1.62 m /   56.7 ms  p90    4.95 m /   144.6 ms  worst    10.07 m  within1  59.4%  within5  96.9%
        magione                  n=40  median   1.90 m /   72.8 ms  p90    5.65 m /   226.9 ms  worst     7.86 m  within1  52.5%  within5 100.0%
step  5820/6000  loss  4.7655 (ce  3.031 aux  3.467 ref 0.0015)  train median    5.20 m   0.42 s/step
step  5840/6000  loss  3.6521 (ce  2.316 aux  2.671 ref 0.0009)  train median    1.32 m   0.42 s/step
step  5860/6000  loss  4.0471 (ce  2.542 aux  3.009 ref 0.0013)  train median    3.73 m   0.42 s/step
step  5880/6000  loss  4.1888 (ce  2.729 aux  2.918 ref 0.0020)  train median    3.95 m   0.42 s/step
step  5900/6000  loss  3.8166 (ce  2.390 aux  2.853 ref 0.0008)  train median    1.08 m   0.42 s/step
step  5920/6000  loss  3.7891 (ce  2.431 aux  2.714 ref 0.0017)  train median    3.17 m   0.42 s/step
step  5940/6000  loss  4.0178 (ce  2.554 aux  2.926 ref 0.0011)  train median    3.63 m   0.42 s/step
step  5960/6000  loss  4.4173 (ce  2.879 aux  3.072 ref 0.0034)  train median    4.58 m   0.42 s/step
step  5980/6000  loss  3.5432 (ce  2.278 aux  2.530 ref 0.0009)  train median    0.95 m   0.42 s/step
step  6000/6000  loss  4.0636 (ce  2.627 aux  2.871 ref 0.0017)  train median    2.64 m   0.42 s/step
  eval  n=192  median   1.91 m /   60.7 ms  p90    6.38 m /   204.9 ms  worst  2502.91 m  within1  52.1%  within5  96.4%
        ks_black_cat_county__layout_short n=24  median   1.91 m /   71.5 ms  p90   30.66 m /   789.7 ms  worst  2502.91 m  within1  58.3%  within5  87.5%
        ks_brands_hatch__indy    n=16  median   1.06 m /   41.5 ms  p90    7.04 m /   163.9 ms  worst     8.36 m  within1  75.0%  within5 100.0%
        ks_highlands__layout_short n=16  median   2.22 m /   81.7 ms  p90    4.35 m /   185.8 ms  worst     7.32 m  within1  18.8%  within5 100.0%
        ks_laguna_seca           n=16  median   1.71 m /   53.0 ms  p90    4.65 m /   148.3 ms  worst     6.57 m  within1  56.2%  within5 100.0%
        ks_monza66__junior       n=8  median   0.83 m /   23.7 ms  p90    1.43 m /    31.8 ms  worst     1.81 m  within1 100.0%  within5 100.0%
        ks_nurburgring__layout_sprint_a n=24  median   3.41 m /  109.8 ms  p90    7.80 m /   244.3 ms  worst    45.49 m  within1  33.3%  within5  91.7%
        ks_red_bull_ring__layout_national n=16  median   2.48 m /   72.5 ms  p90    4.08 m /   106.7 ms  worst    14.07 m  within1  37.5%  within5  93.8%
        ks_vallelunga__club_circuit n=32  median   1.64 m /   57.3 ms  p90    4.98 m /   145.8 ms  worst    10.06 m  within1  59.4%  within5  96.9%
        magione                  n=40  median   1.91 m /   73.2 ms  p90    5.65 m /   226.6 ms  worst     7.86 m  within1  52.5%  within5 100.0%

best eval median 1.81 m; artifacts in /Users/pvodopija/code/primal/runs/v3_look_s0_base
