  G1 ks_black_cat_county__layout_ ref 180056Z  live 183526Z
  G1 ks_black_cat_county__layout_ ref 183242Z  live 183526Z
  G1 ks_brands_hatch__indy        ref 171903Z  live 221531Z
  G1 ks_brands_hatch__indy        ref 181357Z  live 221531Z
  G1 ks_highlands__layout_short   ref 212549Z  live 005654Z
  G1 ks_laguna_seca               ref 110507Z  live 123110Z
  G1 ks_monza66__junior           ref 091133Z  live 093530Z
  G1 ks_nurburgring__layout_sprin ref 100528Z  live 103410Z
  G1 ks_red_bull_ring__layout_nat ref 232216Z  live 174436Z
  G1 ks_red_bull_ring__layout_nat ref 233620Z  live 174436Z
  G1 ks_vallelunga__club_circuit  ref 220345Z  live 223945Z
  G1 ks_vallelunga__club_circuit  ref 222513Z  live 223945Z
  G1 magione                      ref 225059Z  live 231051Z
  G1 magione                      ref 230023Z  live 231051Z
  G2 ks_silverstone__national     ref 105441Z  live 104658Z
  G2 ks_silverstone__national     ref 105442Z  live 104658Z
  G2 ks_silverstone__national     ref 105441Z  live 104658Z
  G2 ks_silverstone__national     ref 105442Z  live 104658Z
  G2 ks_silverstone__national     ref 105441Z  live 104658Z
  G2 ks_silverstone__national     ref 105442Z  live 104658Z
  G2 ks_silverstone__national     ref 105441Z  live 104658Z
  G2 ks_silverstone__national     ref 105442Z  live 104658Z
  G2 ks_silverstone__national     ref 105441Z  live 104658Z
  G2 ks_silverstone__national     ref 105442Z  live 104658Z
  G2 ks_silverstone__national     ref 105441Z  live 104658Z
  G2 ks_silverstone__national     ref 105442Z  live 104658Z
  G2 ks_silverstone__national     ref 105441Z  live 104658Z
  G2 ks_silverstone__national     ref 105442Z  live 104658Z
  G2 ks_silverstone__national     ref 104658Z  live 105441Z
  G2 ks_silverstone__national     ref 105442Z  live 105441Z
  G2 ks_silverstone__national     ref 104658Z  live 105441Z
  G2 ks_silverstone__national     ref 105442Z  live 105441Z
  G2 ks_silverstone__national     ref 104658Z  live 105441Z
  G2 ks_silverstone__national     ref 105442Z  live 105441Z
  G2 ks_silverstone__national     ref 104658Z  live 105441Z
  G2 ks_silverstone__national     ref 105442Z  live 105441Z
  G2 ks_silverstone__national     ref 104658Z  live 105441Z
  G2 ks_silverstone__national     ref 105442Z  live 105441Z
  G2 ks_silverstone__national     ref 104658Z  live 105441Z
  G2 ks_silverstone__national     ref 105442Z  live 105441Z
  G2 ks_silverstone__national     ref 104658Z  live 105441Z
  G2 ks_silverstone__national     ref 105442Z  live 105441Z
  G2 ks_silverstone__national     ref 104658Z  live 105441Z
  G2 ks_silverstone__national     ref 105442Z  live 105441Z
  G2 ks_silverstone__national     ref 104658Z  live 105442Z
  G2 ks_silverstone__national     ref 105441Z  live 105442Z
  G2 ks_silverstone__national     ref 104658Z  live 105442Z
  G2 ks_silverstone__national     ref 105441Z  live 105442Z
  G2 ks_silverstone__national     ref 104658Z  live 105442Z
  G2 ks_silverstone__national     ref 105441Z  live 105442Z
  G2 ks_silverstone__national     ref 104658Z  live 105442Z
  G2 ks_silverstone__national     ref 105441Z  live 105442Z
  G2 ks_silverstone__national     ref 104658Z  live 105442Z
  G2 ks_silverstone__national     ref 105441Z  live 105442Z
  G2 ks_silverstone__national     ref 104658Z  live 105442Z
  G2 ks_silverstone__national     ref 105441Z  live 105442Z
  G2 ks_silverstone__national     ref 104658Z  live 105442Z
  G2 ks_silverstone__national     ref 105441Z  live 105442Z
  G2 ks_silverstone__national     ref 104658Z  live 105442Z
  G2 ks_silverstone__national     ref 105441Z  live 105442Z
  G2 rt_lime_rock_park__no_chican ref 143440Z  live 141815Z
  G2 rt_lime_rock_park__no_chican ref 143440Z  live 141815Z
  G2 rt_lime_rock_park__no_chican ref 143440Z  live 141815Z
  G2 rt_lime_rock_park__no_chican ref 143440Z  live 141815Z
  G2 rt_lime_rock_park__no_chican ref 143440Z  live 141815Z
  G2 rt_lime_rock_park__no_chican ref 143440Z  live 141815Z
  G2 rt_lime_rock_park__no_chican ref 143440Z  live 141815Z
  G2 rt_lime_rock_park__no_chican ref 143440Z  live 141815Z
  G2 rt_lime_rock_park__no_chican ref 143440Z  live 141815Z
  G2 rt_lime_rock_park__no_chican ref 141815Z  live 143440Z
  G2 rt_lime_rock_park__no_chican ref 141815Z  live 143440Z
  G2 rt_lime_rock_park__no_chican ref 141815Z  live 143440Z
  G2 rt_lime_rock_park__no_chican ref 141815Z  live 143440Z
  G2 rt_lime_rock_park__no_chican ref 141815Z  live 143440Z
  G2 rt_lime_rock_park__no_chican ref 141815Z  live 143440Z
  G2 rt_lime_rock_park__no_chican ref 141815Z  live 143440Z
  G2 rt_lime_rock_park__no_chican ref 141815Z  live 143440Z
  G2 rt_oulton_park__fosters      ref 195157Z  live 193254Z
  G2 rt_oulton_park__fosters      ref 195157Z  live 193254Z
  G2 rt_oulton_park__fosters      ref 195157Z  live 193254Z
  G2 rt_oulton_park__fosters      ref 195157Z  live 193254Z
  G2 rt_oulton_park__fosters      ref 195157Z  live 193254Z
  G2 rt_oulton_park__fosters      ref 195157Z  live 193254Z
  G2 rt_oulton_park__fosters      ref 195157Z  live 193254Z
  G2 rt_oulton_park__fosters      ref 195157Z  live 193254Z
  G2 rt_oulton_park__fosters      ref 195157Z  live 193254Z
  G2 rt_oulton_park__fosters      ref 193254Z  live 195157Z
  G2 rt_oulton_park__fosters      ref 193254Z  live 195157Z
  G2 rt_oulton_park__fosters      ref 193254Z  live 195157Z
  G2 rt_oulton_park__fosters      ref 193254Z  live 195157Z
  G2 rt_oulton_park__fosters      ref 193254Z  live 195157Z
  G2 rt_oulton_park__fosters      ref 193254Z  live 195157Z
  G2 rt_oulton_park__fosters      ref 193254Z  live 195157Z
  G2 rt_oulton_park__fosters      ref 193254Z  live 195157Z
  G2 rt_oulton_park__fosters      ref 193254Z  live 195157Z

                                                                       median      p90  >100 ms   >10 m     worst
G1 single                                                       2.00 m   64 ms   197 ms    31.8%    4.5%   3104.0 m
G1 filter                                                       1.96 m   62 ms   188 ms    31.3%    3.3%    398.0 m
G1 filter, reference time                                       1.33 m   42 ms   115 ms    14.3%    0.5%     15.1 m
G1 filter + speed                                               0.97 m   31 ms    83 ms     5.7%    0.0%      8.8 m
G1 filter, lag-corrected                                        1.94 m   62 ms   186 ms    31.1%    3.3%    398.0 m
G1 filter, reference time, lag-corrected                        1.32 m   42 ms   115 ms    13.8%    0.4%     15.1 m
G1 filter + speed, lag-corrected                                0.93 m   30 ms    79 ms     5.3%    0.0%      8.5 m
G2 single                                                       2.21 m   60 ms   227 ms    31.0%    8.3%   1287.0 m
G2 filter                                                       2.18 m   60 ms   215 ms    30.5%    7.2%   1285.4 m
G2 filter, reference time                                       1.56 m   42 ms   120 ms    15.5%    0.5%     49.0 m
G2 filter + speed                                               0.99 m   27 ms    73 ms     3.7%    0.7%    160.2 m
G2 filter, lag-corrected                                        2.21 m   60 ms   216 ms    31.0%    7.2%   1285.4 m
G2 filter, reference time, lag-corrected                        1.59 m   43 ms   120 ms    15.8%    0.5%     49.0 m
G2 filter + speed, lag-corrected                                1.00 m   27 ms    74 ms     4.0%    0.7%    160.2 m
G2 ks_silverstone__national single                              2.66 m   72 ms   316 ms    38.2%   12.3%   1287.0 m
G2 ks_silverstone__national filter                              2.65 m   73 ms   277 ms    38.2%   10.9%   1285.4 m
G2 ks_silverstone__national filter, reference time              1.67 m   45 ms   135 ms    19.0%    0.8%     49.0 m
G2 ks_silverstone__national filter + speed                      1.10 m   30 ms    85 ms     5.8%    1.2%    160.2 m
G2 ks_silverstone__national filter, lag-corrected               2.68 m   74 ms   277 ms    38.7%   10.9%   1285.4 m
G2 ks_silverstone__national filter, reference time, lag-corrected    1.67 m   45 ms   134 ms    19.0%    0.8%     49.0 m
G2 ks_silverstone__national filter + speed, lag-corrected       1.11 m   30 ms    86 ms     6.1%    1.2%    160.2 m
G2 same car single                                              2.86 m   78 ms   440 ms    41.7%   14.8%   1287.0 m
G2 same car filter                                              2.79 m   78 ms   310 ms    41.1%   12.2%   1285.4 m
G2 same car filter, reference time                              1.18 m   32 ms    96 ms     9.1%    0.6%     49.0 m
G2 same car filter + speed                                      1.11 m   30 ms    90 ms     7.4%    3.2%    160.2 m
G2 same car filter, lag-corrected                               2.82 m   78 ms   308 ms    41.4%   12.3%   1285.4 m
G2 same car filter, reference time, lag-corrected               1.19 m   33 ms    95 ms     8.8%    0.5%     49.0 m
G2 same car filter + speed, lag-corrected                       1.13 m   31 ms    90 ms     7.4%    3.3%    160.2 m
G2 rt_lime_rock_park__no_chicane single                         1.68 m   45 ms   124 ms    16.1%    0.4%     42.1 m
G2 rt_lime_rock_park__no_chicane filter                         1.69 m   45 ms   125 ms    15.9%    0.3%     13.6 m
G2 rt_lime_rock_park__no_chicane filter, reference time         1.48 m   39 ms    91 ms     7.4%    0.0%      7.8 m
G2 rt_lime_rock_park__no_chicane filter + speed                 0.68 m   18 ms    48 ms     0.1%    0.0%      3.4 m
G2 rt_lime_rock_park__no_chicane filter, lag-corrected          1.71 m   46 ms   127 ms    16.4%    0.5%     13.1 m
G2 rt_lime_rock_park__no_chicane filter, reference time, lag-corrected    1.56 m   41 ms    93 ms     7.7%    0.0%      9.5 m
G2 rt_lime_rock_park__no_chicane filter + speed, lag-corrected    0.68 m   18 ms    50 ms     0.3%    0.0%      3.8 m
G2 rt_oulton_park__fosters single                               1.89 m   53 ms   177 ms    25.5%    5.0%    548.6 m
G2 rt_oulton_park__fosters filter                               1.79 m   50 ms   168 ms    23.8%    3.7%     50.1 m
G2 rt_oulton_park__fosters filter, reference time               1.41 m   39 ms   113 ms    13.5%    0.0%      9.6 m
G2 rt_oulton_park__fosters filter + speed                       1.07 m   29 ms    61 ms     1.7%    0.0%      6.9 m
G2 rt_oulton_park__fosters filter, lag-corrected                1.85 m   51 ms   168 ms    24.3%    3.8%     49.6 m
G2 rt_oulton_park__fosters filter, reference time, lag-corrected    1.45 m   40 ms   114 ms    14.5%    0.0%      9.5 m
G2 rt_oulton_park__fosters filter + speed, lag-corrected        1.06 m   29 ms    62 ms     2.0%    0.0%      6.6 m
