started from runs/ft_clean/best.pt
gate g1: held-out laps of seen tracks; full augmentation
train tracks ['ks_black_cat_county__layout_short', 'ks_brands_hatch__indy', 'ks_red_bull_ring__layout_national', 'ks_vallelunga__club_circuit', 'magione'] (111 laps usable)
eval  tracks ['ks_black_cat_county__layout_short', 'ks_brands_hatch__indy', 'ks_red_bull_ring__layout_national', 'ks_vallelunga__club_circuit', 'magione'], split=train
held out as live-only: ['ks_black_cat_county__layout_short__20260923T183526Z__lap08', 'ks_brands_hatch__indy__20260921T221531Z__lap02', 'ks_red_bull_ring__layout_national__20260923T174436Z__lap15', 'ks_vallelunga__club_circuit__20260922T223945Z__lap07', 'magione__default__20260922T231051Z__lap06']
frame 148x80, reference bins 3227
model 0.67M params on mps

step     1/1500  loss  3.5633 (ce  2.292 aux  2.541 ref 0.0008)  train median    2.18 m   4.33 s/step
step    20/1500  loss  3.3079 (ce  2.169 aux  2.277 ref 0.0005)  train median    0.67 m   0.88 s/step
step    40/1500  loss  3.5877 (ce  2.297 aux  2.580 ref 0.0008)  train median    1.55 m   0.81 s/step
step    60/1500  loss  4.0019 (ce  2.632 aux  2.738 ref 0.0021)  train median    3.25 m   0.83 s/step
step    80/1500  loss  3.6789 (ce  2.412 aux  2.532 ref 0.0017)  train median    2.73 m   0.96 s/step
step   100/1500  loss  3.8757 (ce  2.391 aux  2.969 ref 0.0003)  train median    2.15 m   0.98 s/step
step   120/1500  loss  4.2192 (ce  2.765 aux  2.907 ref 0.0006)  train median    2.47 m   0.98 s/step
step   140/1500  loss  3.4584 (ce  2.246 aux  2.424 ref 0.0007)  train median    1.11 m   0.94 s/step
step   160/1500  loss  3.4167 (ce  2.223 aux  2.387 ref 0.0006)  train median    0.93 m   1.00 s/step
step   180/1500  loss  3.6982 (ce  2.298 aux  2.800 ref 0.0003)  train median    1.15 m   0.99 s/step
step   200/1500  loss  3.6768 (ce  2.372 aux  2.610 ref 0.0008)  train median    0.91 m   0.99 s/step
  eval  n=192  median   1.63 m /   55.0 ms  p90    5.37 m /   164.1 ms  worst    31.32 m  within1  59.9%  within5  98.4%
        ks_black_cat_county__layout_short n=32  median   2.01 m /   59.6 ms  p90    5.74 m /   169.7 ms  worst    31.32 m  within1  46.9%  within5  96.9%
        ks_brands_hatch__indy    n=32  median   1.31 m /   36.7 ms  p90    3.62 m /    86.8 ms  worst     7.18 m  within1  68.8%  within5 100.0%
        ks_red_bull_ring__layout_national n=24  median   1.52 m /   43.1 ms  p90    5.33 m /   140.6 ms  worst     6.99 m  within1  62.5%  within5 100.0%
        ks_vallelunga__club_circuit n=48  median   1.52 m /   55.9 ms  p90    5.86 m /   183.1 ms  worst     8.24 m  within1  60.4%  within5 100.0%
        magione                  n=56  median   1.76 m /   61.7 ms  p90    4.53 m /   185.9 ms  worst    14.99 m  within1  60.7%  within5  96.4%
step   220/1500  loss  3.4842 (ce  2.284 aux  2.400 ref 0.0010)  train median    1.20 m   1.04 s/step
step   240/1500  loss  3.4534 (ce  2.235 aux  2.437 ref 0.0007)  train median    1.28 m   1.02 s/step
step   260/1500  loss  3.3495 (ce  2.197 aux  2.305 ref 0.0005)  train median    0.32 m   1.07 s/step
step   280/1500  loss  3.8087 (ce  2.502 aux  2.611 ref 0.0014)  train median    2.71 m   1.06 s/step
step   300/1500  loss  3.4911 (ce  2.270 aux  2.442 ref 0.0007)  train median    1.95 m   1.07 s/step
step   320/1500  loss  3.4983 (ce  2.280 aux  2.436 ref 0.0011)  train median    0.88 m   1.07 s/step
step   340/1500  loss  3.3980 (ce  2.236 aux  2.324 ref 0.0008)  train median    1.39 m   1.08 s/step
step   360/1500  loss  3.5307 (ce  2.226 aux  2.609 ref 0.0007)  train median    1.58 m   1.07 s/step
step   380/1500  loss  3.4682 (ce  2.238 aux  2.460 ref 0.0009)  train median    1.44 m   1.07 s/step
step   400/1500  loss  3.4737 (ce  2.259 aux  2.428 ref 0.0008)  train median    1.26 m   1.07 s/step
  eval  n=192  median   1.64 m /   53.6 ms  p90    5.31 m /   164.4 ms  worst    30.62 m  within1  57.3%  within5  97.4%
        ks_black_cat_county__layout_short n=32  median   2.21 m /   59.6 ms  p90    5.78 m /   207.8 ms  worst    30.62 m  within1  46.9%  within5  93.8%
        ks_brands_hatch__indy    n=32  median   1.17 m /   31.7 ms  p90    5.04 m /   115.4 ms  worst     7.52 m  within1  68.8%  within5 100.0%
        ks_red_bull_ring__layout_national n=24  median   1.59 m /   46.4 ms  p90    4.53 m /   111.8 ms  worst     6.18 m  within1  58.3%  within5 100.0%
        ks_vallelunga__club_circuit n=48  median   1.88 m /   64.0 ms  p90    5.29 m /   186.4 ms  worst    12.84 m  within1  54.2%  within5  97.9%
        magione                  n=56  median   1.64 m /   57.6 ms  p90    4.29 m /   180.0 ms  worst    15.11 m  within1  58.9%  within5  96.4%
step   420/1500  loss  3.6009 (ce  2.337 aux  2.527 ref 0.0009)  train median    1.34 m   1.11 s/step
step   440/1500  loss  3.7339 (ce  2.418 aux  2.630 ref 0.0012)  train median    3.28 m   1.12 s/step
step   460/1500  loss  3.4251 (ce  2.195 aux  2.459 ref 0.0006)  train median    1.15 m   1.12 s/step
step   480/1500  loss  3.3341 (ce  2.190 aux  2.288 ref 0.0004)  train median    0.35 m   1.11 s/step
step   500/1500  loss  3.7194 (ce  2.398 aux  2.642 ref 0.0011)  train median    1.77 m   1.09 s/step
step   520/1500  loss  3.2645 (ce  2.144 aux  2.240 ref 0.0003)  train median    0.68 m   1.08 s/step
step   540/1500  loss  3.7564 (ce  2.456 aux  2.599 ref 0.0016)  train median    1.89 m   1.07 s/step
step   560/1500  loss  3.5649 (ce  2.348 aux  2.432 ref 0.0013)  train median    2.14 m   1.06 s/step
step   580/1500  loss  3.2864 (ce  2.183 aux  2.206 ref 0.0006)  train median    0.95 m   1.06 s/step
step   600/1500  loss  3.4607 (ce  2.280 aux  2.360 ref 0.0010)  train median    1.32 m   1.05 s/step
  eval  n=192  median   1.52 m /   53.2 ms  p90    4.87 m /   146.9 ms  worst    20.99 m  within1  59.4%  within5  97.4%
        ks_black_cat_county__layout_short n=32  median   2.30 m /   70.0 ms  p90    5.10 m /   146.7 ms  worst    20.99 m  within1  46.9%  within5  93.8%
        ks_brands_hatch__indy    n=32  median   1.13 m /   29.1 ms  p90    3.23 m /    87.8 ms  worst     5.86 m  within1  68.8%  within5 100.0%
        ks_red_bull_ring__layout_national n=24  median   1.50 m /   44.1 ms  p90    4.54 m /   118.4 ms  worst     6.32 m  within1  54.2%  within5 100.0%
        ks_vallelunga__club_circuit n=48  median   1.73 m /   62.2 ms  p90    5.23 m /   199.5 ms  worst    10.35 m  within1  54.2%  within5  97.9%
        magione                  n=56  median   1.39 m /   53.2 ms  p90    3.73 m /   157.5 ms  worst    10.46 m  within1  67.9%  within5  96.4%
step   620/1500  loss  3.8510 (ce  2.435 aux  2.832 ref 0.0003)  train median    1.98 m   1.07 s/step
step   640/1500  loss  3.4084 (ce  2.257 aux  2.302 ref 0.0009)  train median    1.73 m   1.07 s/step
step   660/1500  loss  3.2945 (ce  2.163 aux  2.263 ref 0.0004)  train median    0.50 m   1.07 s/step
step   680/1500  loss  3.4729 (ce  2.242 aux  2.460 ref 0.0008)  train median    1.24 m   1.06 s/step
step   700/1500  loss  3.4342 (ce  2.221 aux  2.427 ref 0.0007)  train median    1.49 m   1.05 s/step
step   720/1500  loss  3.7011 (ce  2.338 aux  2.726 ref 0.0008)  train median    1.46 m   1.06 s/step
step   740/1500  loss  4.2338 (ce  2.758 aux  2.951 ref 0.0007)  train median    4.13 m   1.07 s/step
step   760/1500  loss  3.6619 (ce  2.244 aux  2.835 ref 0.0002)  train median    0.92 m   1.06 s/step
step   780/1500  loss  3.9095 (ce  2.350 aux  3.118 ref 0.0004)  train median    1.31 m   1.07 s/step
step   800/1500  loss  3.3489 (ce  2.173 aux  2.352 ref 0.0005)  train median    1.21 m   1.08 s/step
  eval  n=192  median   1.54 m /   51.5 ms  p90    4.88 m /   152.7 ms  worst    27.96 m  within1  62.0%  within5  97.9%
        ks_black_cat_county__layout_short n=32  median   2.00 m /   49.7 ms  p90    4.88 m /   153.0 ms  worst    27.96 m  within1  50.0%  within5  96.9%
        ks_brands_hatch__indy    n=32  median   0.58 m /   18.5 ms  p90    3.38 m /    85.5 ms  worst     6.92 m  within1  71.9%  within5 100.0%
        ks_red_bull_ring__layout_national n=24  median   1.85 m /   49.7 ms  p90    4.43 m /    96.3 ms  worst     5.96 m  within1  54.2%  within5 100.0%
        ks_vallelunga__club_circuit n=48  median   1.64 m /   60.6 ms  p90    5.48 m /   180.1 ms  worst    15.56 m  within1  62.5%  within5  97.9%
        magione                  n=56  median   1.45 m /   53.4 ms  p90    4.26 m /   158.6 ms  worst    13.68 m  within1  66.1%  within5  96.4%
step   820/1500  loss  3.3953 (ce  2.254 aux  2.282 ref 0.0010)  train median    1.62 m   1.11 s/step
step   840/1500  loss  3.4154 (ce  2.220 aux  2.390 ref 0.0006)  train median    1.44 m   1.11 s/step
step   860/1500  loss  3.2692 (ce  2.167 aux  2.204 ref 0.0005)  train median    0.66 m   1.10 s/step
step   880/1500  loss  3.3946 (ce  2.192 aux  2.404 ref 0.0006)  train median    1.42 m   1.10 s/step
step   900/1500  loss  3.4607 (ce  2.249 aux  2.423 ref 0.0007)  train median    1.11 m   1.09 s/step
step   920/1500  loss  3.3881 (ce  2.213 aux  2.349 ref 0.0009)  train median    1.41 m   1.08 s/step
step   940/1500  loss  3.6182 (ce  2.318 aux  2.600 ref 0.0003)  train median    1.46 m   1.09 s/step
step   960/1500  loss  3.6593 (ce  2.366 aux  2.585 ref 0.0009)  train median    1.62 m   1.09 s/step
step   980/1500  loss  3.8154 (ce  2.330 aux  2.971 ref 0.0003)  train median    1.66 m   1.09 s/step
step  1000/1500  loss  3.2989 (ce  2.186 aux  2.226 ref 0.0006)  train median    1.21 m   1.09 s/step
  eval  n=192  median   1.48 m /   50.5 ms  p90    4.45 m /   139.4 ms  worst    25.91 m  within1  64.6%  within5  97.9%
        ks_black_cat_county__layout_short n=32  median   1.78 m /   57.1 ms  p90    5.77 m /   157.5 ms  worst    25.91 m  within1  56.2%  within5  93.8%
        ks_brands_hatch__indy    n=32  median   1.04 m /   29.5 ms  p90    4.12 m /    97.6 ms  worst     6.90 m  within1  71.9%  within5 100.0%
        ks_red_bull_ring__layout_national n=24  median   1.53 m /   42.1 ms  p90    4.95 m /   114.3 ms  worst     5.95 m  within1  62.5%  within5 100.0%
        ks_vallelunga__club_circuit n=48  median   1.39 m /   56.1 ms  p90    3.90 m /   134.6 ms  worst     5.43 m  within1  62.5%  within5 100.0%
        magione                  n=56  median   1.44 m /   52.0 ms  p90    4.28 m /   152.4 ms  worst    13.42 m  within1  67.9%  within5  96.4%
step  1020/1500  loss  3.6654 (ce  2.326 aux  2.678 ref 0.0003)  train median    2.18 m   1.10 s/step
step  1040/1500  loss  3.5085 (ce  2.213 aux  2.590 ref 0.0006)  train median    1.29 m   1.10 s/step
step  1060/1500  loss  3.7586 (ce  2.488 aux  2.540 ref 0.0004)  train median    1.01 m   1.10 s/step
step  1080/1500  loss  3.2868 (ce  2.175 aux  2.224 ref 0.0006)  train median    0.84 m   1.10 s/step
step  1100/1500  loss  3.6215 (ce  2.279 aux  2.684 ref 0.0003)  train median    1.05 m   1.10 s/step
step  1120/1500  loss  3.6174 (ce  2.348 aux  2.538 ref 0.0011)  train median    1.25 m   1.09 s/step
step  1140/1500  loss  3.2694 (ce  2.146 aux  2.247 ref 0.0003)  train median    0.59 m   1.09 s/step
step  1160/1500  loss  3.4384 (ce  2.183 aux  2.510 ref 0.0004)  train median    1.15 m   1.09 s/step
step  1180/1500  loss  3.6587 (ce  2.380 aux  2.556 ref 0.0010)  train median    1.28 m   1.09 s/step
step  1200/1500  loss  3.2777 (ce  2.165 aux  2.225 ref 0.0005)  train median    0.72 m   1.09 s/step
  eval  n=192  median   1.48 m /   49.6 ms  p90    4.48 m /   144.6 ms  worst    29.37 m  within1  62.5%  within5  97.9%
        ks_black_cat_county__layout_short n=32  median   2.39 m /   62.4 ms  p90    5.32 m /   143.3 ms  worst    29.37 m  within1  43.8%  within5  96.9%
        ks_brands_hatch__indy    n=32  median   0.90 m /   27.2 ms  p90    4.20 m /    96.3 ms  worst     5.74 m  within1  75.0%  within5 100.0%
        ks_red_bull_ring__layout_national n=24  median   1.42 m /   43.6 ms  p90    4.54 m /   113.0 ms  worst     6.10 m  within1  62.5%  within5 100.0%
        ks_vallelunga__club_circuit n=48  median   1.55 m /   55.7 ms  p90    4.34 m /   157.2 ms  worst    13.22 m  within1  60.4%  within5  97.9%
        magione                  n=56  median   1.43 m /   53.8 ms  p90    4.32 m /   170.9 ms  worst    12.48 m  within1  67.9%  within5  96.4%
step  1220/1500  loss  3.3257 (ce  2.213 aux  2.224 ref 0.0008)  train median    1.24 m   1.09 s/step
step  1240/1500  loss  3.9568 (ce  2.411 aux  3.091 ref 0.0004)  train median    2.77 m   1.09 s/step
step  1260/1500  loss  3.4868 (ce  2.246 aux  2.482 ref 0.0007)  train median    1.23 m   1.09 s/step
step  1280/1500  loss  3.6031 (ce  2.355 aux  2.496 ref 0.0015)  train median    1.83 m   1.09 s/step
step  1300/1500  loss  3.6250 (ce  2.351 aux  2.546 ref 0.0009)  train median    1.48 m   1.08 s/step
step  1320/1500  loss  3.7377 (ce  2.319 aux  2.837 ref 0.0003)  train median    1.92 m   1.08 s/step
step  1340/1500  loss  3.4632 (ce  2.251 aux  2.423 ref 0.0008)  train median    1.72 m   1.08 s/step
step  1360/1500  loss  3.7235 (ce  2.386 aux  2.674 ref 0.0015)  train median    1.33 m   1.08 s/step
step  1380/1500  loss  3.5410 (ce  2.272 aux  2.537 ref 0.0009)  train median    1.77 m   1.08 s/step
step  1400/1500  loss  3.2767 (ce  2.171 aux  2.211 ref 0.0005)  train median    0.92 m   1.08 s/step
  eval  n=192  median   1.44 m /   49.7 ms  p90    4.41 m /   134.6 ms  worst    29.40 m  within1  62.0%  within5  98.4%
        ks_black_cat_county__layout_short n=32  median   2.45 m /   64.3 ms  p90    5.32 m /   143.9 ms  worst    29.40 m  within1  43.8%  within5  96.9%
        ks_brands_hatch__indy    n=32  median   0.66 m /   23.7 ms  p90    3.78 m /    84.2 ms  worst     5.68 m  within1  71.9%  within5 100.0%
        ks_red_bull_ring__layout_national n=24  median   1.44 m /   42.3 ms  p90    4.34 m /   108.9 ms  worst     5.92 m  within1  62.5%  within5 100.0%
        ks_vallelunga__club_circuit n=48  median   1.41 m /   54.9 ms  p90    4.13 m /   134.0 ms  worst     5.33 m  within1  58.3%  within5 100.0%
        magione                  n=56  median   1.43 m /   50.2 ms  p90    4.39 m /   174.8 ms  worst    13.09 m  within1  69.6%  within5  96.4%
step  1420/1500  loss  3.3995 (ce  2.221 aux  2.357 ref 0.0006)  train median    0.96 m   1.08 s/step
step  1440/1500  loss  3.5640 (ce  2.289 aux  2.549 ref 0.0008)  train median    2.26 m   1.08 s/step
step  1460/1500  loss  4.0821 (ce  2.684 aux  2.796 ref 0.0007)  train median    3.53 m   1.08 s/step
step  1480/1500  loss  3.5009 (ce  2.276 aux  2.448 ref 0.0011)  train median    1.59 m   1.08 s/step
step  1500/1500  loss  3.6742 (ce  2.358 aux  2.632 ref 0.0004)  train median    2.13 m   1.08 s/step
  eval  n=192  median   1.44 m /   49.2 ms  p90    4.43 m /   134.5 ms  worst    29.41 m  within1  62.0%  within5  98.4%
        ks_black_cat_county__layout_short n=32  median   2.44 m /   64.2 ms  p90    5.32 m /   144.4 ms  worst    29.41 m  within1  43.8%  within5  96.9%
        ks_brands_hatch__indy    n=32  median   0.67 m /   23.8 ms  p90    3.78 m /    84.0 ms  worst     5.65 m  within1  71.9%  within5 100.0%
        ks_red_bull_ring__layout_national n=24  median   1.43 m /   42.3 ms  p90    4.35 m /   109.1 ms  worst     5.92 m  within1  62.5%  within5 100.0%
        ks_vallelunga__club_circuit n=48  median   1.42 m /   54.8 ms  p90    4.14 m /   134.2 ms  worst     5.34 m  within1  58.3%  within5 100.0%
        magione                  n=56  median   1.42 m /   50.2 ms  p90    4.38 m /   174.9 ms  worst    12.81 m  within1  69.6%  within5  96.4%

best eval median 1.44 m; artifacts in /Users/pvodopija/code/primal/runs/lagfix_deg
