====================================================================================================
GATES
====================================================================================================

seen laps, seen tracks
  n=320  median   1.21 m /   36.8 ms  p90    4.62 m /   148.5 ms  worst    19.72 m  within1  67.2%  within5  97.8%
  mean predictive entropy 2.273 nats
    ks_black_cat_county__layout_short n=72  median   1.93 m /   61.6 ms  p90    6.07 m /   175.6 ms  worst    19.72 m  within1  52.8%  within5  94.4%
    ks_brands_hatch__indy    n=72  median   0.58 m /   16.0 ms  p90    1.77 m /    47.8 ms  worst     9.50 m  within1  90.3%  within5 100.0%
    ks_red_bull_ring__layout_national n=48  median   1.50 m /   42.8 ms  p90    4.26 m /   101.9 ms  worst     6.61 m  within1  62.5%  within5 100.0%
    ks_vallelunga__club_circuit n=64  median   1.42 m /   55.6 ms  p90    4.92 m /   181.6 ms  worst    11.40 m  within1  57.8%  within5  98.4%
    magione                  n=64  median   1.35 m /   43.8 ms  p90    3.77 m /   150.0 ms  worst    15.76 m  within1  70.3%  within5  96.9%

G1  held-out laps, seen tracks
  n=320  median   1.43 m /   47.8 ms  p90    4.34 m /   145.1 ms  worst  1765.89 m  within1  64.4%  within5  99.1%
  mean predictive entropy 2.289 nats
    ks_black_cat_county__layout_short n=48  median   2.03 m /   62.5 ms  p90    5.80 m /   193.4 ms  worst  1765.89 m  within1  47.9%  within5  95.8%
    ks_brands_hatch__indy    n=64  median   1.31 m /   39.0 ms  p90    5.36 m /   146.6 ms  worst     9.44 m  within1  70.3%  within5 100.0%
    ks_red_bull_ring__layout_national n=64  median   1.26 m /   33.5 ms  p90    3.40 m /    92.1 ms  worst     6.23 m  within1  75.0%  within5 100.0%
    ks_vallelunga__club_circuit n=88  median   1.42 m /   58.3 ms  p90    5.11 m /   183.7 ms  worst     9.03 m  within1  62.5%  within5 100.0%
    magione                  n=56  median   1.45 m /   54.8 ms  p90    3.10 m /   136.0 ms  worst    60.34 m  within1  62.5%  within5  98.2%

G2  held-out tracks
  n=320  median   3.71 m /   94.4 ms  p90  349.79 m /  9306.5 ms  worst  1223.94 m  within1  30.9%  within5  78.8%
  mean predictive entropy 2.926 nats
    ks_silverstone__national n=320  median   3.71 m /   94.4 ms  p90  349.79 m /  9306.5 ms  worst  1223.94 m  within1  30.9%  within5  78.8%

====================================================================================================
NEGATIVE CONTROLS
====================================================================================================

wrong-reference control: live clips paired with another track's reference
  matched reference   median    1.26 m   entropy 2.269 nats
  wrong reference     median  535.63 m   entropy 3.866 nats
  chance for 3227 bins at 2.00 m: 1613.3 m; uniform entropy 8.079 nats
  PASS: error must collapse to chance when the reference is wrong

wrote runs/lc5s1/gates.json
