  ks_silverstone__national     live lap02  reference 0260924T104658Z__lap01
  ks_silverstone__national     live lap04  reference 0260924T104658Z__lap02
  ks_silverstone__national     live lap05  reference 0260924T104658Z__lap03
  ks_silverstone__national     live lap06  reference 0260924T104658Z__lap04
  rt_lime_rock_park__no_chican live lap02  reference 0260928T143440Z__lap04
  rt_lime_rock_park__no_chican live lap03  reference 0260928T143440Z__lap05
  rt_lime_rock_park__no_chican live lap04  reference 0260928T143440Z__lap06
  rt_lime_rock_park__no_chican live lap05  reference 0260928T143440Z__lap07
  rt_oulton_park__fosters      live lap02  reference 0260929T195157Z__lap03
  rt_oulton_park__fosters      live lap03  reference 0260929T195157Z__lap04
  rt_oulton_park__fosters      live lap04  reference 0260929T195157Z__lap05
  rt_oulton_park__fosters      live lap05  reference 0260929T195157Z__lap06

                                          single >100 ms  tracker median      p90  >100 ms
level                                              29.1%           40 ms   115 ms    14.0%
yaw 7                                              50.8%           79 ms   230 ms    40.2%
yaw 14                                             76.7%          176 ms   520 ms    69.8%
pitch 5                                            49.2%           72 ms   174 ms    34.2%
roll 10                                            44.1%           53 ms   170 ms    25.1%
shake 1                                            28.9%           40 ms   115 ms    14.0%
shake 2                                            30.0%           40 ms   116 ms    14.4%
yaw 10, shake 1                                    63.0%          111 ms   317 ms    54.6%
same session: level                                 6.0%           20 ms    45 ms     1.0%
same session: Halo level                           13.6%           26 ms    64 ms     3.1%
same session: Halo yaw 10, shake 1                 59.0%          107 ms   349 ms    52.8%
