====================================================================================================
GATES
====================================================================================================

seen laps, seen tracks
  n=320  median   1.34 m /   40.1 ms  p90    3.80 m /   115.9 ms  worst    19.79 m  within1  65.9%  within5  99.4%
  mean predictive entropy 2.275 nats
    ks_black_cat_county__layout_short n=32  median   2.12 m /   66.5 ms  p90    5.33 m /   159.2 ms  worst     7.31 m  within1  43.8%  within5 100.0%
    ks_brands_hatch__indy    n=40  median   1.10 m /   31.0 ms  p90    2.03 m /    58.9 ms  worst     2.84 m  within1  85.0%  within5 100.0%
    ks_highlands__layout_short n=40  median   0.84 m /   34.8 ms  p90    2.50 m /    78.9 ms  worst     5.84 m  within1  77.5%  within5 100.0%
    ks_laguna_seca           n=48  median   1.65 m /   59.7 ms  p90    4.68 m /   205.7 ms  worst     8.32 m  within1  54.2%  within5 100.0%
    ks_monza66__junior       n=16  median   2.13 m /   41.2 ms  p90    4.12 m /   100.3 ms  worst     4.52 m  within1  43.8%  within5 100.0%
    ks_nurburgring__layout_sprint_a n=32  median   1.05 m /   28.9 ms  p90    3.73 m /   109.5 ms  worst    13.76 m  within1  75.0%  within5  96.9%
    ks_red_bull_ring__layout_national n=40  median   1.33 m /   35.2 ms  p90    3.97 m /   111.1 ms  worst    19.79 m  within1  70.0%  within5  97.5%
    ks_vallelunga__club_circuit n=40  median   1.35 m /   43.8 ms  p90    3.36 m /   100.3 ms  worst     5.23 m  within1  65.0%  within5 100.0%
    magione                  n=32  median   1.60 m /   50.6 ms  p90    3.65 m /   133.6 ms  worst     6.20 m  within1  65.6%  within5 100.0%

G1  held-out laps, seen tracks
  n=320  median   1.44 m /   44.3 ms  p90    4.44 m /   134.2 ms  worst    10.06 m  within1  65.3%  within5  99.7%
  mean predictive entropy 2.271 nats
    ks_black_cat_county__layout_short n=32  median   1.22 m /   42.5 ms  p90    5.08 m /   124.1 ms  worst     8.68 m  within1  71.9%  within5 100.0%
    ks_brands_hatch__indy    n=32  median   1.40 m /   38.8 ms  p90    3.72 m /   113.8 ms  worst    10.06 m  within1  71.9%  within5  96.9%
    ks_highlands__layout_short n=32  median   1.03 m /   30.8 ms  p90    2.06 m /    73.3 ms  worst     5.59 m  within1  84.4%  within5 100.0%
    ks_laguna_seca           n=16  median   1.98 m /   56.6 ms  p90    4.33 m /   104.1 ms  worst     6.09 m  within1  50.0%  within5 100.0%
    ks_monza66__junior       n=32  median   1.50 m /   33.9 ms  p90    4.69 m /   158.8 ms  worst     7.40 m  within1  68.8%  within5 100.0%
    ks_nurburgring__layout_sprint_a n=48  median   2.07 m /   67.2 ms  p90    6.29 m /   164.6 ms  worst     7.48 m  within1  47.9%  within5 100.0%
    ks_red_bull_ring__layout_national n=72  median   1.55 m /   40.4 ms  p90    4.91 m /   141.1 ms  worst     8.47 m  within1  58.3%  within5 100.0%
    ks_vallelunga__club_circuit n=16  median   0.47 m /   15.8 ms  p90    2.71 m /    76.3 ms  worst     3.77 m  within1  81.2%  within5 100.0%
    magione                  n=40  median   1.36 m /   51.7 ms  p90    2.93 m /   108.3 ms  worst     5.09 m  within1  70.0%  within5 100.0%

G2  held-out tracks
  n=320  median   1.82 m /   49.7 ms  p90    6.69 m /   161.3 ms  worst   168.69 m  within1  52.2%  within5  94.7%
  mean predictive entropy 2.416 nats
    ks_silverstone__national n=152  median   2.45 m /   62.4 ms  p90    7.18 m /   170.4 ms  worst   168.69 m  within1  42.8%  within5  92.1%
    rt_lime_rock_park__no_chicane n=96  median   1.64 m /   41.1 ms  p90    3.79 m /   111.4 ms  worst    10.81 m  within1  61.5%  within5  99.0%
    rt_oulton_park__fosters  n=72  median   1.33 m /   35.2 ms  p90    4.81 m /   138.8 ms  worst    28.28 m  within1  59.7%  within5  94.4%

====================================================================================================
NEGATIVE CONTROLS
====================================================================================================

wrong-reference control: live clips paired with another track's reference
  matched reference   median    1.38 m   entropy 2.266 nats
  wrong reference     median  680.82 m   entropy 3.607 nats
  chance for 3227 bins at 2.00 m: 1613.3 m; uniform entropy 8.079 nats
  PASS: error must collapse to chance when the reference is wrong

wrote runs/v3_mobilenet_large_s0/gates_v3.json
