  G2 rt_lime_rock_park__no_chican ref 143440Z  live 205006Z
  G2 rt_lime_rock_park__no_chican ref 143440Z  live 205006Z
  G2 rt_lime_rock_park__no_chican ref 143440Z  live 205006Z
  G2 rt_oulton_park__fosters      ref 195157Z  live 205804Z
  G2 rt_oulton_park__fosters      ref 195157Z  live 205804Z
  G2 rt_oulton_park__fosters      ref 195157Z  live 205804Z

                                                                       median      p90  >100 ms   >10 m     worst
G2 single                                                       2.28 m   64 ms   237 ms    33.2%    7.6%    785.0 m
G2 filter                                                       2.22 m   60 ms   204 ms    32.4%    4.5%     99.2 m
G2 filter, reference time                                       1.49 m   40 ms    97 ms     9.3%    0.0%      6.4 m
G2 filter, reference time, two modes                            1.56 m   42 ms   111 ms    12.8%    0.5%     16.2 m
G2 filter + speed                                               1.17 m   32 ms    66 ms     2.3%    0.0%      5.4 m
G2 rt_lime_rock_park__no_chicane single                         2.78 m   78 ms   260 ms    40.5%    9.3%    785.0 m
G2 rt_lime_rock_park__no_chicane filter                         2.94 m   79 ms   227 ms    42.4%    6.0%     99.2 m
G2 rt_lime_rock_park__no_chicane filter, reference time         1.49 m   38 ms    97 ms     9.3%    0.0%      6.4 m
G2 rt_lime_rock_park__no_chicane filter, reference time, two modes    1.61 m   43 ms   127 ms    17.3%    0.8%     16.2 m
G2 rt_lime_rock_park__no_chicane filter + speed                 1.21 m   32 ms    72 ms     2.8%    0.0%      5.4 m
G2 rt_oulton_park__fosters single                               1.90 m   54 ms   203 ms    27.1%    6.2%    482.2 m
G2 rt_oulton_park__fosters filter                               1.83 m   49 ms   167 ms    24.0%    3.3%     33.9 m
G2 rt_oulton_park__fosters filter, reference time               1.48 m   41 ms    97 ms     9.3%    0.0%      6.0 m
G2 rt_oulton_park__fosters filter, reference time, two modes    1.52 m   41 ms    96 ms     9.1%    0.2%     12.8 m
G2 rt_oulton_park__fosters filter + speed                       1.14 m   32 ms    59 ms     1.9%    0.0%      4.0 m
