  G1 ks_black_cat_county__layout_ ref 180056Z  live 183526Z
  G1 ks_black_cat_county__layout_ ref 183242Z  live 183526Z
  G1 ks_brands_hatch__indy        ref 171903Z  live 221531Z
  G1 ks_brands_hatch__indy        ref 181357Z  live 221531Z
  G1 ks_highlands__layout_short   ref 212549Z  live 005654Z
  G1 ks_laguna_seca               ref 110507Z  live 123110Z
  G1 ks_monza66__junior           ref 091133Z  live 093530Z
  G1 ks_nurburgring__layout_sprin ref 100528Z  live 103410Z
  G1 ks_red_bull_ring__layout_nat ref 232216Z  live 174436Z
  G1 ks_red_bull_ring__layout_nat ref 233620Z  live 174436Z
  G1 ks_vallelunga__club_circuit  ref 220345Z  live 223945Z
  G1 ks_vallelunga__club_circuit  ref 222513Z  live 223945Z
  G1 magione                      ref 225059Z  live 231051Z
  G1 magione                      ref 230023Z  live 231051Z
  G2 ks_silverstone__national     ref 105441Z  live 104658Z
  G2 ks_silverstone__national     ref 105442Z  live 104658Z
  G2 ks_silverstone__national     ref 105441Z  live 104658Z
  G2 ks_silverstone__national     ref 105442Z  live 104658Z
  G2 ks_silverstone__national     ref 105441Z  live 104658Z
  G2 ks_silverstone__national     ref 105442Z  live 104658Z
  G2 ks_silverstone__national     ref 105441Z  live 104658Z
  G2 ks_silverstone__national     ref 105442Z  live 104658Z
  G2 ks_silverstone__national     ref 105441Z  live 104658Z
  G2 ks_silverstone__national     ref 105442Z  live 104658Z
  G2 ks_silverstone__national     ref 105441Z  live 104658Z
  G2 ks_silverstone__national     ref 105442Z  live 104658Z
  G2 ks_silverstone__national     ref 105441Z  live 104658Z
  G2 ks_silverstone__national     ref 105442Z  live 104658Z
  G2 ks_silverstone__national     ref 104658Z  live 105441Z
  G2 ks_silverstone__national     ref 105442Z  live 105441Z
  G2 ks_silverstone__national     ref 104658Z  live 105441Z
  G2 ks_silverstone__national     ref 105442Z  live 105441Z
  G2 ks_silverstone__national     ref 104658Z  live 105441Z
  G2 ks_silverstone__national     ref 105442Z  live 105441Z
  G2 ks_silverstone__national     ref 104658Z  live 105441Z
  G2 ks_silverstone__national     ref 105442Z  live 105441Z
  G2 ks_silverstone__national     ref 104658Z  live 105441Z
  G2 ks_silverstone__national     ref 105442Z  live 105441Z
  G2 ks_silverstone__national     ref 104658Z  live 105441Z
  G2 ks_silverstone__national     ref 105442Z  live 105441Z
  G2 ks_silverstone__national     ref 104658Z  live 105441Z
  G2 ks_silverstone__national     ref 105442Z  live 105441Z
  G2 ks_silverstone__national     ref 104658Z  live 105441Z
  G2 ks_silverstone__national     ref 105442Z  live 105441Z
  G2 ks_silverstone__national     ref 104658Z  live 105442Z
  G2 ks_silverstone__national     ref 105441Z  live 105442Z
  G2 ks_silverstone__national     ref 104658Z  live 105442Z
  G2 ks_silverstone__national     ref 105441Z  live 105442Z
  G2 ks_silverstone__national     ref 104658Z  live 105442Z
  G2 ks_silverstone__national     ref 105441Z  live 105442Z
  G2 ks_silverstone__national     ref 104658Z  live 105442Z
  G2 ks_silverstone__national     ref 105441Z  live 105442Z
  G2 ks_silverstone__national     ref 104658Z  live 105442Z
  G2 ks_silverstone__national     ref 105441Z  live 105442Z
  G2 ks_silverstone__national     ref 104658Z  live 105442Z
  G2 ks_silverstone__national     ref 105441Z  live 105442Z
  G2 ks_silverstone__national     ref 104658Z  live 105442Z
  G2 ks_silverstone__national     ref 105441Z  live 105442Z
  G2 ks_silverstone__national     ref 104658Z  live 105442Z
  G2 ks_silverstone__national     ref 105441Z  live 105442Z
  G2 rt_lime_rock_park__no_chican ref 143440Z  live 141815Z
  G2 rt_lime_rock_park__no_chican ref 143440Z  live 141815Z
  G2 rt_lime_rock_park__no_chican ref 143440Z  live 141815Z
  G2 rt_lime_rock_park__no_chican ref 143440Z  live 141815Z
  G2 rt_lime_rock_park__no_chican ref 143440Z  live 141815Z
  G2 rt_lime_rock_park__no_chican ref 143440Z  live 141815Z
  G2 rt_lime_rock_park__no_chican ref 143440Z  live 141815Z
  G2 rt_lime_rock_park__no_chican ref 143440Z  live 141815Z
  G2 rt_lime_rock_park__no_chican ref 143440Z  live 141815Z
  G2 rt_lime_rock_park__no_chican ref 141815Z  live 143440Z
  G2 rt_lime_rock_park__no_chican ref 141815Z  live 143440Z
  G2 rt_lime_rock_park__no_chican ref 141815Z  live 143440Z
  G2 rt_lime_rock_park__no_chican ref 141815Z  live 143440Z
  G2 rt_lime_rock_park__no_chican ref 141815Z  live 143440Z
  G2 rt_lime_rock_park__no_chican ref 141815Z  live 143440Z
  G2 rt_lime_rock_park__no_chican ref 141815Z  live 143440Z
  G2 rt_lime_rock_park__no_chican ref 141815Z  live 143440Z
  G2 rt_oulton_park__fosters      ref 195157Z  live 193254Z
  G2 rt_oulton_park__fosters      ref 195157Z  live 193254Z
  G2 rt_oulton_park__fosters      ref 195157Z  live 193254Z
  G2 rt_oulton_park__fosters      ref 195157Z  live 193254Z
  G2 rt_oulton_park__fosters      ref 195157Z  live 193254Z
  G2 rt_oulton_park__fosters      ref 195157Z  live 193254Z
  G2 rt_oulton_park__fosters      ref 195157Z  live 193254Z
  G2 rt_oulton_park__fosters      ref 195157Z  live 193254Z
  G2 rt_oulton_park__fosters      ref 195157Z  live 193254Z
  G2 rt_oulton_park__fosters      ref 193254Z  live 195157Z
  G2 rt_oulton_park__fosters      ref 193254Z  live 195157Z
  G2 rt_oulton_park__fosters      ref 193254Z  live 195157Z
  G2 rt_oulton_park__fosters      ref 193254Z  live 195157Z
  G2 rt_oulton_park__fosters      ref 193254Z  live 195157Z
  G2 rt_oulton_park__fosters      ref 193254Z  live 195157Z
  G2 rt_oulton_park__fosters      ref 193254Z  live 195157Z
  G2 rt_oulton_park__fosters      ref 193254Z  live 195157Z
  G2 rt_oulton_park__fosters      ref 193254Z  live 195157Z

                                                                       median      p90  >100 ms   >10 m     worst
G1 single                                                       1.61 m   51 ms   159 ms    23.8%    2.2%   3031.6 m
G1 filter                                                       1.53 m   49 ms   154 ms    21.6%    1.6%     37.1 m
G1 filter, reference time                                       1.08 m   34 ms    97 ms     9.2%    0.1%     11.4 m
G1 filter, reference time, two modes                            1.03 m   33 ms    95 ms     8.8%    0.1%     12.6 m
G1 filter + speed                                               0.77 m   24 ms    63 ms     2.5%    0.0%      5.8 m
G1 filter, lag-corrected                                        1.55 m   49 ms   155 ms    22.0%    1.6%     37.4 m
G1 filter, reference time, lag-corrected                        1.09 m   35 ms    96 ms     9.2%    0.1%     11.4 m
G1 filter, reference time, two modes, lag-corrected             1.05 m   33 ms    96 ms     9.0%    0.1%     12.6 m
G1 filter + speed, lag-corrected                                0.75 m   23 ms    64 ms     2.6%    0.0%      5.9 m
G2 single                                                       1.99 m   55 ms   188 ms    27.0%    5.7%   1285.5 m
G2 filter                                                       1.92 m   53 ms   176 ms    25.9%    4.5%    744.3 m
G2 filter, reference time                                       1.37 m   37 ms   106 ms    11.8%    0.1%     13.2 m
G2 filter, reference time, two modes                            1.33 m   36 ms   108 ms    12.0%    0.6%     28.5 m
G2 filter + speed                                               0.97 m   26 ms    69 ms     2.9%    0.0%      8.8 m
G2 filter, lag-corrected                                        1.90 m   52 ms   175 ms    25.5%    4.4%    744.5 m
G2 filter, reference time, lag-corrected                        1.32 m   36 ms   104 ms    11.1%    0.0%     11.9 m
G2 filter, reference time, two modes, lag-corrected             1.29 m   35 ms   105 ms    11.2%    0.5%     28.0 m
G2 filter + speed, lag-corrected                                0.90 m   24 ms    65 ms     2.6%    0.0%      9.5 m
G2 ks_silverstone__national single                              2.30 m   63 ms   220 ms    32.0%    7.5%   1285.5 m
G2 ks_silverstone__national filter                              2.29 m   63 ms   209 ms    32.1%    6.3%    744.3 m
G2 ks_silverstone__national filter, reference time              1.45 m   40 ms   116 ms    14.4%    0.1%     13.2 m
G2 ks_silverstone__national filter, reference time, two modes    1.47 m   40 ms   121 ms    15.8%    0.9%     28.5 m
G2 ks_silverstone__national filter + speed                      1.19 m   32 ms    80 ms     4.7%    0.0%      8.8 m
G2 ks_silverstone__national filter, lag-corrected               2.22 m   61 ms   206 ms    31.3%    6.2%    744.5 m
G2 ks_silverstone__national filter, reference time, lag-corrected    1.34 m   37 ms   111 ms    13.1%    0.1%     11.9 m
G2 ks_silverstone__national filter, reference time, two modes, lag-corrected    1.37 m   38 ms   118 ms    14.4%    0.8%     28.0 m
G2 ks_silverstone__national filter + speed, lag-corrected       1.04 m   28 ms    75 ms     4.2%    0.0%      9.5 m
G2 same car single                                              2.54 m   71 ms   309 ms    37.1%   11.5%   1285.5 m
G2 same car filter                                              2.60 m   72 ms   253 ms    37.4%    8.9%    744.3 m
G2 same car filter, reference time                              1.26 m   35 ms   100 ms     9.9%    0.0%      8.2 m
G2 same car filter, reference time, two modes                   1.40 m   38 ms   116 ms    14.1%    1.6%     28.5 m
G2 same car filter + speed                                      1.16 m   31 ms    81 ms     5.0%    0.0%      8.8 m
G2 same car filter, lag-corrected                               2.53 m   71 ms   250 ms    37.1%    8.7%    744.5 m
G2 same car filter, reference time, lag-corrected               1.15 m   32 ms    95 ms     8.5%    0.0%      7.8 m
G2 same car filter, reference time, two modes, lag-corrected    1.28 m   35 ms   111 ms    12.8%    1.6%     28.0 m
G2 same car filter + speed, lag-corrected                       1.03 m   28 ms    76 ms     4.6%    0.0%      9.5 m
G2 rt_lime_rock_park__no_chicane single                         1.67 m   45 ms   136 ms    19.0%    2.1%    960.0 m
G2 rt_lime_rock_park__no_chicane filter                         1.59 m   43 ms   128 ms    16.9%    1.4%     33.1 m
G2 rt_lime_rock_park__no_chicane filter, reference time         1.26 m   34 ms    95 ms     8.0%    0.0%      8.7 m
G2 rt_lime_rock_park__no_chicane filter, reference time, two modes    1.21 m   32 ms    88 ms     6.3%    0.0%     11.4 m
G2 rt_lime_rock_park__no_chicane filter + speed                 0.70 m   19 ms    51 ms     0.2%    0.0%      4.1 m
G2 rt_lime_rock_park__no_chicane filter, lag-corrected          1.56 m   42 ms   127 ms    16.4%    1.4%     33.1 m
G2 rt_lime_rock_park__no_chicane filter, reference time, lag-corrected    1.24 m   33 ms    93 ms     7.7%    0.0%      8.8 m
G2 rt_lime_rock_park__no_chicane filter, reference time, two modes, lag-corrected    1.18 m   31 ms    86 ms     5.9%    0.0%     11.3 m
G2 rt_lime_rock_park__no_chicane filter + speed, lag-corrected    0.67 m   18 ms    48 ms     0.1%    0.0%      3.9 m
G2 rt_oulton_park__fosters single                               1.64 m   45 ms   156 ms    21.0%    4.3%   1097.8 m
G2 rt_oulton_park__fosters filter                               1.52 m   42 ms   137 ms    18.4%    2.4%     69.6 m
G2 rt_oulton_park__fosters filter, reference time               1.29 m   34 ms    96 ms     8.6%    0.0%      8.9 m
G2 rt_oulton_park__fosters filter, reference time, two modes    1.17 m   32 ms    89 ms     7.4%    0.1%     21.7 m
G2 rt_oulton_park__fosters filter + speed                       0.79 m   22 ms    52 ms     0.6%    0.0%      7.3 m
G2 rt_oulton_park__fosters filter, lag-corrected                1.55 m   42 ms   137 ms    18.6%    2.4%     69.8 m
G2 rt_oulton_park__fosters filter, reference time, lag-corrected    1.33 m   36 ms    97 ms     9.1%    0.0%      8.9 m
G2 rt_oulton_park__fosters filter, reference time, two modes, lag-corrected    1.21 m   33 ms    91 ms     7.8%    0.1%     22.1 m
G2 rt_oulton_park__fosters filter + speed, lag-corrected        0.82 m   23 ms    54 ms     0.8%    0.0%      7.2 m
