1/143 ks_black_cat_county__layout_short__20260923T180056Z__lap00
2/143 ks_black_cat_county__layout_short__20260923T180056Z__lap01
3/143 ks_black_cat_county__layout_short__20260923T180056Z__lap02
4/143 ks_black_cat_county__layout_short__20260923T180056Z__lap03
5/143 ks_black_cat_county__layout_short__20260923T180056Z__lap04
6/143 ks_black_cat_county__layout_short__20260923T183242Z__lap00
7/143 ks_black_cat_county__layout_short__20260923T183242Z__lap01
8/143 ks_black_cat_county__layout_short__20260923T183242Z__lap02
9/143 ks_black_cat_county__layout_short__20260923T183242Z__lap03
10/143 ks_black_cat_county__layout_short__20260923T183242Z__lap04
11/143 ks_black_cat_county__layout_short__20260923T183526Z__lap00
12/143 ks_black_cat_county__layout_short__20260923T183526Z__lap01
13/143 ks_black_cat_county__layout_short__20260923T183526Z__lap02
14/143 ks_black_cat_county__layout_short__20260923T183526Z__lap03
15/143 ks_black_cat_county__layout_short__20260923T183526Z__lap04
16/143 ks_black_cat_county__layout_short__20260923T183526Z__lap05
17/143 ks_black_cat_county__layout_short__20260923T183526Z__lap06
18/143 ks_black_cat_county__layout_short__20260923T183526Z__lap07
19/143 ks_black_cat_county__layout_short__20260923T183526Z__lap08
20/143 ks_brands_hatch__indy__20260921T171903Z__lap00
21/143 ks_brands_hatch__indy__20260921T171903Z__lap01
22/143 ks_brands_hatch__indy__20260921T171903Z__lap02
23/143 ks_brands_hatch__indy__20260921T171903Z__lap03
24/143 ks_brands_hatch__indy__20260921T171903Z__lap04
25/143 ks_brands_hatch__indy__20260921T181357Z__lap00
26/143 ks_brands_hatch__indy__20260921T181357Z__lap01
27/143 ks_brands_hatch__indy__20260921T181357Z__lap02
28/143 ks_brands_hatch__indy__20260921T181357Z__lap03
29/143 ks_brands_hatch__indy__20260921T215154Z__lap00
30/143 ks_brands_hatch__indy__20260921T215154Z__lap01
31/143 ks_brands_hatch__indy__20260921T215154Z__lap02
32/143 ks_brands_hatch__indy__20260921T215154Z__lap03
33/143 ks_brands_hatch__indy__20260921T221531Z__lap00
34/143 ks_brands_hatch__indy__20260921T221531Z__lap01
35/143 ks_brands_hatch__indy__20260921T221531Z__lap02
36/143 ks_red_bull_ring__layout_national__20260922T232216Z__lap00
37/143 ks_red_bull_ring__layout_national__20260922T232216Z__lap01
38/143 ks_red_bull_ring__layout_national__20260922T232216Z__lap02
39/143 ks_red_bull_ring__layout_national__20260922T232216Z__lap03
40/143 ks_red_bull_ring__layout_national__20260922T232216Z__lap04
41/143 ks_red_bull_ring__layout_national__20260922T232216Z__lap05
42/143 ks_red_bull_ring__layout_national__20260922T232216Z__lap06
43/143 ks_red_bull_ring__layout_national__20260922T232216Z__lap07
44/143 ks_red_bull_ring__layout_national__20260922T232216Z__lap08
45/143 ks_red_bull_ring__layout_national__20260922T232216Z__lap09
46/143 ks_red_bull_ring__layout_national__20260922T233620Z__lap00
47/143 ks_red_bull_ring__layout_national__20260922T233620Z__lap01
48/143 ks_red_bull_ring__layout_national__20260922T233620Z__lap02
49/143 ks_red_bull_ring__layout_national__20260922T233620Z__lap03
50/143 ks_red_bull_ring__layout_national__20260922T233620Z__lap04
51/143 ks_red_bull_ring__layout_national__20260922T233620Z__lap05
52/143 ks_red_bull_ring__layout_national__20260922T233620Z__lap06
53/143 ks_red_bull_ring__layout_national__20260922T233620Z__lap07
54/143 ks_red_bull_ring__layout_national__20260922T233620Z__lap08
55/143 ks_red_bull_ring__layout_national__20260922T233620Z__lap09
56/143 ks_red_bull_ring__layout_national__20260922T233620Z__lap10
57/143 ks_red_bull_ring__layout_national__20260922T233620Z__lap11
58/143 ks_red_bull_ring__layout_national__20260923T174436Z__lap00
59/143 ks_red_bull_ring__layout_national__20260923T174436Z__lap01
60/143 ks_red_bull_ring__layout_national__20260923T174436Z__lap02
61/143 ks_red_bull_ring__layout_national__20260923T174436Z__lap03
62/143 ks_red_bull_ring__layout_national__20260923T174436Z__lap04
63/143 ks_red_bull_ring__layout_national__20260923T174436Z__lap05
64/143 ks_red_bull_ring__layout_national__20260923T174436Z__lap06
65/143 ks_red_bull_ring__layout_national__20260923T174436Z__lap07
66/143 ks_red_bull_ring__layout_national__20260923T174436Z__lap08
67/143 ks_red_bull_ring__layout_national__20260923T174436Z__lap09
68/143 ks_red_bull_ring__layout_national__20260923T174436Z__lap10
69/143 ks_red_bull_ring__layout_national__20260923T174436Z__lap11
70/143 ks_red_bull_ring__layout_national__20260923T174436Z__lap12
71/143 ks_red_bull_ring__layout_national__20260923T174436Z__lap13
72/143 ks_red_bull_ring__layout_national__20260923T174436Z__lap14
73/143 ks_red_bull_ring__layout_national__20260923T174436Z__lap15
74/143 ks_silverstone__national__20260924T104658Z__lap00
75/143 ks_silverstone__national__20260924T104658Z__lap01
76/143 ks_silverstone__national__20260924T104658Z__lap02
77/143 ks_silverstone__national__20260924T104658Z__lap03
78/143 ks_silverstone__national__20260924T104658Z__lap04
79/143 ks_silverstone__national__20260924T104658Z__lap05
80/143 ks_silverstone__national__20260924T104658Z__lap06
81/143 ks_silverstone__national__20260924T104658Z__lap07
82/143 ks_silverstone__national__20260924T104658Z__lap08
83/143 ks_silverstone__national__20260924T105441Z__lap00
84/143 ks_silverstone__national__20260924T105441Z__lap01
85/143 ks_silverstone__national__20260924T105441Z__lap02
86/143 ks_silverstone__national__20260924T105441Z__lap03
87/143 ks_silverstone__national__20260924T105441Z__lap04
88/143 ks_silverstone__national__20260924T105441Z__lap05
89/143 ks_silverstone__national__20260924T105441Z__lap06
90/143 ks_silverstone__national__20260924T105441Z__lap07
91/143 ks_silverstone__national__20260924T105441Z__lap08
92/143 ks_silverstone__national__20260924T105442Z__lap00
93/143 ks_silverstone__national__20260924T105442Z__lap01
94/143 ks_silverstone__national__20260924T105442Z__lap02
95/143 ks_silverstone__national__20260924T105442Z__lap03
96/143 ks_silverstone__national__20260924T105442Z__lap04
97/143 ks_silverstone__national__20260924T105442Z__lap05
98/143 ks_silverstone__national__20260924T105442Z__lap06
99/143 ks_silverstone__national__20260924T105442Z__lap07
100/143 ks_silverstone__national__20260924T105442Z__lap08
101/143 ks_vallelunga__club_circuit__20260922T220345Z__lap00
102/143 ks_vallelunga__club_circuit__20260922T220345Z__lap01
103/143 ks_vallelunga__club_circuit__20260922T220345Z__lap02
104/143 ks_vallelunga__club_circuit__20260922T220345Z__lap03
105/143 ks_vallelunga__club_circuit__20260922T220345Z__lap04
106/143 ks_vallelunga__club_circuit__20260922T220345Z__lap05
107/143 ks_vallelunga__club_circuit__20260922T222513Z__lap00
108/143 ks_vallelunga__club_circuit__20260922T222513Z__lap01
109/143 ks_vallelunga__club_circuit__20260922T222513Z__lap02
110/143 ks_vallelunga__club_circuit__20260922T222513Z__lap03
111/143 ks_vallelunga__club_circuit__20260922T222513Z__lap04
112/143 ks_vallelunga__club_circuit__20260922T222513Z__lap05
113/143 ks_vallelunga__club_circuit__20260922T222513Z__lap06
114/143 ks_vallelunga__club_circuit__20260922T222513Z__lap07
115/143 ks_vallelunga__club_circuit__20260922T222513Z__lap08
116/143 ks_vallelunga__club_circuit__20260922T223945Z__lap00
117/143 ks_vallelunga__club_circuit__20260922T223945Z__lap01
118/143 ks_vallelunga__club_circuit__20260922T223945Z__lap02
119/143 ks_vallelunga__club_circuit__20260922T223945Z__lap03
120/143 ks_vallelunga__club_circuit__20260922T223945Z__lap04
121/143 ks_vallelunga__club_circuit__20260922T223945Z__lap05
122/143 ks_vallelunga__club_circuit__20260922T223945Z__lap06
123/143 ks_vallelunga__club_circuit__20260922T223945Z__lap07
124/143 magione__default__20260922T225059Z__lap00
125/143 magione__default__20260922T225059Z__lap01
126/143 magione__default__20260922T225059Z__lap02
127/143 magione__default__20260922T225059Z__lap03
128/143 magione__default__20260922T225059Z__lap04
129/143 magione__default__20260922T225059Z__lap05
130/143 magione__default__20260922T225059Z__lap06
131/143 magione__default__20260922T230023Z__lap00
132/143 magione__default__20260922T230023Z__lap01
133/143 magione__default__20260922T230023Z__lap02
134/143 magione__default__20260922T230023Z__lap03
135/143 magione__default__20260922T230023Z__lap04
136/143 magione__default__20260922T230023Z__lap05
137/143 magione__default__20260922T231051Z__lap00
138/143 magione__default__20260922T231051Z__lap01
139/143 magione__default__20260922T231051Z__lap02
140/143 magione__default__20260922T231051Z__lap03
141/143 magione__default__20260922T231051Z__lap04
142/143 magione__default__20260922T231051Z__lap05
143/143 magione__default__20260922T231051Z__lap06
done data/packed_ac_v2_111x60
