====================================================================================================
GATES
====================================================================================================

seen laps, seen tracks
  n=320  median   1.39 m /   41.0 ms  p90    5.24 m /   165.3 ms  worst    35.29 m  within1  62.2%  within5  97.2%
  mean predictive entropy 2.283 nats
    ks_black_cat_county__layout_short n=72  median   2.09 m /   56.6 ms  p90    6.46 m /   183.8 ms  worst    17.29 m  within1  50.0%  within5  94.4%
    ks_brands_hatch__indy    n=72  median   0.68 m /   21.0 ms  p90    1.47 m /    44.5 ms  worst     2.36 m  within1  97.2%  within5 100.0%
    ks_red_bull_ring__layout_national n=48  median   2.01 m /   49.7 ms  p90    5.81 m /   141.8 ms  worst    11.02 m  within1  47.9%  within5  97.9%
    ks_vallelunga__club_circuit n=64  median   2.11 m /   75.4 ms  p90    5.05 m /   193.4 ms  worst     8.51 m  within1  48.4%  within5 100.0%
    magione                  n=64  median   1.51 m /   47.3 ms  p90    5.32 m /   196.3 ms  worst    35.29 m  within1  60.9%  within5  93.8%

G1  held-out laps, seen tracks
  n=320  median   1.68 m /   52.5 ms  p90    4.73 m /   151.3 ms  worst    54.59 m  within1  59.4%  within5  99.7%
  mean predictive entropy 2.275 nats
    ks_black_cat_county__layout_short n=48  median   2.23 m /   69.2 ms  p90    5.52 m /   128.4 ms  worst     6.88 m  within1  47.9%  within5 100.0%
    ks_brands_hatch__indy    n=64  median   1.01 m /   22.9 ms  p90    2.85 m /    84.0 ms  worst     7.06 m  within1  81.2%  within5 100.0%
    ks_red_bull_ring__layout_national n=64  median   2.07 m /   54.2 ms  p90    5.42 m /   149.6 ms  worst     7.31 m  within1  48.4%  within5 100.0%
    ks_vallelunga__club_circuit n=88  median   1.58 m /   55.6 ms  p90    4.76 m /   170.8 ms  worst     9.57 m  within1  59.1%  within5 100.0%
    magione                  n=56  median   1.85 m /   70.2 ms  p90    3.76 m /   166.9 ms  worst    54.59 m  within1  57.1%  within5  98.2%

G2  held-out tracks
  n=320  median   2.78 m /   72.8 ms  p90   12.48 m /   321.3 ms  worst  1084.07 m  within1  36.9%  within5  88.1%
  mean predictive entropy 2.680 nats
    ks_silverstone__national n=320  median   2.78 m /   72.8 ms  p90   12.48 m /   321.3 ms  worst  1084.07 m  within1  36.9%  within5  88.1%

====================================================================================================
NEGATIVE CONTROLS
====================================================================================================

wrong-reference control: live clips paired with another track's reference
  matched reference   median    1.34 m   entropy 2.274 nats
  wrong reference     median  574.64 m   entropy 3.352 nats
  chance for 3227 bins at 2.00 m: 1613.3 m; uniform entropy 8.079 nats
  PASS: error must collapse to chance when the reference is wrong

wrote runs/recipe_p3_s2_ft/gates.json
