gate g1: held-out laps of seen tracks; full augmentation
train tracks ['ks_black_cat_county__layout_short', 'ks_brands_hatch__indy', 'ks_highlands__layout_short', 'ks_laguna_seca', 'ks_monza66__junior', 'ks_nurburgring__layout_sprint_a', 'ks_red_bull_ring__layout_national', 'ks_vallelunga__club_circuit', 'magione'] (284 laps usable)
eval  tracks ['ks_black_cat_county__layout_short', 'ks_brands_hatch__indy', 'ks_highlands__layout_short', 'ks_laguna_seca', 'ks_monza66__junior', 'ks_nurburgring__layout_sprint_a', 'ks_red_bull_ring__layout_national', 'ks_vallelunga__club_circuit', 'magione'], split=train
held out as live-only: ['ks_black_cat_county__layout_short__20260923T183526Z__lap07', 'ks_brands_hatch__indy__20260921T221531Z__lap02', 'ks_highlands__layout_short__20260928T005654Z__lap54', 'ks_laguna_seca__default__20260928T123110Z__lap12', 'ks_monza66__junior__20260928T093530Z__lap14', 'ks_nurburgring__layout_sprint_a__20260928T103410Z__lap12', 'ks_red_bull_ring__layout_national__20260923T174436Z__lap11', 'ks_vallelunga__club_circuit__20260922T223945Z__lap07', 'magione__default__20260922T231051Z__lap06']
frame 148x80, reference bins 3227
model 1.09M params on mps

step     1/6000  loss  9.7694 (ce  6.627 aux  6.282 ref 0.0034)  train median  154.50 m   6.67 s/step
step    20/6000  loss 10.1784 (ce  7.104 aux  6.149 ref 0.0004)  train median   24.77 m   2.42 s/step
step    40/6000  loss 10.0866 (ce  6.870 aux  6.429 ref 0.0032)  train median   36.74 m   2.17 s/step
step    60/6000  loss 10.1542 (ce  6.761 aux  6.782 ref 0.0045)  train median  329.68 m   2.15 s/step
step    80/6000  loss  8.5863 (ce  5.725 aux  5.718 ref 0.0047)  train median   38.97 m   2.16 s/step
step   100/6000  loss  8.5948 (ce  5.595 aux  5.998 ref 0.0014)  train median   49.86 m   2.23 s/step
step   120/6000  loss  7.3879 (ce  4.770 aux  5.230 ref 0.0056)  train median   16.53 m   2.30 s/step
step   140/6000  loss  6.8369 (ce  4.294 aux  5.083 ref 0.0026)  train median    5.03 m   2.38 s/step
step   160/6000  loss  8.4119 (ce  5.472 aux  5.876 ref 0.0032)  train median   16.18 m   2.37 s/step
step   180/6000  loss  6.6490 (ce  4.128 aux  5.037 ref 0.0044)  train median   11.58 m   2.31 s/step
step   200/6000  loss  7.0371 (ce  4.430 aux  5.211 ref 0.0023)  train median   11.11 m   2.27 s/step
  eval  n=192  median  12.29 m /  410.0 ms  p90  919.65 m / 29665.5 ms  worst  2917.96 m  within1  10.9%  within5  42.2%
        ks_black_cat_county__layout_short n=24  median   8.17 m /  278.3 ms  p90 2238.54 m / 62648.6 ms  worst  2917.96 m  within1  16.7%  within5  54.2%
        ks_brands_hatch__indy    n=16  median  10.65 m /  276.8 ms  p90  195.50 m /  4952.2 ms  worst   390.79 m  within1  12.5%  within5  43.8%
        ks_highlands__layout_short n=16  median  62.51 m / 1999.5 ms  p90  456.09 m / 14678.8 ms  worst   627.19 m  within1   0.0%  within5  18.8%
        ks_laguna_seca           n=16  median 963.56 m / 27694.8 ms  p90 1508.96 m / 44359.6 ms  worst  1778.67 m  within1   6.2%  within5  12.5%
        ks_monza66__junior       n=8  median   5.30 m /  191.8 ms  p90   17.30 m /   431.3 ms  worst    32.78 m  within1  25.0%  within5  75.0%
        ks_nurburgring__layout_sprint_a n=24  median 268.21 m / 9405.7 ms  p90 1318.36 m / 37425.1 ms  worst  1567.65 m  within1   4.2%  within5  16.7%
        ks_red_bull_ring__layout_national n=16  median  11.08 m /  370.1 ms  p90   34.22 m /  1018.6 ms  worst   370.92 m  within1   0.0%  within5  43.8%
        ks_vallelunga__club_circuit n=32  median   8.96 m /  283.9 ms  p90  422.58 m / 15156.2 ms  worst   635.35 m  within1  15.6%  within5  53.1%
        magione                  n=40  median   8.94 m /  370.2 ms  p90  650.29 m / 22386.4 ms  worst  1225.25 m  within1  15.0%  within5  55.0%
step   220/6000  loss  6.4762 (ce  3.975 aux  5.000 ref 0.0020)  train median    7.30 m   2.29 s/step
step   240/6000  loss  6.1734 (ce  3.775 aux  4.794 ref 0.0031)  train median   11.62 m   2.23 s/step
step   260/6000  loss  6.9488 (ce  4.297 aux  5.300 ref 0.0029)  train median    8.29 m   2.20 s/step
step   280/6000  loss  7.8034 (ce  5.005 aux  5.595 ref 0.0010)  train median   62.21 m   2.18 s/step
step   300/6000  loss  6.3283 (ce  3.787 aux  5.078 ref 0.0044)  train median    7.35 m   2.14 s/step
step   320/6000  loss  5.1100 (ce  3.093 aux  4.033 ref 0.0016)  train median    3.60 m   2.11 s/step
step   340/6000  loss  6.8120 (ce  4.260 aux  5.102 ref 0.0016)  train median    4.79 m   2.10 s/step
step   360/6000  loss  5.4189 (ce  3.250 aux  4.335 ref 0.0025)  train median    2.96 m   2.06 s/step
step   380/6000  loss  5.6407 (ce  3.473 aux  4.333 ref 0.0031)  train median   11.20 m   2.03 s/step
step   400/6000  loss  5.8368 (ce  3.523 aux  4.625 ref 0.0018)  train median    7.73 m   2.00 s/step
  eval  n=192  median   3.92 m /  120.3 ms  p90  225.26 m /  6806.6 ms  worst  3192.64 m  within1  31.2%  within5  75.5%
        ks_black_cat_county__layout_short n=24  median   3.82 m /  139.4 ms  p90 2521.35 m / 72387.5 ms  worst  3192.64 m  within1  33.3%  within5  70.8%
        ks_brands_hatch__indy    n=16  median   2.68 m /   85.2 ms  p90    6.10 m /   179.0 ms  worst     6.79 m  within1  37.5%  within5 100.0%
        ks_highlands__layout_short n=16  median   5.77 m /  165.3 ms  p90  122.39 m /  3739.0 ms  worst   734.94 m  within1   6.2%  within5  75.0%
        ks_laguna_seca           n=16  median  18.38 m /  533.9 ms  p90 1151.24 m / 36426.5 ms  worst  1726.01 m  within1   6.2%  within5  50.0%
        ks_monza66__junior       n=8  median   1.90 m /   59.2 ms  p90    4.57 m /   118.0 ms  worst     4.89 m  within1  50.0%  within5 100.0%
        ks_nurburgring__layout_sprint_a n=24  median  17.34 m /  546.2 ms  p90  736.29 m / 24316.8 ms  worst  1538.07 m  within1  25.0%  within5  41.7%
        ks_red_bull_ring__layout_national n=16  median   4.03 m /  103.3 ms  p90   22.83 m /   655.8 ms  worst    37.41 m  within1  31.2%  within5  81.2%
        ks_vallelunga__club_circuit n=32  median   2.51 m /   88.6 ms  p90   12.57 m /   343.5 ms  worst   640.46 m  within1  37.5%  within5  87.5%
        magione                  n=40  median   3.38 m /  121.1 ms  p90   27.33 m /  1141.0 ms  worst   132.93 m  within1  42.5%  within5  82.5%
step   420/6000  loss  5.2612 (ce  3.064 aux  4.393 ref 0.0009)  train median    3.46 m   2.03 s/step
step   440/6000  loss  5.8297 (ce  3.571 aux  4.517 ref 0.0009)  train median    4.55 m   2.02 s/step
step   460/6000  loss  7.4115 (ce  4.897 aux  5.028 ref 0.0018)  train median   27.57 m   2.00 s/step
step   480/6000  loss  4.5795 (ce  2.560 aux  4.038 ref 0.0009)  train median    1.14 m   1.99 s/step
step   500/6000  loss  6.8178 (ce  4.315 aux  5.003 ref 0.0021)  train median    7.63 m   1.97 s/step
step   520/6000  loss  6.1007 (ce  3.761 aux  4.678 ref 0.0019)  train median   11.18 m   1.96 s/step
step   540/6000  loss  5.3896 (ce  3.345 aux  4.087 ref 0.0023)  train median   11.14 m   1.94 s/step
step   560/6000  loss  6.4978 (ce  4.062 aux  4.868 ref 0.0027)  train median   11.86 m   1.93 s/step
step   580/6000  loss  4.4321 (ce  2.612 aux  3.638 ref 0.0019)  train median    2.45 m   1.92 s/step
step   600/6000  loss  6.0446 (ce  3.664 aux  4.760 ref 0.0017)  train median    8.53 m   1.91 s/step
  eval  n=192  median   3.30 m /  106.3 ms  p90   22.80 m /   702.2 ms  worst  3058.23 m  within1  31.8%  within5  84.9%
        ks_black_cat_county__layout_short n=24  median   3.65 m /  119.1 ms  p90  207.00 m /  4732.6 ms  worst  3058.23 m  within1  29.2%  within5  79.2%
        ks_brands_hatch__indy    n=16  median   2.85 m /   95.4 ms  p90    8.58 m /   196.3 ms  worst    10.35 m  within1  31.2%  within5  93.8%
        ks_highlands__layout_short n=16  median   3.50 m /  114.3 ms  p90    7.01 m /   242.9 ms  worst    61.83 m  within1  12.5%  within5  93.8%
        ks_laguna_seca           n=16  median   4.57 m /  133.6 ms  p90  107.30 m /  3347.7 ms  worst   942.05 m  within1  31.2%  within5  81.2%
        ks_monza66__junior       n=8  median   1.97 m /   49.1 ms  p90    4.03 m /   140.8 ms  worst     5.80 m  within1  50.0%  within5 100.0%
        ks_nurburgring__layout_sprint_a n=24  median   4.79 m /  150.2 ms  p90  100.36 m /  2286.9 ms  worst   785.56 m  within1  29.2%  within5  66.7%
        ks_red_bull_ring__layout_national n=16  median   4.32 m /  118.7 ms  p90   16.61 m /   472.0 ms  worst    27.89 m  within1  31.2%  within5  75.0%
        ks_vallelunga__club_circuit n=32  median   2.88 m /   97.8 ms  p90    7.69 m /   254.9 ms  worst    23.21 m  within1  37.5%  within5  90.6%
        magione                  n=40  median   3.88 m /  135.2 ms  p90    9.08 m /   337.2 ms  worst    51.65 m  within1  35.0%  within5  90.0%
step   620/6000  loss  5.3007 (ce  3.140 aux  4.320 ref 0.0006)  train median    4.34 m   1.93 s/step
step   640/6000  loss  4.5340 (ce  2.644 aux  3.779 ref 0.0016)  train median    2.93 m   1.93 s/step
step   660/6000  loss  5.5376 (ce  3.237 aux  4.600 ref 0.0018)  train median    6.60 m   1.92 s/step
step   680/6000  loss  4.6960 (ce  2.865 aux  3.661 ref 0.0013)  train median    3.73 m   1.91 s/step
step   700/6000  loss  5.1307 (ce  3.150 aux  3.960 ref 0.0021)  train median    7.66 m   1.89 s/step
step   720/6000  loss  4.6977 (ce  2.910 aux  3.573 ref 0.0018)  train median    4.53 m   1.89 s/step
step   740/6000  loss  5.4185 (ce  3.241 aux  4.355 ref 0.0011)  train median    6.57 m   1.89 s/step
step   760/6000  loss  4.1607 (ce  2.485 aux  3.351 ref 0.0014)  train median    2.29 m   1.88 s/step
step   780/6000  loss  6.2952 (ce  3.946 aux  4.698 ref 0.0002)  train median   30.29 m   1.89 s/step
step   800/6000  loss  5.7027 (ce  3.665 aux  4.073 ref 0.0024)  train median    5.00 m   1.89 s/step
  eval  n=192  median   2.91 m /   92.4 ms  p90   11.86 m /   316.9 ms  worst   979.69 m  within1  37.0%  within5  88.0%
        ks_black_cat_county__layout_short n=24  median   2.90 m /   85.4 ms  p90    9.60 m /   282.4 ms  worst   139.70 m  within1  37.5%  within5  91.7%
        ks_brands_hatch__indy    n=16  median   2.50 m /   61.3 ms  p90    4.63 m /   132.8 ms  worst     7.78 m  within1  43.8%  within5 100.0%
        ks_highlands__layout_short n=16  median   3.10 m /  126.9 ms  p90   36.27 m /   958.3 ms  worst   532.81 m  within1  31.2%  within5  75.0%
        ks_laguna_seca           n=16  median   3.96 m /  123.5 ms  p90   12.35 m /   348.6 ms  worst    28.89 m  within1  31.2%  within5  87.5%
        ks_monza66__junior       n=8  median   0.84 m /   23.4 ms  p90    2.93 m /    95.1 ms  worst     5.61 m  within1  87.5%  within5 100.0%
        ks_nurburgring__layout_sprint_a n=24  median   4.46 m /  144.3 ms  p90   19.85 m /   528.2 ms  worst   979.69 m  within1  16.7%  within5  70.8%
        ks_red_bull_ring__layout_national n=16  median   4.67 m /  140.8 ms  p90   10.84 m /   247.3 ms  worst    19.05 m  within1  12.5%  within5  81.2%
        ks_vallelunga__club_circuit n=32  median   2.01 m /   73.4 ms  p90    6.51 m /   239.6 ms  worst    21.65 m  within1  50.0%  within5  96.9%
        magione                  n=40  median   3.30 m /  102.4 ms  p90    9.62 m /   293.4 ms  worst    57.89 m  within1  40.0%  within5  90.0%
step   820/6000  loss  5.9764 (ce  3.904 aux  4.142 ref 0.0023)  train median   18.03 m   1.91 s/step
step   840/6000  loss  4.5077 (ce  2.791 aux  3.433 ref 0.0012)  train median    2.67 m   1.90 s/step
step   860/6000  loss  4.9208 (ce  3.130 aux  3.579 ref 0.0027)  train median    3.81 m   1.89 s/step
step   880/6000  loss  5.5362 (ce  3.507 aux  4.056 ref 0.0016)  train median    8.12 m   1.89 s/step
step   900/6000  loss  6.2352 (ce  4.206 aux  4.057 ref 0.0019)  train median    7.11 m   1.89 s/step
step   920/6000  loss  5.2120 (ce  3.265 aux  3.893 ref 0.0018)  train median    3.95 m   1.88 s/step
step   940/6000  loss  4.7231 (ce  2.948 aux  3.550 ref 0.0010)  train median    1.75 m   1.88 s/step
step   960/6000  loss  4.4826 (ce  2.778 aux  3.407 ref 0.0013)  train median    4.66 m   1.87 s/step
step   980/6000  loss  5.5549 (ce  3.445 aux  4.219 ref 0.0009)  train median    5.21 m   1.86 s/step
step  1000/6000  loss  4.1466 (ce  2.517 aux  3.257 ref 0.0020)  train median    4.13 m   1.85 s/step
  eval  n=192  median   2.69 m /   83.5 ms  p90    9.51 m /   332.0 ms  worst  2964.56 m  within1  40.1%  within5  90.6%
        ks_black_cat_county__layout_short n=24  median   3.47 m /   98.8 ms  p90  132.80 m /  2523.3 ms  worst  2964.56 m  within1  33.3%  within5  87.5%
        ks_brands_hatch__indy    n=16  median   2.32 m /   85.3 ms  p90    4.50 m /   138.5 ms  worst     6.83 m  within1  43.8%  within5 100.0%
        ks_highlands__layout_short n=16  median   3.04 m /  113.1 ms  p90    6.52 m /   198.6 ms  worst    34.41 m  within1  37.5%  within5  93.8%
        ks_laguna_seca           n=16  median   3.55 m /   95.3 ms  p90   24.51 m /   764.4 ms  worst    46.72 m  within1  25.0%  within5  75.0%
        ks_monza66__junior       n=8  median   0.89 m /   21.6 ms  p90    1.93 m /    67.0 ms  worst     1.98 m  within1 100.0%  within5 100.0%
        ks_nurburgring__layout_sprint_a n=24  median   2.96 m /  121.1 ms  p90   26.95 m /   749.7 ms  worst    38.35 m  within1  20.8%  within5  83.3%
        ks_red_bull_ring__layout_national n=16  median   3.88 m /  102.9 ms  p90    6.82 m /   184.8 ms  worst     7.49 m  within1  37.5%  within5 100.0%
        ks_vallelunga__club_circuit n=32  median   2.16 m /   74.2 ms  p90    6.45 m /   242.1 ms  worst    23.74 m  within1  43.8%  within5  93.8%
        magione                  n=40  median   2.10 m /   67.8 ms  p90    9.73 m /   394.8 ms  worst    65.51 m  within1  47.5%  within5  90.0%
step  1020/6000  loss  4.3202 (ce  2.690 aux  3.259 ref 0.0017)  train median    2.99 m   1.86 s/step
step  1040/6000  loss  3.9394 (ce  2.499 aux  2.879 ref 0.0010)  train median    2.44 m   1.86 s/step
step  1060/6000  loss  4.1198 (ce  2.618 aux  3.001 ref 0.0023)  train median    2.40 m   1.85 s/step
step  1080/6000  loss  4.4571 (ce  2.694 aux  3.525 ref 0.0013)  train median    3.00 m   1.84 s/step
step  1100/6000  loss  4.9025 (ce  2.867 aux  4.071 ref 0.0004)  train median    3.71 m   1.84 s/step
step  1120/6000  loss  4.1823 (ce  2.485 aux  3.394 ref 0.0011)  train median    2.49 m   1.84 s/step
step  1140/6000  loss  4.6694 (ce  2.889 aux  3.559 ref 0.0015)  train median    5.84 m   1.83 s/step
step  1160/6000  loss  4.7363 (ce  3.030 aux  3.410 ref 0.0034)  train median    4.63 m   1.83 s/step
step  1180/6000  loss  4.1821 (ce  2.494 aux  3.375 ref 0.0011)  train median    2.35 m   1.82 s/step
step  1200/6000  loss  4.0162 (ce  2.468 aux  3.096 ref 0.0013)  train median    2.21 m   1.82 s/step
  eval  n=192  median   2.40 m /   85.7 ms  p90    8.08 m /   263.0 ms  worst    68.89 m  within1  43.2%  within5  92.7%
        ks_black_cat_county__layout_short n=24  median   1.32 m /   55.6 ms  p90    6.58 m /   199.3 ms  worst    68.89 m  within1  58.3%  within5  95.8%
        ks_brands_hatch__indy    n=16  median   2.35 m /   70.1 ms  p90    6.42 m /   156.5 ms  worst     8.08 m  within1  31.2%  within5 100.0%
        ks_highlands__layout_short n=16  median   3.00 m /  108.7 ms  p90    7.07 m /   210.9 ms  worst    31.41 m  within1  31.2%  within5  93.8%
        ks_laguna_seca           n=16  median   4.35 m /  132.2 ms  p90   16.38 m /   470.8 ms  worst    25.34 m  within1  31.2%  within5  81.2%
        ks_monza66__junior       n=8  median   0.70 m /   26.0 ms  p90    2.24 m /    62.3 ms  worst     2.38 m  within1  75.0%  within5 100.0%
        ks_nurburgring__layout_sprint_a n=24  median   4.06 m /  119.3 ms  p90   15.77 m /   352.0 ms  worst    19.92 m  within1  25.0%  within5  83.3%
        ks_red_bull_ring__layout_national n=16  median   3.64 m /  107.5 ms  p90    7.54 m /   190.6 ms  worst     8.21 m  within1  25.0%  within5 100.0%
        ks_vallelunga__club_circuit n=32  median   1.66 m /   57.8 ms  p90    6.35 m /   220.1 ms  worst    10.04 m  within1  59.4%  within5  96.9%
        magione                  n=40  median   2.17 m /   88.9 ms  p90    9.19 m /   329.5 ms  worst    53.80 m  within1  47.5%  within5  90.0%
step  1220/6000  loss  4.0197 (ce  2.352 aux  3.335 ref 0.0005)  train median    0.34 m   1.83 s/step
step  1240/6000  loss  5.4327 (ce  3.246 aux  4.373 ref 0.0007)  train median    4.82 m   1.83 s/step
step  1260/6000  loss  4.3333 (ce  2.742 aux  3.181 ref 0.0015)  train median    4.61 m   1.83 s/step
step  1280/6000  loss  4.5343 (ce  2.817 aux  3.433 ref 0.0009)  train median    2.88 m   1.83 s/step
step  1300/6000  loss  4.2894 (ce  2.735 aux  3.106 ref 0.0030)  train median    4.17 m   1.82 s/step
step  1320/6000  loss  4.8801 (ce  3.111 aux  3.537 ref 0.0005)  train median    3.64 m   1.82 s/step
step  1340/6000  loss  4.9709 (ce  3.307 aux  3.326 ref 0.0014)  train median    6.90 m   1.82 s/step
step  1360/6000  loss  4.5684 (ce  2.882 aux  3.371 ref 0.0019)  train median    4.34 m   1.82 s/step
step  1380/6000  loss  4.4248 (ce  2.782 aux  3.284 ref 0.0012)  train median    3.93 m   1.82 s/step
step  1400/6000  loss  3.9673 (ce  2.551 aux  2.831 ref 0.0021)  train median    3.23 m   1.81 s/step
  eval  n=192  median   2.32 m /   78.9 ms  p90    7.76 m /   249.9 ms  worst    54.30 m  within1  44.3%  within5  92.7%
        ks_black_cat_county__layout_short n=24  median   2.41 m /   64.2 ms  p90    7.12 m /   185.8 ms  worst    54.30 m  within1  41.7%  within5  91.7%
        ks_brands_hatch__indy    n=16  median   1.94 m /   64.7 ms  p90    4.86 m /   118.2 ms  worst     5.90 m  within1  50.0%  within5 100.0%
        ks_highlands__layout_short n=16  median   2.74 m /  109.8 ms  p90    7.17 m /   244.9 ms  worst    30.36 m  within1  12.5%  within5  93.8%
        ks_laguna_seca           n=16  median   3.65 m /  117.4 ms  p90   18.25 m /   557.5 ms  worst    48.97 m  within1  31.2%  within5  75.0%
        ks_monza66__junior       n=8  median   1.77 m /   53.6 ms  p90    2.73 m /    80.5 ms  worst     3.82 m  within1  62.5%  within5 100.0%
        ks_nurburgring__layout_sprint_a n=24  median   4.72 m /  156.2 ms  p90    8.39 m /   278.6 ms  worst    19.04 m  within1  37.5%  within5  91.7%
        ks_red_bull_ring__layout_national n=16  median   3.14 m /   77.0 ms  p90    6.23 m /   177.2 ms  worst    19.50 m  within1  43.8%  within5  93.8%
        ks_vallelunga__club_circuit n=32  median   1.91 m /   60.3 ms  p90    4.15 m /   156.8 ms  worst    10.63 m  within1  56.2%  within5  96.9%
        magione                  n=40  median   1.85 m /   69.5 ms  p90    8.09 m /   296.3 ms  worst    53.16 m  within1  52.5%  within5  92.5%
step  1420/6000  loss  4.4281 (ce  2.767 aux  3.321 ref 0.0019)  train median    4.50 m   1.82 s/step
step  1440/6000  loss  4.1438 (ce  2.648 aux  2.990 ref 0.0024)  train median    4.00 m   1.82 s/step
step  1460/6000  loss  4.1505 (ce  2.562 aux  3.176 ref 0.0019)  train median    3.52 m   1.82 s/step
step  1480/6000  loss  4.3557 (ce  2.813 aux  3.084 ref 0.0016)  train median    4.96 m   1.81 s/step
step  1500/6000  loss  3.7171 (ce  2.340 aux  2.753 ref 0.0010)  train median    1.25 m   1.81 s/step
step  1520/6000  loss  4.2702 (ce  2.657 aux  3.226 ref 0.0012)  train median    3.25 m   1.80 s/step
step  1540/6000  loss  4.5459 (ce  2.900 aux  3.290 ref 0.0023)  train median    3.87 m   1.80 s/step
step  1560/6000  loss  3.8674 (ce  2.354 aux  3.026 ref 0.0007)  train median    1.51 m   1.80 s/step
step  1580/6000  loss  4.3582 (ce  2.638 aux  3.439 ref 0.0021)  train median    3.75 m   1.79 s/step
step  1600/6000  loss  4.0718 (ce  2.608 aux  2.925 ref 0.0020)  train median    2.11 m   1.80 s/step
  eval  n=192  median   2.07 m /   75.0 ms  p90    7.82 m /   252.4 ms  worst    53.11 m  within1  49.0%  within5  93.8%
        ks_black_cat_county__layout_short n=24  median   2.06 m /   61.8 ms  p90    7.50 m /   265.1 ms  worst    20.37 m  within1  50.0%  within5  91.7%
        ks_brands_hatch__indy    n=16  median   1.38 m /   35.4 ms  p90    3.52 m /   121.3 ms  worst     4.22 m  within1  56.2%  within5 100.0%
        ks_highlands__layout_short n=16  median   2.59 m /   96.3 ms  p90    8.39 m /   270.5 ms  worst    32.41 m  within1  43.8%  within5  93.8%
        ks_laguna_seca           n=16  median   3.04 m /   99.6 ms  p90   13.25 m /   373.7 ms  worst    23.01 m  within1  25.0%  within5  81.2%
        ks_monza66__junior       n=8  median   0.85 m /   26.8 ms  p90    2.70 m /    76.8 ms  worst     3.19 m  within1  75.0%  within5 100.0%
        ks_nurburgring__layout_sprint_a n=24  median   2.96 m /  100.9 ms  p90    8.49 m /   287.4 ms  worst    19.26 m  within1  37.5%  within5  91.7%
        ks_red_bull_ring__layout_national n=16  median   2.56 m /   81.5 ms  p90    5.60 m /   164.1 ms  worst    10.67 m  within1  43.8%  within5  93.8%
        ks_vallelunga__club_circuit n=32  median   1.41 m /   46.7 ms  p90    4.58 m /   161.0 ms  worst     6.11 m  within1  65.6%  within5 100.0%
        magione                  n=40  median   2.34 m /   82.8 ms  p90    8.45 m /   276.9 ms  worst    53.11 m  within1  47.5%  within5  92.5%
step  1620/6000  loss  4.0703 (ce  2.586 aux  2.968 ref 0.0016)  train median    3.60 m   1.81 s/step
step  1640/6000  loss  4.0576 (ce  2.562 aux  2.990 ref 0.0016)  train median    2.75 m   1.80 s/step
step  1660/6000  loss  3.9326 (ce  2.465 aux  2.934 ref 0.0015)  train median    1.77 m   1.80 s/step
step  1680/6000  loss  4.0128 (ce  2.501 aux  3.022 ref 0.0012)  train median    0.66 m   1.80 s/step
step  1700/6000  loss  4.0139 (ce  2.527 aux  2.971 ref 0.0017)  train median    2.90 m   1.80 s/step
step  1720/6000  loss  4.1821 (ce  2.657 aux  3.048 ref 0.0024)  train median    3.18 m   1.79 s/step
step  1740/6000  loss  4.6994 (ce  2.898 aux  3.602 ref 0.0016)  train median    4.70 m   1.79 s/step
step  1760/6000  loss  3.7919 (ce  2.359 aux  2.864 ref 0.0013)  train median    1.56 m   1.79 s/step
step  1780/6000  loss  4.1198 (ce  2.482 aux  3.274 ref 0.0008)  train median    2.43 m   1.78 s/step
step  1800/6000  loss  4.2262 (ce  2.593 aux  3.265 ref 0.0008)  train median    0.97 m   1.78 s/step
  eval  n=192  median   2.26 m /   69.0 ms  p90    5.78 m /   193.0 ms  worst    47.79 m  within1  44.3%  within5  97.4%
        ks_black_cat_county__layout_short n=24  median   2.55 m /   65.2 ms  p90    4.81 m /   135.8 ms  worst    15.54 m  within1  41.7%  within5  95.8%
        ks_brands_hatch__indy    n=16  median   1.10 m /   42.7 ms  p90    2.99 m /    90.1 ms  worst     5.36 m  within1  68.8%  within5 100.0%
        ks_highlands__layout_short n=16  median   2.01 m /   66.2 ms  p90    5.47 m /   180.8 ms  worst     8.52 m  within1  50.0%  within5 100.0%
        ks_laguna_seca           n=16  median   3.73 m /  117.3 ms  p90   10.20 m /   295.3 ms  worst    22.01 m  within1  25.0%  within5  87.5%
        ks_monza66__junior       n=8  median   1.04 m /   33.2 ms  p90    1.96 m /    51.3 ms  worst     2.21 m  within1  87.5%  within5 100.0%
        ks_nurburgring__layout_sprint_a n=24  median   2.63 m /   92.7 ms  p90    7.84 m /   231.3 ms  worst     8.34 m  within1  29.2%  within5 100.0%
        ks_red_bull_ring__layout_national n=16  median   2.17 m /   62.1 ms  p90    4.55 m /   141.6 ms  worst     8.13 m  within1  43.8%  within5 100.0%
        ks_vallelunga__club_circuit n=32  median   1.75 m /   52.5 ms  p90    3.67 m /   137.9 ms  worst     6.80 m  within1  59.4%  within5 100.0%
        magione                  n=40  median   2.65 m /   92.4 ms  p90    6.19 m /   186.2 ms  worst    47.79 m  within1  30.0%  within5  95.0%
step  1820/6000  loss  3.7059 (ce  2.348 aux  2.714 ref 0.0012)  train median    2.02 m   1.79 s/step
step  1840/6000  loss  4.1370 (ce  2.611 aux  3.049 ref 0.0023)  train median    4.41 m   1.79 s/step
step  1860/6000  loss  4.5713 (ce  3.021 aux  3.099 ref 0.0013)  train median    3.00 m   1.78 s/step
step  1880/6000  loss  3.8524 (ce  2.458 aux  2.786 ref 0.0018)  train median    2.74 m   1.78 s/step
step  1900/6000  loss  4.2719 (ce  2.738 aux  3.067 ref 0.0017)  train median    2.81 m   1.78 s/step
step  1920/6000  loss  4.6252 (ce  2.907 aux  3.434 ref 0.0016)  train median    2.04 m   1.78 s/step
step  1940/6000  loss  5.1293 (ce  3.176 aux  3.903 ref 0.0037)  train median    4.90 m   1.78 s/step
step  1960/6000  loss  4.4214 (ce  2.987 aux  2.868 ref 0.0013)  train median    6.17 m   1.77 s/step
step  1980/6000  loss  4.8016 (ce  2.976 aux  3.651 ref 0.0015)  train median    2.32 m   1.77 s/step
step  2000/6000  loss  3.8200 (ce  2.417 aux  2.806 ref 0.0007)  train median    0.75 m   1.77 s/step
  eval  n=192  median   2.36 m /   78.2 ms  p90    7.78 m /   238.7 ms  worst    54.80 m  within1  45.3%  within5  94.3%
        ks_black_cat_county__layout_short n=24  median   2.86 m /   96.9 ms  p90    8.17 m /   233.5 ms  worst    20.01 m  within1  29.2%  within5  95.8%
        ks_brands_hatch__indy    n=16  median   1.58 m /   40.3 ms  p90    2.95 m /   121.8 ms  worst     4.21 m  within1  62.5%  within5 100.0%
        ks_highlands__layout_short n=16  median   1.89 m /   72.9 ms  p90    4.77 m /   176.4 ms  worst     9.29 m  within1  50.0%  within5 100.0%
        ks_laguna_seca           n=16  median   4.57 m /  144.2 ms  p90   14.88 m /   416.3 ms  worst    18.48 m  within1  37.5%  within5  81.2%
        ks_monza66__junior       n=8  median   1.55 m /   39.5 ms  p90    3.08 m /    92.2 ms  worst     5.08 m  within1  75.0%  within5 100.0%
        ks_nurburgring__layout_sprint_a n=24  median   4.71 m /  137.0 ms  p90    8.76 m /   257.6 ms  worst    19.02 m  within1  33.3%  within5  95.8%
        ks_red_bull_ring__layout_national n=16  median   3.73 m /   95.9 ms  p90    9.76 m /   273.1 ms  worst    21.50 m  within1  25.0%  within5  87.5%
        ks_vallelunga__club_circuit n=32  median   1.91 m /   65.6 ms  p90    5.71 m /   173.7 ms  worst    17.53 m  within1  53.1%  within5  96.9%
        magione                  n=40  median   1.68 m /   71.5 ms  p90    7.43 m /   228.2 ms  worst    54.80 m  within1  52.5%  within5  92.5%
step  2020/6000  loss  4.2215 (ce  2.737 aux  2.967 ref 0.0012)  train median    2.80 m   1.78 s/step
step  2040/6000  loss  4.5760 (ce  2.996 aux  3.156 ref 0.0038)  train median    5.65 m   1.77 s/step
step  2060/6000  loss  4.2795 (ce  2.762 aux  3.033 ref 0.0026)  train median    3.96 m   1.77 s/step
step  2080/6000  loss  4.0979 (ce  2.604 aux  2.986 ref 0.0009)  train median    1.93 m   1.77 s/step
step  2100/6000  loss  5.0490 (ce  3.194 aux  3.708 ref 0.0011)  train median    3.89 m   1.78 s/step
step  2120/6000  loss  3.9948 (ce  2.623 aux  2.743 ref 0.0005)  train median    2.09 m   1.77 s/step
step  2140/6000  loss  4.7489 (ce  3.206 aux  3.084 ref 0.0019)  train median    4.05 m   1.77 s/step
step  2160/6000  loss  3.6875 (ce  2.285 aux  2.805 ref 0.0007)  train median    1.83 m   1.77 s/step
step  2180/6000  loss  3.9206 (ce  2.481 aux  2.878 ref 0.0012)  train median    2.51 m   1.77 s/step
step  2200/6000  loss  4.0397 (ce  2.544 aux  2.990 ref 0.0011)  train median    2.65 m   1.77 s/step
  eval  n=192  median   1.87 m /   61.2 ms  p90    6.68 m /   190.8 ms  worst    95.36 m  within1  51.6%  within5  95.3%
        ks_black_cat_county__layout_short n=24  median   1.71 m /   64.0 ms  p90    8.11 m /   207.3 ms  worst    11.66 m  within1  54.2%  within5  91.7%
        ks_brands_hatch__indy    n=16  median   1.39 m /   46.0 ms  p90    3.02 m /    99.9 ms  worst     3.30 m  within1  62.5%  within5 100.0%
        ks_highlands__layout_short n=16  median   1.75 m /   58.6 ms  p90    5.54 m /   180.0 ms  worst     7.23 m  within1  56.2%  within5 100.0%
        ks_laguna_seca           n=16  median   2.91 m /   93.7 ms  p90   10.56 m /   326.3 ms  worst    24.53 m  within1  31.2%  within5  87.5%
        ks_monza66__junior       n=8  median   0.70 m /   20.8 ms  p90    1.57 m /    54.0 ms  worst     1.83 m  within1 100.0%  within5 100.0%
        ks_nurburgring__layout_sprint_a n=24  median   2.53 m /   89.3 ms  p90    7.02 m /   214.5 ms  worst    10.04 m  within1  37.5%  within5  95.8%
        ks_red_bull_ring__layout_national n=16  median   3.29 m /   98.4 ms  p90    8.28 m /   223.5 ms  worst    19.43 m  within1  18.8%  within5  93.8%
        ks_vallelunga__club_circuit n=32  median   1.78 m /   58.2 ms  p90    4.05 m /   140.0 ms  worst     6.69 m  within1  56.2%  within5 100.0%
        magione                  n=40  median   1.62 m /   58.9 ms  p90    6.20 m /   264.5 ms  worst    95.36 m  within1  60.0%  within5  92.5%
step  2220/6000  loss  4.3076 (ce  2.690 aux  3.236 ref 0.0005)  train median    4.09 m   1.77 s/step
step  2240/6000  loss  3.5490 (ce  2.269 aux  2.559 ref 0.0011)  train median    1.42 m   1.77 s/step
step  2260/6000  loss  3.6602 (ce  2.357 aux  2.605 ref 0.0012)  train median    1.88 m   1.77 s/step
step  2280/6000  loss  4.4167 (ce  2.776 aux  3.279 ref 0.0019)  train median    3.94 m   1.76 s/step
step  2300/6000  loss  4.0291 (ce  2.551 aux  2.955 ref 0.0015)  train median    3.06 m   1.76 s/step
step  2320/6000  loss  4.0827 (ce  2.553 aux  3.058 ref 0.0012)  train median    1.62 m   1.76 s/step
step  2340/6000  loss  4.2562 (ce  2.644 aux  3.223 ref 0.0019)  train median    2.15 m   1.76 s/step
step  2360/6000  loss  4.0255 (ce  2.442 aux  3.167 ref 0.0005)  train median    3.48 m   1.76 s/step
step  2380/6000  loss  4.3713 (ce  2.638 aux  3.465 ref 0.0013)  train median    2.68 m   1.76 s/step
step  2400/6000  loss  3.7730 (ce  2.398 aux  2.749 ref 0.0014)  train median    0.75 m   1.75 s/step
  eval  n=192  median   1.93 m /   67.2 ms  p90    6.27 m /   184.3 ms  worst    56.02 m  within1  50.5%  within5  96.9%
        ks_black_cat_county__layout_short n=24  median   2.61 m /   65.3 ms  p90    6.78 m /   222.7 ms  worst    21.70 m  within1  45.8%  within5  91.7%
        ks_brands_hatch__indy    n=16  median   0.87 m /   31.7 ms  p90    2.49 m /    85.6 ms  worst     3.52 m  within1  81.2%  within5 100.0%
        ks_highlands__layout_short n=16  median   2.40 m /   61.3 ms  p90    4.08 m /   163.2 ms  worst     8.11 m  within1  43.8%  within5 100.0%
        ks_laguna_seca           n=16  median   3.18 m /  120.2 ms  p90    8.15 m /   198.8 ms  worst    13.28 m  within1  43.8%  within5  93.8%
        ks_monza66__junior       n=8  median   0.80 m /   20.2 ms  p90    2.69 m /    74.6 ms  worst     3.46 m  within1  75.0%  within5 100.0%
        ks_nurburgring__layout_sprint_a n=24  median   2.88 m /   98.0 ms  p90    7.56 m /   270.8 ms  worst    36.61 m  within1  20.8%  within5  91.7%
        ks_red_bull_ring__layout_national n=16  median   4.03 m /  113.8 ms  p90    5.56 m /   170.5 ms  worst     7.47 m  within1  25.0%  within5 100.0%
        ks_vallelunga__club_circuit n=32  median   1.40 m /   48.1 ms  p90    4.88 m /   115.6 ms  worst     6.48 m  within1  62.5%  within5 100.0%
        magione                  n=40  median   1.58 m /   56.8 ms  p90    7.13 m /   169.9 ms  worst    56.02 m  within1  60.0%  within5  97.5%
step  2420/6000  loss  4.0188 (ce  2.704 aux  2.627 ref 0.0024)  train median    3.08 m   1.76 s/step
step  2440/6000  loss  4.0202 (ce  2.583 aux  2.873 ref 0.0018)  train median    2.18 m   1.76 s/step
step  2460/6000  loss  3.7150 (ce  2.340 aux  2.750 ref 0.0008)  train median    1.30 m   1.76 s/step
step  2480/6000  loss  3.8588 (ce  2.375 aux  2.966 ref 0.0010)  train median    2.67 m   1.76 s/step
step  2500/6000  loss  4.2662 (ce  2.711 aux  3.108 ref 0.0016)  train median    2.56 m   1.76 s/step
step  2520/6000  loss  3.8154 (ce  2.395 aux  2.840 ref 0.0008)  train median    2.71 m   1.76 s/step
step  2540/6000  loss  4.0066 (ce  2.493 aux  3.027 ref 0.0006)  train median    2.54 m   1.76 s/step
step  2560/6000  loss  3.8697 (ce  2.403 aux  2.933 ref 0.0008)  train median    1.70 m   1.75 s/step
step  2580/6000  loss  4.5219 (ce  2.825 aux  3.393 ref 0.0005)  train median    2.94 m   1.75 s/step
step  2600/6000  loss  4.1006 (ce  2.674 aux  2.851 ref 0.0019)  train median    3.43 m   1.75 s/step
  eval  n=192  median   1.86 m /   62.2 ms  p90    6.14 m /   197.7 ms  worst    44.83 m  within1  51.0%  within5  96.4%
        ks_black_cat_county__layout_short n=24  median   2.30 m /   67.7 ms  p90    5.81 m /   140.3 ms  worst    14.67 m  within1  45.8%  within5  95.8%
        ks_brands_hatch__indy    n=16  median   1.14 m /   40.1 ms  p90    4.51 m /   101.5 ms  worst     5.85 m  within1  75.0%  within5 100.0%
        ks_highlands__layout_short n=16  median   1.65 m /   53.6 ms  p90    4.89 m /   177.9 ms  worst     5.74 m  within1  56.2%  within5 100.0%
        ks_laguna_seca           n=16  median   3.34 m /  100.1 ms  p90   16.27 m /   497.9 ms  worst    44.83 m  within1  31.2%  within5  81.2%
        ks_monza66__junior       n=8  median   0.52 m /   18.7 ms  p90    2.53 m /    64.0 ms  worst     4.37 m  within1  87.5%  within5 100.0%
        ks_nurburgring__layout_sprint_a n=24  median   3.03 m /   85.9 ms  p90    7.04 m /   240.4 ms  worst    10.24 m  within1  37.5%  within5  95.8%
        ks_red_bull_ring__layout_national n=16  median   2.20 m /   62.4 ms  p90    5.41 m /   168.6 ms  worst     8.45 m  within1  50.0%  within5 100.0%
        ks_vallelunga__club_circuit n=32  median   1.56 m /   53.1 ms  p90    4.79 m /   142.7 ms  worst     7.22 m  within1  56.2%  within5 100.0%
        magione                  n=40  median   2.04 m /   75.2 ms  p90    8.23 m /   264.6 ms  worst    17.26 m  within1  47.5%  within5  95.0%
step  2620/6000  loss  4.3737 (ce  2.745 aux  3.255 ref 0.0021)  train median    4.75 m   1.76 s/step
step  2640/6000  loss  4.4007 (ce  2.841 aux  3.118 ref 0.0016)  train median    1.72 m   1.76 s/step
step  2660/6000  loss  3.6524 (ce  2.268 aux  2.768 ref 0.0009)  train median    1.00 m   1.75 s/step
step  2680/6000  loss  4.0263 (ce  2.518 aux  3.015 ref 0.0007)  train median    2.29 m   1.75 s/step
step  2700/6000  loss  4.0661 (ce  2.457 aux  3.217 ref 0.0011)  train median    2.47 m   1.75 s/step
step  2720/6000  loss  4.0938 (ce  2.585 aux  3.016 ref 0.0012)  train median    2.84 m   1.75 s/step
step  2740/6000  loss  3.6566 (ce  2.281 aux  2.750 ref 0.0009)  train median    0.98 m   1.75 s/step
step  2760/6000  loss  4.7663 (ce  3.183 aux  3.164 ref 0.0014)  train median    6.03 m   1.75 s/step
step  2780/6000  loss  4.4517 (ce  2.806 aux  3.290 ref 0.0014)  train median    5.01 m   1.75 s/step
step  2800/6000  loss  4.1642 (ce  2.616 aux  3.095 ref 0.0014)  train median    3.08 m   1.75 s/step
  eval  n=192  median   2.09 m /   62.4 ms  p90    5.85 m /   191.6 ms  worst    56.14 m  within1  49.0%  within5  95.8%
        ks_black_cat_county__layout_short n=24  median   2.61 m /   71.7 ms  p90    6.46 m /   151.9 ms  worst    10.83 m  within1  33.3%  within5  95.8%
        ks_brands_hatch__indy    n=16  median   1.61 m /   48.7 ms  p90    3.28 m /    75.3 ms  worst     3.67 m  within1  75.0%  within5 100.0%
        ks_highlands__layout_short n=16  median   1.98 m /   61.1 ms  p90    3.97 m /   152.1 ms  worst     5.74 m  within1  50.0%  within5 100.0%
        ks_laguna_seca           n=16  median   3.66 m /  101.3 ms  p90   14.47 m /   443.5 ms  worst    39.20 m  within1  31.2%  within5  81.2%
        ks_monza66__junior       n=8  median   0.68 m /   18.3 ms  p90    0.87 m /    27.6 ms  worst     0.97 m  within1 100.0%  within5 100.0%
        ks_nurburgring__layout_sprint_a n=24  median   2.88 m /   92.2 ms  p90    6.13 m /   193.6 ms  worst    14.22 m  within1  33.3%  within5  91.7%
        ks_red_bull_ring__layout_national n=16  median   3.01 m /   73.8 ms  p90    5.47 m /   183.1 ms  worst     7.80 m  within1  43.8%  within5 100.0%
        ks_vallelunga__club_circuit n=32  median   1.36 m /   43.7 ms  p90    5.14 m /   194.6 ms  worst     8.66 m  within1  56.2%  within5 100.0%
        magione                  n=40  median   2.01 m /   70.9 ms  p90    7.79 m /   265.5 ms  worst    56.14 m  within1  50.0%  within5  95.0%
step  2820/6000  loss  4.7537 (ce  3.135 aux  3.236 ref 0.0011)  train median    2.20 m   1.75 s/step
step  2840/6000  loss  4.0821 (ce  2.572 aux  3.019 ref 0.0012)  train median    4.29 m   1.75 s/step
step  2860/6000  loss  3.6982 (ce  2.401 aux  2.593 ref 0.0012)  train median    2.16 m   1.75 s/step
step  2880/6000  loss  3.8627 (ce  2.489 aux  2.746 ref 0.0022)  train median    2.08 m   1.75 s/step
step  2900/6000  loss  3.6438 (ce  2.289 aux  2.710 ref 0.0009)  train median    1.01 m   1.75 s/step
step  2920/6000  loss  3.7741 (ce  2.389 aux  2.769 ref 0.0013)  train median    1.88 m   1.75 s/step
step  2940/6000  loss  3.8750 (ce  2.518 aux  2.714 ref 0.0013)  train median    2.25 m   1.75 s/step
step  2960/6000  loss  3.9193 (ce  2.474 aux  2.890 ref 0.0009)  train median    1.71 m   1.75 s/step
step  2980/6000  loss  3.4771 (ce  2.235 aux  2.484 ref 0.0006)  train median    1.16 m   1.75 s/step
step  3000/6000  loss  4.2290 (ce  2.690 aux  3.077 ref 0.0012)  train median    2.65 m   1.75 s/step
  eval  n=192  median   1.93 m /   61.2 ms  p90    5.85 m /   184.9 ms  worst    92.87 m  within1  51.6%  within5  96.4%
        ks_black_cat_county__layout_short n=24  median   3.09 m /  102.4 ms  p90    6.98 m /   150.3 ms  worst    10.40 m  within1  29.2%  within5  95.8%
        ks_brands_hatch__indy    n=16  median   0.94 m /   30.1 ms  p90    2.05 m /    89.3 ms  worst     4.07 m  within1  87.5%  within5 100.0%
        ks_highlands__layout_short n=16  median   2.00 m /   54.0 ms  p90    5.03 m /   166.8 ms  worst     5.85 m  within1  50.0%  within5 100.0%
        ks_laguna_seca           n=16  median   3.34 m /  102.9 ms  p90   10.23 m /   314.5 ms  worst    19.68 m  within1  43.8%  within5  87.5%
        ks_monza66__junior       n=8  median   0.65 m /   16.1 ms  p90    2.19 m /    62.7 ms  worst     3.06 m  within1  87.5%  within5 100.0%
        ks_nurburgring__layout_sprint_a n=24  median   2.94 m /   92.1 ms  p90    9.10 m /   267.3 ms  worst    13.63 m  within1  37.5%  within5  95.8%
        ks_red_bull_ring__layout_national n=16  median   3.11 m /   84.7 ms  p90    5.01 m /   162.5 ms  worst     9.25 m  within1  25.0%  within5 100.0%
        ks_vallelunga__club_circuit n=32  median   1.30 m /   43.2 ms  p90    3.78 m /   135.7 ms  worst     6.46 m  within1  65.6%  within5 100.0%
        magione                  n=40  median   1.78 m /   68.3 ms  p90    8.64 m /   295.5 ms  worst    92.87 m  within1  55.0%  within5  92.5%
step  3020/6000  loss  3.7877 (ce  2.431 aux  2.712 ref 0.0013)  train median    1.09 m   1.75 s/step
step  3040/6000  loss  3.4323 (ce  2.233 aux  2.397 ref 0.0007)  train median    1.35 m   1.75 s/step
step  3060/6000  loss  4.0524 (ce  2.538 aux  3.027 ref 0.0006)  train median    3.79 m   1.75 s/step
step  3080/6000  loss  3.5139 (ce  2.237 aux  2.553 ref 0.0007)  train median    1.28 m   1.75 s/step
step  3100/6000  loss  4.3975 (ce  2.727 aux  3.341 ref 0.0008)  train median    4.56 m   1.75 s/step
step  3120/6000  loss  3.8217 (ce  2.518 aux  2.605 ref 0.0017)  train median    3.55 m   1.75 s/step
step  3140/6000  loss  4.0529 (ce  2.539 aux  3.025 ref 0.0022)  train median    4.08 m   1.75 s/step
step  3160/6000  loss  3.7595 (ce  2.342 aux  2.834 ref 0.0006)  train median    1.59 m   1.75 s/step
step  3180/6000  loss  3.6968 (ce  2.330 aux  2.732 ref 0.0006)  train median    0.35 m   1.75 s/step
step  3200/6000  loss  4.4084 (ce  2.958 aux  2.901 ref 0.0010)  train median    2.25 m   1.75 s/step
  eval  n=192  median   1.62 m /   51.6 ms  p90    5.14 m /   167.6 ms  worst    52.58 m  within1  54.2%  within5  95.8%
        ks_black_cat_county__layout_short n=24  median   2.34 m /   59.2 ms  p90    7.40 m /   182.7 ms  worst    10.81 m  within1  37.5%  within5  95.8%
        ks_brands_hatch__indy    n=16  median   0.96 m /   27.7 ms  p90    2.00 m /    74.0 ms  worst     4.01 m  within1  87.5%  within5 100.0%
        ks_highlands__layout_short n=16  median   1.33 m /   45.5 ms  p90    3.72 m /   138.4 ms  worst     3.77 m  within1  62.5%  within5 100.0%
        ks_laguna_seca           n=16  median   3.57 m /  100.5 ms  p90   15.89 m /   486.4 ms  worst    41.81 m  within1  31.2%  within5  81.2%
        ks_monza66__junior       n=8  median   0.50 m /   15.7 ms  p90    1.52 m /    42.7 ms  worst     2.02 m  within1  87.5%  within5 100.0%
        ks_nurburgring__layout_sprint_a n=24  median   2.84 m /   86.5 ms  p90    8.05 m /   247.7 ms  worst    17.31 m  within1  41.7%  within5  95.8%
        ks_red_bull_ring__layout_national n=16  median   2.68 m /   72.0 ms  p90    4.93 m /   153.3 ms  worst     7.63 m  within1  31.2%  within5 100.0%
        ks_vallelunga__club_circuit n=32  median   0.92 m /   30.4 ms  p90    3.52 m /   120.6 ms  worst     4.50 m  within1  71.9%  within5 100.0%
        magione                  n=40  median   1.54 m /   56.8 ms  p90    7.11 m /   246.0 ms  worst    52.58 m  within1  52.5%  within5  92.5%
step  3220/6000  loss  3.7487 (ce  2.374 aux  2.749 ref 0.0012)  train median    2.14 m   1.75 s/step
step  3240/6000  loss  4.0406 (ce  2.583 aux  2.914 ref 0.0017)  train median    2.10 m   1.75 s/step
step  3260/6000  loss  3.5239 (ce  2.273 aux  2.500 ref 0.0010)  train median    0.63 m   1.75 s/step
step  3280/6000  loss  3.7452 (ce  2.386 aux  2.717 ref 0.0010)  train median    2.34 m   1.75 s/step
step  3300/6000  loss  4.0559 (ce  2.519 aux  3.074 ref 0.0005)  train median    2.20 m   1.75 s/step
step  3320/6000  loss  4.1733 (ce  2.759 aux  2.827 ref 0.0011)  train median    2.24 m   1.75 s/step
step  3340/6000  loss  3.6767 (ce  2.327 aux  2.698 ref 0.0010)  train median    1.09 m   1.75 s/step
step  3360/6000  loss  4.5428 (ce  2.870 aux  3.344 ref 0.0014)  train median    3.99 m   1.75 s/step
step  3380/6000  loss  4.5592 (ce  2.910 aux  3.298 ref 0.0010)  train median    2.97 m   1.75 s/step
step  3400/6000  loss  3.9736 (ce  2.465 aux  3.016 ref 0.0009)  train median    1.29 m   1.75 s/step
  eval  n=192  median   1.54 m /   57.8 ms  p90    5.86 m /   195.0 ms  worst    42.66 m  within1  56.2%  within5  96.4%
        ks_black_cat_county__layout_short n=24  median   2.78 m /   81.3 ms  p90    9.21 m /   282.5 ms  worst    12.39 m  within1  37.5%  within5  91.7%
        ks_brands_hatch__indy    n=16  median   1.08 m /   28.1 ms  p90    1.95 m /    68.3 ms  worst     2.36 m  within1  87.5%  within5 100.0%
        ks_highlands__layout_short n=16  median   1.43 m /   50.8 ms  p90    3.56 m /   134.2 ms  worst     4.65 m  within1  62.5%  within5 100.0%
        ks_laguna_seca           n=16  median   2.99 m /   91.0 ms  p90   18.66 m /   569.8 ms  worst    42.66 m  within1  43.8%  within5  81.2%
        ks_monza66__junior       n=8  median   0.54 m /   16.9 ms  p90    2.50 m /    71.0 ms  worst     4.72 m  within1  87.5%  within5 100.0%
        ks_nurburgring__layout_sprint_a n=24  median   3.51 m /  104.7 ms  p90    7.99 m /   241.5 ms  worst    11.27 m  within1  37.5%  within5  95.8%
        ks_red_bull_ring__layout_national n=16  median   2.70 m /   73.2 ms  p90    5.11 m /   177.9 ms  worst     8.76 m  within1  43.8%  within5 100.0%
        ks_vallelunga__club_circuit n=32  median   1.04 m /   34.6 ms  p90    3.56 m /   111.0 ms  worst     4.80 m  within1  71.9%  within5 100.0%
        magione                  n=40  median   1.73 m /   60.9 ms  p90    5.50 m /   205.9 ms  worst    13.12 m  within1  55.0%  within5  97.5%
step  3420/6000  loss  3.8070 (ce  2.312 aux  2.990 ref 0.0011)  train median    1.43 m   1.75 s/step
step  3440/6000  loss  4.3753 (ce  2.755 aux  3.239 ref 0.0017)  train median    3.43 m   1.75 s/step
step  3460/6000  loss  4.1072 (ce  2.614 aux  2.985 ref 0.0015)  train median    2.38 m   1.75 s/step
step  3480/6000  loss  3.9403 (ce  2.483 aux  2.914 ref 0.0005)  train median    2.61 m   1.75 s/step
step  3500/6000  loss  3.7738 (ce  2.404 aux  2.738 ref 0.0007)  train median    1.50 m   1.75 s/step
step  3520/6000  loss  3.8867 (ce  2.443 aux  2.886 ref 0.0012)  train median    2.16 m   1.75 s/step
step  3540/6000  loss  4.0654 (ce  2.657 aux  2.815 ref 0.0025)  train median    3.92 m   1.75 s/step
step  3560/6000  loss  4.1692 (ce  2.703 aux  2.931 ref 0.0025)  train median    4.10 m   1.75 s/step
step  3580/6000  loss  3.4594 (ce  2.209 aux  2.500 ref 0.0008)  train median    1.06 m   1.75 s/step
step  3600/6000  loss  4.0829 (ce  2.617 aux  2.929 ref 0.0016)  train median    3.61 m   1.75 s/step
  eval  n=192  median   1.53 m /   50.4 ms  p90    5.06 m /   165.4 ms  worst    41.93 m  within1  58.9%  within5  96.4%
        ks_black_cat_county__layout_short n=24  median   2.04 m /   55.4 ms  p90    6.43 m /   133.8 ms  worst    15.97 m  within1  50.0%  within5  95.8%
        ks_brands_hatch__indy    n=16  median   1.05 m /   36.0 ms  p90    2.36 m /    87.3 ms  worst     4.96 m  within1  81.2%  within5 100.0%
        ks_highlands__layout_short n=16  median   1.27 m /   43.6 ms  p90    2.99 m /    96.8 ms  worst     3.01 m  within1  75.0%  within5 100.0%
        ks_laguna_seca           n=16  median   2.26 m /   83.3 ms  p90   17.78 m /   543.2 ms  worst    41.93 m  within1  50.0%  within5  81.2%
        ks_monza66__junior       n=8  median   0.75 m /   19.1 ms  p90    1.34 m /    42.8 ms  worst     1.39 m  within1 100.0%  within5 100.0%
        ks_nurburgring__layout_sprint_a n=24  median   3.58 m /  108.2 ms  p90    7.16 m /   233.7 ms  worst    11.29 m  within1  33.3%  within5  95.8%
        ks_red_bull_ring__layout_national n=16  median   2.93 m /   77.6 ms  p90    5.26 m /   196.7 ms  worst     8.25 m  within1  43.8%  within5 100.0%
        ks_vallelunga__club_circuit n=32  median   1.30 m /   41.6 ms  p90    4.26 m /   125.7 ms  worst     4.57 m  within1  65.6%  within5 100.0%
        magione                  n=40  median   1.62 m /   63.7 ms  p90    5.82 m /   215.7 ms  worst    14.08 m  within1  60.0%  within5  95.0%
step  3620/6000  loss  3.5826 (ce  2.321 aux  2.523 ref 0.0008)  train median    0.71 m   1.75 s/step
step  3640/6000  loss  3.5310 (ce  2.279 aux  2.503 ref 0.0009)  train median    1.56 m   1.75 s/step
step  3660/6000  loss  3.6651 (ce  2.376 aux  2.576 ref 0.0012)  train median    1.67 m   1.75 s/step
step  3680/6000  loss  4.9800 (ce  3.242 aux  3.473 ref 0.0030)  train median    9.95 m   1.75 s/step
step  3700/6000  loss  3.4192 (ce  2.200 aux  2.438 ref 0.0005)  train median    1.25 m   1.75 s/step
step  3720/6000  loss  3.6983 (ce  2.339 aux  2.716 ref 0.0014)  train median    2.03 m   1.75 s/step
step  3740/6000  loss  4.3273 (ce  2.689 aux  3.276 ref 0.0013)  train median    4.27 m   1.75 s/step
step  3760/6000  loss  3.8837 (ce  2.534 aux  2.698 ref 0.0021)  train median    3.34 m   1.74 s/step
step  3780/6000  loss  3.6166 (ce  2.250 aux  2.732 ref 0.0010)  train median    1.22 m   1.74 s/step
step  3800/6000  loss  3.7780 (ce  2.352 aux  2.850 ref 0.0009)  train median    1.74 m   1.74 s/step
  eval  n=192  median   1.77 m /   55.4 ms  p90    5.73 m /   189.4 ms  worst    95.82 m  within1  55.2%  within5  96.4%
        ks_black_cat_county__layout_short n=24  median   2.22 m /   63.8 ms  p90    7.67 m /   193.3 ms  worst    11.88 m  within1  45.8%  within5  95.8%
        ks_brands_hatch__indy    n=16  median   1.05 m /   34.2 ms  p90    2.92 m /    90.2 ms  worst     3.80 m  within1  81.2%  within5 100.0%
        ks_highlands__layout_short n=16  median   1.49 m /   57.9 ms  p90    3.11 m /   110.3 ms  worst     3.44 m  within1  62.5%  within5 100.0%
        ks_laguna_seca           n=16  median   2.44 m /   84.3 ms  p90   10.73 m /   336.6 ms  worst    22.10 m  within1  50.0%  within5  87.5%
        ks_monza66__junior       n=8  median   0.57 m /   14.8 ms  p90    1.91 m /    54.8 ms  worst     3.40 m  within1  87.5%  within5 100.0%
        ks_nurburgring__layout_sprint_a n=24  median   2.77 m /  106.3 ms  p90    8.58 m /   260.4 ms  worst    28.76 m  within1  29.2%  within5  91.7%
        ks_red_bull_ring__layout_national n=16  median   2.91 m /   74.1 ms  p90    5.45 m /   188.6 ms  worst     7.12 m  within1  37.5%  within5 100.0%
        ks_vallelunga__club_circuit n=32  median   1.06 m /   35.9 ms  p90    4.10 m /   128.8 ms  worst     6.55 m  within1  68.8%  within5 100.0%
        magione                  n=40  median   1.68 m /   56.7 ms  p90    6.98 m /   242.0 ms  worst    95.82 m  within1  55.0%  within5  95.0%
step  3820/6000  loss  4.2630 (ce  2.828 aux  2.868 ref 0.0022)  train median    3.54 m   1.75 s/step
step  3840/6000  loss  3.9883 (ce  2.507 aux  2.962 ref 0.0013)  train median    2.80 m   1.75 s/step
step  3860/6000  loss  4.2485 (ce  2.682 aux  3.132 ref 0.0005)  train median    2.38 m   1.75 s/step
step  3880/6000  loss  3.7008 (ce  2.301 aux  2.799 ref 0.0006)  train median    1.58 m   1.74 s/step
step  3900/6000  loss  3.8411 (ce  2.513 aux  2.655 ref 0.0013)  train median    2.77 m   1.74 s/step
step  3920/6000  loss  3.8948 (ce  2.312 aux  3.165 ref 0.0003)  train median    1.87 m   1.74 s/step
step  3940/6000  loss  3.6452 (ce  2.343 aux  2.603 ref 0.0008)  train median    1.10 m   1.74 s/step
step  3960/6000  loss  3.5360 (ce  2.215 aux  2.641 ref 0.0006)  train median    1.32 m   1.74 s/step
step  3980/6000  loss  4.6205 (ce  3.045 aux  3.149 ref 0.0031)  train median    6.92 m   1.74 s/step
step  4000/6000  loss  4.5198 (ce  2.832 aux  3.375 ref 0.0006)  train median    2.70 m   1.74 s/step
  eval  n=192  median   1.60 m /   60.2 ms  p90    5.02 m /   154.2 ms  worst    18.99 m  within1  55.7%  within5  96.9%
        ks_black_cat_county__layout_short n=24  median   2.07 m /   67.5 ms  p90    6.33 m /   175.2 ms  worst    11.85 m  within1  41.7%  within5  95.8%
        ks_brands_hatch__indy    n=16  median   1.01 m /   29.0 ms  p90    2.65 m /    88.6 ms  worst     3.61 m  within1  75.0%  within5 100.0%
        ks_highlands__layout_short n=16  median   1.54 m /   54.6 ms  p90    2.96 m /   118.3 ms  worst     3.34 m  within1  56.2%  within5 100.0%
        ks_laguna_seca           n=16  median   2.41 m /   72.9 ms  p90    9.57 m /   293.2 ms  worst    18.32 m  within1  37.5%  within5  87.5%
        ks_monza66__junior       n=8  median   0.68 m /   19.9 ms  p90    1.84 m /    55.1 ms  worst     2.16 m  within1  87.5%  within5 100.0%
        ks_nurburgring__layout_sprint_a n=24  median   2.91 m /   88.5 ms  p90    7.38 m /   239.8 ms  worst    14.07 m  within1  37.5%  within5  95.8%
        ks_red_bull_ring__layout_national n=16  median   3.00 m /   70.5 ms  p90    4.49 m /   154.2 ms  worst     8.36 m  within1  37.5%  within5 100.0%
        ks_vallelunga__club_circuit n=32  median   1.15 m /   45.2 ms  p90    3.07 m /   110.9 ms  worst     5.04 m  within1  75.0%  within5 100.0%
        magione                  n=40  median   1.57 m /   62.0 ms  p90    4.85 m /   210.7 ms  worst    18.99 m  within1  60.0%  within5  95.0%
step  4020/6000  loss  4.0101 (ce  2.562 aux  2.895 ref 0.0019)  train median    4.20 m   1.75 s/step
step  4040/6000  loss  4.5261 (ce  2.843 aux  3.365 ref 0.0007)  train median    4.72 m   1.75 s/step
step  4060/6000  loss  3.8121 (ce  2.394 aux  2.836 ref 0.0009)  train median    1.63 m   1.74 s/step
step  4080/6000  loss  3.4477 (ce  2.250 aux  2.396 ref 0.0006)  train median    1.18 m   1.74 s/step
step  4100/6000  loss  4.2722 (ce  2.652 aux  3.240 ref 0.0012)  train median    2.94 m   1.74 s/step
step  4120/6000  loss  3.9182 (ce  2.565 aux  2.706 ref 0.0014)  train median    2.56 m   1.74 s/step
step  4140/6000  loss  3.7569 (ce  2.377 aux  2.758 ref 0.0016)  train median    3.30 m   1.74 s/step
step  4160/6000  loss  3.5287 (ce  2.269 aux  2.518 ref 0.0009)  train median    1.76 m   1.74 s/step
step  4180/6000  loss  3.5545 (ce  2.280 aux  2.548 ref 0.0008)  train median    1.44 m   1.74 s/step
step  4200/6000  loss  3.7483 (ce  2.408 aux  2.679 ref 0.0009)  train median    2.25 m   1.74 s/step
  eval  n=192  median   1.83 m /   60.0 ms  p90    4.91 m /   164.7 ms  worst    39.75 m  within1  53.6%  within5  96.4%
        ks_black_cat_county__layout_short n=24  median   2.30 m /   71.5 ms  p90    6.79 m /   182.3 ms  worst    11.73 m  within1  37.5%  within5  95.8%
        ks_brands_hatch__indy    n=16  median   0.96 m /   35.6 ms  p90    2.37 m /    67.0 ms  worst     2.53 m  within1  75.0%  within5 100.0%
        ks_highlands__layout_short n=16  median   1.32 m /   59.0 ms  p90    3.26 m /   118.2 ms  worst     3.77 m  within1  62.5%  within5 100.0%
        ks_laguna_seca           n=16  median   3.50 m /   93.9 ms  p90   14.89 m /   456.3 ms  worst    39.75 m  within1  31.2%  within5  81.2%
        ks_monza66__junior       n=8  median   0.73 m /   17.9 ms  p90    1.79 m /    66.0 ms  worst     2.40 m  within1  87.5%  within5 100.0%
        ks_nurburgring__layout_sprint_a n=24  median   2.84 m /   93.6 ms  p90    7.01 m /   229.1 ms  worst    12.35 m  within1  37.5%  within5  95.8%
        ks_red_bull_ring__layout_national n=16  median   2.55 m /   73.1 ms  p90    4.66 m /   145.2 ms  worst     7.91 m  within1  43.8%  within5 100.0%
        ks_vallelunga__club_circuit n=32  median   0.98 m /   32.9 ms  p90    3.51 m /   124.3 ms  worst     4.56 m  within1  71.9%  within5 100.0%
        magione                  n=40  median   1.78 m /   65.7 ms  p90    4.45 m /   162.1 ms  worst    12.99 m  within1  52.5%  within5  95.0%
step  4220/6000  loss  3.6151 (ce  2.278 aux  2.674 ref 0.0003)  train median    2.04 m   1.74 s/step
step  4240/6000  loss  4.0525 (ce  2.458 aux  3.188 ref 0.0005)  train median    1.83 m   1.74 s/step
step  4260/6000  loss  3.7977 (ce  2.384 aux  2.826 ref 0.0007)  train median    2.96 m   1.74 s/step
step  4280/6000  loss  3.9531 (ce  2.437 aux  3.031 ref 0.0008)  train median    1.82 m   1.74 s/step
step  4300/6000  loss  3.7594 (ce  2.447 aux  2.624 ref 0.0011)  train median    2.02 m   1.74 s/step
step  4320/6000  loss  4.0121 (ce  2.443 aux  3.136 ref 0.0017)  train median    3.22 m   1.74 s/step
step  4340/6000  loss  4.2127 (ce  2.733 aux  2.959 ref 0.0013)  train median    3.40 m   1.74 s/step
step  4360/6000  loss  4.4041 (ce  2.793 aux  3.221 ref 0.0013)  train median    2.74 m   1.74 s/step
step  4380/6000  loss  4.0581 (ce  2.597 aux  2.922 ref 0.0014)  train median    1.83 m   1.74 s/step
step  4400/6000  loss  3.5100 (ce  2.222 aux  2.576 ref 0.0005)  train median    0.89 m   1.74 s/step
  eval  n=192  median   1.80 m /   56.1 ms  p90    4.72 m /   160.9 ms  worst    39.81 m  within1  55.2%  within5  96.9%
        ks_black_cat_county__layout_short n=24  median   1.96 m /   50.5 ms  p90    4.53 m /   122.5 ms  worst    14.31 m  within1  54.2%  within5  95.8%
        ks_brands_hatch__indy    n=16  median   0.90 m /   27.4 ms  p90    1.69 m /    63.2 ms  worst     4.75 m  within1  93.8%  within5 100.0%
        ks_highlands__layout_short n=16  median   1.45 m /   42.8 ms  p90    2.83 m /   112.4 ms  worst     3.17 m  within1  68.8%  within5 100.0%
        ks_laguna_seca           n=16  median   2.89 m /   89.0 ms  p90    9.71 m /   347.3 ms  worst    39.81 m  within1  31.2%  within5  87.5%
        ks_monza66__junior       n=8  median   0.38 m /   11.2 ms  p90    1.39 m /    48.7 ms  worst     2.76 m  within1  87.5%  within5 100.0%
        ks_nurburgring__layout_sprint_a n=24  median   2.81 m /  107.1 ms  p90    7.24 m /   228.6 ms  worst    12.27 m  within1  33.3%  within5  95.8%
        ks_red_bull_ring__layout_national n=16  median   2.47 m /   67.5 ms  p90    4.54 m /   160.7 ms  worst     8.99 m  within1  37.5%  within5 100.0%
        ks_vallelunga__club_circuit n=32  median   1.67 m /   54.9 ms  p90    3.35 m /   117.9 ms  worst     5.18 m  within1  59.4%  within5 100.0%
        magione                  n=40  median   1.92 m /   61.0 ms  p90    4.32 m /   172.8 ms  worst    13.55 m  within1  55.0%  within5  95.0%
step  4420/6000  loss  3.7595 (ce  2.490 aux  2.538 ref 0.0015)  train median    2.28 m   1.74 s/step
step  4440/6000  loss  3.4510 (ce  2.175 aux  2.553 ref 0.0004)  train median    0.92 m   1.74 s/step
step  4460/6000  loss  3.7446 (ce  2.355 aux  2.777 ref 0.0012)  train median    2.35 m   1.74 s/step
step  4480/6000  loss  3.5050 (ce  2.186 aux  2.637 ref 0.0005)  train median    0.99 m   1.74 s/step
step  4500/6000  loss  3.4788 (ce  2.228 aux  2.502 ref 0.0006)  train median    1.19 m   1.74 s/step
step  4520/6000  loss  3.8699 (ce  2.463 aux  2.812 ref 0.0018)  train median    2.43 m   1.74 s/step
step  4540/6000  loss  3.9148 (ce  2.498 aux  2.832 ref 0.0012)  train median    1.99 m   1.74 s/step
step  4560/6000  loss  3.9161 (ce  2.578 aux  2.675 ref 0.0007)  train median    1.46 m   1.74 s/step
step  4580/6000  loss  3.6423 (ce  2.304 aux  2.676 ref 0.0009)  train median    1.59 m   1.74 s/step
step  4600/6000  loss  4.2217 (ce  2.769 aux  2.904 ref 0.0007)  train median    2.14 m   1.74 s/step
  eval  n=192  median   1.69 m /   50.9 ms  p90    4.71 m /   146.6 ms  worst    14.99 m  within1  57.3%  within5  97.9%
        ks_black_cat_county__layout_short n=24  median   2.32 m /   67.6 ms  p90    5.26 m /   129.6 ms  worst    11.95 m  within1  45.8%  within5  95.8%
        ks_brands_hatch__indy    n=16  median   0.80 m /   24.7 ms  p90    1.64 m /    42.7 ms  worst     2.17 m  within1  93.8%  within5 100.0%
        ks_highlands__layout_short n=16  median   1.40 m /   47.3 ms  p90    3.29 m /   111.3 ms  worst     3.44 m  within1  56.2%  within5 100.0%
        ks_laguna_seca           n=16  median   3.14 m /   88.2 ms  p90    5.60 m /   207.8 ms  worst    13.81 m  within1  37.5%  within5  93.8%
        ks_monza66__junior       n=8  median   0.46 m /   14.3 ms  p90    1.69 m /    46.8 ms  worst     2.05 m  within1  87.5%  within5 100.0%
        ks_nurburgring__layout_sprint_a n=24  median   2.71 m /   84.6 ms  p90    7.27 m /   229.8 ms  worst    14.99 m  within1  41.7%  within5  95.8%
        ks_red_bull_ring__layout_national n=16  median   2.55 m /   64.9 ms  p90    4.39 m /   162.8 ms  worst     8.62 m  within1  43.8%  within5 100.0%
        ks_vallelunga__club_circuit n=32  median   1.11 m /   36.5 ms  p90    3.44 m /   124.8 ms  worst     4.55 m  within1  75.0%  within5 100.0%
        magione                  n=40  median   1.82 m /   64.0 ms  p90    4.41 m /   167.2 ms  worst    13.23 m  within1  52.5%  within5  97.5%
step  4620/6000  loss  3.7434 (ce  2.364 aux  2.758 ref 0.0010)  train median    0.99 m   1.75 s/step
step  4640/6000  loss  3.7783 (ce  2.467 aux  2.622 ref 0.0018)  train median    2.34 m   1.75 s/step
step  4660/6000  loss  3.7092 (ce  2.333 aux  2.752 ref 0.0010)  train median    2.25 m   1.75 s/step
step  4680/6000  loss  3.7209 (ce  2.361 aux  2.720 ref 0.0010)  train median    2.04 m   1.74 s/step
step  4700/6000  loss  3.9217 (ce  2.544 aux  2.753 ref 0.0017)  train median    3.86 m   1.74 s/step
step  4720/6000  loss  3.8482 (ce  2.362 aux  2.972 ref 0.0012)  train median    1.36 m   1.74 s/step
step  4740/6000  loss  3.9734 (ce  2.565 aux  2.817 ref 0.0010)  train median    1.97 m   1.74 s/step
step  4760/6000  loss  4.3078 (ce  2.789 aux  3.036 ref 0.0011)  train median    5.36 m   1.74 s/step
step  4780/6000  loss  4.0364 (ce  2.472 aux  3.129 ref 0.0006)  train median    4.16 m   1.74 s/step
step  4800/6000  loss  3.8034 (ce  2.411 aux  2.784 ref 0.0011)  train median    1.87 m   1.74 s/step
  eval  n=192  median   1.56 m /   54.8 ms  p90    4.70 m /   158.3 ms  worst    40.13 m  within1  58.9%  within5  97.4%
        ks_black_cat_county__layout_short n=24  median   1.67 m /   57.8 ms  p90    4.40 m /   110.6 ms  worst    13.80 m  within1  54.2%  within5  95.8%
        ks_brands_hatch__indy    n=16  median   0.66 m /   23.7 ms  p90    1.62 m /    59.2 ms  worst     4.48 m  within1  93.8%  within5 100.0%
        ks_highlands__layout_short n=16  median   1.42 m /   55.8 ms  p90    2.86 m /   104.9 ms  worst     3.46 m  within1  62.5%  within5 100.0%
        ks_laguna_seca           n=16  median   3.67 m /  100.0 ms  p90    9.94 m /   358.9 ms  worst    40.13 m  within1  43.8%  within5  87.5%
        ks_monza66__junior       n=8  median   0.39 m /   12.4 ms  p90    1.43 m /    50.1 ms  worst     2.25 m  within1  87.5%  within5 100.0%
        ks_nurburgring__layout_sprint_a n=24  median   3.22 m /  118.0 ms  p90    6.14 m /   208.1 ms  worst    10.08 m  within1  37.5%  within5  95.8%
        ks_red_bull_ring__layout_national n=16  median   2.58 m /   65.5 ms  p90    5.27 m /   184.7 ms  worst     9.19 m  within1  43.8%  within5 100.0%
        ks_vallelunga__club_circuit n=32  median   1.33 m /   42.7 ms  p90    3.68 m /   126.7 ms  worst     4.67 m  within1  71.9%  within5 100.0%
        magione                  n=40  median   1.83 m /   57.9 ms  p90    4.31 m /   184.9 ms  worst    12.76 m  within1  55.0%  within5  97.5%
step  4820/6000  loss  3.5897 (ce  2.288 aux  2.602 ref 0.0013)  train median    1.57 m   1.75 s/step
step  4840/6000  loss  4.0908 (ce  2.546 aux  3.089 ref 0.0012)  train median    3.40 m   1.75 s/step
step  4860/6000  loss  3.7142 (ce  2.354 aux  2.719 ref 0.0013)  train median    1.86 m   1.75 s/step
step  4880/6000  loss  3.7857 (ce  2.401 aux  2.768 ref 0.0012)  train median    2.42 m   1.75 s/step
step  4900/6000  loss  3.7507 (ce  2.326 aux  2.848 ref 0.0011)  train median    1.83 m   1.75 s/step
step  4920/6000  loss  3.7941 (ce  2.455 aux  2.677 ref 0.0013)  train median    2.91 m   1.75 s/step
step  4940/6000  loss  3.9636 (ce  2.479 aux  2.968 ref 0.0007)  train median    2.53 m   1.74 s/step
step  4960/6000  loss  3.6490 (ce  2.314 aux  2.669 ref 0.0009)  train median    1.96 m   1.74 s/step
step  4980/6000  loss  4.0021 (ce  2.485 aux  3.035 ref 0.0003)  train median    2.07 m   1.74 s/step
step  5000/6000  loss  3.9093 (ce  2.480 aux  2.856 ref 0.0022)  train median    2.09 m   1.74 s/step
  eval  n=192  median   1.56 m /   52.7 ms  p90    4.64 m /   150.7 ms  worst    40.45 m  within1  60.4%  within5  96.9%
        ks_black_cat_county__layout_short n=24  median   1.89 m /   60.0 ms  p90    4.89 m /   117.2 ms  worst    14.30 m  within1  54.2%  within5  95.8%
        ks_brands_hatch__indy    n=16  median   0.80 m /   23.8 ms  p90    1.72 m /    62.8 ms  worst     3.88 m  within1  93.8%  within5 100.0%
        ks_highlands__layout_short n=16  median   1.45 m /   61.8 ms  p90    3.07 m /   112.1 ms  worst     4.34 m  within1  62.5%  within5 100.0%
        ks_laguna_seca           n=16  median   3.42 m /   88.5 ms  p90    9.48 m /   336.9 ms  worst    40.45 m  within1  43.8%  within5  87.5%
        ks_monza66__junior       n=8  median   0.50 m /   15.0 ms  p90    1.92 m /    57.7 ms  worst     2.29 m  within1  87.5%  within5 100.0%
        ks_nurburgring__layout_sprint_a n=24  median   3.11 m /   99.3 ms  p90    6.95 m /   226.2 ms  worst    14.95 m  within1  37.5%  within5  95.8%
        ks_red_bull_ring__layout_national n=16  median   2.44 m /   63.0 ms  p90    4.31 m /   155.6 ms  worst     8.68 m  within1  43.8%  within5 100.0%
        ks_vallelunga__club_circuit n=32  median   1.02 m /   36.8 ms  p90    3.62 m /   129.1 ms  worst     4.51 m  within1  78.1%  within5 100.0%
        magione                  n=40  median   1.74 m /   63.6 ms  p90    4.23 m /   183.4 ms  worst    12.50 m  within1  57.5%  within5  95.0%
step  5020/6000  loss  3.7804 (ce  2.464 aux  2.631 ref 0.0013)  train median    1.74 m   1.74 s/step
step  5040/6000  loss  3.4796 (ce  2.229 aux  2.500 ref 0.0007)  train median    1.25 m   1.74 s/step
step  5060/6000  loss  4.0416 (ce  2.584 aux  2.915 ref 0.0015)  train median    2.66 m   1.74 s/step
step  5080/6000  loss  3.4451 (ce  2.166 aux  2.557 ref 0.0004)  train median    0.60 m   1.74 s/step
step  5100/6000  loss  3.5532 (ce  2.265 aux  2.575 ref 0.0007)  train median    1.54 m   1.75 s/step
step  5120/6000  loss  3.9920 (ce  2.458 aux  3.067 ref 0.0008)  train median    1.78 m   1.74 s/step
step  5140/6000  loss  4.0640 (ce  2.465 aux  3.197 ref 0.0005)  train median    1.02 m   1.75 s/step
step  5160/6000  loss  4.1246 (ce  2.734 aux  2.780 ref 0.0009)  train median    3.51 m   1.75 s/step
step  5180/6000  loss  4.0179 (ce  2.666 aux  2.703 ref 0.0010)  train median    0.74 m   1.75 s/step
step  5200/6000  loss  3.4963 (ce  2.293 aux  2.406 ref 0.0012)  train median    1.83 m   1.75 s/step
  eval  n=192  median   1.64 m /   55.8 ms  p90    4.84 m /   162.0 ms  worst    39.68 m  within1  56.8%  within5  97.4%
        ks_black_cat_county__layout_short n=24  median   2.00 m /   67.5 ms  p90    4.91 m /   104.0 ms  worst    13.38 m  within1  50.0%  within5  95.8%
        ks_brands_hatch__indy    n=16  median   0.71 m /   19.0 ms  p90    2.08 m /    69.8 ms  worst     3.87 m  within1  81.2%  within5 100.0%
        ks_highlands__layout_short n=16  median   1.37 m /   50.0 ms  p90    3.38 m /   123.3 ms  worst     4.70 m  within1  62.5%  within5 100.0%
        ks_laguna_seca           n=16  median   3.55 m /   92.8 ms  p90    9.41 m /   336.1 ms  worst    39.68 m  within1  31.2%  within5  87.5%
        ks_monza66__junior       n=8  median   0.78 m /   23.0 ms  p90    1.97 m /    55.1 ms  worst     1.98 m  within1 100.0%  within5 100.0%
        ks_nurburgring__layout_sprint_a n=24  median   2.78 m /   91.2 ms  p90    7.47 m /   239.3 ms  worst    11.80 m  within1  37.5%  within5  95.8%
        ks_red_bull_ring__layout_national n=16  median   2.69 m /   73.6 ms  p90    4.46 m /   168.7 ms  worst     8.51 m  within1  37.5%  within5 100.0%
        ks_vallelunga__club_circuit n=32  median   1.01 m /   35.5 ms  p90    3.46 m /   116.2 ms  worst     4.70 m  within1  75.0%  within5 100.0%
        magione                  n=40  median   1.77 m /   65.7 ms  p90    4.54 m /   169.1 ms  worst    11.32 m  within1  55.0%  within5  97.5%
step  5220/6000  loss  4.0146 (ce  2.545 aux  2.936 ref 0.0017)  train median    3.78 m   1.75 s/step
step  5240/6000  loss  3.9152 (ce  2.534 aux  2.759 ref 0.0023)  train median    1.87 m   1.75 s/step
step  5260/6000  loss  3.7668 (ce  2.310 aux  2.913 ref 0.0007)  train median    1.10 m   1.75 s/step
step  5280/6000  loss  4.4223 (ce  2.795 aux  3.251 ref 0.0031)  train median    5.25 m   1.75 s/step
step  5300/6000  loss  3.7309 (ce  2.415 aux  2.631 ref 0.0012)  train median    2.39 m   1.74 s/step
step  5320/6000  loss  3.6392 (ce  2.287 aux  2.704 ref 0.0005)  train median    1.34 m   1.74 s/step
step  5340/6000  loss  4.5174 (ce  2.945 aux  3.143 ref 0.0014)  train median    4.34 m   1.74 s/step
step  5360/6000  loss  3.4689 (ce  2.244 aux  2.449 ref 0.0008)  train median    0.71 m   1.74 s/step
step  5380/6000  loss  3.7318 (ce  2.338 aux  2.787 ref 0.0009)  train median    1.67 m   1.74 s/step
step  5400/6000  loss  4.4203 (ce  2.924 aux  2.992 ref 0.0013)  train median    5.16 m   1.74 s/step
  eval  n=192  median   1.49 m /   51.2 ms  p90    4.52 m /   152.2 ms  worst    39.84 m  within1  59.9%  within5  97.4%
        ks_black_cat_county__layout_short n=24  median   1.93 m /   55.7 ms  p90    4.81 m /   104.7 ms  worst    12.77 m  within1  50.0%  within5  95.8%
        ks_brands_hatch__indy    n=16  median   0.75 m /   25.0 ms  p90    1.68 m /    61.8 ms  worst     3.63 m  within1  93.8%  within5 100.0%
        ks_highlands__layout_short n=16  median   1.21 m /   50.7 ms  p90    3.01 m /   111.7 ms  worst     3.84 m  within1  68.8%  within5 100.0%
        ks_laguna_seca           n=16  median   3.07 m /   86.5 ms  p90    8.97 m /   320.6 ms  worst    39.84 m  within1  37.5%  within5  87.5%
        ks_monza66__junior       n=8  median   0.34 m /    8.4 ms  p90    1.72 m /    44.3 ms  worst     2.30 m  within1  87.5%  within5 100.0%
        ks_nurburgring__layout_sprint_a n=24  median   2.61 m /   88.5 ms  p90    6.75 m /   217.3 ms  worst    15.98 m  within1  37.5%  within5  95.8%
        ks_red_bull_ring__layout_national n=16  median   2.26 m /   57.2 ms  p90    4.45 m /   167.1 ms  worst     7.94 m  within1  50.0%  within5 100.0%
        ks_vallelunga__club_circuit n=32  median   1.02 m /   36.2 ms  p90    3.29 m /   122.0 ms  worst     4.49 m  within1  78.1%  within5 100.0%
        magione                  n=40  median   1.86 m /   62.1 ms  p90    3.94 m /   154.3 ms  worst    10.95 m  within1  55.0%  within5  97.5%
step  5420/6000  loss  3.8038 (ce  2.380 aux  2.847 ref 0.0003)  train median    1.98 m   1.75 s/step
step  5440/6000  loss  3.5661 (ce  2.255 aux  2.622 ref 0.0007)  train median    1.38 m   1.75 s/step
step  5460/6000  loss  3.9786 (ce  2.579 aux  2.797 ref 0.0019)  train median    2.65 m   1.74 s/step
step  5480/6000  loss  3.6824 (ce  2.305 aux  2.755 ref 0.0004)  train median    2.62 m   1.74 s/step
step  5500/6000  loss  3.7107 (ce  2.319 aux  2.783 ref 0.0012)  train median    1.80 m   1.74 s/step
step  5520/6000  loss  4.0387 (ce  2.577 aux  2.923 ref 0.0016)  train median    2.53 m   1.74 s/step
step  5540/6000  loss  3.6385 (ce  2.307 aux  2.662 ref 0.0008)  train median    1.92 m   1.74 s/step
step  5560/6000  loss  3.6900 (ce  2.340 aux  2.698 ref 0.0012)  train median    1.47 m   1.74 s/step
step  5580/6000  loss  3.8327 (ce  2.422 aux  2.820 ref 0.0008)  train median    2.73 m   1.74 s/step
step  5600/6000  loss  3.7861 (ce  2.451 aux  2.669 ref 0.0008)  train median    2.76 m   1.74 s/step
  eval  n=192  median   1.63 m /   53.2 ms  p90    4.72 m /   147.9 ms  worst    39.91 m  within1  60.4%  within5  97.4%
        ks_black_cat_county__layout_short n=24  median   1.96 m /   66.3 ms  p90    4.87 m /   107.4 ms  worst    13.06 m  within1  50.0%  within5  95.8%
        ks_brands_hatch__indy    n=16  median   0.65 m /   21.5 ms  p90    1.90 m /    64.0 ms  worst     3.54 m  within1  93.8%  within5 100.0%
        ks_highlands__layout_short n=16  median   1.22 m /   47.9 ms  p90    3.19 m /   111.6 ms  worst     4.14 m  within1  68.8%  within5 100.0%
        ks_laguna_seca           n=16  median   3.32 m /   91.7 ms  p90    9.04 m /   320.2 ms  worst    39.91 m  within1  37.5%  within5  87.5%
        ks_monza66__junior       n=8  median   0.50 m /   14.7 ms  p90    1.87 m /    47.7 ms  worst     1.98 m  within1 100.0%  within5 100.0%
        ks_nurburgring__layout_sprint_a n=24  median   2.80 m /   93.3 ms  p90    6.98 m /   224.7 ms  worst    12.38 m  within1  41.7%  within5  95.8%
        ks_red_bull_ring__layout_national n=16  median   2.39 m /   62.1 ms  p90    4.50 m /   167.6 ms  worst     8.29 m  within1  43.8%  within5 100.0%
        ks_vallelunga__club_circuit n=32  median   1.06 m /   36.5 ms  p90    3.45 m /   123.6 ms  worst     4.44 m  within1  78.1%  within5 100.0%
        magione                  n=40  median   1.85 m /   62.3 ms  p90    4.15 m /   160.4 ms  worst    11.37 m  within1  55.0%  within5  97.5%
step  5620/6000  loss  4.0247 (ce  2.553 aux  2.942 ref 0.0014)  train median    1.88 m   1.74 s/step
step  5640/6000  loss  3.8228 (ce  2.401 aux  2.843 ref 0.0009)  train median    0.49 m   1.74 s/step
step  5660/6000  loss  4.2418 (ce  2.739 aux  3.004 ref 0.0010)  train median    1.52 m   1.74 s/step
step  5680/6000  loss  4.0025 (ce  2.503 aux  2.998 ref 0.0009)  train median    1.37 m   1.74 s/step
step  5700/6000  loss  3.6786 (ce  2.357 aux  2.642 ref 0.0012)  train median    2.79 m   1.74 s/step
step  5720/6000  loss  3.8328 (ce  2.469 aux  2.727 ref 0.0008)  train median    0.63 m   1.74 s/step
step  5740/6000  loss  3.3701 (ce  2.174 aux  2.391 ref 0.0006)  train median    1.12 m   1.74 s/step
step  5760/6000  loss  3.6492 (ce  2.301 aux  2.696 ref 0.0007)  train median    0.56 m   1.74 s/step
step  5780/6000  loss  3.4065 (ce  2.166 aux  2.480 ref 0.0003)  train median    0.54 m   1.74 s/step
step  5800/6000  loss  3.5142 (ce  2.233 aux  2.563 ref 0.0009)  train median    1.33 m   1.74 s/step
  eval  n=192  median   1.62 m /   53.5 ms  p90    4.70 m /   148.4 ms  worst    39.98 m  within1  59.4%  within5  97.4%
        ks_black_cat_county__layout_short n=24  median   1.94 m /   65.4 ms  p90    4.77 m /   106.6 ms  worst    13.03 m  within1  50.0%  within5  95.8%
        ks_brands_hatch__indy    n=16  median   0.65 m /   21.4 ms  p90    1.87 m /    63.4 ms  worst     3.51 m  within1  93.8%  within5 100.0%
        ks_highlands__layout_short n=16  median   1.24 m /   49.3 ms  p90    3.17 m /   110.8 ms  worst     4.17 m  within1  56.2%  within5 100.0%
        ks_laguna_seca           n=16  median   3.58 m /   91.9 ms  p90    9.03 m /   319.5 ms  worst    39.98 m  within1  37.5%  within5  87.5%
        ks_monza66__junior       n=8  median   0.46 m /   13.5 ms  p90    1.86 m /    47.1 ms  worst     1.99 m  within1 100.0%  within5 100.0%
        ks_nurburgring__layout_sprint_a n=24  median   2.84 m /   94.1 ms  p90    6.96 m /   223.1 ms  worst    12.58 m  within1  41.7%  within5  95.8%
        ks_red_bull_ring__layout_national n=16  median   2.49 m /   64.9 ms  p90    4.49 m /   166.0 ms  worst     8.23 m  within1  43.8%  within5 100.0%
        ks_vallelunga__club_circuit n=32  median   1.03 m /   35.0 ms  p90    3.44 m /   123.5 ms  worst     4.42 m  within1  75.0%  within5 100.0%
        magione                  n=40  median   1.87 m /   61.4 ms  p90    4.12 m /   163.1 ms  worst    11.32 m  within1  57.5%  within5  97.5%
step  5820/6000  loss  4.6581 (ce  2.960 aux  3.395 ref 0.0009)  train median    3.06 m   1.74 s/step
step  5840/6000  loss  3.6589 (ce  2.338 aux  2.641 ref 0.0010)  train median    0.86 m   1.74 s/step
step  5860/6000  loss  3.6928 (ce  2.263 aux  2.859 ref 0.0006)  train median    1.39 m   1.74 s/step
step  5880/6000  loss  3.6048 (ce  2.292 aux  2.625 ref 0.0006)  train median    0.73 m   1.74 s/step
step  5900/6000  loss  3.5889 (ce  2.246 aux  2.685 ref 0.0007)  train median    1.43 m   1.74 s/step
step  5920/6000  loss  3.7084 (ce  2.337 aux  2.743 ref 0.0010)  train median    0.68 m   1.74 s/step
step  5940/6000  loss  4.2188 (ce  2.796 aux  2.843 ref 0.0015)  train median    3.78 m   1.74 s/step
step  5960/6000  loss  3.7712 (ce  2.439 aux  2.663 ref 0.0016)  train median    2.51 m   1.74 s/step
step  5980/6000  loss  3.6061 (ce  2.282 aux  2.647 ref 0.0009)  train median    1.45 m   1.74 s/step
step  6000/6000  loss  3.8983 (ce  2.550 aux  2.694 ref 0.0017)  train median    2.70 m   1.74 s/step
  eval  n=192  median   1.63 m /   53.8 ms  p90    4.72 m /   148.6 ms  worst    40.01 m  within1  60.4%  within5  97.4%
        ks_black_cat_county__layout_short n=24  median   1.93 m /   64.9 ms  p90    4.74 m /   105.9 ms  worst    13.05 m  within1  54.2%  within5  95.8%
        ks_brands_hatch__indy    n=16  median   0.66 m /   21.3 ms  p90    1.86 m /    63.6 ms  worst     3.54 m  within1  93.8%  within5 100.0%
        ks_highlands__layout_short n=16  median   1.23 m /   49.8 ms  p90    3.16 m /   110.7 ms  worst     4.15 m  within1  62.5%  within5 100.0%
        ks_laguna_seca           n=16  median   3.59 m /   91.9 ms  p90    9.04 m /   319.9 ms  worst    40.01 m  within1  37.5%  within5  87.5%
        ks_monza66__junior       n=8  median   0.45 m /   13.2 ms  p90    1.86 m /    47.0 ms  worst     1.97 m  within1 100.0%  within5 100.0%
        ks_nurburgring__layout_sprint_a n=24  median   2.83 m /   94.7 ms  p90    6.95 m /   222.7 ms  worst    12.59 m  within1  41.7%  within5  95.8%
        ks_red_bull_ring__layout_national n=16  median   2.50 m /   65.0 ms  p90    4.49 m /   165.8 ms  worst     8.24 m  within1  43.8%  within5 100.0%
        ks_vallelunga__club_circuit n=32  median   1.04 m /   34.8 ms  p90    3.45 m /   123.9 ms  worst     4.41 m  within1  75.0%  within5 100.0%
        magione                  n=40  median   1.88 m /   60.9 ms  p90    4.11 m /   163.7 ms  worst    11.33 m  within1  57.5%  within5  97.5%

best eval median 1.49 m; artifacts in /Users/pvodopija/code/primal/runs/v3_mobilenet_large_s0_base
