  G1 ks_black_cat_county__layout_ ref 180056Z  live 183526Z
  G1 ks_black_cat_county__layout_ ref 183242Z  live 183526Z
  G1 ks_brands_hatch__indy        ref 171903Z  live 221531Z
  G1 ks_brands_hatch__indy        ref 181357Z  live 221531Z
  G1 ks_highlands__layout_short   ref 212549Z  live 005654Z
  G1 ks_laguna_seca               ref 110507Z  live 123110Z
  G1 ks_monza66__junior           ref 091133Z  live 093530Z
  G1 ks_nurburgring__layout_sprin ref 100528Z  live 103410Z
  G1 ks_red_bull_ring__layout_nat ref 232216Z  live 174436Z
  G1 ks_red_bull_ring__layout_nat ref 233620Z  live 174436Z
  G1 ks_vallelunga__club_circuit  ref 220345Z  live 223945Z
  G1 ks_vallelunga__club_circuit  ref 222513Z  live 223945Z
  G1 magione                      ref 225059Z  live 231051Z
  G1 magione                      ref 230023Z  live 231051Z
  G2 ks_silverstone__national     ref 105441Z  live 104658Z
  G2 ks_silverstone__national     ref 105442Z  live 104658Z
  G2 ks_silverstone__national     ref 105441Z  live 104658Z
  G2 ks_silverstone__national     ref 105442Z  live 104658Z
  G2 ks_silverstone__national     ref 105441Z  live 104658Z
  G2 ks_silverstone__national     ref 105442Z  live 104658Z
  G2 ks_silverstone__national     ref 105441Z  live 104658Z
  G2 ks_silverstone__national     ref 105442Z  live 104658Z
  G2 ks_silverstone__national     ref 105441Z  live 104658Z
  G2 ks_silverstone__national     ref 105442Z  live 104658Z
  G2 ks_silverstone__national     ref 105441Z  live 104658Z
  G2 ks_silverstone__national     ref 105442Z  live 104658Z
  G2 ks_silverstone__national     ref 105441Z  live 104658Z
  G2 ks_silverstone__national     ref 105442Z  live 104658Z
  G2 ks_silverstone__national     ref 104658Z  live 105441Z
  G2 ks_silverstone__national     ref 105442Z  live 105441Z
  G2 ks_silverstone__national     ref 104658Z  live 105441Z
  G2 ks_silverstone__national     ref 105442Z  live 105441Z
  G2 ks_silverstone__national     ref 104658Z  live 105441Z
  G2 ks_silverstone__national     ref 105442Z  live 105441Z
  G2 ks_silverstone__national     ref 104658Z  live 105441Z
  G2 ks_silverstone__national     ref 105442Z  live 105441Z
  G2 ks_silverstone__national     ref 104658Z  live 105441Z
  G2 ks_silverstone__national     ref 105442Z  live 105441Z
  G2 ks_silverstone__national     ref 104658Z  live 105441Z
  G2 ks_silverstone__national     ref 105442Z  live 105441Z
  G2 ks_silverstone__national     ref 104658Z  live 105441Z
  G2 ks_silverstone__national     ref 105442Z  live 105441Z
  G2 ks_silverstone__national     ref 104658Z  live 105441Z
  G2 ks_silverstone__national     ref 105442Z  live 105441Z
  G2 ks_silverstone__national     ref 104658Z  live 105442Z
  G2 ks_silverstone__national     ref 105441Z  live 105442Z
  G2 ks_silverstone__national     ref 104658Z  live 105442Z
  G2 ks_silverstone__national     ref 105441Z  live 105442Z
  G2 ks_silverstone__national     ref 104658Z  live 105442Z
  G2 ks_silverstone__national     ref 105441Z  live 105442Z
  G2 ks_silverstone__national     ref 104658Z  live 105442Z
  G2 ks_silverstone__national     ref 105441Z  live 105442Z
  G2 ks_silverstone__national     ref 104658Z  live 105442Z
  G2 ks_silverstone__national     ref 105441Z  live 105442Z
  G2 ks_silverstone__national     ref 104658Z  live 105442Z
  G2 ks_silverstone__national     ref 105441Z  live 105442Z
  G2 ks_silverstone__national     ref 104658Z  live 105442Z
  G2 ks_silverstone__national     ref 105441Z  live 105442Z
  G2 ks_silverstone__national     ref 104658Z  live 105442Z
  G2 ks_silverstone__national     ref 105441Z  live 105442Z
  G2 rt_lime_rock_park__no_chican ref 143440Z  live 141815Z
  G2 rt_lime_rock_park__no_chican ref 143440Z  live 141815Z
  G2 rt_lime_rock_park__no_chican ref 143440Z  live 141815Z
  G2 rt_lime_rock_park__no_chican ref 143440Z  live 141815Z
  G2 rt_lime_rock_park__no_chican ref 143440Z  live 141815Z
  G2 rt_lime_rock_park__no_chican ref 143440Z  live 141815Z
  G2 rt_lime_rock_park__no_chican ref 143440Z  live 141815Z
  G2 rt_lime_rock_park__no_chican ref 143440Z  live 141815Z
  G2 rt_lime_rock_park__no_chican ref 143440Z  live 141815Z
  G2 rt_lime_rock_park__no_chican ref 141815Z  live 143440Z
  G2 rt_lime_rock_park__no_chican ref 141815Z  live 143440Z
  G2 rt_lime_rock_park__no_chican ref 141815Z  live 143440Z
  G2 rt_lime_rock_park__no_chican ref 141815Z  live 143440Z
  G2 rt_lime_rock_park__no_chican ref 141815Z  live 143440Z
  G2 rt_lime_rock_park__no_chican ref 141815Z  live 143440Z
  G2 rt_lime_rock_park__no_chican ref 141815Z  live 143440Z
  G2 rt_lime_rock_park__no_chican ref 141815Z  live 143440Z
  G2 rt_oulton_park__fosters      ref 195157Z  live 193254Z
  G2 rt_oulton_park__fosters      ref 195157Z  live 193254Z
  G2 rt_oulton_park__fosters      ref 195157Z  live 193254Z
  G2 rt_oulton_park__fosters      ref 195157Z  live 193254Z
  G2 rt_oulton_park__fosters      ref 195157Z  live 193254Z
  G2 rt_oulton_park__fosters      ref 195157Z  live 193254Z
  G2 rt_oulton_park__fosters      ref 195157Z  live 193254Z
  G2 rt_oulton_park__fosters      ref 195157Z  live 193254Z
  G2 rt_oulton_park__fosters      ref 195157Z  live 193254Z
  G2 rt_oulton_park__fosters      ref 193254Z  live 195157Z
  G2 rt_oulton_park__fosters      ref 193254Z  live 195157Z
  G2 rt_oulton_park__fosters      ref 193254Z  live 195157Z
  G2 rt_oulton_park__fosters      ref 193254Z  live 195157Z
  G2 rt_oulton_park__fosters      ref 193254Z  live 195157Z
  G2 rt_oulton_park__fosters      ref 193254Z  live 195157Z
  G2 rt_oulton_park__fosters      ref 193254Z  live 195157Z
  G2 rt_oulton_park__fosters      ref 193254Z  live 195157Z
  G2 rt_oulton_park__fosters      ref 193254Z  live 195157Z

                                                                       median      p90  >100 ms   >10 m     worst
G1 single                                                       1.96 m   63 ms   226 ms    32.2%    6.3%   3070.0 m
G1 filter                                                       1.73 m   55 ms   195 ms    28.9%    4.1%    112.8 m
G1 filter, reference time                                       1.23 m   38 ms    99 ms     9.8%    0.0%      9.3 m
G1 filter, reference time, two modes                            1.12 m   35 ms   106 ms    11.4%    0.7%     38.5 m
G1 filter + speed                                               0.83 m   26 ms    68 ms     2.9%    0.0%      7.6 m
G1 filter, lag-corrected                                        1.81 m   57 ms   197 ms    29.7%    4.2%    112.2 m
G1 filter, reference time, lag-corrected                        1.28 m   40 ms   105 ms    11.4%    0.0%      9.3 m
G1 filter, reference time, two modes, lag-corrected             1.23 m   38 ms   111 ms    12.9%    0.7%     38.2 m
G1 filter + speed, lag-corrected                                0.90 m   28 ms    74 ms     3.4%    0.0%      7.9 m
G2 single                                                       2.51 m   69 ms   316 ms    36.2%   11.8%   1270.7 m
G2 filter                                                       2.29 m   63 ms   232 ms    32.7%    8.3%   1200.0 m
G2 filter, reference time                                       1.61 m   45 ms   117 ms    15.4%    0.3%     32.3 m
G2 filter, reference time, two modes                            1.60 m   44 ms   125 ms    16.2%    2.8%    286.9 m
G2 filter + speed                                               0.99 m   27 ms    70 ms     2.7%    0.0%     64.8 m
G2 filter, lag-corrected                                        2.31 m   63 ms   232 ms    32.9%    8.3%   1200.2 m
G2 filter, reference time, lag-corrected                        1.63 m   45 ms   118 ms    15.7%    0.3%     31.9 m
G2 filter, reference time, two modes, lag-corrected             1.61 m   45 ms   126 ms    16.6%    2.8%    286.7 m
G2 filter + speed, lag-corrected                                1.02 m   28 ms    71 ms     2.8%    0.0%     64.8 m
G2 ks_silverstone__national single                              2.81 m   78 ms   387 ms    40.5%   14.2%   1270.7 m
G2 ks_silverstone__national filter                              2.60 m   72 ms   275 ms    37.8%   10.7%   1200.0 m
G2 ks_silverstone__national filter, reference time              1.72 m   48 ms   127 ms    18.1%    0.5%     32.3 m
G2 ks_silverstone__national filter, reference time, two modes    1.76 m   49 ms   148 ms    20.6%    4.5%    286.9 m
G2 ks_silverstone__national filter + speed                      1.17 m   32 ms    77 ms     4.0%    0.0%      9.4 m
G2 ks_silverstone__national filter, lag-corrected               2.60 m   72 ms   275 ms    37.9%   10.7%   1200.2 m
G2 ks_silverstone__national filter, reference time, lag-corrected    1.71 m   48 ms   127 ms    18.0%    0.5%     31.9 m
G2 ks_silverstone__national filter, reference time, two modes, lag-corrected    1.75 m   49 ms   149 ms    20.7%    4.5%    286.7 m
G2 ks_silverstone__national filter + speed, lag-corrected       1.18 m   32 ms    77 ms     4.0%    0.0%      9.9 m
G2 same car single                                              3.56 m   99 ms  1829 ms    49.6%   23.7%   1270.7 m
G2 same car filter                                              3.18 m   89 ms   585 ms    45.9%   17.7%   1200.0 m
G2 same car filter, reference time                              1.52 m   44 ms   119 ms    14.8%    0.5%     32.3 m
G2 same car filter, reference time, two modes                   1.94 m   55 ms   278 ms    26.4%   10.3%    286.9 m
G2 same car filter + speed                                      1.29 m   35 ms    86 ms     6.0%    0.0%      9.4 m
G2 same car filter, lag-corrected                               3.17 m   87 ms   587 ms    45.6%   17.7%   1200.2 m
G2 same car filter, reference time, lag-corrected               1.49 m   42 ms   119 ms    14.7%    0.5%     31.9 m
G2 same car filter, reference time, two modes, lag-corrected    1.93 m   53 ms   281 ms    26.2%   10.3%    286.7 m
G2 same car filter + speed, lag-corrected                       1.25 m   34 ms    84 ms     5.6%    0.0%      9.9 m
G2 rt_lime_rock_park__no_chicane single                         2.30 m   62 ms   213 ms    30.9%    7.9%   1016.0 m
G2 rt_lime_rock_park__no_chicane filter                         2.08 m   56 ms   182 ms    27.4%    5.1%    738.8 m
G2 rt_lime_rock_park__no_chicane filter, reference time         1.53 m   42 ms   113 ms    14.1%    0.1%     12.4 m
G2 rt_lime_rock_park__no_chicane filter, reference time, two modes    1.52 m   41 ms   105 ms    12.2%    0.7%     19.6 m
G2 rt_lime_rock_park__no_chicane filter + speed                 0.84 m   23 ms    58 ms     0.5%    0.0%      8.3 m
G2 rt_lime_rock_park__no_chicane filter, lag-corrected          2.11 m   57 ms   182 ms    27.8%    5.2%    738.9 m
G2 rt_lime_rock_park__no_chicane filter, reference time, lag-corrected    1.56 m   43 ms   114 ms    15.0%    0.1%     12.3 m
G2 rt_lime_rock_park__no_chicane filter, reference time, two modes, lag-corrected    1.56 m   42 ms   107 ms    13.1%    0.6%     19.5 m
G2 rt_lime_rock_park__no_chicane filter + speed, lag-corrected    0.89 m   24 ms    60 ms     0.6%    0.0%      7.7 m
G2 rt_oulton_park__fosters single                               2.06 m   58 ms   249 ms    29.9%    9.4%   1256.3 m
G2 rt_oulton_park__fosters filter                               1.87 m   52 ms   173 ms    24.5%    4.9%    456.8 m
G2 rt_oulton_park__fosters filter, reference time               1.43 m   39 ms   100 ms    10.0%    0.0%      9.9 m
G2 rt_oulton_park__fosters filter, reference time, two modes    1.33 m   37 ms    96 ms     8.9%    0.3%     27.3 m
G2 rt_oulton_park__fosters filter + speed                       0.76 m   22 ms    60 ms     1.3%    0.0%     64.8 m
G2 rt_oulton_park__fosters filter, lag-corrected                1.90 m   52 ms   173 ms    24.9%    4.9%    456.5 m
G2 rt_oulton_park__fosters filter, reference time, lag-corrected    1.47 m   40 ms   102 ms    10.6%    0.0%     10.0 m
G2 rt_oulton_park__fosters filter, reference time, two modes, lag-corrected    1.38 m   38 ms    98 ms     9.4%    0.3%     27.2 m
G2 rt_oulton_park__fosters filter + speed, lag-corrected        0.80 m   23 ms    63 ms     1.5%    0.0%     64.8 m
