  G2 rt_lime_rock_park__no_chican ref 143440Z  live 205006Z
  G2 rt_lime_rock_park__no_chican ref 143440Z  live 205006Z
  G2 rt_lime_rock_park__no_chican ref 143440Z  live 205006Z
  G2 rt_oulton_park__fosters      ref 195157Z  live 205804Z
  G2 rt_oulton_park__fosters      ref 195157Z  live 205804Z
  G2 rt_oulton_park__fosters      ref 195157Z  live 205804Z

                                                                       median      p90  >100 ms   >10 m     worst
G2 single                                                       2.91 m   83 ms   726 ms    43.9%   17.0%   1270.7 m
G2 filter                                                       2.87 m   80 ms   398 ms    42.0%   14.3%    466.1 m
G2 filter, reference time                                       1.80 m   50 ms   113 ms    14.6%    0.5%     30.6 m
G2 filter, reference time, two modes                            1.80 m   50 ms   132 ms    18.9%    2.8%     62.2 m
G2 filter + speed                                               1.24 m   34 ms    74 ms     2.2%    0.0%      9.2 m
G2 rt_lime_rock_park__no_chicane single                         4.14 m  118 ms  1087 ms    54.8%   24.2%   1179.5 m
G2 rt_lime_rock_park__no_chicane filter                         3.93 m  112 ms   659 ms    53.5%   22.5%    466.1 m
G2 rt_lime_rock_park__no_chicane filter, reference time         2.15 m   57 ms   119 ms    18.6%    1.1%     30.6 m
G2 rt_lime_rock_park__no_chicane filter, reference time, two modes    2.31 m   64 ms   155 ms    27.9%    5.6%     62.2 m
G2 rt_lime_rock_park__no_chicane filter + speed                 1.34 m   36 ms    81 ms     3.2%    0.0%      9.2 m
G2 rt_oulton_park__fosters single                               2.29 m   65 ms   340 ms    34.6%   10.8%   1270.7 m
G2 rt_oulton_park__fosters filter                               2.28 m   61 ms   225 ms    32.2%    7.4%     96.4 m
G2 rt_oulton_park__fosters filter, reference time               1.60 m   43 ms   104 ms    11.2%    0.0%      7.3 m
G2 rt_oulton_park__fosters filter, reference time, two modes    1.54 m   41 ms   107 ms    11.3%    0.4%     14.5 m
G2 rt_oulton_park__fosters filter + speed                       1.19 m   33 ms    66 ms     1.4%    0.0%      3.9 m
