  G1 ks_black_cat_county__layout_ ref 180056Z  live 183526Z
  G1 ks_black_cat_county__layout_ ref 183242Z  live 183526Z
  G1 ks_brands_hatch__indy        ref 171903Z  live 221531Z
  G1 ks_brands_hatch__indy        ref 181357Z  live 221531Z
  G1 ks_highlands__layout_short   ref 212549Z  live 005654Z
  G1 ks_laguna_seca               ref 110507Z  live 123110Z
  G1 ks_monza66__junior           ref 091133Z  live 093530Z
  G1 ks_nurburgring__layout_sprin ref 100528Z  live 103410Z
  G1 ks_red_bull_ring__layout_nat ref 232216Z  live 174436Z
  G1 ks_red_bull_ring__layout_nat ref 233620Z  live 174436Z
  G1 ks_vallelunga__club_circuit  ref 220345Z  live 223945Z
  G1 ks_vallelunga__club_circuit  ref 222513Z  live 223945Z
  G1 magione                      ref 225059Z  live 231051Z
  G1 magione                      ref 230023Z  live 231051Z
  G2 ks_silverstone__national     ref 105441Z  live 104658Z
  G2 ks_silverstone__national     ref 105442Z  live 104658Z
  G2 ks_silverstone__national     ref 105441Z  live 104658Z
  G2 ks_silverstone__national     ref 105442Z  live 104658Z
  G2 ks_silverstone__national     ref 105441Z  live 104658Z
  G2 ks_silverstone__national     ref 105442Z  live 104658Z
  G2 ks_silverstone__national     ref 105441Z  live 104658Z
  G2 ks_silverstone__national     ref 105442Z  live 104658Z
  G2 ks_silverstone__national     ref 105441Z  live 104658Z
  G2 ks_silverstone__national     ref 105442Z  live 104658Z
  G2 ks_silverstone__national     ref 105441Z  live 104658Z
  G2 ks_silverstone__national     ref 105442Z  live 104658Z
  G2 ks_silverstone__national     ref 105441Z  live 104658Z
  G2 ks_silverstone__national     ref 105442Z  live 104658Z
  G2 ks_silverstone__national     ref 104658Z  live 105441Z
  G2 ks_silverstone__national     ref 105442Z  live 105441Z
  G2 ks_silverstone__national     ref 104658Z  live 105441Z
  G2 ks_silverstone__national     ref 105442Z  live 105441Z
  G2 ks_silverstone__national     ref 104658Z  live 105441Z
  G2 ks_silverstone__national     ref 105442Z  live 105441Z
  G2 ks_silverstone__national     ref 104658Z  live 105441Z
  G2 ks_silverstone__national     ref 105442Z  live 105441Z
  G2 ks_silverstone__national     ref 104658Z  live 105441Z
  G2 ks_silverstone__national     ref 105442Z  live 105441Z
  G2 ks_silverstone__national     ref 104658Z  live 105441Z
  G2 ks_silverstone__national     ref 105442Z  live 105441Z
  G2 ks_silverstone__national     ref 104658Z  live 105441Z
  G2 ks_silverstone__national     ref 105442Z  live 105441Z
  G2 ks_silverstone__national     ref 104658Z  live 105441Z
  G2 ks_silverstone__national     ref 105442Z  live 105441Z
  G2 ks_silverstone__national     ref 104658Z  live 105442Z
  G2 ks_silverstone__national     ref 105441Z  live 105442Z
  G2 ks_silverstone__national     ref 104658Z  live 105442Z
  G2 ks_silverstone__national     ref 105441Z  live 105442Z
  G2 ks_silverstone__national     ref 104658Z  live 105442Z
  G2 ks_silverstone__national     ref 105441Z  live 105442Z
  G2 ks_silverstone__national     ref 104658Z  live 105442Z
  G2 ks_silverstone__national     ref 105441Z  live 105442Z
  G2 ks_silverstone__national     ref 104658Z  live 105442Z
  G2 ks_silverstone__national     ref 105441Z  live 105442Z
  G2 ks_silverstone__national     ref 104658Z  live 105442Z
  G2 ks_silverstone__national     ref 105441Z  live 105442Z
  G2 ks_silverstone__national     ref 104658Z  live 105442Z
  G2 ks_silverstone__national     ref 105441Z  live 105442Z
  G2 ks_silverstone__national     ref 104658Z  live 105442Z
  G2 ks_silverstone__national     ref 105441Z  live 105442Z
  G2 rt_lime_rock_park__no_chican ref 143440Z  live 141815Z
  G2 rt_lime_rock_park__no_chican ref 143440Z  live 141815Z
  G2 rt_lime_rock_park__no_chican ref 143440Z  live 141815Z
  G2 rt_lime_rock_park__no_chican ref 143440Z  live 141815Z
  G2 rt_lime_rock_park__no_chican ref 143440Z  live 141815Z
  G2 rt_lime_rock_park__no_chican ref 143440Z  live 141815Z
  G2 rt_lime_rock_park__no_chican ref 143440Z  live 141815Z
  G2 rt_lime_rock_park__no_chican ref 143440Z  live 141815Z
  G2 rt_lime_rock_park__no_chican ref 143440Z  live 141815Z
  G2 rt_lime_rock_park__no_chican ref 141815Z  live 143440Z
  G2 rt_lime_rock_park__no_chican ref 141815Z  live 143440Z
  G2 rt_lime_rock_park__no_chican ref 141815Z  live 143440Z
  G2 rt_lime_rock_park__no_chican ref 141815Z  live 143440Z
  G2 rt_lime_rock_park__no_chican ref 141815Z  live 143440Z
  G2 rt_lime_rock_park__no_chican ref 141815Z  live 143440Z
  G2 rt_lime_rock_park__no_chican ref 141815Z  live 143440Z
  G2 rt_lime_rock_park__no_chican ref 141815Z  live 143440Z
  G2 rt_oulton_park__fosters      ref 195157Z  live 193254Z
  G2 rt_oulton_park__fosters      ref 195157Z  live 193254Z
  G2 rt_oulton_park__fosters      ref 195157Z  live 193254Z
  G2 rt_oulton_park__fosters      ref 195157Z  live 193254Z
  G2 rt_oulton_park__fosters      ref 195157Z  live 193254Z
  G2 rt_oulton_park__fosters      ref 195157Z  live 193254Z
  G2 rt_oulton_park__fosters      ref 195157Z  live 193254Z
  G2 rt_oulton_park__fosters      ref 195157Z  live 193254Z
  G2 rt_oulton_park__fosters      ref 195157Z  live 193254Z
  G2 rt_oulton_park__fosters      ref 193254Z  live 195157Z
  G2 rt_oulton_park__fosters      ref 193254Z  live 195157Z
  G2 rt_oulton_park__fosters      ref 193254Z  live 195157Z
  G2 rt_oulton_park__fosters      ref 193254Z  live 195157Z
  G2 rt_oulton_park__fosters      ref 193254Z  live 195157Z
  G2 rt_oulton_park__fosters      ref 193254Z  live 195157Z
  G2 rt_oulton_park__fosters      ref 193254Z  live 195157Z
  G2 rt_oulton_park__fosters      ref 193254Z  live 195157Z
  G2 rt_oulton_park__fosters      ref 193254Z  live 195157Z

                                                                       median      p90  >100 ms   >10 m     worst
G1 single                                                       1.96 m   62 ms   201 ms    31.0%    4.8%   2202.4 m
G1 filter                                                       1.78 m   56 ms   186 ms    28.1%    3.1%     74.6 m
G1 filter, reference time                                       1.21 m   39 ms   101 ms    10.2%    0.2%     12.7 m
G1 filter, reference time, two modes                            1.22 m   39 ms   104 ms    11.1%    0.5%     20.5 m
G1 filter + speed                                               0.88 m   28 ms    71 ms     2.8%    0.0%      6.5 m
G1 filter, lag-corrected                                        1.75 m   55 ms   186 ms    28.0%    3.1%     74.5 m
G1 filter, reference time, lag-corrected                        1.21 m   39 ms   100 ms    10.1%    0.2%     12.6 m
G1 filter, reference time, two modes, lag-corrected             1.20 m   38 ms   104 ms    10.9%    0.5%     20.5 m
G1 filter + speed, lag-corrected                                0.84 m   27 ms    70 ms     2.8%    0.0%      6.5 m
G2 single                                                       2.28 m   63 ms   226 ms    32.0%    8.2%   1272.9 m
G2 filter                                                       2.16 m   60 ms   203 ms    30.0%    6.6%   1165.4 m
G2 filter, reference time                                       1.38 m   38 ms   104 ms    11.1%    0.1%     13.7 m
G2 filter, reference time, two modes                            1.33 m   37 ms   105 ms    11.2%    1.1%    136.2 m
G2 filter + speed                                               0.82 m   23 ms    63 ms     1.7%    0.0%     13.3 m
G2 filter, lag-corrected                                        2.16 m   60 ms   203 ms    30.1%    6.6%   1165.5 m
G2 filter, reference time, lag-corrected                        1.37 m   38 ms   104 ms    11.1%    0.1%     13.3 m
G2 filter, reference time, two modes, lag-corrected             1.34 m   37 ms   106 ms    11.5%    1.1%    135.8 m
G2 filter + speed, lag-corrected                                0.84 m   23 ms    64 ms     1.7%    0.0%     12.9 m
G2 ks_silverstone__national single                              2.58 m   71 ms   269 ms    36.9%   10.4%   1266.2 m
G2 ks_silverstone__national filter                              2.48 m   69 ms   238 ms    35.4%    8.8%   1165.4 m
G2 ks_silverstone__national filter, reference time              1.37 m   38 ms   101 ms    10.1%    0.1%     13.7 m
G2 ks_silverstone__national filter, reference time, two modes    1.38 m   38 ms   111 ms    12.5%    1.7%    136.2 m
G2 ks_silverstone__national filter + speed                      0.89 m   24 ms    67 ms     2.1%    0.1%     13.3 m
G2 ks_silverstone__national filter, lag-corrected               2.49 m   70 ms   238 ms    35.6%    8.8%   1165.5 m
G2 ks_silverstone__national filter, reference time, lag-corrected    1.35 m   38 ms   100 ms     9.9%    0.1%     13.3 m
G2 ks_silverstone__national filter, reference time, two modes, lag-corrected    1.38 m   38 ms   111 ms    12.6%    1.7%    135.8 m
G2 ks_silverstone__national filter + speed, lag-corrected       0.91 m   25 ms    67 ms     2.1%    0.1%     12.9 m
G2 same car single                                              2.89 m   81 ms   364 ms    42.1%   14.0%   1266.2 m
G2 same car filter                                              2.70 m   75 ms   273 ms    39.0%   10.5%   1165.4 m
G2 same car filter, reference time                              1.20 m   34 ms    89 ms     6.8%    0.0%      8.7 m
G2 same car filter, reference time, two modes                   1.32 m   38 ms   110 ms    12.0%    2.2%    118.0 m
G2 same car filter + speed                                      0.96 m   26 ms    69 ms     2.4%    0.0%     10.5 m
G2 same car filter, lag-corrected                               2.70 m   75 ms   273 ms    39.1%   10.4%   1165.5 m
G2 same car filter, reference time, lag-corrected               1.19 m   34 ms    89 ms     6.8%    0.0%      8.6 m
G2 same car filter, reference time, two modes, lag-corrected    1.31 m   37 ms   110 ms    12.3%    2.2%    117.4 m
G2 same car filter + speed, lag-corrected                       0.96 m   26 ms    69 ms     2.3%    0.0%     10.3 m
G2 rt_lime_rock_park__no_chicane single                         2.01 m   54 ms   175 ms    25.3%    4.6%   1024.6 m
G2 rt_lime_rock_park__no_chicane filter                         1.92 m   51 ms   169 ms    23.4%    3.8%     73.5 m
G2 rt_lime_rock_park__no_chicane filter, reference time         1.37 m   36 ms   111 ms    13.8%    0.1%     11.7 m
G2 rt_lime_rock_park__no_chicane filter, reference time, two modes    1.25 m   33 ms   106 ms    12.0%    0.6%     17.2 m
G2 rt_lime_rock_park__no_chicane filter + speed                 0.76 m   20 ms    63 ms     1.8%    0.0%      4.6 m
G2 rt_lime_rock_park__no_chicane filter, lag-corrected          1.91 m   52 ms   170 ms    23.7%    3.8%     73.5 m
G2 rt_lime_rock_park__no_chicane filter, reference time, lag-corrected    1.40 m   37 ms   112 ms    13.9%    0.1%     11.4 m
G2 rt_lime_rock_park__no_chicane filter, reference time, two modes, lag-corrected    1.28 m   34 ms   109 ms    12.4%    0.6%     17.2 m
G2 rt_lime_rock_park__no_chicane filter + speed, lag-corrected    0.78 m   21 ms    64 ms     2.0%    0.0%      4.6 m
G2 rt_oulton_park__fosters single                               1.92 m   53 ms   178 ms    25.5%    5.6%   1272.9 m
G2 rt_oulton_park__fosters filter                               1.74 m   48 ms   157 ms    22.1%    3.5%   1101.2 m
G2 rt_oulton_park__fosters filter, reference time               1.41 m   38 ms   103 ms    11.1%    0.0%      8.3 m
G2 rt_oulton_park__fosters filter, reference time, two modes    1.29 m   35 ms    92 ms     7.7%    0.2%     22.0 m
G2 rt_oulton_park__fosters filter + speed                       0.71 m   20 ms    52 ms     0.5%    0.0%      4.9 m
G2 rt_oulton_park__fosters filter, lag-corrected                1.74 m   48 ms   157 ms    22.1%    3.5%   1100.9 m
G2 rt_oulton_park__fosters filter, reference time, lag-corrected    1.41 m   39 ms   105 ms    11.7%    0.0%      8.6 m
G2 rt_oulton_park__fosters filter, reference time, two modes, lag-corrected    1.30 m   36 ms    93 ms     8.1%    0.2%     22.3 m
G2 rt_oulton_park__fosters filter + speed, lag-corrected        0.74 m   20 ms    54 ms     0.7%    0.0%      5.6 m
