  G2 rt_lime_rock_park__no_chican ref 143440Z  live 205006Z
  G2 rt_lime_rock_park__no_chican ref 143440Z  live 205006Z
  G2 rt_lime_rock_park__no_chican ref 143440Z  live 205006Z
  G2 rt_oulton_park__fosters      ref 195157Z  live 205804Z
  G2 rt_oulton_park__fosters      ref 195157Z  live 205804Z
  G2 rt_oulton_park__fosters      ref 195157Z  live 205804Z

                                                                       median      p90  >100 ms   >10 m     worst
G2 single                                                       2.49 m   69 ms   247 ms    36.8%    8.6%   1319.2 m
G2 filter                                                       2.36 m   67 ms   220 ms    33.5%    6.1%    446.2 m
G2 filter, reference time                                       1.55 m   42 ms   101 ms    10.5%    0.2%     13.1 m
G2 filter, reference time, two modes                            1.53 m   41 ms   115 ms    13.6%    1.6%     69.6 m
G2 filter + speed                                               0.80 m   22 ms    65 ms     2.1%    0.0%      6.4 m
G2 rt_lime_rock_park__no_chicane single                         2.99 m   83 ms   308 ms    43.7%   11.8%    223.1 m
G2 rt_lime_rock_park__no_chicane filter                         2.98 m   83 ms   264 ms    41.8%   10.3%     81.3 m
G2 rt_lime_rock_park__no_chicane filter, reference time         1.59 m   43 ms   108 ms    13.0%    0.5%     13.1 m
G2 rt_lime_rock_park__no_chicane filter, reference time, two modes    1.77 m   48 ms   141 ms    19.1%    3.3%     69.6 m
G2 rt_lime_rock_park__no_chicane filter + speed                 0.77 m   21 ms    78 ms     3.3%    0.0%      6.4 m
G2 rt_oulton_park__fosters single                               2.21 m   61 ms   202 ms    30.9%    5.9%   1319.2 m
G2 rt_oulton_park__fosters filter                               1.97 m   55 ms   167 ms    26.5%    2.6%    446.2 m
G2 rt_oulton_park__fosters filter, reference time               1.52 m   41 ms    95 ms     8.3%    0.0%      6.0 m
G2 rt_oulton_park__fosters filter, reference time, two modes    1.39 m   37 ms    95 ms     9.0%    0.1%     11.6 m
G2 rt_oulton_park__fosters filter + speed                       0.82 m   22 ms    50 ms     1.1%    0.0%      3.1 m
