  G2 rt_lime_rock_park__no_chican ref 143440Z  live 205006Z
  G2 rt_lime_rock_park__no_chican ref 143440Z  live 205006Z
  G2 rt_lime_rock_park__no_chican ref 143440Z  live 205006Z
  G2 rt_oulton_park__fosters      ref 195157Z  live 205804Z
  G2 rt_oulton_park__fosters      ref 195157Z  live 205804Z
  G2 rt_oulton_park__fosters      ref 195157Z  live 205804Z

                                                                       median      p90  >100 ms   >10 m     worst
G2 single                                                       2.48 m   69 ms   265 ms    36.9%    9.2%   1178.4 m
G2 filter                                                       2.32 m   64 ms   223 ms    34.0%    5.9%     96.0 m
G2 filter, reference time                                       1.54 m   42 ms    95 ms     8.4%    0.0%     11.1 m
G2 filter, reference time, two modes                            1.52 m   42 ms   106 ms    11.7%    0.0%     10.4 m
G2 filter + speed                                               0.95 m   26 ms    61 ms     1.2%    0.0%      4.9 m
G2 rt_lime_rock_park__no_chicane single                         3.07 m   85 ms   290 ms    44.6%   11.5%   1178.4 m
G2 rt_lime_rock_park__no_chicane filter                         3.07 m   85 ms   251 ms    43.3%    7.9%     96.0 m
G2 rt_lime_rock_park__no_chicane filter, reference time         1.53 m   42 ms    97 ms     9.0%    0.1%     11.1 m
G2 rt_lime_rock_park__no_chicane filter, reference time, two modes    1.68 m   45 ms   110 ms    13.9%    0.0%      8.9 m
G2 rt_lime_rock_park__no_chicane filter + speed                 0.90 m   25 ms    71 ms     1.3%    0.0%      4.9 m
G2 rt_oulton_park__fosters single                               2.11 m   59 ms   234 ms    30.4%    7.3%    523.9 m
G2 rt_oulton_park__fosters filter                               1.94 m   53 ms   182 ms    26.0%    4.2%     37.2 m
G2 rt_oulton_park__fosters filter, reference time               1.54 m   42 ms    93 ms     7.9%    0.0%      5.3 m
G2 rt_oulton_park__fosters filter, reference time, two modes    1.41 m   39 ms    99 ms     9.8%    0.0%     10.4 m
G2 rt_oulton_park__fosters filter + speed                       0.97 m   27 ms    53 ms     1.1%    0.0%      3.3 m
