started from runs/v3_mobilenet_s0_base/best.pt
gate g1: held-out laps of seen tracks; full augmentation
train tracks ['ks_black_cat_county__layout_short', 'ks_brands_hatch__indy', 'ks_highlands__layout_short', 'ks_laguna_seca', 'ks_monza66__junior', 'ks_nurburgring__layout_sprint_a', 'ks_red_bull_ring__layout_national', 'ks_vallelunga__club_circuit', 'magione'] (284 laps usable)
eval  tracks ['ks_black_cat_county__layout_short', 'ks_brands_hatch__indy', 'ks_highlands__layout_short', 'ks_laguna_seca', 'ks_monza66__junior', 'ks_nurburgring__layout_sprint_a', 'ks_red_bull_ring__layout_national', 'ks_vallelunga__club_circuit', 'magione'], split=train
held out as live-only: ['ks_black_cat_county__layout_short__20260923T183526Z__lap07', 'ks_brands_hatch__indy__20260921T221531Z__lap02', 'ks_highlands__layout_short__20260928T005654Z__lap54', 'ks_laguna_seca__default__20260928T123110Z__lap12', 'ks_monza66__junior__20260928T093530Z__lap14', 'ks_nurburgring__layout_sprint_a__20260928T103410Z__lap12', 'ks_red_bull_ring__layout_national__20260923T174436Z__lap11', 'ks_vallelunga__club_circuit__20260922T223945Z__lap07', 'magione__default__20260922T231051Z__lap06']
frame 148x80, reference bins 3227
model 1.14M params on mps

step     1/1500  loss  5.7465 (ce  3.345 aux  4.801 ref 0.0020)  train median    2.37 m   3.06 s/step
step    20/1500  loss  5.6170 (ce  3.250 aux  4.734 ref 0.0006)  train median    3.14 m   1.46 s/step
step    40/1500  loss  7.3203 (ce  4.478 aux  5.683 ref 0.0013)  train median    9.65 m   1.37 s/step
step    60/1500  loss  6.6896 (ce  4.210 aux  4.958 ref 0.0016)  train median   12.19 m   1.36 s/step
step    80/1500  loss  5.4236 (ce  3.269 aux  4.306 ref 0.0029)  train median    6.72 m   1.37 s/step
step   100/1500  loss  5.5386 (ce  3.089 aux  4.898 ref 0.0007)  train median    4.57 m   1.38 s/step
step   120/1500  loss  4.6450 (ce  2.652 aux  3.985 ref 0.0015)  train median    3.09 m   1.38 s/step
step   140/1500  loss  4.8584 (ce  2.668 aux  4.378 ref 0.0016)  train median    2.45 m   1.39 s/step
step   160/1500  loss  5.0500 (ce  2.969 aux  4.160 ref 0.0015)  train median    3.93 m   1.43 s/step
step   180/1500  loss  4.1589 (ce  2.396 aux  3.525 ref 0.0014)  train median    2.02 m   1.42 s/step
step   200/1500  loss  4.8146 (ce  2.815 aux  3.998 ref 0.0012)  train median    2.46 m   1.43 s/step
  eval  n=192  median   3.40 m /  114.9 ms  p90  264.61 m /  8209.6 ms  worst  2982.50 m  within1  34.4%  within5  71.4%
        ks_black_cat_county__layout_short n=24  median   2.19 m /   57.5 ms  p90   15.16 m /   545.9 ms  worst  2982.50 m  within1  45.8%  within5  79.2%
        ks_brands_hatch__indy    n=16  median   5.12 m /  126.9 ms  p90  383.06 m / 11537.3 ms  worst   815.89 m  within1  37.5%  within5  68.8%
        ks_highlands__layout_short n=16  median  66.92 m / 2260.1 ms  p90  441.88 m / 14950.6 ms  worst   528.01 m  within1   6.2%  within5  37.5%
        ks_laguna_seca           n=16  median   3.60 m /  125.0 ms  p90   73.36 m /  2452.4 ms  worst   890.68 m  within1  18.8%  within5  81.2%
        ks_monza66__junior       n=8  median   1.73 m /   50.5 ms  p90    3.41 m /    80.7 ms  worst     3.46 m  within1  50.0%  within5 100.0%
        ks_nurburgring__layout_sprint_a n=24  median  52.62 m / 1510.5 ms  p90 1157.90 m / 41226.9 ms  worst  1688.26 m  within1  12.5%  within5  29.2%
        ks_red_bull_ring__layout_national n=16  median   1.85 m /   52.9 ms  p90   10.15 m /   245.0 ms  worst    13.00 m  within1  56.2%  within5  87.5%
        ks_vallelunga__club_circuit n=32  median   2.38 m /   85.7 ms  p90   77.67 m /  3029.0 ms  worst   185.04 m  within1  37.5%  within5  75.0%
        magione                  n=40  median   2.37 m /   94.7 ms  p90   30.34 m /   933.5 ms  worst  1204.25 m  within1  42.5%  within5  87.5%
step   220/1500  loss  3.9505 (ce  2.386 aux  3.128 ref 0.0015)  train median    2.61 m   1.48 s/step
step   240/1500  loss  4.2192 (ce  2.659 aux  3.119 ref 0.0015)  train median    2.91 m   1.46 s/step
step   260/1500  loss  4.0313 (ce  2.345 aux  3.371 ref 0.0012)  train median    1.98 m   1.47 s/step
step   280/1500  loss  4.1168 (ce  2.630 aux  2.972 ref 0.0013)  train median    2.54 m   1.48 s/step
step   300/1500  loss  3.7836 (ce  2.361 aux  2.844 ref 0.0016)  train median    2.79 m   1.47 s/step
step   320/1500  loss  3.7475 (ce  2.413 aux  2.668 ref 0.0012)  train median    2.88 m   1.46 s/step
step   340/1500  loss  3.8830 (ce  2.391 aux  2.981 ref 0.0016)  train median    2.47 m   1.46 s/step
step   360/1500  loss  3.6705 (ce  2.323 aux  2.694 ref 0.0014)  train median    2.01 m   1.44 s/step
step   380/1500  loss  4.0829 (ce  2.486 aux  3.193 ref 0.0012)  train median    1.79 m   1.43 s/step
step   400/1500  loss  3.7051 (ce  2.435 aux  2.538 ref 0.0011)  train median    2.51 m   1.42 s/step
  eval  n=192  median   1.90 m /   60.7 ms  p90    5.81 m /   165.3 ms  worst    60.28 m  within1  55.2%  within5  96.9%
        ks_black_cat_county__layout_short n=24  median   1.42 m /   38.6 ms  p90    5.35 m /   133.6 ms  worst    11.34 m  within1  66.7%  within5  91.7%
        ks_brands_hatch__indy    n=16  median   0.79 m /   28.3 ms  p90    2.29 m /    64.2 ms  worst     3.14 m  within1  75.0%  within5 100.0%
        ks_highlands__layout_short n=16  median   1.71 m /   53.3 ms  p90    3.12 m /    99.7 ms  worst     3.35 m  within1  68.8%  within5 100.0%
        ks_laguna_seca           n=16  median   3.60 m /   93.7 ms  p90    8.51 m /   242.3 ms  worst    10.11 m  within1  43.8%  within5  93.8%
        ks_monza66__junior       n=8  median   0.57 m /   16.8 ms  p90    2.06 m /    62.3 ms  worst     2.08 m  within1  75.0%  within5 100.0%
        ks_nurburgring__layout_sprint_a n=24  median   3.39 m /  116.1 ms  p90    8.13 m /   238.0 ms  worst    60.28 m  within1  29.2%  within5  95.8%
        ks_red_bull_ring__layout_national n=16  median   3.48 m /   91.6 ms  p90    8.24 m /   220.6 ms  worst    11.09 m  within1  25.0%  within5  93.8%
        ks_vallelunga__club_circuit n=32  median   1.53 m /   50.7 ms  p90    3.68 m /   124.8 ms  worst     4.08 m  within1  59.4%  within5 100.0%
        magione                  n=40  median   1.93 m /   70.7 ms  p90    4.77 m /   154.8 ms  worst    58.28 m  within1  60.0%  within5  97.5%
step   420/1500  loss  4.1568 (ce  2.595 aux  3.123 ref 0.0010)  train median    3.81 m   1.45 s/step
step   440/1500  loss  4.0513 (ce  2.532 aux  3.037 ref 0.0009)  train median    1.69 m   1.45 s/step
step   460/1500  loss  4.1915 (ce  2.701 aux  2.980 ref 0.0021)  train median    3.71 m   1.45 s/step
step   480/1500  loss  3.6292 (ce  2.253 aux  2.751 ref 0.0010)  train median    1.19 m   1.44 s/step
step   500/1500  loss  3.5121 (ce  2.232 aux  2.559 ref 0.0006)  train median    0.92 m   1.44 s/step
step   520/1500  loss  4.0889 (ce  2.689 aux  2.798 ref 0.0013)  train median    2.57 m   1.44 s/step
step   540/1500  loss  3.6708 (ce  2.319 aux  2.703 ref 0.0010)  train median    2.00 m   1.43 s/step
step   560/1500  loss  3.7857 (ce  2.383 aux  2.805 ref 0.0007)  train median    1.01 m   1.42 s/step
step   580/1500  loss  3.3818 (ce  2.165 aux  2.433 ref 0.0004)  train median    0.56 m   1.42 s/step
step   600/1500  loss  3.7156 (ce  2.340 aux  2.750 ref 0.0007)  train median    2.49 m   1.41 s/step
  eval  n=192  median   1.62 m /   51.0 ms  p90    5.06 m /   148.2 ms  worst    12.24 m  within1  59.4%  within5  98.4%
        ks_black_cat_county__layout_short n=24  median   1.08 m /   28.9 ms  p90    4.22 m /   107.2 ms  worst    10.30 m  within1  70.8%  within5  95.8%
        ks_brands_hatch__indy    n=16  median   1.02 m /   32.8 ms  p90    3.01 m /    81.1 ms  worst     7.20 m  within1  81.2%  within5 100.0%
        ks_highlands__layout_short n=16  median   1.84 m /   62.9 ms  p90    3.06 m /    87.2 ms  worst     3.50 m  within1  62.5%  within5 100.0%
        ks_laguna_seca           n=16  median   2.99 m /   95.2 ms  p90    9.09 m /   276.5 ms  worst    12.24 m  within1  43.8%  within5  87.5%
        ks_monza66__junior       n=8  median   0.29 m /    9.1 ms  p90    1.19 m /    33.4 ms  worst     1.24 m  within1 100.0%  within5 100.0%
        ks_nurburgring__layout_sprint_a n=24  median   2.87 m /   95.0 ms  p90    6.53 m /   212.3 ms  worst     7.85 m  within1  37.5%  within5 100.0%
        ks_red_bull_ring__layout_national n=16  median   2.92 m /   70.6 ms  p90    5.91 m /   183.6 ms  worst     9.90 m  within1  37.5%  within5 100.0%
        ks_vallelunga__club_circuit n=32  median   1.56 m /   47.5 ms  p90    3.36 m /   114.2 ms  worst     5.07 m  within1  56.2%  within5 100.0%
        magione                  n=40  median   1.33 m /   45.6 ms  p90    4.04 m /   134.8 ms  worst     6.08 m  within1  65.0%  within5 100.0%
step   620/1500  loss  4.2705 (ce  2.711 aux  3.118 ref 0.0005)  train median    4.02 m   1.44 s/step
step   640/1500  loss  3.8225 (ce  2.404 aux  2.836 ref 0.0013)  train median    1.77 m   1.45 s/step
step   660/1500  loss  3.8300 (ce  2.370 aux  2.920 ref 0.0007)  train median    1.89 m   1.44 s/step
step   680/1500  loss  3.6360 (ce  2.278 aux  2.716 ref 0.0005)  train median    0.99 m   1.43 s/step
step   700/1500  loss  4.0615 (ce  2.684 aux  2.755 ref 0.0006)  train median    2.08 m   1.42 s/step
step   720/1500  loss  3.9050 (ce  2.463 aux  2.884 ref 0.0009)  train median    2.35 m   1.43 s/step
step   740/1500  loss  3.9545 (ce  2.407 aux  3.094 ref 0.0004)  train median    2.14 m   1.43 s/step
step   760/1500  loss  3.5012 (ce  2.242 aux  2.518 ref 0.0008)  train median    0.99 m   1.42 s/step
step   780/1500  loss  3.9032 (ce  2.370 aux  3.065 ref 0.0004)  train median    1.05 m   1.44 s/step
step   800/1500  loss  3.8042 (ce  2.391 aux  2.824 ref 0.0015)  train median    1.23 m   1.44 s/step
  eval  n=192  median   1.46 m /   51.9 ms  p90    4.93 m /   150.5 ms  worst    28.53 m  within1  61.5%  within5  98.4%
        ks_black_cat_county__layout_short n=24  median   1.31 m /   40.6 ms  p90    6.77 m /   168.4 ms  worst    28.53 m  within1  75.0%  within5  95.8%
        ks_brands_hatch__indy    n=16  median   0.97 m /   33.8 ms  p90    2.16 m /    53.5 ms  worst     7.44 m  within1  87.5%  within5 100.0%
        ks_highlands__layout_short n=16  median   1.89 m /   67.1 ms  p90    3.20 m /   107.5 ms  worst     3.65 m  within1  56.2%  within5 100.0%
        ks_laguna_seca           n=16  median   2.68 m /   85.0 ms  p90    6.75 m /   212.8 ms  worst    10.23 m  within1  43.8%  within5  93.8%
        ks_monza66__junior       n=8  median   0.34 m /   12.3 ms  p90    1.38 m /    38.3 ms  worst     1.40 m  within1 100.0%  within5 100.0%
        ks_nurburgring__layout_sprint_a n=24  median   2.90 m /   94.0 ms  p90    6.78 m /   215.4 ms  worst     7.89 m  within1  37.5%  within5 100.0%
        ks_red_bull_ring__layout_national n=16  median   2.85 m /   77.3 ms  p90    6.60 m /   177.0 ms  worst    10.01 m  within1  25.0%  within5  93.8%
        ks_vallelunga__club_circuit n=32  median   1.31 m /   42.8 ms  p90    2.97 m /   103.7 ms  worst     3.77 m  within1  62.5%  within5 100.0%
        magione                  n=40  median   1.41 m /   47.9 ms  p90    3.29 m /   114.4 ms  worst     6.13 m  within1  72.5%  within5 100.0%
step   820/1500  loss  3.6864 (ce  2.311 aux  2.751 ref 0.0005)  train median    1.12 m   1.46 s/step
step   840/1500  loss  3.6305 (ce  2.307 aux  2.646 ref 0.0009)  train median    1.65 m   1.46 s/step
step   860/1500  loss  3.5902 (ce  2.292 aux  2.596 ref 0.0008)  train median    0.78 m   1.45 s/step
step   880/1500  loss  4.1283 (ce  2.673 aux  2.910 ref 0.0013)  train median    6.77 m   1.45 s/step
step   900/1500  loss  3.4758 (ce  2.244 aux  2.462 ref 0.0007)  train median    1.01 m   1.45 s/step
step   920/1500  loss  3.7072 (ce  2.352 aux  2.709 ref 0.0009)  train median    1.23 m   1.45 s/step
step   940/1500  loss  3.4923 (ce  2.214 aux  2.556 ref 0.0005)  train median    0.93 m   1.45 s/step
step   960/1500  loss  3.7658 (ce  2.374 aux  2.784 ref 0.0009)  train median    2.46 m   1.44 s/step
step   980/1500  loss  4.1896 (ce  2.610 aux  3.158 ref 0.0007)  train median    1.93 m   1.44 s/step
step  1000/1500  loss  3.5273 (ce  2.206 aux  2.643 ref 0.0006)  train median    0.80 m   1.43 s/step
  eval  n=192  median   1.50 m /   48.6 ms  p90    4.85 m /   151.2 ms  worst    10.98 m  within1  59.4%  within5  99.5%
        ks_black_cat_county__layout_short n=24  median   1.25 m /   35.6 ms  p90    3.93 m /   118.6 ms  worst     9.90 m  within1  70.8%  within5 100.0%
        ks_brands_hatch__indy    n=16  median   1.10 m /   36.8 ms  p90    2.22 m /    52.8 ms  worst     3.44 m  within1  87.5%  within5 100.0%
        ks_highlands__layout_short n=16  median   1.85 m /   60.8 ms  p90    3.35 m /   104.4 ms  worst     4.40 m  within1  56.2%  within5 100.0%
        ks_laguna_seca           n=16  median   3.50 m /   92.2 ms  p90    6.35 m /   179.4 ms  worst     7.45 m  within1  37.5%  within5 100.0%
        ks_monza66__junior       n=8  median   0.67 m /   18.5 ms  p90    1.13 m /    34.4 ms  worst     1.27 m  within1 100.0%  within5 100.0%
        ks_nurburgring__layout_sprint_a n=24  median   3.46 m /  113.1 ms  p90    6.46 m /   207.1 ms  worst     8.75 m  within1  33.3%  within5 100.0%
        ks_red_bull_ring__layout_national n=16  median   2.58 m /   64.8 ms  p90    6.51 m /   176.2 ms  worst    10.98 m  within1  25.0%  within5  93.8%
        ks_vallelunga__club_circuit n=32  median   1.25 m /   46.9 ms  p90    2.97 m /   109.9 ms  worst     4.12 m  within1  62.5%  within5 100.0%
        magione                  n=40  median   1.15 m /   42.0 ms  p90    3.33 m /   131.2 ms  worst     6.33 m  within1  70.0%  within5 100.0%
step  1020/1500  loss  3.4430 (ce  2.195 aux  2.496 ref 0.0007)  train median    0.99 m   1.45 s/step
step  1040/1500  loss  3.4536 (ce  2.208 aux  2.491 ref 0.0006)  train median    1.07 m   1.44 s/step
step  1060/1500  loss  3.4452 (ce  2.195 aux  2.500 ref 0.0007)  train median    1.60 m   1.43 s/step
step  1080/1500  loss  4.0299 (ce  2.579 aux  2.901 ref 0.0009)  train median    2.84 m   1.43 s/step
step  1100/1500  loss  3.9417 (ce  2.426 aux  3.031 ref 0.0004)  train median    1.07 m   1.43 s/step
step  1120/1500  loss  3.5376 (ce  2.286 aux  2.503 ref 0.0008)  train median    1.72 m   1.43 s/step
step  1140/1500  loss  3.9210 (ce  2.428 aux  2.984 ref 0.0009)  train median    2.59 m   1.43 s/step
step  1160/1500  loss  3.8374 (ce  2.469 aux  2.735 ref 0.0019)  train median    2.31 m   1.42 s/step
step  1180/1500  loss  3.6042 (ce  2.223 aux  2.761 ref 0.0006)  train median    0.78 m   1.42 s/step
step  1200/1500  loss  3.7320 (ce  2.404 aux  2.654 ref 0.0015)  train median    1.22 m   1.42 s/step
  eval  n=192  median   1.44 m /   45.5 ms  p90    4.66 m /   146.6 ms  worst    11.03 m  within1  61.5%  within5  99.5%
        ks_black_cat_county__layout_short n=24  median   1.04 m /   34.9 ms  p90    3.65 m /   110.9 ms  worst     9.71 m  within1  79.2%  within5 100.0%
        ks_brands_hatch__indy    n=16  median   0.95 m /   27.7 ms  p90    1.72 m /    50.3 ms  worst     3.26 m  within1  93.8%  within5 100.0%
        ks_highlands__layout_short n=16  median   1.87 m /   55.0 ms  p90    3.25 m /    99.8 ms  worst     4.64 m  within1  56.2%  within5 100.0%
        ks_laguna_seca           n=16  median   3.22 m /   82.4 ms  p90    6.69 m /   202.2 ms  worst     9.21 m  within1  37.5%  within5 100.0%
        ks_monza66__junior       n=8  median   0.82 m /   21.7 ms  p90    1.20 m /    37.5 ms  worst     1.31 m  within1 100.0%  within5 100.0%
        ks_nurburgring__layout_sprint_a n=24  median   3.49 m /  106.5 ms  p90    6.34 m /   199.5 ms  worst     8.33 m  within1  33.3%  within5 100.0%
        ks_red_bull_ring__layout_national n=16  median   2.29 m /   58.2 ms  p90    6.83 m /   181.9 ms  worst    11.03 m  within1  37.5%  within5  93.8%
        ks_vallelunga__club_circuit n=32  median   1.21 m /   41.2 ms  p90    3.33 m /   108.3 ms  worst     3.78 m  within1  68.8%  within5 100.0%
        magione                  n=40  median   1.21 m /   42.9 ms  p90    3.17 m /   126.4 ms  worst     6.57 m  within1  62.5%  within5 100.0%
step  1220/1500  loss  3.8157 (ce  2.397 aux  2.836 ref 0.0008)  train median    3.15 m   1.43 s/step
step  1240/1500  loss  4.5911 (ce  2.919 aux  3.344 ref 0.0005)  train median    6.53 m   1.43 s/step
step  1260/1500  loss  3.4630 (ce  2.263 aux  2.399 ref 0.0008)  train median    1.69 m   1.43 s/step
step  1280/1500  loss  4.0557 (ce  2.555 aux  3.000 ref 0.0010)  train median    2.62 m   1.43 s/step
step  1300/1500  loss  3.6947 (ce  2.319 aux  2.750 ref 0.0013)  train median    2.05 m   1.43 s/step
step  1320/1500  loss  4.4356 (ce  2.829 aux  3.213 ref 0.0004)  train median    2.85 m   1.43 s/step
step  1340/1500  loss  4.1769 (ce  2.711 aux  2.932 ref 0.0012)  train median    3.83 m   1.43 s/step
step  1360/1500  loss  3.7456 (ce  2.305 aux  2.880 ref 0.0008)  train median    1.66 m   1.43 s/step
step  1380/1500  loss  3.9458 (ce  2.568 aux  2.755 ref 0.0010)  train median    3.60 m   1.43 s/step
step  1400/1500  loss  3.5368 (ce  2.262 aux  2.549 ref 0.0011)  train median    1.34 m   1.43 s/step
  eval  n=192  median   1.49 m /   47.0 ms  p90    4.61 m /   149.1 ms  worst    11.01 m  within1  61.5%  within5  99.5%
        ks_black_cat_county__layout_short n=24  median   1.08 m /   34.2 ms  p90    3.84 m /   109.3 ms  worst     9.79 m  within1  75.0%  within5 100.0%
        ks_brands_hatch__indy    n=16  median   0.89 m /   31.0 ms  p90    1.78 m /    52.1 ms  worst     3.49 m  within1  93.8%  within5 100.0%
        ks_highlands__layout_short n=16  median   1.62 m /   60.0 ms  p90    3.21 m /   100.1 ms  worst     4.46 m  within1  68.8%  within5 100.0%
        ks_laguna_seca           n=16  median   3.34 m /   86.5 ms  p90    6.53 m /   177.6 ms  worst     7.39 m  within1  37.5%  within5 100.0%
        ks_monza66__junior       n=8  median   0.80 m /   21.3 ms  p90    1.25 m /    40.3 ms  worst     1.27 m  within1 100.0%  within5 100.0%
        ks_nurburgring__layout_sprint_a n=24  median   3.70 m /  108.0 ms  p90    6.18 m /   206.3 ms  worst     8.62 m  within1  33.3%  within5 100.0%
        ks_red_bull_ring__layout_national n=16  median   2.39 m /   61.9 ms  p90    6.77 m /   179.9 ms  worst    11.01 m  within1  37.5%  within5  93.8%
        ks_vallelunga__club_circuit n=32  median   1.24 m /   45.6 ms  p90    3.22 m /   108.7 ms  worst     3.75 m  within1  65.6%  within5 100.0%
        magione                  n=40  median   1.26 m /   46.2 ms  p90    3.52 m /   124.8 ms  worst     6.60 m  within1  62.5%  within5 100.0%
step  1420/1500  loss  3.6267 (ce  2.289 aux  2.674 ref 0.0009)  train median    1.46 m   1.44 s/step
step  1440/1500  loss  3.6812 (ce  2.317 aux  2.727 ref 0.0012)  train median    1.24 m   1.44 s/step
step  1460/1500  loss  3.4256 (ce  2.205 aux  2.440 ref 0.0007)  train median    0.97 m   1.43 s/step
step  1480/1500  loss  3.5865 (ce  2.251 aux  2.671 ref 0.0004)  train median    0.66 m   1.43 s/step
step  1500/1500  loss  3.3589 (ce  2.156 aux  2.405 ref 0.0004)  train median    0.70 m   1.43 s/step
  eval  n=192  median   1.49 m /   47.1 ms  p90    4.62 m /   148.3 ms  worst    11.00 m  within1  61.5%  within5  99.5%
        ks_black_cat_county__layout_short n=24  median   1.09 m /   34.6 ms  p90    3.84 m /   110.4 ms  worst     9.78 m  within1  75.0%  within5 100.0%
        ks_brands_hatch__indy    n=16  median   0.92 m /   31.2 ms  p90    1.78 m /    52.2 ms  worst     3.47 m  within1  93.8%  within5 100.0%
        ks_highlands__layout_short n=16  median   1.63 m /   59.8 ms  p90    3.20 m /   100.0 ms  worst     4.46 m  within1  68.8%  within5 100.0%
        ks_laguna_seca           n=16  median   3.35 m /   86.5 ms  p90    6.54 m /   177.4 ms  worst     7.39 m  within1  37.5%  within5 100.0%
        ks_monza66__junior       n=8  median   0.78 m /   20.9 ms  p90    1.25 m /    39.6 ms  worst     1.27 m  within1 100.0%  within5 100.0%
        ks_nurburgring__layout_sprint_a n=24  median   3.70 m /  107.9 ms  p90    6.19 m /   206.2 ms  worst     8.56 m  within1  33.3%  within5 100.0%
        ks_red_bull_ring__layout_national n=16  median   2.39 m /   61.6 ms  p90    6.77 m /   179.9 ms  worst    11.00 m  within1  37.5%  within5  93.8%
        ks_vallelunga__club_circuit n=32  median   1.24 m /   46.2 ms  p90    3.22 m /   107.7 ms  worst     3.76 m  within1  65.6%  within5 100.0%
        magione                  n=40  median   1.25 m /   46.2 ms  p90    3.50 m /   125.2 ms  worst     6.58 m  within1  62.5%  within5 100.0%

best eval median 1.44 m; artifacts in /Users/pvodopija/code/primal/runs/v3_mobilenet_s0
