wide: 72 of 82 laps (10 could be held-out drives)
gate g1: held-out laps of seen tracks; full augmentation
train tracks ['ks_black_cat_county__layout_short', 'ks_brands_hatch__indy', 'ks_highlands__layout_short', 'ks_laguna_seca', 'ks_monza66__junior', 'ks_nurburgring__layout_sprint_a', 'ks_red_bull_ring__layout_national', 'ks_vallelunga__club_circuit', 'magione'] (356 laps usable)
eval  tracks ['ks_black_cat_county__layout_short', 'ks_brands_hatch__indy', 'ks_highlands__layout_short', 'ks_laguna_seca', 'ks_monza66__junior', 'ks_nurburgring__layout_sprint_a', 'ks_red_bull_ring__layout_national', 'ks_vallelunga__club_circuit', 'magione'], split=train
held out as live-only: ['ks_black_cat_county__layout_short__20260923T183526Z__lap07', 'ks_brands_hatch__indy__20260921T221531Z__lap02', 'ks_highlands__layout_short__20260928T005654Z__lap54', 'ks_laguna_seca__default__20260928T123110Z__lap12', 'ks_monza66__junior__20260928T093530Z__lap14', 'ks_nurburgring__layout_sprint_a__20260928T103410Z__lap12', 'ks_red_bull_ring__layout_national__20260923T174436Z__lap11', 'ks_vallelunga__club_circuit__20260922T223945Z__lap07', 'magione__default__20260922T231051Z__lap06']
frame 148x80, reference bins 3227
model 1.14M params on mps

step     1/6000  loss  9.8257 (ce  6.636 aux  6.380 ref 0.0000)  train median  664.12 m   4.53 s/step
step    20/6000  loss 10.6822 (ce  7.212 aux  6.940 ref 0.0000)  train median 1134.30 m   1.56 s/step
step    40/6000  loss  9.8672 (ce  6.713 aux  6.306 ref 0.0022)  train median   81.10 m   1.43 s/step
step    60/6000  loss  9.7899 (ce  6.481 aux  6.617 ref 0.0009)  train median   34.02 m   1.40 s/step
step    80/6000  loss  8.7190 (ce  5.632 aux  6.172 ref 0.0009)  train median   18.56 m   1.41 s/step
step   100/6000  loss  9.1254 (ce  5.746 aux  6.757 ref 0.0013)  train median   92.52 m   1.41 s/step
step   120/6000  loss  7.4565 (ce  4.670 aux  5.568 ref 0.0045)  train median   23.86 m   1.41 s/step
step   140/6000  loss  8.9112 (ce  5.740 aux  6.340 ref 0.0018)  train median  170.54 m   1.42 s/step
step   160/6000  loss  8.5036 (ce  5.167 aux  6.672 ref 0.0009)  train median   20.18 m   1.46 s/step
step   180/6000  loss  7.6891 (ce  4.878 aux  5.620 ref 0.0019)  train median  351.38 m   1.45 s/step
step   200/6000  loss  8.0269 (ce  5.076 aux  5.901 ref 0.0013)  train median   62.62 m   1.45 s/step
  eval  n=192  median 191.94 m / 6311.3 ms  p90 1233.96 m / 37149.7 ms  worst  2784.96 m  within1   5.7%  within5  24.0%
        ks_black_cat_county__layout_short n=24  median  21.39 m /  587.1 ms  p90 1714.06 m / 50290.7 ms  worst  2784.96 m  within1   8.3%  within5  33.3%
        ks_brands_hatch__indy    n=16  median 182.73 m / 6218.4 ms  p90  542.16 m / 17358.2 ms  worst   867.58 m  within1   0.0%  within5  18.8%
        ks_highlands__layout_short n=16  median 428.89 m / 14690.1 ms  p90  752.52 m / 24319.0 ms  worst   853.43 m  within1   0.0%  within5   0.0%
        ks_laguna_seca           n=16  median 995.02 m / 28401.0 ms  p90 1632.32 m / 47768.7 ms  worst  1775.82 m  within1   0.0%  within5   6.2%
        ks_monza66__junior       n=8  median   4.28 m /  110.2 ms  p90   11.39 m /   284.3 ms  worst    21.01 m  within1  25.0%  within5  87.5%
        ks_nurburgring__layout_sprint_a n=24  median 1199.42 m / 35908.9 ms  p90 1469.45 m / 44131.2 ms  worst  1497.11 m  within1   0.0%  within5   4.2%
        ks_red_bull_ring__layout_national n=16  median  76.37 m / 2184.6 ms  p90  968.95 m / 25407.6 ms  worst  1079.88 m  within1   6.2%  within5  37.5%
        ks_vallelunga__club_circuit n=32  median  13.81 m /  513.7 ms  p90  538.10 m / 17764.2 ms  worst   833.18 m  within1   6.2%  within5  40.6%
        magione                  n=40  median 274.67 m / 9825.9 ms  p90  956.58 m / 31491.3 ms  worst  1061.13 m  within1  10.0%  within5  17.5%
step   220/6000  loss 10.3239 (ce  6.997 aux  6.652 ref 0.0017)  train median  497.83 m   1.51 s/step
step   240/6000  loss  7.9180 (ce  5.053 aux  5.725 ref 0.0043)  train median   43.11 m   1.49 s/step
step   260/6000  loss  7.5673 (ce  4.915 aux  5.301 ref 0.0042)  train median   20.22 m   1.50 s/step
step   280/6000  loss  7.4680 (ce  4.776 aux  5.381 ref 0.0033)  train median   24.17 m   1.50 s/step
step   300/6000  loss  6.2740 (ce  3.981 aux  4.583 ref 0.0023)  train median    7.95 m   1.49 s/step
step   320/6000  loss  5.8928 (ce  3.613 aux  4.557 ref 0.0029)  train median   13.88 m   1.48 s/step
step   340/6000  loss  5.3773 (ce  3.156 aux  4.439 ref 0.0038)  train median    3.96 m   1.49 s/step
step   360/6000  loss  6.2823 (ce  3.961 aux  4.640 ref 0.0032)  train median   19.33 m   1.47 s/step
step   380/6000  loss  6.2689 (ce  4.101 aux  4.332 ref 0.0028)  train median    9.24 m   1.46 s/step
step   400/6000  loss  6.5020 (ce  4.189 aux  4.625 ref 0.0017)  train median    8.18 m   1.44 s/step
  eval  n=192  median   4.65 m /  144.4 ms  p90   71.21 m /  2040.5 ms  worst  2524.36 m  within1  24.0%  within5  73.4%
        ks_black_cat_county__layout_short n=24  median   5.25 m /  151.6 ms  p90 1052.03 m / 33181.6 ms  worst  2524.36 m  within1   8.3%  within5  58.3%
        ks_brands_hatch__indy    n=16  median   4.25 m /  137.7 ms  p90   10.83 m /   258.3 ms  worst    13.30 m  within1  25.0%  within5  87.5%
        ks_highlands__layout_short n=16  median   5.13 m /  183.3 ms  p90  244.60 m /  7699.6 ms  worst   496.19 m  within1  12.5%  within5  75.0%
        ks_laguna_seca           n=16  median  12.05 m /  364.2 ms  p90  761.23 m / 22797.3 ms  worst  1042.05 m  within1  12.5%  within5  43.8%
        ks_monza66__junior       n=8  median   2.94 m /   85.6 ms  p90    7.87 m /   188.8 ms  worst    14.86 m  within1  37.5%  within5  87.5%
        ks_nurburgring__layout_sprint_a n=24  median   4.61 m /  167.8 ms  p90   42.24 m /  1404.4 ms  worst  1070.18 m  within1  33.3%  within5  70.8%
        ks_red_bull_ring__layout_national n=16  median   6.42 m /  162.9 ms  p90   31.02 m /   890.9 ms  worst    85.54 m  within1  18.8%  within5  68.8%
        ks_vallelunga__club_circuit n=32  median   3.17 m /  106.0 ms  p90   11.15 m /   332.4 ms  worst    19.74 m  within1  34.4%  within5  84.4%
        magione                  n=40  median   3.09 m /  120.5 ms  p90   72.57 m /  2145.6 ms  worst  1003.30 m  within1  27.5%  within5  80.0%
step   420/6000  loss  6.3981 (ce  3.946 aux  4.902 ref 0.0020)  train median   13.05 m   1.48 s/step
step   440/6000  loss  5.2997 (ce  3.097 aux  4.404 ref 0.0011)  train median    1.73 m   1.48 s/step
step   460/6000  loss  5.7363 (ce  3.627 aux  4.215 ref 0.0028)  train median   11.83 m   1.47 s/step
step   480/6000  loss  5.0809 (ce  3.056 aux  4.046 ref 0.0034)  train median    6.55 m   1.47 s/step
step   500/6000  loss  5.4467 (ce  3.281 aux  4.330 ref 0.0019)  train median    4.55 m   1.46 s/step
step   520/6000  loss  6.2977 (ce  3.908 aux  4.778 ref 0.0009)  train median    3.68 m   1.46 s/step
step   540/6000  loss  4.8324 (ce  2.891 aux  3.881 ref 0.0014)  train median    3.25 m   1.45 s/step
step   560/6000  loss  6.4506 (ce  4.024 aux  4.852 ref 0.0016)  train median   11.19 m   1.44 s/step
step   580/6000  loss  4.5679 (ce  2.757 aux  3.621 ref 0.0013)  train median    2.08 m   1.44 s/step
step   600/6000  loss  5.5357 (ce  3.356 aux  4.357 ref 0.0024)  train median    8.05 m   1.44 s/step
  eval  n=192  median   3.81 m /  136.1 ms  p90   22.15 m /   674.8 ms  worst  1984.92 m  within1  29.2%  within5  78.1%
        ks_black_cat_county__layout_short n=24  median   5.57 m /  203.0 ms  p90  576.40 m / 15957.0 ms  worst  1984.92 m  within1  20.8%  within5  70.8%
        ks_brands_hatch__indy    n=16  median   2.21 m /   73.0 ms  p90    7.53 m /   192.2 ms  worst    14.73 m  within1  43.8%  within5  93.8%
        ks_highlands__layout_short n=16  median   3.18 m /   98.1 ms  p90  316.77 m / 10676.4 ms  worst   675.79 m  within1  25.0%  within5  75.0%
        ks_laguna_seca           n=16  median   4.33 m /  146.6 ms  p90  574.36 m / 17391.4 ms  worst  1049.83 m  within1  12.5%  within5  68.8%
        ks_monza66__junior       n=8  median   1.64 m /   56.4 ms  p90   10.44 m /   301.8 ms  worst    19.21 m  within1  62.5%  within5  87.5%
        ks_nurburgring__layout_sprint_a n=24  median   6.72 m /  197.0 ms  p90   27.01 m /   646.3 ms  worst  1073.17 m  within1  20.8%  within5  70.8%
        ks_red_bull_ring__layout_national n=16  median   7.96 m /  208.8 ms  p90   17.01 m /   535.8 ms  worst    38.25 m  within1  18.8%  within5  62.5%
        ks_vallelunga__club_circuit n=32  median   2.88 m /   96.9 ms  p90   10.31 m /   348.6 ms  worst    63.10 m  within1  34.4%  within5  87.5%
        magione                  n=40  median   2.90 m /  147.6 ms  p90   13.50 m /   465.8 ms  worst    84.51 m  within1  35.0%  within5  82.5%
step   620/6000  loss  5.7992 (ce  3.378 aux  4.842 ref 0.0007)  train median    6.58 m   1.46 s/step
step   640/6000  loss  4.2769 (ce  2.586 aux  3.381 ref 0.0015)  train median    1.68 m   1.47 s/step
step   660/6000  loss  5.3311 (ce  3.145 aux  4.371 ref 0.0017)  train median    4.68 m   1.46 s/step
step   680/6000  loss  6.5825 (ce  4.224 aux  4.716 ref 0.0017)  train median   10.77 m   1.45 s/step
step   700/6000  loss  7.1325 (ce  4.691 aux  4.880 ref 0.0027)  train median   19.88 m   1.45 s/step
step   720/6000  loss  7.2326 (ce  4.561 aux  5.342 ref 0.0011)  train median   35.24 m   1.45 s/step
step   740/6000  loss  6.4129 (ce  4.046 aux  4.734 ref 0.0007)  train median   27.87 m   1.45 s/step
step   760/6000  loss  4.4228 (ce  2.676 aux  3.491 ref 0.0015)  train median    2.54 m   1.44 s/step
step   780/6000  loss  6.0458 (ce  3.788 aux  4.514 ref 0.0006)  train median    6.14 m   1.46 s/step
step   800/6000  loss  5.3714 (ce  3.308 aux  4.123 ref 0.0031)  train median    3.40 m   1.46 s/step
  eval  n=192  median   3.54 m /  119.0 ms  p90   28.97 m /   770.5 ms  worst  2261.92 m  within1  30.7%  within5  81.2%
        ks_black_cat_county__layout_short n=24  median   5.94 m /  165.0 ms  p90  204.88 m /  4985.7 ms  worst  2261.92 m  within1  20.8%  within5  66.7%
        ks_brands_hatch__indy    n=16  median   2.93 m /   95.3 ms  p90    5.29 m /   152.5 ms  worst     7.72 m  within1  18.8%  within5 100.0%
        ks_highlands__layout_short n=16  median   3.18 m /   90.6 ms  p90    4.67 m /   176.4 ms  worst   671.20 m  within1  43.8%  within5  93.8%
        ks_laguna_seca           n=16  median   9.82 m /  264.5 ms  p90  743.03 m / 22086.3 ms  worst  1526.86 m  within1   0.0%  within5  50.0%
        ks_monza66__junior       n=8  median   2.14 m /   55.7 ms  p90    4.79 m /   129.9 ms  worst     8.93 m  within1  50.0%  within5 100.0%
        ks_nurburgring__layout_sprint_a n=24  median   5.43 m /  221.1 ms  p90   42.39 m /  1317.2 ms  worst  1071.12 m  within1  16.7%  within5  62.5%
        ks_red_bull_ring__layout_national n=16  median   5.49 m /  142.9 ms  p90   12.88 m /   317.0 ms  worst    18.66 m  within1  25.0%  within5  81.2%
        ks_vallelunga__club_circuit n=32  median   3.10 m /   99.6 ms  p90    9.02 m /   270.8 ms  worst    54.69 m  within1  37.5%  within5  93.8%
        magione                  n=40  median   1.98 m /   76.9 ms  p90   11.48 m /   440.5 ms  worst    63.94 m  within1  50.0%  within5  87.5%
step   820/6000  loss  5.7347 (ce  3.450 aux  4.568 ref 0.0013)  train median    6.02 m   1.48 s/step
step   840/6000  loss  4.5282 (ce  2.816 aux  3.423 ref 0.0018)  train median    5.26 m   1.48 s/step
step   860/6000  loss  5.1775 (ce  3.239 aux  3.875 ref 0.0023)  train median    2.52 m   1.47 s/step
step   880/6000  loss  7.4705 (ce  4.817 aux  5.306 ref 0.0017)  train median   14.29 m   1.47 s/step
step   900/6000  loss  4.9134 (ce  3.028 aux  3.770 ref 0.0017)  train median    3.79 m   1.47 s/step
step   920/6000  loss  4.3429 (ce  2.585 aux  3.514 ref 0.0013)  train median    2.66 m   1.47 s/step
step   940/6000  loss  4.4031 (ce  2.730 aux  3.344 ref 0.0015)  train median    3.18 m   1.47 s/step
step   960/6000  loss  4.4219 (ce  2.520 aux  3.804 ref 0.0004)  train median    0.99 m   1.47 s/step
step   980/6000  loss  4.9131 (ce  3.042 aux  3.740 ref 0.0010)  train median    6.92 m   1.46 s/step
step  1000/6000  loss  4.7221 (ce  2.993 aux  3.456 ref 0.0026)  train median    2.20 m   1.45 s/step
  eval  n=192  median   2.66 m /   99.1 ms  p90   12.01 m /   367.1 ms  worst  3072.90 m  within1  38.5%  within5  87.0%
        ks_black_cat_county__layout_short n=24  median   3.56 m /  115.5 ms  p90   54.15 m /  1281.9 ms  worst  3072.90 m  within1  37.5%  within5  66.7%
        ks_brands_hatch__indy    n=16  median   1.83 m /   50.6 ms  p90    4.19 m /   138.1 ms  worst     5.29 m  within1  56.2%  within5 100.0%
        ks_highlands__layout_short n=16  median   2.36 m /   79.4 ms  p90    4.16 m /   124.4 ms  worst   698.56 m  within1  37.5%  within5  93.8%
        ks_laguna_seca           n=16  median   5.90 m /  170.9 ms  p90   20.73 m /   621.0 ms  worst   800.62 m  within1  18.8%  within5  75.0%
        ks_monza66__junior       n=8  median   1.51 m /   44.2 ms  p90    2.00 m /    63.1 ms  worst     2.28 m  within1  87.5%  within5 100.0%
        ks_nurburgring__layout_sprint_a n=24  median   3.85 m /  148.4 ms  p90   25.95 m /   674.5 ms  worst    40.10 m  within1   4.2%  within5  70.8%
        ks_red_bull_ring__layout_national n=16  median   4.68 m /  129.6 ms  p90   10.89 m /   330.5 ms  worst    19.25 m  within1  25.0%  within5  87.5%
        ks_vallelunga__club_circuit n=32  median   2.01 m /   80.1 ms  p90    5.78 m /   176.3 ms  worst    11.10 m  within1  50.0%  within5  96.9%
        magione                  n=40  median   2.18 m /   80.3 ms  p90    7.23 m /   216.7 ms  worst    57.33 m  within1  47.5%  within5  95.0%
step  1020/6000  loss  4.2181 (ce  2.599 aux  3.236 ref 0.0020)  train median    4.72 m   1.47 s/step
step  1040/6000  loss  4.9537 (ce  3.208 aux  3.491 ref 0.0015)  train median    4.16 m   1.46 s/step
step  1060/6000  loss  4.9466 (ce  3.118 aux  3.657 ref 0.0013)  train median    3.08 m   1.45 s/step
step  1080/6000  loss  6.2470 (ce  3.976 aux  4.539 ref 0.0022)  train median   11.87 m   1.46 s/step
step  1100/6000  loss  6.8939 (ce  4.296 aux  5.195 ref 0.0011)  train median   14.37 m   1.45 s/step
step  1120/6000  loss  5.5778 (ce  3.631 aux  3.891 ref 0.0017)  train median    8.21 m   1.45 s/step
step  1140/6000  loss  5.4723 (ce  3.458 aux  4.027 ref 0.0022)  train median   10.33 m   1.45 s/step
step  1160/6000  loss  4.4496 (ce  2.811 aux  3.275 ref 0.0027)  train median    3.52 m   1.45 s/step
step  1180/6000  loss  4.2857 (ce  2.622 aux  3.325 ref 0.0012)  train median    3.20 m   1.44 s/step
step  1200/6000  loss  5.2018 (ce  3.395 aux  3.612 ref 0.0020)  train median    3.62 m   1.45 s/step
  eval  n=192  median   2.35 m /   78.9 ms  p90   12.20 m /   399.2 ms  worst  1786.27 m  within1  46.4%  within5  87.5%
        ks_black_cat_county__layout_short n=24  median   2.25 m /   73.4 ms  p90   25.84 m /   605.9 ms  worst  1786.27 m  within1  41.7%  within5  79.2%
        ks_brands_hatch__indy    n=16  median   1.79 m /   72.9 ms  p90    7.26 m /   175.8 ms  worst     7.47 m  within1  50.0%  within5 100.0%
        ks_highlands__layout_short n=16  median   2.97 m /  101.8 ms  p90    4.86 m /   166.4 ms  worst     6.11 m  within1  31.2%  within5 100.0%
        ks_laguna_seca           n=16  median   3.49 m /   90.0 ms  p90   13.76 m /   404.4 ms  worst   694.76 m  within1  43.8%  within5  75.0%
        ks_monza66__junior       n=8  median   1.27 m /   39.9 ms  p90    3.02 m /    76.6 ms  worst     4.04 m  within1  75.0%  within5 100.0%
        ks_nurburgring__layout_sprint_a n=24  median   5.03 m /  158.5 ms  p90   20.78 m /   582.2 ms  worst    53.96 m  within1  20.8%  within5  66.7%
        ks_red_bull_ring__layout_national n=16  median   5.16 m /  155.7 ms  p90   10.80 m /   308.1 ms  worst    20.64 m  within1  31.2%  within5  87.5%
        ks_vallelunga__club_circuit n=32  median   1.64 m /   51.4 ms  p90    4.91 m /   178.9 ms  worst     7.02 m  within1  65.6%  within5 100.0%
        magione                  n=40  median   1.83 m /   81.2 ms  p90   13.04 m /   439.3 ms  worst    66.50 m  within1  55.0%  within5  87.5%
step  1220/6000  loss  5.6212 (ce  3.666 aux  3.909 ref 0.0014)  train median    7.47 m   1.45 s/step
step  1240/6000  loss  5.7211 (ce  3.636 aux  4.170 ref 0.0007)  train median    5.82 m   1.46 s/step
step  1260/6000  loss  5.2908 (ce  3.121 aux  4.338 ref 0.0012)  train median    4.36 m   1.46 s/step
step  1280/6000  loss  5.0227 (ce  3.086 aux  3.871 ref 0.0016)  train median    4.56 m   1.46 s/step
step  1300/6000  loss  4.0810 (ce  2.541 aux  3.078 ref 0.0020)  train median    3.14 m   1.45 s/step
step  1320/6000  loss  5.8530 (ce  3.803 aux  4.100 ref 0.0008)  train median    6.15 m   1.45 s/step
step  1340/6000  loss  5.1233 (ce  3.240 aux  3.766 ref 0.0015)  train median    4.62 m   1.45 s/step
step  1360/6000  loss  4.1389 (ce  2.604 aux  3.068 ref 0.0016)  train median    2.56 m   1.45 s/step
step  1380/6000  loss  4.2730 (ce  2.613 aux  3.320 ref 0.0011)  train median    4.08 m   1.45 s/step
step  1400/6000  loss  4.2783 (ce  2.690 aux  3.173 ref 0.0022)  train median    3.08 m   1.45 s/step
  eval  n=192  median   2.16 m /   72.8 ms  p90    9.29 m /   290.8 ms  worst  3055.15 m  within1  46.9%  within5  91.1%
        ks_black_cat_county__layout_short n=24  median   1.94 m /   63.3 ms  p90  233.68 m /  6025.4 ms  worst  3055.15 m  within1  50.0%  within5  79.2%
        ks_brands_hatch__indy    n=16  median   1.61 m /   63.4 ms  p90    5.52 m /   150.3 ms  worst     5.94 m  within1  56.2%  within5 100.0%
        ks_highlands__layout_short n=16  median   2.73 m /   92.0 ms  p90   28.70 m /   849.3 ms  worst   378.50 m  within1  31.2%  within5  87.5%
        ks_laguna_seca           n=16  median   6.52 m /  175.1 ms  p90   13.57 m /   429.6 ms  worst  1070.60 m  within1  25.0%  within5  68.8%
        ks_monza66__junior       n=8  median   1.12 m /   38.7 ms  p90    3.89 m /   107.4 ms  worst     5.00 m  within1  62.5%  within5 100.0%
        ks_nurburgring__layout_sprint_a n=24  median   3.12 m /  108.1 ms  p90   16.42 m /   528.2 ms  worst    39.06 m  within1  37.5%  within5  83.3%
        ks_red_bull_ring__layout_national n=16  median   3.40 m /   98.4 ms  p90    7.94 m /   211.8 ms  worst     8.49 m  within1  31.2%  within5 100.0%
        ks_vallelunga__club_circuit n=32  median   1.95 m /   66.6 ms  p90    4.37 m /   129.2 ms  worst    10.37 m  within1  56.2%  within5  96.9%
        magione                  n=40  median   1.69 m /   58.9 ms  p90    5.73 m /   187.9 ms  worst     8.26 m  within1  57.5%  within5 100.0%
step  1420/6000  loss  4.3157 (ce  2.657 aux  3.316 ref 0.0017)  train median    3.82 m   1.46 s/step
step  1440/6000  loss  5.0537 (ce  3.312 aux  3.480 ref 0.0036)  train median    7.16 m   1.46 s/step
step  1460/6000  loss  4.4978 (ce  2.937 aux  3.120 ref 0.0024)  train median    3.69 m   1.46 s/step
step  1480/6000  loss  5.0660 (ce  3.201 aux  3.729 ref 0.0014)  train median    5.37 m   1.45 s/step
step  1500/6000  loss  4.1575 (ce  2.581 aux  3.152 ref 0.0018)  train median    1.06 m   1.45 s/step
step  1520/6000  loss  4.5517 (ce  2.841 aux  3.420 ref 0.0012)  train median    2.93 m   1.45 s/step
step  1540/6000  loss  5.0951 (ce  3.338 aux  3.513 ref 0.0013)  train median    5.31 m   1.44 s/step
step  1560/6000  loss  4.1845 (ce  2.662 aux  3.043 ref 0.0011)  train median    1.20 m   1.44 s/step
step  1580/6000  loss  4.4743 (ce  2.903 aux  3.139 ref 0.0028)  train median    3.36 m   1.44 s/step
step  1600/6000  loss  3.8795 (ce  2.419 aux  2.920 ref 0.0012)  train median    1.58 m   1.45 s/step
  eval  n=192  median   2.27 m /   75.4 ms  p90    9.28 m /   263.6 ms  worst  1386.37 m  within1  44.3%  within5  91.1%
        ks_black_cat_county__layout_short n=24  median   3.72 m /  108.5 ms  p90   29.25 m /   693.2 ms  worst  1386.37 m  within1  25.0%  within5  79.2%
        ks_brands_hatch__indy    n=16  median   1.13 m /   41.3 ms  p90    4.09 m /    99.8 ms  worst     5.75 m  within1  62.5%  within5 100.0%
        ks_highlands__layout_short n=16  median   2.22 m /   75.7 ms  p90    3.92 m /   142.5 ms  worst    12.56 m  within1  43.8%  within5  93.8%
        ks_laguna_seca           n=16  median   3.91 m /  136.2 ms  p90  238.22 m /  7099.7 ms  worst   700.66 m  within1  31.2%  within5  81.2%
        ks_monza66__junior       n=8  median   1.29 m /   46.3 ms  p90    3.32 m /    67.6 ms  worst     5.30 m  within1  75.0%  within5 100.0%
        ks_nurburgring__layout_sprint_a n=24  median   3.85 m /  137.8 ms  p90   16.26 m /   402.0 ms  worst    55.07 m  within1  25.0%  within5  87.5%
        ks_red_bull_ring__layout_national n=16  median   3.17 m /   99.8 ms  p90    9.68 m /   233.1 ms  worst    10.20 m  within1  37.5%  within5  87.5%
        ks_vallelunga__club_circuit n=32  median   1.80 m /   59.4 ms  p90    5.34 m /   175.1 ms  worst    17.28 m  within1  56.2%  within5  96.9%
        magione                  n=40  median   1.92 m /   58.9 ms  p90    7.82 m /   234.0 ms  worst   843.05 m  within1  52.5%  within5  95.0%
step  1620/6000  loss  4.2691 (ce  2.640 aux  3.256 ref 0.0016)  train median    2.55 m   1.46 s/step
step  1640/6000  loss  4.6456 (ce  2.940 aux  3.409 ref 0.0015)  train median    2.86 m   1.45 s/step
step  1660/6000  loss  4.0652 (ce  2.392 aux  3.346 ref 0.0012)  train median    1.16 m   1.45 s/step
step  1680/6000  loss  4.0132 (ce  2.524 aux  2.977 ref 0.0013)  train median    2.00 m   1.45 s/step
step  1700/6000  loss  3.8714 (ce  2.409 aux  2.924 ref 0.0011)  train median    2.03 m   1.45 s/step
step  1720/6000  loss  4.0621 (ce  2.549 aux  3.024 ref 0.0015)  train median    1.05 m   1.45 s/step
step  1740/6000  loss  3.7910 (ce  2.382 aux  2.817 ref 0.0008)  train median    1.52 m   1.45 s/step
step  1760/6000  loss  4.0400 (ce  2.540 aux  2.997 ref 0.0018)  train median    2.24 m   1.45 s/step
step  1780/6000  loss  4.5686 (ce  2.883 aux  3.371 ref 0.0015)  train median    4.52 m   1.44 s/step
step  1800/6000  loss  4.6754 (ce  2.994 aux  3.362 ref 0.0020)  train median    4.50 m   1.44 s/step
  eval  n=192  median   2.12 m /   72.0 ms  p90    7.43 m /   237.4 ms  worst   465.40 m  within1  47.9%  within5  93.8%
        ks_black_cat_county__layout_short n=24  median   2.42 m /   74.9 ms  p90    5.39 m /   140.3 ms  worst    11.00 m  within1  41.7%  within5  95.8%
        ks_brands_hatch__indy    n=16  median   2.44 m /   67.1 ms  p90    4.00 m /   122.7 ms  worst     4.12 m  within1  43.8%  within5 100.0%
        ks_highlands__layout_short n=16  median   1.87 m /   67.1 ms  p90    3.79 m /   120.5 ms  worst     5.26 m  within1  50.0%  within5 100.0%
        ks_laguna_seca           n=16  median   4.89 m /  191.8 ms  p90   17.63 m /   572.0 ms  worst   465.40 m  within1  43.8%  within5  62.5%
        ks_monza66__junior       n=8  median   0.78 m /   25.6 ms  p90    1.94 m /    61.1 ms  worst     2.72 m  within1  87.5%  within5 100.0%
        ks_nurburgring__layout_sprint_a n=24  median   4.07 m /  147.0 ms  p90    7.68 m /   287.6 ms  worst    16.36 m  within1  12.5%  within5  91.7%
        ks_red_bull_ring__layout_national n=16  median   3.74 m /   87.6 ms  p90    7.40 m /   220.4 ms  worst    16.72 m  within1  37.5%  within5  93.8%
        ks_vallelunga__club_circuit n=32  median   1.29 m /   49.3 ms  p90    3.48 m /   119.9 ms  worst    10.22 m  within1  68.8%  within5  96.9%
        magione                  n=40  median   1.89 m /   73.1 ms  p90    7.12 m /   197.8 ms  worst    11.29 m  within1  55.0%  within5  97.5%
step  1820/6000  loss  4.1292 (ce  2.595 aux  3.066 ref 0.0019)  train median    3.31 m   1.45 s/step
step  1840/6000  loss  4.7938 (ce  3.004 aux  3.578 ref 0.0022)  train median    3.35 m   1.45 s/step
step  1860/6000  loss  4.1062 (ce  2.532 aux  3.146 ref 0.0019)  train median    3.56 m   1.45 s/step
step  1880/6000  loss  3.9434 (ce  2.445 aux  2.996 ref 0.0013)  train median    1.50 m   1.44 s/step
step  1900/6000  loss  3.9999 (ce  2.498 aux  3.003 ref 0.0009)  train median    1.78 m   1.44 s/step
step  1920/6000  loss  4.3584 (ce  2.783 aux  3.150 ref 0.0015)  train median    2.08 m   1.44 s/step
step  1940/6000  loss  3.7831 (ce  2.460 aux  2.645 ref 0.0020)  train median    2.82 m   1.44 s/step
step  1960/6000  loss  5.1175 (ce  3.333 aux  3.568 ref 0.0016)  train median    7.21 m   1.44 s/step
step  1980/6000  loss  4.1382 (ce  2.591 aux  3.092 ref 0.0015)  train median    2.01 m   1.44 s/step
step  2000/6000  loss  3.8853 (ce  2.434 aux  2.902 ref 0.0008)  train median    1.23 m   1.44 s/step
  eval  n=192  median   2.13 m /   72.5 ms  p90    7.50 m /   238.8 ms  worst   832.33 m  within1  47.9%  within5  92.7%
        ks_black_cat_county__layout_short n=24  median   1.72 m /   55.5 ms  p90    6.83 m /   268.6 ms  worst   577.70 m  within1  54.2%  within5  91.7%
        ks_brands_hatch__indy    n=16  median   1.43 m /   52.9 ms  p90    4.59 m /   127.2 ms  worst    11.72 m  within1  62.5%  within5  93.8%
        ks_highlands__layout_short n=16  median   2.32 m /   73.9 ms  p90    4.89 m /   210.6 ms  worst   621.16 m  within1  43.8%  within5  93.8%
        ks_laguna_seca           n=16  median   4.89 m /  139.0 ms  p90  234.77 m /  7027.9 ms  worst   696.52 m  within1  31.2%  within5  81.2%
        ks_monza66__junior       n=8  median   0.93 m /   21.5 ms  p90    2.89 m /    75.9 ms  worst     5.13 m  within1  87.5%  within5 100.0%
        ks_nurburgring__layout_sprint_a n=24  median   4.25 m /  157.8 ms  p90    7.38 m /   249.8 ms  worst    20.64 m  within1  25.0%  within5  95.8%
        ks_red_bull_ring__layout_national n=16  median   4.05 m /  110.3 ms  p90    9.32 m /   251.0 ms  worst    18.89 m  within1  12.5%  within5  87.5%
        ks_vallelunga__club_circuit n=32  median   1.46 m /   47.3 ms  p90    5.20 m /   175.0 ms  worst    27.29 m  within1  62.5%  within5  90.6%
        magione                  n=40  median   1.82 m /   79.7 ms  p90    5.18 m /   180.7 ms  worst   832.33 m  within1  55.0%  within5  97.5%
step  2020/6000  loss  4.1588 (ce  2.605 aux  3.106 ref 0.0010)  train median    1.74 m   1.44 s/step
step  2040/6000  loss  3.9020 (ce  2.390 aux  3.023 ref 0.0010)  train median    1.30 m   1.44 s/step
step  2060/6000  loss  3.8730 (ce  2.497 aux  2.751 ref 0.0015)  train median    1.32 m   1.44 s/step
step  2080/6000  loss  4.2688 (ce  2.684 aux  3.168 ref 0.0013)  train median    1.19 m   1.44 s/step
step  2100/6000  loss  4.6358 (ce  2.872 aux  3.525 ref 0.0014)  train median    4.74 m   1.44 s/step
step  2120/6000  loss  3.7482 (ce  2.383 aux  2.731 ref 0.0006)  train median    2.08 m   1.44 s/step
step  2140/6000  loss  3.8435 (ce  2.359 aux  2.968 ref 0.0007)  train median    0.97 m   1.44 s/step
step  2160/6000  loss  3.8256 (ce  2.419 aux  2.812 ref 0.0009)  train median    1.97 m   1.44 s/step
step  2180/6000  loss  4.1469 (ce  2.604 aux  3.083 ref 0.0024)  train median    3.38 m   1.44 s/step
step  2200/6000  loss  4.7466 (ce  3.035 aux  3.422 ref 0.0013)  train median    5.17 m   1.44 s/step
  eval  n=192  median   1.96 m /   65.7 ms  p90    7.45 m /   207.7 ms  worst   838.18 m  within1  51.0%  within5  95.3%
        ks_black_cat_county__layout_short n=24  median   1.89 m /   55.5 ms  p90    6.66 m /   207.7 ms  worst    19.69 m  within1  54.2%  within5  91.7%
        ks_brands_hatch__indy    n=16  median   1.62 m /   59.6 ms  p90    3.20 m /    88.6 ms  worst     4.53 m  within1  56.2%  within5 100.0%
        ks_highlands__layout_short n=16  median   1.82 m /   47.5 ms  p90    5.30 m /   166.5 ms  worst     9.52 m  within1  62.5%  within5 100.0%
        ks_laguna_seca           n=16  median   2.68 m /   81.1 ms  p90    7.21 m /   185.6 ms  worst     8.16 m  within1  37.5%  within5 100.0%
        ks_monza66__junior       n=8  median   1.03 m /   30.8 ms  p90    2.26 m /    61.3 ms  worst     3.19 m  within1  87.5%  within5 100.0%
        ks_nurburgring__layout_sprint_a n=24  median   5.09 m /  149.0 ms  p90   15.52 m /   448.8 ms  worst    23.33 m  within1  20.8%  within5  83.3%
        ks_red_bull_ring__layout_national n=16  median   3.72 m /  103.4 ms  p90    8.99 m /   251.3 ms  worst    18.83 m  within1  37.5%  within5  93.8%
        ks_vallelunga__club_circuit n=32  median   1.83 m /   68.7 ms  p90    4.04 m /   130.2 ms  worst    12.78 m  within1  53.1%  within5  96.9%
        magione                  n=40  median   1.69 m /   61.8 ms  p90    6.67 m /   170.2 ms  worst   838.18 m  within1  62.5%  within5  97.5%
step  2220/6000  loss  4.0825 (ce  2.550 aux  3.063 ref 0.0006)  train median    2.67 m   1.44 s/step
step  2240/6000  loss  4.2637 (ce  2.703 aux  3.120 ref 0.0023)  train median    1.58 m   1.44 s/step
step  2260/6000  loss  4.2122 (ce  2.754 aux  2.914 ref 0.0021)  train median    3.42 m   1.44 s/step
step  2280/6000  loss  4.5137 (ce  2.843 aux  3.339 ref 0.0018)  train median    4.27 m   1.44 s/step
step  2300/6000  loss  3.8484 (ce  2.403 aux  2.890 ref 0.0012)  train median    2.11 m   1.44 s/step
step  2320/6000  loss  4.0211 (ce  2.550 aux  2.941 ref 0.0011)  train median    2.15 m   1.44 s/step
step  2340/6000  loss  4.1811 (ce  2.636 aux  3.088 ref 0.0016)  train median    2.89 m   1.43 s/step
step  2360/6000  loss  4.5194 (ce  2.830 aux  3.379 ref 0.0005)  train median    3.43 m   1.43 s/step
step  2380/6000  loss  4.0233 (ce  2.466 aux  3.113 ref 0.0012)  train median    3.22 m   1.43 s/step
step  2400/6000  loss  4.0663 (ce  2.503 aux  3.124 ref 0.0018)  train median    2.21 m   1.43 s/step
  eval  n=192  median   1.82 m /   62.9 ms  p90    6.99 m /   231.9 ms  worst  1066.42 m  within1  53.6%  within5  94.8%
        ks_black_cat_county__layout_short n=24  median   1.93 m /   66.0 ms  p90    7.05 m /   163.1 ms  worst    28.77 m  within1  50.0%  within5  95.8%
        ks_brands_hatch__indy    n=16  median   1.36 m /   37.5 ms  p90    4.01 m /    91.5 ms  worst     4.82 m  within1  75.0%  within5 100.0%
        ks_highlands__layout_short n=16  median   1.78 m /   67.5 ms  p90    3.81 m /   148.6 ms  worst    21.02 m  within1  50.0%  within5  93.8%
        ks_laguna_seca           n=16  median   2.60 m /   66.7 ms  p90   13.62 m /   421.6 ms  worst   460.12 m  within1  50.0%  within5  87.5%
        ks_monza66__junior       n=8  median   0.75 m /   22.0 ms  p90    3.13 m /    64.7 ms  worst     4.30 m  within1  75.0%  within5 100.0%
        ks_nurburgring__layout_sprint_a n=24  median   3.47 m /  125.5 ms  p90    9.02 m /   274.0 ms  worst  1066.42 m  within1  33.3%  within5  91.7%
        ks_red_bull_ring__layout_national n=16  median   2.53 m /   67.1 ms  p90    6.38 m /   183.0 ms  worst    10.13 m  within1  31.2%  within5  93.8%
        ks_vallelunga__club_circuit n=32  median   1.67 m /   59.0 ms  p90    3.76 m /   106.0 ms  worst     6.41 m  within1  59.4%  within5 100.0%
        magione                  n=40  median   1.29 m /   61.1 ms  p90    6.50 m /   281.6 ms  worst   839.33 m  within1  62.5%  within5  92.5%
step  2420/6000  loss  3.9568 (ce  2.427 aux  3.058 ref 0.0014)  train median    2.55 m   1.44 s/step
step  2440/6000  loss  4.1343 (ce  2.630 aux  3.007 ref 0.0022)  train median    5.27 m   1.44 s/step
step  2460/6000  loss  4.3739 (ce  2.806 aux  3.133 ref 0.0020)  train median    4.13 m   1.44 s/step
step  2480/6000  loss  4.3511 (ce  2.768 aux  3.164 ref 0.0017)  train median    2.90 m   1.44 s/step
step  2500/6000  loss  4.1752 (ce  2.639 aux  3.070 ref 0.0015)  train median    3.21 m   1.44 s/step
step  2520/6000  loss  4.6011 (ce  2.937 aux  3.326 ref 0.0017)  train median    5.85 m   1.44 s/step
step  2540/6000  loss  4.6706 (ce  2.907 aux  3.526 ref 0.0015)  train median    4.61 m   1.44 s/step
step  2560/6000  loss  4.3351 (ce  2.723 aux  3.222 ref 0.0014)  train median    3.79 m   1.43 s/step
step  2580/6000  loss  4.5755 (ce  2.829 aux  3.492 ref 0.0007)  train median    3.39 m   1.44 s/step
step  2600/6000  loss  4.6513 (ce  3.125 aux  3.051 ref 0.0013)  train median    3.72 m   1.44 s/step
  eval  n=192  median   1.93 m /   63.8 ms  p90    6.38 m /   217.5 ms  worst  2982.77 m  within1  51.6%  within5  96.4%
        ks_black_cat_county__layout_short n=24  median   2.49 m /   79.7 ms  p90    8.32 m /   300.1 ms  worst  2982.77 m  within1  45.8%  within5  91.7%
        ks_brands_hatch__indy    n=16  median   0.86 m /   35.2 ms  p90    2.96 m /    88.4 ms  worst     3.15 m  within1  75.0%  within5 100.0%
        ks_highlands__layout_short n=16  median   1.82 m /   53.3 ms  p90    5.20 m /   151.3 ms  worst     6.02 m  within1  56.2%  within5 100.0%
        ks_laguna_seca           n=16  median   2.66 m /   88.8 ms  p90    7.83 m /   238.0 ms  worst    11.22 m  within1  43.8%  within5  93.8%
        ks_monza66__junior       n=8  median   0.91 m /   22.8 ms  p90    1.52 m /    43.7 ms  worst     2.42 m  within1  87.5%  within5 100.0%
        ks_nurburgring__layout_sprint_a n=24  median   3.20 m /  113.1 ms  p90   10.17 m /   309.1 ms  worst    20.72 m  within1  33.3%  within5  87.5%
        ks_red_bull_ring__layout_national n=16  median   3.00 m /   85.1 ms  p90    7.24 m /   205.4 ms  worst     7.78 m  within1  25.0%  within5 100.0%
        ks_vallelunga__club_circuit n=32  median   1.96 m /   68.0 ms  p90    3.88 m /   123.1 ms  worst    14.04 m  within1  50.0%  within5  96.9%
        magione                  n=40  median   1.59 m /   64.1 ms  p90    4.81 m /   153.9 ms  worst     9.45 m  within1  62.5%  within5 100.0%
step  2620/6000  loss  3.8219 (ce  2.375 aux  2.893 ref 0.0008)  train median    2.12 m   1.44 s/step
step  2640/6000  loss  4.4785 (ce  2.888 aux  3.176 ref 0.0041)  train median    5.68 m   1.44 s/step
step  2660/6000  loss  5.1887 (ce  3.545 aux  3.284 ref 0.0031)  train median    7.33 m   1.44 s/step
step  2680/6000  loss  4.0771 (ce  2.534 aux  3.085 ref 0.0010)  train median    2.78 m   1.44 s/step
step  2700/6000  loss  4.2804 (ce  2.659 aux  3.239 ref 0.0025)  train median    4.54 m   1.44 s/step
step  2720/6000  loss  3.7499 (ce  2.433 aux  2.632 ref 0.0014)  train median    2.47 m   1.44 s/step
step  2740/6000  loss  3.7011 (ce  2.343 aux  2.715 ref 0.0013)  train median    0.44 m   1.43 s/step
step  2760/6000  loss  3.8322 (ce  2.386 aux  2.892 ref 0.0008)  train median    1.45 m   1.44 s/step
step  2780/6000  loss  4.0381 (ce  2.603 aux  2.868 ref 0.0018)  train median    4.16 m   1.43 s/step
step  2800/6000  loss  3.7429 (ce  2.331 aux  2.824 ref 0.0007)  train median    1.50 m   1.43 s/step
  eval  n=192  median   1.55 m /   48.7 ms  p90    5.63 m /   188.0 ms  worst   617.93 m  within1  60.9%  within5  96.4%
        ks_black_cat_county__layout_short n=24  median   1.18 m /   31.3 ms  p90    4.44 m /   123.5 ms  worst    15.37 m  within1  66.7%  within5  95.8%
        ks_brands_hatch__indy    n=16  median   1.13 m /   31.6 ms  p90    2.67 m /    85.8 ms  worst     4.27 m  within1  68.8%  within5 100.0%
        ks_highlands__layout_short n=16  median   1.69 m /   72.8 ms  p90   10.31 m /   309.8 ms  worst   617.93 m  within1  56.2%  within5  87.5%
        ks_laguna_seca           n=16  median   1.90 m /   83.2 ms  p90   12.06 m /   368.6 ms  worst   472.90 m  within1  50.0%  within5  81.2%
        ks_monza66__junior       n=8  median   0.75 m /   22.2 ms  p90    1.86 m /    46.7 ms  worst     3.30 m  within1  87.5%  within5 100.0%
        ks_nurburgring__layout_sprint_a n=24  median   2.86 m /   83.2 ms  p90    7.13 m /   214.6 ms  worst    10.69 m  within1  45.8%  within5  95.8%
        ks_red_bull_ring__layout_national n=16  median   2.87 m /   72.7 ms  p90    7.27 m /   212.9 ms  worst     8.46 m  within1  37.5%  within5 100.0%
        ks_vallelunga__club_circuit n=32  median   1.47 m /   44.5 ms  p90    4.01 m /   116.6 ms  worst     5.09 m  within1  71.9%  within5 100.0%
        magione                  n=40  median   1.51 m /   60.5 ms  p90    5.52 m /   183.5 ms  worst     9.46 m  within1  65.0%  within5 100.0%
step  2820/6000  loss  3.7463 (ce  2.385 aux  2.721 ref 0.0011)  train median    2.53 m   1.44 s/step
step  2840/6000  loss  4.5984 (ce  2.848 aux  3.499 ref 0.0015)  train median    5.71 m   1.44 s/step
step  2860/6000  loss  3.8045 (ce  2.402 aux  2.803 ref 0.0010)  train median    2.05 m   1.44 s/step
step  2880/6000  loss  3.7960 (ce  2.393 aux  2.804 ref 0.0015)  train median    1.36 m   1.44 s/step
step  2900/6000  loss  4.0311 (ce  2.660 aux  2.739 ref 0.0030)  train median    4.45 m   1.44 s/step
step  2920/6000  loss  3.8705 (ce  2.485 aux  2.770 ref 0.0015)  train median    3.52 m   1.44 s/step
step  2940/6000  loss  4.0027 (ce  2.646 aux  2.711 ref 0.0020)  train median    3.77 m   1.44 s/step
step  2960/6000  loss  3.9882 (ce  2.536 aux  2.903 ref 0.0016)  train median    2.44 m   1.44 s/step
step  2980/6000  loss  3.8942 (ce  2.474 aux  2.839 ref 0.0010)  train median    2.06 m   1.44 s/step
step  3000/6000  loss  4.1395 (ce  2.540 aux  3.199 ref 0.0011)  train median    1.91 m   1.44 s/step
  eval  n=192  median   1.82 m /   57.6 ms  p90    5.01 m /   164.8 ms  worst  1066.88 m  within1  55.7%  within5  95.8%
        ks_black_cat_county__layout_short n=24  median   2.03 m /   60.3 ms  p90    4.47 m /   123.2 ms  worst     9.23 m  within1  50.0%  within5 100.0%
        ks_brands_hatch__indy    n=16  median   0.75 m /   22.5 ms  p90    2.53 m /    68.3 ms  worst     3.22 m  within1  81.2%  within5 100.0%
        ks_highlands__layout_short n=16  median   1.60 m /   54.3 ms  p90    3.26 m /   115.7 ms  worst     6.45 m  within1  62.5%  within5 100.0%
        ks_laguna_seca           n=16  median   2.80 m /   80.3 ms  p90    6.54 m /   176.0 ms  worst     9.92 m  within1  37.5%  within5 100.0%
        ks_monza66__junior       n=8  median   0.28 m /   10.1 ms  p90    2.22 m /    47.3 ms  worst     3.15 m  within1  87.5%  within5 100.0%
        ks_nurburgring__layout_sprint_a n=24  median   3.53 m /  125.0 ms  p90   14.28 m /   421.1 ms  worst  1066.88 m  within1  33.3%  within5  83.3%
        ks_red_bull_ring__layout_national n=16  median   1.86 m /   52.2 ms  p90    5.66 m /   176.4 ms  worst     7.62 m  within1  56.2%  within5 100.0%
        ks_vallelunga__club_circuit n=32  median   1.83 m /   53.1 ms  p90    4.26 m /   119.8 ms  worst    26.88 m  within1  59.4%  within5  96.9%
        magione                  n=40  median   1.57 m /   56.1 ms  p90    5.52 m /   167.6 ms  worst   835.38 m  within1  57.5%  within5  92.5%
step  3020/6000  loss  4.0697 (ce  2.587 aux  2.963 ref 0.0025)  train median    2.86 m   1.44 s/step
step  3040/6000  loss  4.1828 (ce  2.795 aux  2.775 ref 0.0009)  train median    1.26 m   1.44 s/step
step  3060/6000  loss  4.3242 (ce  2.610 aux  3.428 ref 0.0005)  train median    3.16 m   1.44 s/step
step  3080/6000  loss  3.9883 (ce  2.638 aux  2.699 ref 0.0011)  train median    1.22 m   1.44 s/step
step  3100/6000  loss  4.5753 (ce  2.925 aux  3.299 ref 0.0005)  train median    2.10 m   1.44 s/step
step  3120/6000  loss  4.0225 (ce  2.619 aux  2.805 ref 0.0019)  train median    2.80 m   1.44 s/step
step  3140/6000  loss  3.5629 (ce  2.310 aux  2.505 ref 0.0010)  train median    1.14 m   1.45 s/step
step  3160/6000  loss  3.8666 (ce  2.469 aux  2.795 ref 0.0008)  train median    2.47 m   1.44 s/step
step  3180/6000  loss  4.1050 (ce  2.709 aux  2.790 ref 0.0015)  train median    1.36 m   1.44 s/step
step  3200/6000  loss  4.1224 (ce  2.703 aux  2.837 ref 0.0016)  train median    4.15 m   1.44 s/step
  eval  n=192  median   1.43 m /   47.9 ms  p90    5.34 m /   162.9 ms  worst  1364.05 m  within1  57.8%  within5  97.4%
        ks_black_cat_county__layout_short n=24  median   1.29 m /   41.3 ms  p90    6.51 m /   143.3 ms  worst  1364.05 m  within1  54.2%  within5  95.8%
        ks_brands_hatch__indy    n=16  median   1.34 m /   38.4 ms  p90    2.30 m /    57.2 ms  worst     2.89 m  within1  81.2%  within5 100.0%
        ks_highlands__layout_short n=16  median   1.40 m /   48.5 ms  p90    3.64 m /   104.4 ms  worst     4.76 m  within1  62.5%  within5 100.0%
        ks_laguna_seca           n=16  median   2.34 m /   85.2 ms  p90    6.38 m /   214.4 ms  worst    13.48 m  within1  43.8%  within5  93.8%
        ks_monza66__junior       n=8  median   0.80 m /   24.1 ms  p90    1.79 m /    41.5 ms  worst     2.86 m  within1  87.5%  within5 100.0%
        ks_nurburgring__layout_sprint_a n=24  median   2.45 m /   74.7 ms  p90    5.99 m /   222.6 ms  worst    20.69 m  within1  41.7%  within5  91.7%
        ks_red_bull_ring__layout_national n=16  median   2.28 m /   63.5 ms  p90    5.63 m /   194.2 ms  worst     7.56 m  within1  50.0%  within5 100.0%
        ks_vallelunga__club_circuit n=32  median   1.37 m /   47.9 ms  p90    3.93 m /   114.6 ms  worst     5.37 m  within1  56.2%  within5 100.0%
        magione                  n=40  median   1.16 m /   47.6 ms  p90    3.62 m /   123.7 ms  worst   832.30 m  within1  62.5%  within5  97.5%
step  3220/6000  loss  3.8237 (ce  2.400 aux  2.845 ref 0.0016)  train median    2.79 m   1.45 s/step
step  3240/6000  loss  3.6055 (ce  2.327 aux  2.555 ref 0.0014)  train median    2.03 m   1.45 s/step
step  3260/6000  loss  4.0585 (ce  2.575 aux  2.966 ref 0.0017)  train median    3.04 m   1.45 s/step
step  3280/6000  loss  3.5757 (ce  2.241 aux  2.668 ref 0.0004)  train median    1.24 m   1.45 s/step
step  3300/6000  loss  4.1341 (ce  2.495 aux  3.278 ref 0.0004)  train median    1.96 m   1.45 s/step
step  3320/6000  loss  4.1461 (ce  2.597 aux  3.097 ref 0.0011)  train median    3.56 m   1.45 s/step
step  3340/6000  loss  3.8648 (ce  2.429 aux  2.871 ref 0.0017)  train median    3.20 m   1.45 s/step
step  3360/6000  loss  4.1421 (ce  2.484 aux  3.315 ref 0.0006)  train median    1.44 m   1.45 s/step
step  3380/6000  loss  4.3919 (ce  2.788 aux  3.206 ref 0.0015)  train median    2.46 m   1.45 s/step
step  3400/6000  loss  4.2064 (ce  2.663 aux  3.086 ref 0.0013)  train median    2.85 m   1.45 s/step
  eval  n=192  median   1.69 m /   61.4 ms  p90    5.42 m /   170.5 ms  worst  1370.74 m  within1  54.7%  within5  96.4%
        ks_black_cat_county__layout_short n=24  median   3.02 m /   82.8 ms  p90    8.04 m /   162.4 ms  worst  1370.74 m  within1  41.7%  within5  95.8%
        ks_brands_hatch__indy    n=16  median   0.87 m /   31.6 ms  p90    2.29 m /    70.5 ms  worst     4.33 m  within1  81.2%  within5 100.0%
        ks_highlands__layout_short n=16  median   0.73 m /   25.0 ms  p90    3.28 m /   115.6 ms  worst    22.69 m  within1  68.8%  within5  93.8%
        ks_laguna_seca           n=16  median   4.06 m /  125.9 ms  p90    9.29 m /   281.2 ms  worst   468.47 m  within1  25.0%  within5  87.5%
        ks_monza66__junior       n=8  median   0.99 m /   25.5 ms  p90    1.69 m /    51.7 ms  worst     1.98 m  within1 100.0%  within5 100.0%
        ks_nurburgring__layout_sprint_a n=24  median   2.85 m /   98.0 ms  p90    9.15 m /   298.3 ms  worst    17.81 m  within1  37.5%  within5  91.7%
        ks_red_bull_ring__layout_national n=16  median   2.61 m /   70.1 ms  p90    4.84 m /   130.4 ms  worst     6.85 m  within1  37.5%  within5 100.0%
        ks_vallelunga__club_circuit n=32  median   1.46 m /   51.8 ms  p90    4.17 m /   136.9 ms  worst     5.16 m  within1  62.5%  within5 100.0%
        magione                  n=40  median   1.49 m /   59.5 ms  p90    4.00 m /   161.7 ms  worst    17.77 m  within1  60.0%  within5  97.5%
step  3420/6000  loss  3.4781 (ce  2.258 aux  2.439 ref 0.0010)  train median    1.72 m   1.45 s/step
step  3440/6000  loss  4.3331 (ce  2.705 aux  3.255 ref 0.0010)  train median    2.87 m   1.45 s/step
step  3460/6000  loss  3.9786 (ce  2.528 aux  2.899 ref 0.0016)  train median    3.10 m   1.45 s/step
step  3480/6000  loss  4.3940 (ce  2.735 aux  3.318 ref 0.0003)  train median    2.78 m   1.45 s/step
step  3500/6000  loss  4.1127 (ce  2.589 aux  3.047 ref 0.0006)  train median    1.46 m   1.45 s/step
step  3520/6000  loss  4.2118 (ce  2.633 aux  3.157 ref 0.0015)  train median    3.44 m   1.45 s/step
step  3540/6000  loss  4.2465 (ce  2.859 aux  2.771 ref 0.0037)  train median    5.52 m   1.45 s/step
step  3560/6000  loss  4.1382 (ce  2.692 aux  2.889 ref 0.0025)  train median    2.63 m   1.45 s/step
step  3580/6000  loss  3.5365 (ce  2.233 aux  2.606 ref 0.0010)  train median    1.34 m   1.45 s/step
step  3600/6000  loss  3.7374 (ce  2.346 aux  2.781 ref 0.0012)  train median    2.91 m   1.45 s/step
  eval  n=192  median   1.60 m /   50.7 ms  p90    4.76 m /   152.1 ms  worst   459.98 m  within1  58.9%  within5  97.4%
        ks_black_cat_county__layout_short n=24  median   1.65 m /   53.3 ms  p90    4.00 m /   127.5 ms  worst    12.23 m  within1  62.5%  within5  95.8%
        ks_brands_hatch__indy    n=16  median   1.03 m /   35.2 ms  p90    3.74 m /    93.3 ms  worst     4.38 m  within1  81.2%  within5 100.0%
        ks_highlands__layout_short n=16  median   1.09 m /   39.3 ms  p90    3.49 m /   121.8 ms  worst    18.82 m  within1  68.8%  within5  93.8%
        ks_laguna_seca           n=16  median   2.17 m /   63.4 ms  p90    9.82 m /   297.8 ms  worst   459.98 m  within1  43.8%  within5  87.5%
        ks_monza66__junior       n=8  median   0.29 m /   10.9 ms  p90    1.44 m /    36.9 ms  worst     1.95 m  within1 100.0%  within5 100.0%
        ks_nurburgring__layout_sprint_a n=24  median   2.60 m /   74.8 ms  p90    6.61 m /   219.2 ms  worst    18.84 m  within1  45.8%  within5  95.8%
        ks_red_bull_ring__layout_national n=16  median   2.58 m /   72.0 ms  p90    3.98 m /   130.3 ms  worst     4.99 m  within1  31.2%  within5 100.0%
        ks_vallelunga__club_circuit n=32  median   1.53 m /   55.1 ms  p90    3.44 m /   111.7 ms  worst     4.76 m  within1  59.4%  within5 100.0%
        magione                  n=40  median   1.23 m /   44.0 ms  p90    4.98 m /   144.4 ms  worst     9.87 m  within1  60.0%  within5 100.0%
step  3620/6000  loss  3.9361 (ce  2.569 aux  2.733 ref 0.0016)  train median    3.05 m   1.45 s/step
step  3640/6000  loss  4.1026 (ce  2.546 aux  3.112 ref 0.0013)  train median    1.89 m   1.45 s/step
step  3660/6000  loss  4.3815 (ce  2.927 aux  2.905 ref 0.0036)  train median    4.46 m   1.45 s/step
step  3680/6000  loss  4.6207 (ce  2.986 aux  3.268 ref 0.0020)  train median    3.98 m   1.45 s/step
step  3700/6000  loss  3.7020 (ce  2.345 aux  2.713 ref 0.0010)  train median    2.67 m   1.45 s/step
step  3720/6000  loss  4.4927 (ce  2.870 aux  3.242 ref 0.0025)  train median    3.44 m   1.45 s/step
step  3740/6000  loss  3.9626 (ce  2.402 aux  3.121 ref 0.0008)  train median    2.14 m   1.45 s/step
step  3760/6000  loss  3.7289 (ce  2.417 aux  2.622 ref 0.0014)  train median    1.65 m   1.45 s/step
step  3780/6000  loss  3.5621 (ce  2.256 aux  2.611 ref 0.0011)  train median    1.62 m   1.45 s/step
step  3800/6000  loss  3.7640 (ce  2.398 aux  2.731 ref 0.0011)  train median    2.00 m   1.45 s/step
  eval  n=192  median   1.55 m /   53.8 ms  p90    4.65 m /   160.5 ms  worst  1371.12 m  within1  58.9%  within5  97.4%
        ks_black_cat_county__layout_short n=24  median   1.88 m /   53.5 ms  p90    7.03 m /   171.2 ms  worst  1371.12 m  within1  50.0%  within5  95.8%
        ks_brands_hatch__indy    n=16  median   0.99 m /   40.6 ms  p90    2.82 m /    81.5 ms  worst     4.09 m  within1  87.5%  within5 100.0%
        ks_highlands__layout_short n=16  median   1.13 m /   33.7 ms  p90    2.73 m /    98.5 ms  worst    22.42 m  within1  75.0%  within5  93.8%
        ks_laguna_seca           n=16  median   2.59 m /   72.9 ms  p90    7.19 m /   221.7 ms  worst    11.23 m  within1  37.5%  within5  93.8%
        ks_monza66__junior       n=8  median   0.74 m /   24.1 ms  p90    1.35 m /    42.5 ms  worst     2.11 m  within1  87.5%  within5 100.0%
        ks_nurburgring__layout_sprint_a n=24  median   2.61 m /   72.7 ms  p90    6.86 m /   210.3 ms  worst    10.66 m  within1  37.5%  within5  95.8%
        ks_red_bull_ring__layout_national n=16  median   2.10 m /   54.3 ms  p90    4.87 m /   160.3 ms  worst     6.58 m  within1  43.8%  within5 100.0%
        ks_vallelunga__club_circuit n=32  median   1.68 m /   59.5 ms  p90    3.82 m /   135.0 ms  worst     5.82 m  within1  56.2%  within5 100.0%
        magione                  n=40  median   1.37 m /   49.2 ms  p90    4.00 m /   143.2 ms  worst    16.22 m  within1  70.0%  within5  97.5%
step  3820/6000  loss  3.6838 (ce  2.282 aux  2.802 ref 0.0007)  train median    1.03 m   1.45 s/step
step  3840/6000  loss  3.8315 (ce  2.488 aux  2.686 ref 0.0015)  train median    3.50 m   1.45 s/step
step  3860/6000  loss  4.3941 (ce  2.661 aux  3.465 ref 0.0006)  train median    1.87 m   1.45 s/step
step  3880/6000  loss  3.6741 (ce  2.395 aux  2.558 ref 0.0013)  train median    2.81 m   1.45 s/step
step  3900/6000  loss  3.7018 (ce  2.346 aux  2.710 ref 0.0016)  train median    2.37 m   1.45 s/step
step  3920/6000  loss  3.9165 (ce  2.460 aux  2.913 ref 0.0005)  train median    1.84 m   1.45 s/step
step  3940/6000  loss  3.6764 (ce  2.304 aux  2.743 ref 0.0009)  train median    1.51 m   1.45 s/step
step  3960/6000  loss  3.8403 (ce  2.530 aux  2.619 ref 0.0011)  train median    1.90 m   1.45 s/step
step  3980/6000  loss  3.8337 (ce  2.458 aux  2.749 ref 0.0020)  train median    2.66 m   1.45 s/step
step  4000/6000  loss  3.9561 (ce  2.407 aux  3.098 ref 0.0003)  train median    1.84 m   1.45 s/step
  eval  n=192  median   1.47 m /   47.0 ms  p90    4.98 m /   151.8 ms  worst    16.47 m  within1  59.9%  within5  97.9%
        ks_black_cat_county__layout_short n=24  median   1.09 m /   45.6 ms  p90    5.52 m /   125.2 ms  worst     7.26 m  within1  70.8%  within5 100.0%
        ks_brands_hatch__indy    n=16  median   1.00 m /   28.5 ms  p90    2.43 m /    63.3 ms  worst     5.01 m  within1  81.2%  within5 100.0%
        ks_highlands__layout_short n=16  median   1.42 m /   42.5 ms  p90    3.74 m /   127.6 ms  worst    16.47 m  within1  68.8%  within5  93.8%
        ks_laguna_seca           n=16  median   2.57 m /   77.5 ms  p90    7.05 m /   224.7 ms  worst    10.46 m  within1  37.5%  within5  93.8%
        ks_monza66__junior       n=8  median   0.40 m /    9.9 ms  p90    1.20 m /    30.3 ms  worst     1.86 m  within1 100.0%  within5 100.0%
        ks_nurburgring__layout_sprint_a n=24  median   2.61 m /   87.4 ms  p90    8.36 m /   270.2 ms  worst    13.20 m  within1  33.3%  within5  95.8%
        ks_red_bull_ring__layout_national n=16  median   1.71 m /   55.7 ms  p90    4.75 m /   149.4 ms  worst     8.02 m  within1  50.0%  within5 100.0%
        ks_vallelunga__club_circuit n=32  median   1.75 m /   62.0 ms  p90    3.59 m /   113.6 ms  worst     4.63 m  within1  53.1%  within5 100.0%
        magione                  n=40  median   1.00 m /   34.5 ms  p90    4.45 m /   151.9 ms  worst    11.93 m  within1  67.5%  within5  97.5%
step  4020/6000  loss  3.7895 (ce  2.407 aux  2.763 ref 0.0012)  train median    2.73 m   1.45 s/step
step  4040/6000  loss  5.0402 (ce  3.442 aux  3.195 ref 0.0007)  train median    4.32 m   1.45 s/step
step  4060/6000  loss  3.7851 (ce  2.506 aux  2.557 ref 0.0016)  train median    3.20 m   1.45 s/step
step  4080/6000  loss  3.5704 (ce  2.297 aux  2.547 ref 0.0009)  train median    1.98 m   1.45 s/step
step  4100/6000  loss  3.8185 (ce  2.428 aux  2.781 ref 0.0009)  train median    1.58 m   1.45 s/step
step  4120/6000  loss  3.8180 (ce  2.424 aux  2.786 ref 0.0008)  train median    0.25 m   1.45 s/step
step  4140/6000  loss  3.7816 (ce  2.389 aux  2.784 ref 0.0014)  train median    2.03 m   1.45 s/step
step  4160/6000  loss  3.6219 (ce  2.319 aux  2.606 ref 0.0006)  train median    0.35 m   1.45 s/step
step  4180/6000  loss  3.6833 (ce  2.303 aux  2.759 ref 0.0010)  train median    1.69 m   1.45 s/step
step  4200/6000  loss  3.9047 (ce  2.488 aux  2.832 ref 0.0008)  train median    1.20 m   1.45 s/step
  eval  n=192  median   1.46 m /   50.6 ms  p90    5.64 m /   163.9 ms  worst   460.81 m  within1  62.0%  within5  97.9%
        ks_black_cat_county__layout_short n=24  median   1.45 m /   49.7 ms  p90    3.64 m /   119.3 ms  worst     7.29 m  within1  58.3%  within5 100.0%
        ks_brands_hatch__indy    n=16  median   0.88 m /   23.3 ms  p90    2.36 m /    80.0 ms  worst     6.52 m  within1  81.2%  within5 100.0%
        ks_highlands__layout_short n=16  median   1.22 m /   46.3 ms  p90    3.68 m /   134.4 ms  worst    19.88 m  within1  75.0%  within5  93.8%
        ks_laguna_seca           n=16  median   2.32 m /   77.6 ms  p90    9.15 m /   275.8 ms  worst   460.81 m  within1  43.8%  within5  87.5%
        ks_monza66__junior       n=8  median   0.52 m /   13.7 ms  p90    1.20 m /    29.2 ms  worst     1.46 m  within1 100.0%  within5 100.0%
        ks_nurburgring__layout_sprint_a n=24  median   2.08 m /   70.1 ms  p90    6.93 m /   205.8 ms  worst     7.26 m  within1  45.8%  within5 100.0%
        ks_red_bull_ring__layout_national n=16  median   2.33 m /   57.7 ms  p90    4.83 m /   156.7 ms  worst     5.96 m  within1  43.8%  within5 100.0%
        ks_vallelunga__club_circuit n=32  median   1.60 m /   57.8 ms  p90    3.96 m /   107.6 ms  worst    23.95 m  within1  59.4%  within5  96.9%
        magione                  n=40  median   1.29 m /   44.2 ms  p90    4.20 m /   104.9 ms  worst     8.34 m  within1  70.0%  within5 100.0%
step  4220/6000  loss  4.0592 (ce  2.448 aux  3.222 ref 0.0005)  train median    2.09 m   1.45 s/step
step  4240/6000  loss  4.1574 (ce  2.555 aux  3.205 ref 0.0005)  train median    3.33 m   1.45 s/step
step  4260/6000  loss  4.8012 (ce  3.083 aux  3.436 ref 0.0016)  train median    5.67 m   1.45 s/step
step  4280/6000  loss  4.5179 (ce  2.799 aux  3.436 ref 0.0016)  train median    6.04 m   1.45 s/step
step  4300/6000  loss  4.3446 (ce  2.705 aux  3.278 ref 0.0015)  train median    3.62 m   1.45 s/step
step  4320/6000  loss  4.0487 (ce  2.682 aux  2.732 ref 0.0023)  train median    3.53 m   1.45 s/step
step  4340/6000  loss  4.2992 (ce  2.811 aux  2.976 ref 0.0013)  train median    3.67 m   1.45 s/step
step  4360/6000  loss  3.9860 (ce  2.494 aux  2.984 ref 0.0010)  train median    3.38 m   1.45 s/step
step  4380/6000  loss  3.5625 (ce  2.292 aux  2.541 ref 0.0010)  train median    2.13 m   1.45 s/step
step  4400/6000  loss  3.6673 (ce  2.329 aux  2.675 ref 0.0009)  train median    1.61 m   1.45 s/step
  eval  n=192  median   1.45 m /   47.8 ms  p90    4.99 m /   148.2 ms  worst    18.54 m  within1  62.5%  within5  98.4%
        ks_black_cat_county__layout_short n=24  median   1.99 m /   61.7 ms  p90    3.87 m /   124.5 ms  worst     8.78 m  within1  50.0%  within5 100.0%
        ks_brands_hatch__indy    n=16  median   0.77 m /   26.6 ms  p90    1.81 m /    59.9 ms  worst     5.33 m  within1  93.8%  within5 100.0%
        ks_highlands__layout_short n=16  median   1.25 m /   48.9 ms  p90    3.55 m /   129.6 ms  worst    18.54 m  within1  68.8%  within5  93.8%
        ks_laguna_seca           n=16  median   1.98 m /   60.6 ms  p90    6.81 m /   231.5 ms  worst    14.01 m  within1  50.0%  within5  93.8%
        ks_monza66__junior       n=8  median   0.65 m /   19.2 ms  p90    1.38 m /    41.5 ms  worst     1.93 m  within1 100.0%  within5 100.0%
        ks_nurburgring__layout_sprint_a n=24  median   2.39 m /   73.0 ms  p90    7.39 m /   234.6 ms  worst     9.65 m  within1  41.7%  within5 100.0%
        ks_red_bull_ring__layout_national n=16  median   1.99 m /   50.2 ms  p90    3.96 m /   123.4 ms  worst     7.32 m  within1  50.0%  within5 100.0%
        ks_vallelunga__club_circuit n=32  median   1.61 m /   60.0 ms  p90    4.68 m /   120.4 ms  worst     6.46 m  within1  56.2%  within5 100.0%
        magione                  n=40  median   0.88 m /   40.2 ms  p90    3.43 m /   136.7 ms  worst    12.11 m  within1  75.0%  within5  97.5%
step  4420/6000  loss  3.8513 (ce  2.462 aux  2.777 ref 0.0012)  train median    1.74 m   1.45 s/step
step  4440/6000  loss  3.7472 (ce  2.431 aux  2.631 ref 0.0011)  train median    1.10 m   1.45 s/step
step  4460/6000  loss  3.7818 (ce  2.455 aux  2.652 ref 0.0012)  train median    1.45 m   1.45 s/step
step  4480/6000  loss  3.6386 (ce  2.384 aux  2.509 ref 0.0013)  train median    1.09 m   1.45 s/step
step  4500/6000  loss  4.0056 (ce  2.546 aux  2.918 ref 0.0019)  train median    3.73 m   1.45 s/step
step  4520/6000  loss  3.8552 (ce  2.433 aux  2.843 ref 0.0018)  train median    3.55 m   1.45 s/step
step  4540/6000  loss  3.7536 (ce  2.347 aux  2.812 ref 0.0008)  train median    1.59 m   1.45 s/step
step  4560/6000  loss  3.7384 (ce  2.374 aux  2.728 ref 0.0010)  train median    1.79 m   1.45 s/step
step  4580/6000  loss  4.7204 (ce  3.124 aux  3.193 ref 0.0011)  train median    3.10 m   1.45 s/step
step  4600/6000  loss  3.8561 (ce  2.421 aux  2.870 ref 0.0006)  train median    1.71 m   1.45 s/step
  eval  n=192  median   1.16 m /   39.6 ms  p90    4.79 m /   154.3 ms  worst    15.55 m  within1  67.2%  within5  98.4%
        ks_black_cat_county__layout_short n=24  median   1.44 m /   48.0 ms  p90    5.46 m /   125.5 ms  worst     9.58 m  within1  62.5%  within5 100.0%
        ks_brands_hatch__indy    n=16  median   0.83 m /   25.2 ms  p90    1.08 m /    39.3 ms  worst     4.94 m  within1  93.8%  within5 100.0%
        ks_highlands__layout_short n=16  median   1.14 m /   49.4 ms  p90    3.56 m /   124.4 ms  worst    15.55 m  within1  68.8%  within5  93.8%
        ks_laguna_seca           n=16  median   1.60 m /   62.6 ms  p90    7.04 m /   196.2 ms  worst    11.47 m  within1  56.2%  within5  93.8%
        ks_monza66__junior       n=8  median   0.33 m /   11.6 ms  p90    1.09 m /    29.4 ms  worst     1.61 m  within1 100.0%  within5 100.0%
        ks_nurburgring__layout_sprint_a n=24  median   1.96 m /   59.7 ms  p90    7.06 m /   223.2 ms  worst     7.85 m  within1  54.2%  within5 100.0%
        ks_red_bull_ring__layout_national n=16  median   1.86 m /   50.4 ms  p90    3.81 m /   110.7 ms  worst     4.46 m  within1  50.0%  within5 100.0%
        ks_vallelunga__club_circuit n=32  median   1.37 m /   46.2 ms  p90    4.17 m /   122.2 ms  worst     4.90 m  within1  65.6%  within5 100.0%
        magione                  n=40  median   0.69 m /   26.9 ms  p90    4.50 m /   156.2 ms  worst    13.46 m  within1  72.5%  within5  97.5%
step  4620/6000  loss  4.2234 (ce  2.758 aux  2.929 ref 0.0018)  train median    3.82 m   1.46 s/step
step  4640/6000  loss  3.5697 (ce  2.275 aux  2.589 ref 0.0011)  train median    1.38 m   1.46 s/step
step  4660/6000  loss  3.9557 (ce  2.413 aux  3.084 ref 0.0009)  train median    1.47 m   1.46 s/step
step  4680/6000  loss  3.6761 (ce  2.344 aux  2.664 ref 0.0010)  train median    1.41 m   1.46 s/step
step  4700/6000  loss  3.6473 (ce  2.327 aux  2.640 ref 0.0006)  train median    1.01 m   1.46 s/step
step  4720/6000  loss  3.8847 (ce  2.475 aux  2.819 ref 0.0017)  train median    1.50 m   1.46 s/step
step  4740/6000  loss  3.9020 (ce  2.472 aux  2.860 ref 0.0010)  train median    4.06 m   1.46 s/step
step  4760/6000  loss  4.4264 (ce  2.841 aux  3.170 ref 0.0008)  train median    3.11 m   1.46 s/step
step  4780/6000  loss  4.6347 (ce  2.994 aux  3.281 ref 0.0009)  train median    5.03 m   1.46 s/step
step  4800/6000  loss  3.7031 (ce  2.388 aux  2.630 ref 0.0011)  train median    0.90 m   1.46 s/step
  eval  n=192  median   1.23 m /   38.2 ms  p90    5.15 m /   146.4 ms  worst    15.69 m  within1  66.7%  within5  98.4%
        ks_black_cat_county__layout_short n=24  median   1.44 m /   45.4 ms  p90    6.53 m /   141.1 ms  worst     9.30 m  within1  62.5%  within5 100.0%
        ks_brands_hatch__indy    n=16  median   0.91 m /   28.7 ms  p90    1.89 m /    58.3 ms  worst     3.92 m  within1  87.5%  within5 100.0%
        ks_highlands__layout_short n=16  median   1.02 m /   38.5 ms  p90    3.42 m /   124.8 ms  worst    15.69 m  within1  68.8%  within5  93.8%
        ks_laguna_seca           n=16  median   1.63 m /   58.9 ms  p90    5.26 m /   178.8 ms  worst    12.44 m  within1  56.2%  within5  93.8%
        ks_monza66__junior       n=8  median   0.44 m /   10.3 ms  p90    1.09 m /    29.7 ms  worst     1.58 m  within1 100.0%  within5 100.0%
        ks_nurburgring__layout_sprint_a n=24  median   1.57 m /   56.9 ms  p90    7.39 m /   239.8 ms  worst     8.79 m  within1  54.2%  within5 100.0%
        ks_red_bull_ring__layout_national n=16  median   1.70 m /   56.2 ms  p90    4.02 m /   106.7 ms  worst     4.96 m  within1  56.2%  within5 100.0%
        ks_vallelunga__club_circuit n=32  median   1.11 m /   35.8 ms  p90    3.94 m /   121.2 ms  worst     5.35 m  within1  62.5%  within5 100.0%
        magione                  n=40  median   1.01 m /   36.6 ms  p90    4.71 m /   163.1 ms  worst    13.21 m  within1  72.5%  within5  97.5%
step  4820/6000  loss  3.8050 (ce  2.445 aux  2.719 ref 0.0018)  train median    3.29 m   1.46 s/step
step  4840/6000  loss  3.7774 (ce  2.390 aux  2.774 ref 0.0008)  train median    2.55 m   1.46 s/step
step  4860/6000  loss  3.6796 (ce  2.389 aux  2.580 ref 0.0017)  train median    2.30 m   1.46 s/step
step  4880/6000  loss  3.8463 (ce  2.423 aux  2.845 ref 0.0012)  train median    2.33 m   1.46 s/step
step  4900/6000  loss  3.8310 (ce  2.445 aux  2.770 ref 0.0017)  train median    2.15 m   1.46 s/step
step  4920/6000  loss  3.6170 (ce  2.247 aux  2.740 ref 0.0005)  train median    1.22 m   1.46 s/step
step  4940/6000  loss  3.7033 (ce  2.349 aux  2.708 ref 0.0008)  train median    2.22 m   1.46 s/step
step  4960/6000  loss  4.2152 (ce  2.756 aux  2.917 ref 0.0013)  train median    3.44 m   1.46 s/step
step  4980/6000  loss  4.0816 (ce  2.469 aux  3.224 ref 0.0004)  train median    2.02 m   1.46 s/step
step  5000/6000  loss  3.7639 (ce  2.390 aux  2.746 ref 0.0014)  train median    1.98 m   1.46 s/step
  eval  n=192  median   1.33 m /   44.8 ms  p90    4.65 m /   147.9 ms  worst    14.10 m  within1  65.1%  within5  99.0%
        ks_black_cat_county__layout_short n=24  median   1.67 m /   44.5 ms  p90    5.03 m /   125.9 ms  worst     9.67 m  within1  66.7%  within5 100.0%
        ks_brands_hatch__indy    n=16  median   0.60 m /   21.8 ms  p90    3.25 m /    93.6 ms  worst     6.40 m  within1  81.2%  within5 100.0%
        ks_highlands__layout_short n=16  median   0.59 m /   23.6 ms  p90    3.04 m /    97.2 ms  worst     5.90 m  within1  75.0%  within5 100.0%
        ks_laguna_seca           n=16  median   2.25 m /   80.0 ms  p90    5.65 m /   182.4 ms  worst    14.10 m  within1  50.0%  within5  93.8%
        ks_monza66__junior       n=8  median   0.77 m /   23.4 ms  p90    1.17 m /    35.5 ms  worst     1.36 m  within1 100.0%  within5 100.0%
        ks_nurburgring__layout_sprint_a n=24  median   1.80 m /   55.8 ms  p90    6.57 m /   209.0 ms  worst     8.31 m  within1  54.2%  within5 100.0%
        ks_red_bull_ring__layout_national n=16  median   2.05 m /   54.1 ms  p90    3.68 m /   116.1 ms  worst     5.69 m  within1  50.0%  within5 100.0%
        ks_vallelunga__club_circuit n=32  median   1.66 m /   62.8 ms  p90    3.79 m /   112.7 ms  worst     4.91 m  within1  59.4%  within5 100.0%
        magione                  n=40  median   0.91 m /   38.4 ms  p90    4.36 m /   159.4 ms  worst    13.30 m  within1  70.0%  within5  97.5%
step  5020/6000  loss  3.6673 (ce  2.356 aux  2.621 ref 0.0011)  train median    1.36 m   1.46 s/step
step  5040/6000  loss  3.8040 (ce  2.424 aux  2.758 ref 0.0011)  train median    1.59 m   1.46 s/step
step  5060/6000  loss  3.7399 (ce  2.413 aux  2.653 ref 0.0011)  train median    1.85 m   1.46 s/step
step  5080/6000  loss  3.3617 (ce  2.153 aux  2.416 ref 0.0005)  train median    0.80 m   1.46 s/step
step  5100/6000  loss  3.8738 (ce  2.450 aux  2.845 ref 0.0012)  train median    1.87 m   1.46 s/step
step  5120/6000  loss  3.6275 (ce  2.288 aux  2.679 ref 0.0005)  train median    1.16 m   1.46 s/step
step  5140/6000  loss  4.1636 (ce  2.491 aux  3.345 ref 0.0003)  train median    1.47 m   1.46 s/step
step  5160/6000  loss  4.0033 (ce  2.513 aux  2.981 ref 0.0005)  train median    2.18 m   1.46 s/step
step  5180/6000  loss  3.7438 (ce  2.328 aux  2.831 ref 0.0004)  train median    1.48 m   1.46 s/step
step  5200/6000  loss  3.5485 (ce  2.306 aux  2.483 ref 0.0009)  train median    1.19 m   1.46 s/step
  eval  n=192  median   1.30 m /   39.8 ms  p90    4.83 m /   147.6 ms  worst    13.23 m  within1  63.5%  within5  99.0%
        ks_black_cat_county__layout_short n=24  median   1.60 m /   48.2 ms  p90    5.13 m /   118.1 ms  worst     9.03 m  within1  58.3%  within5 100.0%
        ks_brands_hatch__indy    n=16  median   0.71 m /   20.2 ms  p90    2.77 m /    81.5 ms  worst     5.05 m  within1  87.5%  within5 100.0%
        ks_highlands__layout_short n=16  median   1.08 m /   33.2 ms  p90    3.38 m /   124.5 ms  worst     5.49 m  within1  68.8%  within5 100.0%
        ks_laguna_seca           n=16  median   2.11 m /   66.3 ms  p90    5.02 m /   158.4 ms  worst    13.23 m  within1  43.8%  within5  93.8%
        ks_monza66__junior       n=8  median   0.24 m /    7.0 ms  p90    1.28 m /    34.8 ms  worst     1.64 m  within1 100.0%  within5 100.0%
        ks_nurburgring__layout_sprint_a n=24  median   1.49 m /   57.9 ms  p90    7.08 m /   217.0 ms  worst     7.77 m  within1  58.3%  within5 100.0%
        ks_red_bull_ring__layout_national n=16  median   2.41 m /   65.6 ms  p90    4.21 m /   113.1 ms  worst     4.63 m  within1  31.2%  within5 100.0%
        ks_vallelunga__club_circuit n=32  median   1.23 m /   45.9 ms  p90    4.05 m /   130.3 ms  worst     6.27 m  within1  65.6%  within5 100.0%
        magione                  n=40  median   1.04 m /   34.6 ms  p90    4.52 m /   148.4 ms  worst    12.10 m  within1  70.0%  within5  97.5%
step  5220/6000  loss  4.0980 (ce  2.762 aux  2.670 ref 0.0022)  train median    2.70 m   1.46 s/step
step  5240/6000  loss  4.0586 (ce  2.573 aux  2.969 ref 0.0019)  train median    3.01 m   1.46 s/step
step  5260/6000  loss  3.9853 (ce  2.547 aux  2.876 ref 0.0018)  train median    3.25 m   1.46 s/step
step  5280/6000  loss  3.9618 (ce  2.581 aux  2.759 ref 0.0019)  train median    3.33 m   1.46 s/step
step  5300/6000  loss  3.9836 (ce  2.605 aux  2.756 ref 0.0016)  train median    2.29 m   1.46 s/step
step  5320/6000  loss  4.1955 (ce  2.741 aux  2.909 ref 0.0012)  train median    3.28 m   1.46 s/step
step  5340/6000  loss  4.3403 (ce  2.774 aux  3.132 ref 0.0014)  train median    3.12 m   1.46 s/step
step  5360/6000  loss  3.5580 (ce  2.258 aux  2.598 ref 0.0010)  train median    1.43 m   1.46 s/step
step  5380/6000  loss  3.6306 (ce  2.318 aux  2.624 ref 0.0008)  train median    0.70 m   1.46 s/step
step  5400/6000  loss  3.7664 (ce  2.372 aux  2.788 ref 0.0005)  train median    0.93 m   1.46 s/step
  eval  n=192  median   1.25 m /   39.0 ms  p90    4.99 m /   139.4 ms  worst    14.00 m  within1  67.2%  within5  99.0%
        ks_black_cat_county__layout_short n=24  median   1.48 m /   44.0 ms  p90    5.24 m /   120.5 ms  worst     7.89 m  within1  62.5%  within5 100.0%
        ks_brands_hatch__indy    n=16  median   0.45 m /   15.3 ms  p90    2.99 m /    84.5 ms  worst     5.01 m  within1  87.5%  within5 100.0%
        ks_highlands__layout_short n=16  median   1.06 m /   29.9 ms  p90    2.98 m /   106.7 ms  worst     5.58 m  within1  75.0%  within5 100.0%
        ks_laguna_seca           n=16  median   2.37 m /   69.2 ms  p90    5.54 m /   174.5 ms  worst    14.00 m  within1  43.8%  within5  93.8%
        ks_monza66__junior       n=8  median   0.47 m /   14.0 ms  p90    1.21 m /    32.1 ms  worst     1.40 m  within1 100.0%  within5 100.0%
        ks_nurburgring__layout_sprint_a n=24  median   1.48 m /   51.0 ms  p90    6.46 m /   196.6 ms  worst     7.79 m  within1  62.5%  within5 100.0%
        ks_red_bull_ring__layout_national n=16  median   2.07 m /   61.5 ms  p90    3.72 m /   119.7 ms  worst     5.53 m  within1  50.0%  within5 100.0%
        ks_vallelunga__club_circuit n=32  median   1.42 m /   48.4 ms  p90    3.74 m /   126.3 ms  worst     5.36 m  within1  68.8%  within5 100.0%
        magione                  n=40  median   1.07 m /   32.1 ms  p90    4.21 m /   138.0 ms  worst    12.26 m  within1  70.0%  within5  97.5%
step  5420/6000  loss  4.3142 (ce  2.568 aux  3.491 ref 0.0003)  train median    1.20 m   1.46 s/step
step  5440/6000  loss  3.5569 (ce  2.273 aux  2.567 ref 0.0008)  train median    1.04 m   1.46 s/step
step  5460/6000  loss  3.9103 (ce  2.531 aux  2.756 ref 0.0017)  train median    2.92 m   1.46 s/step
step  5480/6000  loss  4.2293 (ce  2.544 aux  3.371 ref 0.0004)  train median    2.70 m   1.46 s/step
step  5500/6000  loss  3.6319 (ce  2.308 aux  2.648 ref 0.0013)  train median    2.03 m   1.46 s/step
step  5520/6000  loss  3.9289 (ce  2.458 aux  2.940 ref 0.0013)  train median    3.07 m   1.46 s/step
step  5540/6000  loss  3.6707 (ce  2.314 aux  2.713 ref 0.0011)  train median    1.36 m   1.46 s/step
step  5560/6000  loss  3.5698 (ce  2.232 aux  2.675 ref 0.0008)  train median    1.61 m   1.46 s/step
step  5580/6000  loss  3.9158 (ce  2.470 aux  2.890 ref 0.0009)  train median    2.26 m   1.46 s/step
step  5600/6000  loss  4.5335 (ce  2.946 aux  3.174 ref 0.0009)  train median    2.30 m   1.46 s/step
  eval  n=192  median   1.20 m /   38.8 ms  p90    4.88 m /   140.2 ms  worst    14.05 m  within1  67.2%  within5  99.0%
        ks_black_cat_county__layout_short n=24  median   1.39 m /   42.4 ms  p90    5.13 m /   118.6 ms  worst     8.72 m  within1  62.5%  within5 100.0%
        ks_brands_hatch__indy    n=16  median   0.71 m /   22.5 ms  p90    2.36 m /    72.4 ms  worst     5.92 m  within1  87.5%  within5 100.0%
        ks_highlands__layout_short n=16  median   1.28 m /   42.1 ms  p90    3.34 m /   117.7 ms  worst     5.07 m  within1  68.8%  within5 100.0%
        ks_laguna_seca           n=16  median   1.90 m /   66.5 ms  p90    5.19 m /   165.5 ms  worst    14.05 m  within1  50.0%  within5  93.8%
        ks_monza66__junior       n=8  median   0.45 m /   13.4 ms  p90    1.28 m /    35.4 ms  worst     1.67 m  within1 100.0%  within5 100.0%
        ks_nurburgring__layout_sprint_a n=24  median   1.40 m /   49.6 ms  p90    6.76 m /   203.4 ms  worst     7.36 m  within1  62.5%  within5 100.0%
        ks_red_bull_ring__layout_national n=16  median   2.15 m /   58.9 ms  p90    3.81 m /   120.7 ms  worst     4.92 m  within1  43.8%  within5 100.0%
        ks_vallelunga__club_circuit n=32  median   1.10 m /   41.6 ms  p90    3.61 m /   126.9 ms  worst     6.25 m  within1  65.6%  within5 100.0%
        magione                  n=40  median   1.12 m /   35.5 ms  p90    4.24 m /   144.2 ms  worst    11.65 m  within1  75.0%  within5  97.5%
step  5620/6000  loss  3.6246 (ce  2.355 aux  2.537 ref 0.0010)  train median    1.01 m   1.46 s/step
step  5640/6000  loss  3.8933 (ce  2.583 aux  2.619 ref 0.0012)  train median    0.93 m   1.46 s/step
step  5660/6000  loss  3.6298 (ce  2.330 aux  2.599 ref 0.0010)  train median    1.64 m   1.46 s/step
step  5680/6000  loss  3.9110 (ce  2.397 aux  3.028 ref 0.0008)  train median    1.50 m   1.46 s/step
step  5700/6000  loss  4.0127 (ce  2.606 aux  2.812 ref 0.0014)  train median    1.72 m   1.46 s/step
step  5720/6000  loss  3.6750 (ce  2.395 aux  2.559 ref 0.0012)  train median    1.88 m   1.46 s/step
step  5740/6000  loss  3.6488 (ce  2.334 aux  2.629 ref 0.0014)  train median    2.64 m   1.46 s/step
step  5760/6000  loss  3.8294 (ce  2.424 aux  2.809 ref 0.0012)  train median    2.71 m   1.46 s/step
step  5780/6000  loss  3.4108 (ce  2.197 aux  2.428 ref 0.0005)  train median    0.87 m   1.45 s/step
step  5800/6000  loss  3.4390 (ce  2.198 aux  2.480 ref 0.0008)  train median    1.25 m   1.45 s/step
  eval  n=192  median   1.19 m /   40.2 ms  p90    4.78 m /   137.7 ms  worst    13.81 m  within1  67.2%  within5  99.0%
        ks_black_cat_county__layout_short n=24  median   1.43 m /   41.3 ms  p90    4.99 m /   116.6 ms  worst     8.70 m  within1  62.5%  within5 100.0%
        ks_brands_hatch__indy    n=16  median   0.66 m /   22.3 ms  p90    2.62 m /    79.6 ms  worst     6.04 m  within1  87.5%  within5 100.0%
        ks_highlands__layout_short n=16  median   1.23 m /   39.6 ms  p90    3.24 m /   115.2 ms  worst     5.23 m  within1  68.8%  within5 100.0%
        ks_laguna_seca           n=16  median   1.87 m /   66.2 ms  p90    5.21 m /   166.2 ms  worst    13.81 m  within1  50.0%  within5  93.8%
        ks_monza66__junior       n=8  median   0.44 m /   12.6 ms  p90    1.28 m /    35.5 ms  worst     1.62 m  within1 100.0%  within5 100.0%
        ks_nurburgring__layout_sprint_a n=24  median   1.54 m /   46.7 ms  p90    6.78 m /   203.3 ms  worst     7.42 m  within1  62.5%  within5 100.0%
        ks_red_bull_ring__layout_national n=16  median   2.20 m /   61.1 ms  p90    3.79 m /   121.9 ms  worst     5.03 m  within1  43.8%  within5 100.0%
        ks_vallelunga__club_circuit n=32  median   1.16 m /   42.9 ms  p90    3.70 m /   123.9 ms  worst     5.95 m  within1  68.8%  within5 100.0%
        magione                  n=40  median   1.09 m /   35.2 ms  p90    4.14 m /   144.8 ms  worst    11.85 m  within1  72.5%  within5  97.5%
step  5820/6000  loss  3.6575 (ce  2.284 aux  2.747 ref 0.0005)  train median    1.92 m   1.46 s/step
step  5840/6000  loss  3.5039 (ce  2.217 aux  2.573 ref 0.0008)  train median    1.76 m   1.46 s/step
step  5860/6000  loss  3.7189 (ce  2.339 aux  2.758 ref 0.0010)  train median    1.62 m   1.45 s/step
step  5880/6000  loss  3.7186 (ce  2.413 aux  2.610 ref 0.0013)  train median    1.66 m   1.45 s/step
step  5900/6000  loss  3.6594 (ce  2.286 aux  2.747 ref 0.0006)  train median    1.09 m   1.45 s/step
step  5920/6000  loss  3.5954 (ce  2.263 aux  2.664 ref 0.0010)  train median    1.41 m   1.45 s/step
step  5940/6000  loss  3.5104 (ce  2.231 aux  2.558 ref 0.0005)  train median    1.01 m   1.45 s/step
step  5960/6000  loss  3.6224 (ce  2.320 aux  2.603 ref 0.0013)  train median    1.58 m   1.45 s/step
step  5980/6000  loss  3.5772 (ce  2.244 aux  2.666 ref 0.0009)  train median    1.68 m   1.46 s/step
step  6000/6000  loss  3.5425 (ce  2.283 aux  2.518 ref 0.0009)  train median    2.15 m   1.46 s/step
  eval  n=192  median   1.22 m /   39.5 ms  p90    4.77 m /   138.8 ms  worst    13.89 m  within1  66.7%  within5  99.0%
        ks_black_cat_county__layout_short n=24  median   1.43 m /   42.9 ms  p90    5.00 m /   117.1 ms  worst     8.77 m  within1  62.5%  within5 100.0%
        ks_brands_hatch__indy    n=16  median   0.69 m /   23.7 ms  p90    2.59 m /    78.7 ms  worst     6.19 m  within1  87.5%  within5 100.0%
        ks_highlands__layout_short n=16  median   1.26 m /   41.2 ms  p90    3.25 m /   115.9 ms  worst     5.18 m  within1  68.8%  within5 100.0%
        ks_laguna_seca           n=16  median   1.85 m /   65.4 ms  p90    5.19 m /   165.7 ms  worst    13.89 m  within1  50.0%  within5  93.8%
        ks_monza66__junior       n=8  median   0.42 m /   12.8 ms  p90    1.30 m /    36.0 ms  worst     1.64 m  within1 100.0%  within5 100.0%
        ks_nurburgring__layout_sprint_a n=24  median   1.50 m /   47.0 ms  p90    6.75 m /   202.6 ms  worst     7.37 m  within1  62.5%  within5 100.0%
        ks_red_bull_ring__layout_national n=16  median   2.21 m /   60.0 ms  p90    3.80 m /   120.7 ms  worst     4.95 m  within1  43.8%  within5 100.0%
        ks_vallelunga__club_circuit n=32  median   1.12 m /   42.8 ms  p90    3.72 m /   124.5 ms  worst     6.07 m  within1  65.6%  within5 100.0%
        magione                  n=40  median   1.10 m /   36.0 ms  p90    4.17 m /   145.4 ms  worst    11.87 m  within1  72.5%  within5  97.5%

best eval median 1.16 m; artifacts in /Users/pvodopija/code/primal/runs/v3_mobilenet_wide_s0_base
