gate g1: held-out laps of seen tracks; full augmentation
train tracks ['ks_black_cat_county__layout_short', 'ks_brands_hatch__indy', 'ks_red_bull_ring__layout_national', 'ks_vallelunga__club_circuit', 'magione'] (111 laps usable)
eval  tracks ['ks_black_cat_county__layout_short', 'ks_brands_hatch__indy', 'ks_red_bull_ring__layout_national', 'ks_vallelunga__club_circuit', 'magione'], split=train
held out as live-only: ['ks_black_cat_county__layout_short__20260923T183526Z__lap08', 'ks_brands_hatch__indy__20260921T221531Z__lap02', 'ks_red_bull_ring__layout_national__20260923T174436Z__lap15', 'ks_vallelunga__club_circuit__20260922T223945Z__lap07', 'magione__default__20260922T231051Z__lap06']
frame 148x80, reference bins 3227
model 0.67M params on mps

step     1/6000  loss 10.4107 (ce  7.193 aux  6.436 ref 0.0000)  train median  419.80 m   1.53 s/step
step    20/6000  loss  9.7424 (ce  7.050 aux  5.386 ref 0.0000)  train median  660.19 m   0.38 s/step
step    40/6000  loss  9.8539 (ce  7.246 aux  5.217 ref 0.0000)  train median  470.14 m   0.34 s/step
step    60/6000  loss  8.9829 (ce  6.500 aux  4.962 ref 0.0042)  train median   17.50 m   0.34 s/step
step    80/6000  loss  8.2155 (ce  5.906 aux  4.614 ref 0.0051)  train median   18.45 m   0.34 s/step
step   100/6000  loss  9.5585 (ce  6.563 aux  5.990 ref 0.0008)  train median   29.20 m   0.34 s/step
step   120/6000  loss  8.8511 (ce  6.017 aux  5.666 ref 0.0019)  train median  588.08 m   0.34 s/step
step   140/6000  loss  6.6600 (ce  4.487 aux  4.345 ref 0.0017)  train median   12.32 m   0.33 s/step
step   160/6000  loss  5.9660 (ce  3.929 aux  4.071 ref 0.0028)  train median   10.59 m   0.34 s/step
step   180/6000  loss  7.1577 (ce  4.671 aux  4.972 ref 0.0006)  train median    6.82 m   0.34 s/step
step   200/6000  loss  6.2670 (ce  4.117 aux  4.297 ref 0.0030)  train median   19.19 m   0.34 s/step
  eval  n=192  median   6.75 m /  237.8 ms  p90  159.62 m /  5856.0 ms  worst  2690.11 m  within1  19.8%  within5  62.0%
        ks_black_cat_county__layout_short n=32  median   4.44 m /  118.9 ms  p90   34.81 m /   640.2 ms  worst  2690.11 m  within1  21.9%  within5  68.8%
        ks_brands_hatch__indy    n=32  median  60.43 m / 1775.6 ms  p90  639.25 m / 18842.7 ms  worst   951.49 m  within1   9.4%  within5  18.8%
        ks_red_bull_ring__layout_national n=24  median   6.57 m /  208.3 ms  p90   17.76 m /   462.4 ms  worst   589.30 m  within1  12.5%  within5  70.8%
        ks_vallelunga__club_circuit n=48  median   5.21 m /  195.3 ms  p90   39.26 m /  1485.7 ms  worst   783.64 m  within1  25.0%  within5  64.6%
        magione                  n=56  median   5.82 m /  213.2 ms  p90   41.17 m /  1294.5 ms  worst   177.16 m  within1  23.2%  within5  76.8%
step   220/6000  loss  9.3789 (ce  6.535 aux  5.688 ref 0.0002)  train median   65.40 m   0.37 s/step
step   240/6000  loss  5.0846 (ce  3.184 aux  3.800 ref 0.0016)  train median    1.40 m   0.37 s/step
step   260/6000  loss  4.6027 (ce  2.853 aux  3.497 ref 0.0017)  train median    4.58 m   0.37 s/step
step   280/6000  loss  5.6156 (ce  3.576 aux  4.078 ref 0.0021)  train median    6.81 m   0.37 s/step
step   300/6000  loss  4.6189 (ce  2.800 aux  3.638 ref 0.0006)  train median    1.44 m   0.37 s/step
step   320/6000  loss  4.3050 (ce  2.656 aux  3.297 ref 0.0015)  train median    2.26 m   0.37 s/step
step   340/6000  loss  8.3231 (ce  5.727 aux  5.189 ref 0.0037)  train median   24.99 m   0.38 s/step
step   360/6000  loss  4.9226 (ce  3.133 aux  3.578 ref 0.0018)  train median    4.03 m   0.37 s/step
step   380/6000  loss  4.7636 (ce  2.957 aux  3.609 ref 0.0031)  train median    5.29 m   0.38 s/step
step   400/6000  loss  4.4478 (ce  2.798 aux  3.298 ref 0.0019)  train median    3.49 m   0.37 s/step
  eval  n=192  median   4.39 m /  152.0 ms  p90   43.35 m /  1248.3 ms  worst   941.12 m  within1  27.1%  within5  72.9%
        ks_black_cat_county__layout_short n=32  median   4.41 m /  122.8 ms  p90   18.42 m /   401.9 ms  worst    60.37 m  within1  28.1%  within5  78.1%
        ks_brands_hatch__indy    n=32  median  28.46 m /  697.9 ms  p90  543.42 m / 16521.9 ms  worst   941.12 m  within1   9.4%  within5  28.1%
        ks_red_bull_ring__layout_national n=24  median   4.40 m /  125.2 ms  p90   11.36 m /   276.8 ms  worst    22.69 m  within1  20.8%  within5  83.3%
        ks_vallelunga__club_circuit n=48  median   3.66 m /  137.2 ms  p90   18.14 m /   453.3 ms  worst   790.44 m  within1  33.3%  within5  81.2%
        magione                  n=56  median   3.55 m /  139.7 ms  p90   23.81 m /   977.4 ms  worst   582.30 m  within1  33.9%  within5  83.9%
step   420/6000  loss  5.2577 (ce  3.403 aux  3.706 ref 0.0030)  train median    6.74 m   0.38 s/step
step   440/6000  loss  5.0643 (ce  3.245 aux  3.636 ref 0.0020)  train median    5.66 m   0.39 s/step
step   460/6000  loss  4.5084 (ce  2.816 aux  3.384 ref 0.0014)  train median    3.17 m   0.39 s/step
step   480/6000  loss  5.2422 (ce  3.392 aux  3.699 ref 0.0009)  train median    2.86 m   0.39 s/step
step   500/6000  loss  5.2271 (ce  3.408 aux  3.636 ref 0.0023)  train median    5.88 m   0.38 s/step
step   520/6000  loss  3.8003 (ce  2.391 aux  2.817 ref 0.0011)  train median    2.30 m   0.38 s/step
step   540/6000  loss  4.6672 (ce  2.941 aux  3.448 ref 0.0033)  train median    4.75 m   0.38 s/step
step   560/6000  loss  3.9859 (ce  2.432 aux  3.107 ref 0.0015)  train median    2.25 m   0.37 s/step
step   580/6000  loss  3.8145 (ce  2.405 aux  2.818 ref 0.0012)  train median    2.38 m   0.37 s/step
step   600/6000  loss  4.3778 (ce  2.862 aux  3.028 ref 0.0024)  train median    3.60 m   0.37 s/step
  eval  n=192  median   3.11 m /  110.0 ms  p90   14.13 m /   397.5 ms  worst   950.06 m  within1  31.2%  within5  83.9%
        ks_black_cat_county__layout_short n=32  median   2.86 m /   84.8 ms  p90   20.51 m /   422.1 ms  worst    57.38 m  within1  34.4%  within5  78.1%
        ks_brands_hatch__indy    n=32  median   6.93 m /  201.7 ms  p90   29.04 m /   679.6 ms  worst   950.06 m  within1  21.9%  within5  68.8%
        ks_red_bull_ring__layout_national n=24  median   2.91 m /   85.1 ms  p90    8.06 m /   178.7 ms  worst    13.44 m  within1  25.0%  within5  91.7%
        ks_vallelunga__club_circuit n=48  median   3.13 m /  117.7 ms  p90    9.78 m /   316.2 ms  worst    39.61 m  within1  37.5%  within5  91.7%
        magione                  n=56  median   2.90 m /  112.7 ms  p90   20.60 m /   878.4 ms  worst    99.56 m  within1  32.1%  within5  85.7%
step   620/6000  loss  5.8087 (ce  3.665 aux  4.287 ref 0.0011)  train median   10.55 m   0.38 s/step
step   640/6000  loss  4.8159 (ce  3.056 aux  3.517 ref 0.0032)  train median    5.80 m   0.39 s/step
step   660/6000  loss  4.0672 (ce  2.569 aux  2.995 ref 0.0013)  train median    1.39 m   0.39 s/step
step   680/6000  loss  4.4380 (ce  2.801 aux  3.272 ref 0.0015)  train median    3.91 m   0.38 s/step
step   700/6000  loss  4.8258 (ce  3.027 aux  3.596 ref 0.0017)  train median    3.81 m   0.38 s/step
step   720/6000  loss  5.2285 (ce  3.375 aux  3.706 ref 0.0020)  train median    4.93 m   0.38 s/step
step   740/6000  loss  5.3179 (ce  3.359 aux  3.917 ref 0.0012)  train median   10.89 m   0.39 s/step
step   760/6000  loss  4.7201 (ce  2.834 aux  3.773 ref 0.0006)  train median    3.23 m   0.39 s/step
step   780/6000  loss  5.7812 (ce  3.731 aux  4.099 ref 0.0009)  train median    4.17 m   0.39 s/step
step   800/6000  loss  5.8008 (ce  3.812 aux  3.975 ref 0.0024)  train median    5.23 m   0.39 s/step
  eval  n=192  median   3.18 m /  105.5 ms  p90   14.88 m /   403.9 ms  worst   604.64 m  within1  33.9%  within5  85.4%
        ks_black_cat_county__layout_short n=32  median   2.70 m /   79.4 ms  p90    8.26 m /   275.4 ms  worst    60.23 m  within1  37.5%  within5  90.6%
        ks_brands_hatch__indy    n=32  median   6.73 m /  182.3 ms  p90   25.88 m /  1007.7 ms  worst   604.64 m  within1  18.8%  within5  65.6%
        ks_red_bull_ring__layout_national n=24  median   3.68 m /  101.7 ms  p90    8.39 m /   211.4 ms  worst    10.29 m  within1  37.5%  within5  95.8%
        ks_vallelunga__club_circuit n=48  median   3.05 m /  103.3 ms  p90    7.23 m /   314.5 ms  worst    60.03 m  within1  31.2%  within5  91.7%
        magione                  n=56  median   2.65 m /   92.2 ms  p90   21.18 m /   851.3 ms  worst   163.63 m  within1  41.1%  within5  83.9%
step   820/6000  loss  3.8561 (ce  2.423 aux  2.866 ref 0.0011)  train median    1.73 m   0.40 s/step
step   840/6000  loss  4.1525 (ce  2.743 aux  2.817 ref 0.0015)  train median    2.55 m   0.40 s/step
step   860/6000  loss  3.5740 (ce  2.320 aux  2.508 ref 0.0009)  train median    1.29 m   0.40 s/step
step   880/6000  loss  4.0387 (ce  2.502 aux  3.072 ref 0.0010)  train median    1.76 m   0.40 s/step
step   900/6000  loss  4.4643 (ce  2.910 aux  3.108 ref 0.0005)  train median    1.68 m   0.40 s/step
step   920/6000  loss  4.3090 (ce  2.757 aux  3.102 ref 0.0021)  train median    3.46 m   0.40 s/step
step   940/6000  loss  5.2213 (ce  3.393 aux  3.656 ref 0.0009)  train median    5.23 m   0.40 s/step
step   960/6000  loss  4.3513 (ce  2.815 aux  3.070 ref 0.0020)  train median    4.63 m   0.40 s/step
step   980/6000  loss  5.0467 (ce  3.169 aux  3.754 ref 0.0003)  train median   17.43 m   0.40 s/step
step  1000/6000  loss  3.6708 (ce  2.411 aux  2.518 ref 0.0011)  train median    1.27 m   0.40 s/step
  eval  n=192  median   2.76 m /  100.7 ms  p90   14.17 m /   395.9 ms  worst   681.83 m  within1  41.1%  within5  84.9%
        ks_black_cat_county__layout_short n=32  median   2.58 m /   84.5 ms  p90   14.25 m /   361.9 ms  worst    57.79 m  within1  43.8%  within5  87.5%
        ks_brands_hatch__indy    n=32  median   8.52 m /  222.8 ms  p90   37.67 m /   988.7 ms  worst   345.12 m  within1  12.5%  within5  53.1%
        ks_red_bull_ring__layout_national n=24  median   1.75 m /   45.5 ms  p90    8.55 m /   209.9 ms  worst    11.26 m  within1  62.5%  within5  95.8%
        ks_vallelunga__club_circuit n=48  median   2.02 m /   99.5 ms  p90    8.27 m /   319.9 ms  worst   681.83 m  within1  47.9%  within5  91.7%
        magione                  n=56  median   2.43 m /   99.5 ms  p90    8.76 m /   293.7 ms  worst   162.39 m  within1  41.1%  within5  91.1%
step  1020/6000  loss  4.8021 (ce  3.018 aux  3.567 ref 0.0008)  train median    7.24 m   0.41 s/step
step  1040/6000  loss  3.9461 (ce  2.485 aux  2.921 ref 0.0014)  train median    3.43 m   0.41 s/step
step  1060/6000  loss  4.1870 (ce  2.562 aux  3.250 ref 0.0004)  train median    2.11 m   0.41 s/step
step  1080/6000  loss  3.4909 (ce  2.240 aux  2.501 ref 0.0006)  train median    0.74 m   0.41 s/step
step  1100/6000  loss  4.3181 (ce  2.667 aux  3.301 ref 0.0005)  train median    3.68 m   0.41 s/step
step  1120/6000  loss  3.8138 (ce  2.371 aux  2.885 ref 0.0007)  train median    1.00 m   0.41 s/step
step  1140/6000  loss  3.6496 (ce  2.410 aux  2.479 ref 0.0014)  train median    2.53 m   0.41 s/step
step  1160/6000  loss  3.8991 (ce  2.353 aux  3.092 ref 0.0007)  train median    1.01 m   0.41 s/step
step  1180/6000  loss  3.9296 (ce  2.495 aux  2.869 ref 0.0012)  train median    2.43 m   0.40 s/step
step  1200/6000  loss  3.7003 (ce  2.413 aux  2.573 ref 0.0014)  train median    1.90 m   0.40 s/step
  eval  n=192  median   2.48 m /   81.2 ms  p90    9.63 m /   306.3 ms  worst   121.16 m  within1  42.2%  within5  90.6%
        ks_black_cat_county__layout_short n=32  median   2.38 m /   64.4 ms  p90    9.42 m /   299.7 ms  worst    54.62 m  within1  43.8%  within5  90.6%
        ks_brands_hatch__indy    n=32  median   5.03 m /  151.7 ms  p90   15.60 m /   463.9 ms  worst   121.16 m  within1  25.0%  within5  78.1%
        ks_red_bull_ring__layout_national n=24  median   2.29 m /   65.6 ms  p90    7.10 m /   166.1 ms  worst     9.65 m  within1  37.5%  within5 100.0%
        ks_vallelunga__club_circuit n=48  median   1.94 m /   73.7 ms  p90    7.19 m /   281.7 ms  worst    13.12 m  within1  52.1%  within5  93.8%
        magione                  n=56  median   2.25 m /   83.1 ms  p90    7.36 m /   298.4 ms  worst    40.53 m  within1  44.6%  within5  91.1%
step  1220/6000  loss  3.5399 (ce  2.305 aux  2.469 ref 0.0010)  train median    1.22 m   0.41 s/step
step  1240/6000  loss  4.9113 (ce  3.047 aux  3.727 ref 0.0007)  train median    6.38 m   0.41 s/step
step  1260/6000  loss  3.8763 (ce  2.472 aux  2.808 ref 0.0014)  train median    2.66 m   0.41 s/step
step  1280/6000  loss  3.8417 (ce  2.484 aux  2.714 ref 0.0018)  train median    2.39 m   0.41 s/step
step  1300/6000  loss  4.1919 (ce  2.647 aux  3.088 ref 0.0016)  train median    3.32 m   0.41 s/step
step  1320/6000  loss  4.6172 (ce  2.864 aux  3.506 ref 0.0006)  train median    3.43 m   0.41 s/step
step  1340/6000  loss  3.8306 (ce  2.469 aux  2.721 ref 0.0015)  train median    2.41 m   0.41 s/step
step  1360/6000  loss  4.4283 (ce  2.886 aux  3.081 ref 0.0030)  train median    1.59 m   0.41 s/step
step  1380/6000  loss  3.8527 (ce  2.449 aux  2.807 ref 0.0012)  train median    2.82 m   0.40 s/step
step  1400/6000  loss  3.8171 (ce  2.542 aux  2.548 ref 0.0016)  train median    1.30 m   0.40 s/step
  eval  n=192  median   2.21 m /   77.3 ms  p90    9.30 m /   310.7 ms  worst    58.80 m  within1  46.4%  within5  90.1%
        ks_black_cat_county__layout_short n=32  median   2.41 m /   66.7 ms  p90   10.63 m /   372.8 ms  worst    58.80 m  within1  40.6%  within5  87.5%
        ks_brands_hatch__indy    n=32  median   7.00 m /  168.5 ms  p90   15.03 m /   437.9 ms  worst    26.80 m  within1  31.2%  within5  71.9%
        ks_red_bull_ring__layout_national n=24  median   2.59 m /   72.8 ms  p90    6.00 m /   151.5 ms  worst    16.89 m  within1  45.8%  within5  95.8%
        ks_vallelunga__club_circuit n=48  median   1.52 m /   56.6 ms  p90    6.17 m /   193.7 ms  worst    14.85 m  within1  58.3%  within5  95.8%
        magione                  n=56  median   2.10 m /   84.5 ms  p90    5.21 m /   219.4 ms  worst    42.54 m  within1  48.2%  within5  94.6%
step  1420/6000  loss  3.8434 (ce  2.512 aux  2.662 ref 0.0011)  train median    1.80 m   0.41 s/step
step  1440/6000  loss  3.8518 (ce  2.409 aux  2.886 ref 0.0006)  train median    0.92 m   0.41 s/step
step  1460/6000  loss  4.6288 (ce  3.054 aux  3.150 ref 0.0006)  train median    5.10 m   0.41 s/step
step  1480/6000  loss  3.8099 (ce  2.446 aux  2.727 ref 0.0016)  train median    1.33 m   0.41 s/step
step  1500/6000  loss  5.0100 (ce  3.311 aux  3.398 ref 0.0005)  train median    1.96 m   0.41 s/step
step  1520/6000  loss  4.1912 (ce  2.760 aux  2.860 ref 0.0018)  train median    3.03 m   0.41 s/step
step  1540/6000  loss  3.5745 (ce  2.309 aux  2.529 ref 0.0013)  train median    1.97 m   0.40 s/step
step  1560/6000  loss  3.5124 (ce  2.219 aux  2.587 ref 0.0007)  train median    1.01 m   0.40 s/step
step  1580/6000  loss  3.5115 (ce  2.294 aux  2.433 ref 0.0011)  train median    1.48 m   0.40 s/step
step  1600/6000  loss  4.2126 (ce  2.719 aux  2.984 ref 0.0022)  train median    3.15 m   0.40 s/step
  eval  n=192  median   2.52 m /   86.0 ms  p90    9.19 m /   288.0 ms  worst   104.48 m  within1  41.1%  within5  91.1%
        ks_black_cat_county__layout_short n=32  median   2.83 m /   79.8 ms  p90    6.09 m /   200.9 ms  worst    71.07 m  within1  31.2%  within5  90.6%
        ks_brands_hatch__indy    n=32  median   6.19 m /  165.0 ms  p90   19.24 m /   435.9 ms  worst    33.56 m  within1  25.0%  within5  68.8%
        ks_red_bull_ring__layout_national n=24  median   2.40 m /   74.9 ms  p90    5.12 m /   133.7 ms  worst     8.68 m  within1  33.3%  within5 100.0%
        ks_vallelunga__club_circuit n=48  median   1.94 m /   98.0 ms  p90    8.56 m /   287.1 ms  worst    11.65 m  within1  52.1%  within5  95.8%
        magione                  n=56  median   1.96 m /   75.5 ms  p90    6.65 m /   249.5 ms  worst   104.48 m  within1  50.0%  within5  96.4%
step  1620/6000  loss  4.4785 (ce  2.889 aux  3.179 ref 0.0008)  train median    3.32 m   0.41 s/step
step  1640/6000  loss  3.9516 (ce  2.534 aux  2.836 ref 0.0005)  train median    0.93 m   0.41 s/step
step  1660/6000  loss  3.4627 (ce  2.251 aux  2.423 ref 0.0010)  train median    1.20 m   0.41 s/step
step  1680/6000  loss  3.6872 (ce  2.342 aux  2.689 ref 0.0008)  train median    0.72 m   0.41 s/step
step  1700/6000  loss  3.4180 (ce  2.259 aux  2.318 ref 0.0010)  train median    2.59 m   0.41 s/step
step  1720/6000  loss  4.2158 (ce  2.706 aux  3.019 ref 0.0007)  train median    1.83 m   0.41 s/step
step  1740/6000  loss  3.6036 (ce  2.320 aux  2.566 ref 0.0009)  train median    2.68 m   0.41 s/step
step  1760/6000  loss  3.4381 (ce  2.257 aux  2.362 ref 0.0008)  train median    1.41 m   0.41 s/step
step  1780/6000  loss  3.3917 (ce  2.236 aux  2.311 ref 0.0009)  train median    1.71 m   0.40 s/step
step  1800/6000  loss  3.6668 (ce  2.349 aux  2.634 ref 0.0013)  train median    1.75 m   0.40 s/step
  eval  n=192  median   2.34 m /   78.3 ms  p90    7.70 m /   232.6 ms  worst   101.14 m  within1  41.7%  within5  95.3%
        ks_black_cat_county__layout_short n=32  median   2.39 m /   74.2 ms  p90    9.55 m /   264.9 ms  worst    64.43 m  within1  43.8%  within5  90.6%
        ks_brands_hatch__indy    n=32  median   3.82 m /  109.3 ms  p90    8.32 m /   275.4 ms  worst    13.01 m  within1  28.1%  within5  90.6%
        ks_red_bull_ring__layout_national n=24  median   2.17 m /   66.2 ms  p90    4.63 m /   155.9 ms  worst     7.92 m  within1  37.5%  within5 100.0%
        ks_vallelunga__club_circuit n=48  median   2.40 m /   88.1 ms  p90    5.26 m /   226.7 ms  worst     9.87 m  within1  39.6%  within5 100.0%
        magione                  n=56  median   1.97 m /   72.7 ms  p90    6.36 m /   221.4 ms  worst   101.14 m  within1  51.8%  within5  94.6%
step  1820/6000  loss  4.2152 (ce  2.623 aux  3.185 ref 0.0005)  train median    5.48 m   0.41 s/step
step  1840/6000  loss  3.4205 (ce  2.196 aux  2.449 ref 0.0007)  train median    1.43 m   0.41 s/step
step  1860/6000  loss  4.0862 (ce  2.498 aux  3.177 ref 0.0004)  train median    3.12 m   0.41 s/step
step  1880/6000  loss  3.6096 (ce  2.443 aux  2.331 ref 0.0017)  train median    2.91 m   0.41 s/step
step  1900/6000  loss  3.6671 (ce  2.395 aux  2.543 ref 0.0012)  train median    3.26 m   0.41 s/step
step  1920/6000  loss  3.5277 (ce  2.268 aux  2.518 ref 0.0007)  train median    1.54 m   0.40 s/step
step  1940/6000  loss  3.9997 (ce  2.640 aux  2.717 ref 0.0012)  train median    2.91 m   0.40 s/step
step  1960/6000  loss  3.7738 (ce  2.471 aux  2.605 ref 0.0009)  train median    0.44 m   0.40 s/step
step  1980/6000  loss  3.5254 (ce  2.269 aux  2.511 ref 0.0005)  train median    1.37 m   0.40 s/step
step  2000/6000  loss  3.8353 (ce  2.503 aux  2.662 ref 0.0015)  train median    3.08 m   0.40 s/step
  eval  n=192  median   2.02 m /   62.0 ms  p90    6.97 m /   242.2 ms  worst   100.79 m  within1  50.0%  within5  93.8%
        ks_black_cat_county__layout_short n=32  median   1.82 m /   54.1 ms  p90    7.20 m /   254.0 ms  worst    77.47 m  within1  53.1%  within5  90.6%
        ks_brands_hatch__indy    n=32  median   3.40 m /   83.5 ms  p90   10.01 m /   306.8 ms  worst    14.47 m  within1  34.4%  within5  87.5%
        ks_red_bull_ring__layout_national n=24  median   1.65 m /   50.4 ms  p90    4.44 m /   111.2 ms  worst    10.95 m  within1  62.5%  within5  95.8%
        ks_vallelunga__club_circuit n=48  median   1.89 m /   59.5 ms  p90    5.11 m /   185.9 ms  worst    11.42 m  within1  52.1%  within5  97.9%
        magione                  n=56  median   2.04 m /   63.9 ms  p90    6.44 m /   245.9 ms  worst   100.79 m  within1  50.0%  within5  94.6%
step  2020/6000  loss  3.8699 (ce  2.537 aux  2.663 ref 0.0022)  train median    3.62 m   0.40 s/step
step  2040/6000  loss  4.0259 (ce  2.589 aux  2.872 ref 0.0015)  train median    2.15 m   0.40 s/step
step  2060/6000  loss  3.7141 (ce  2.361 aux  2.706 ref 0.0009)  train median    1.97 m   0.40 s/step
step  2080/6000  loss  3.5364 (ce  2.321 aux  2.430 ref 0.0014)  train median    1.74 m   0.40 s/step
step  2100/6000  loss  3.6868 (ce  2.340 aux  2.692 ref 0.0008)  train median    1.86 m   0.40 s/step
step  2120/6000  loss  3.7614 (ce  2.449 aux  2.623 ref 0.0013)  train median    2.33 m   0.40 s/step
step  2140/6000  loss  3.5496 (ce  2.227 aux  2.644 ref 0.0006)  train median    1.04 m   0.40 s/step
step  2160/6000  loss  3.7332 (ce  2.368 aux  2.729 ref 0.0010)  train median    1.63 m   0.40 s/step
step  2180/6000  loss  4.0168 (ce  2.612 aux  2.807 ref 0.0023)  train median    3.94 m   0.40 s/step
step  2200/6000  loss  3.9431 (ce  2.490 aux  2.904 ref 0.0019)  train median    2.86 m   0.40 s/step
  eval  n=192  median   1.91 m /   69.2 ms  p90    5.91 m /   225.2 ms  worst   105.19 m  within1  51.6%  within5  94.8%
        ks_black_cat_county__layout_short n=32  median   1.56 m /   56.2 ms  p90    5.21 m /   148.3 ms  worst    66.12 m  within1  56.2%  within5  90.6%
        ks_brands_hatch__indy    n=32  median   3.16 m /   86.7 ms  p90   10.55 m /   242.9 ms  worst    40.75 m  within1  25.0%  within5  84.4%
        ks_red_bull_ring__layout_national n=24  median   1.62 m /   56.0 ms  p90    4.56 m /   106.8 ms  worst     8.31 m  within1  66.7%  within5 100.0%
        ks_vallelunga__club_circuit n=48  median   1.88 m /   81.3 ms  p90    5.20 m /   198.0 ms  worst     7.63 m  within1  54.2%  within5 100.0%
        magione                  n=56  median   1.54 m /   72.7 ms  p90    5.80 m /   219.6 ms  worst   105.19 m  within1  55.4%  within5  96.4%
step  2220/6000  loss  3.9976 (ce  2.410 aux  3.175 ref 0.0004)  train median    2.13 m   0.40 s/step
step  2240/6000  loss  3.6027 (ce  2.306 aux  2.592 ref 0.0008)  train median    0.82 m   0.40 s/step
step  2260/6000  loss  4.1966 (ce  2.723 aux  2.946 ref 0.0004)  train median    1.83 m   0.40 s/step
step  2280/6000  loss  3.5559 (ce  2.302 aux  2.507 ref 0.0013)  train median    1.25 m   0.40 s/step
step  2300/6000  loss  3.6860 (ce  2.362 aux  2.647 ref 0.0006)  train median    1.42 m   0.40 s/step
step  2320/6000  loss  3.8110 (ce  2.445 aux  2.731 ref 0.0011)  train median    1.59 m   0.40 s/step
step  2340/6000  loss  3.9055 (ce  2.571 aux  2.669 ref 0.0007)  train median    1.15 m   0.40 s/step
step  2360/6000  loss  3.7047 (ce  2.303 aux  2.802 ref 0.0003)  train median    0.58 m   0.40 s/step
step  2380/6000  loss  3.8549 (ce  2.435 aux  2.838 ref 0.0010)  train median    1.48 m   0.40 s/step
step  2400/6000  loss  3.3287 (ce  2.169 aux  2.318 ref 0.0006)  train median    1.16 m   0.40 s/step
  eval  n=192  median   1.86 m /   61.2 ms  p90    5.18 m /   189.4 ms  worst    54.42 m  within1  53.1%  within5  95.3%
        ks_black_cat_county__layout_short n=32  median   2.04 m /   61.9 ms  p90    5.15 m /   112.4 ms  worst    54.42 m  within1  50.0%  within5  93.8%
        ks_brands_hatch__indy    n=32  median   2.12 m /   60.4 ms  p90   12.89 m /   321.7 ms  worst    26.53 m  within1  46.9%  within5  84.4%
        ks_red_bull_ring__layout_national n=24  median   1.36 m /   35.9 ms  p90    3.62 m /   120.9 ms  worst     7.19 m  within1  62.5%  within5 100.0%
        ks_vallelunga__club_circuit n=48  median   2.16 m /   82.7 ms  p90    4.33 m /   147.8 ms  worst     7.43 m  within1  45.8%  within5 100.0%
        magione                  n=56  median   1.56 m /   58.4 ms  p90    5.02 m /   201.0 ms  worst    17.90 m  within1  60.7%  within5  96.4%
step  2420/6000  loss  3.7586 (ce  2.337 aux  2.843 ref 0.0008)  train median    1.61 m   0.40 s/step
step  2440/6000  loss  3.7973 (ce  2.311 aux  2.972 ref 0.0002)  train median    1.95 m   0.40 s/step
step  2460/6000  loss  3.7661 (ce  2.463 aux  2.605 ref 0.0015)  train median    4.22 m   0.40 s/step
step  2480/6000  loss  3.4493 (ce  2.227 aux  2.445 ref 0.0006)  train median    0.94 m   0.40 s/step
step  2500/6000  loss  3.6247 (ce  2.300 aux  2.648 ref 0.0008)  train median    1.92 m   0.40 s/step
step  2520/6000  loss  3.6836 (ce  2.397 aux  2.573 ref 0.0012)  train median    2.52 m   0.40 s/step
step  2540/6000  loss  3.5934 (ce  2.360 aux  2.465 ref 0.0010)  train median    1.65 m   0.40 s/step
step  2560/6000  loss  3.4655 (ce  2.268 aux  2.393 ref 0.0007)  train median    1.64 m   0.40 s/step
step  2580/6000  loss  4.3968 (ce  2.691 aux  3.412 ref 0.0006)  train median    1.96 m   0.40 s/step
step  2600/6000  loss  3.5747 (ce  2.293 aux  2.562 ref 0.0008)  train median    1.93 m   0.40 s/step
  eval  n=192  median   1.92 m /   68.3 ms  p90    5.36 m /   173.6 ms  worst    16.35 m  within1  51.6%  within5  97.4%
        ks_black_cat_county__layout_short n=32  median   1.88 m /   53.4 ms  p90    4.61 m /   107.6 ms  worst    16.35 m  within1  53.1%  within5  96.9%
        ks_brands_hatch__indy    n=32  median   2.23 m /   70.5 ms  p90    8.34 m /   234.0 ms  worst    10.92 m  within1  43.8%  within5  93.8%
        ks_red_bull_ring__layout_national n=24  median   1.58 m /   40.0 ms  p90    4.48 m /   117.1 ms  worst     5.10 m  within1  66.7%  within5 100.0%
        ks_vallelunga__club_circuit n=48  median   1.99 m /   71.6 ms  p90    5.12 m /   180.8 ms  worst     6.94 m  within1  50.0%  within5 100.0%
        magione                  n=56  median   2.01 m /   81.5 ms  p90    5.48 m /   204.4 ms  worst    14.05 m  within1  50.0%  within5  96.4%
step  2620/6000  loss  3.4778 (ce  2.253 aux  2.449 ref 0.0007)  train median    1.89 m   0.40 s/step
step  2640/6000  loss  3.4470 (ce  2.240 aux  2.413 ref 0.0007)  train median    1.40 m   0.41 s/step
step  2660/6000  loss  3.4650 (ce  2.240 aux  2.450 ref 0.0006)  train median    0.80 m   0.40 s/step
step  2680/6000  loss  3.3100 (ce  2.186 aux  2.247 ref 0.0007)  train median    1.33 m   0.40 s/step
step  2700/6000  loss  3.5724 (ce  2.262 aux  2.620 ref 0.0008)  train median    1.48 m   0.40 s/step
step  2720/6000  loss  3.4546 (ce  2.242 aux  2.423 ref 0.0010)  train median    1.44 m   0.40 s/step
step  2740/6000  loss  3.2710 (ce  2.161 aux  2.220 ref 0.0004)  train median    0.37 m   0.40 s/step
step  2760/6000  loss  3.6126 (ce  2.312 aux  2.600 ref 0.0012)  train median    1.42 m   0.40 s/step
step  2780/6000  loss  3.4516 (ce  2.181 aux  2.541 ref 0.0004)  train median    0.99 m   0.40 s/step
step  2800/6000  loss  3.5352 (ce  2.278 aux  2.513 ref 0.0006)  train median    0.75 m   0.40 s/step
  eval  n=192  median   1.78 m /   59.3 ms  p90    5.10 m /   159.9 ms  worst    65.87 m  within1  55.7%  within5  97.4%
        ks_black_cat_county__layout_short n=32  median   1.90 m /   59.4 ms  p90    8.30 m /   180.2 ms  worst    65.87 m  within1  53.1%  within5  90.6%
        ks_brands_hatch__indy    n=32  median   1.46 m /   43.7 ms  p90    4.47 m /   124.1 ms  worst    43.98 m  within1  56.2%  within5  96.9%
        ks_red_bull_ring__layout_national n=24  median   1.68 m /   43.4 ms  p90    4.80 m /   107.9 ms  worst     5.84 m  within1  62.5%  within5 100.0%
        ks_vallelunga__club_circuit n=48  median   1.30 m /   47.0 ms  p90    5.05 m /   163.2 ms  worst     9.10 m  within1  66.7%  within5 100.0%
        magione                  n=56  median   2.16 m /   81.5 ms  p90    4.40 m /   160.7 ms  worst    14.81 m  within1  44.6%  within5  98.2%
step  2820/6000  loss  3.4849 (ce  2.252 aux  2.464 ref 0.0010)  train median    1.53 m   0.41 s/step
step  2840/6000  loss  3.7072 (ce  2.398 aux  2.618 ref 0.0012)  train median    2.50 m   0.41 s/step
step  2860/6000  loss  3.8401 (ce  2.575 aux  2.529 ref 0.0014)  train median    1.64 m   0.41 s/step
step  2880/6000  loss  3.4715 (ce  2.257 aux  2.429 ref 0.0008)  train median    1.56 m   0.41 s/step
step  2900/6000  loss  3.6899 (ce  2.345 aux  2.690 ref 0.0007)  train median    1.69 m   0.41 s/step
step  2920/6000  loss  3.7011 (ce  2.346 aux  2.710 ref 0.0004)  train median    2.95 m   0.41 s/step
step  2940/6000  loss  3.4539 (ce  2.248 aux  2.411 ref 0.0010)  train median    0.97 m   0.41 s/step
step  2960/6000  loss  3.5553 (ce  2.298 aux  2.514 ref 0.0010)  train median    0.88 m   0.41 s/step
step  2980/6000  loss  3.6895 (ce  2.432 aux  2.514 ref 0.0013)  train median    2.64 m   0.41 s/step
step  3000/6000  loss  3.4878 (ce  2.326 aux  2.323 ref 0.0012)  train median    1.12 m   0.41 s/step
  eval  n=192  median   1.71 m /   54.9 ms  p90    5.14 m /   162.3 ms  worst    69.64 m  within1  57.8%  within5  98.4%
        ks_black_cat_county__layout_short n=32  median   1.90 m /   65.0 ms  p90    7.35 m /   150.8 ms  worst    69.64 m  within1  53.1%  within5  90.6%
        ks_brands_hatch__indy    n=32  median   2.10 m /   55.3 ms  p90    4.49 m /   159.1 ms  worst     8.31 m  within1  50.0%  within5 100.0%
        ks_red_bull_ring__layout_national n=24  median   1.43 m /   38.0 ms  p90    5.10 m /   116.0 ms  worst     6.04 m  within1  58.3%  within5 100.0%
        ks_vallelunga__club_circuit n=48  median   1.43 m /   50.7 ms  p90    3.92 m /   136.0 ms  worst     6.44 m  within1  66.7%  within5 100.0%
        magione                  n=56  median   1.81 m /   59.8 ms  p90    4.80 m /   179.2 ms  worst     6.90 m  within1  57.1%  within5 100.0%
step  3020/6000  loss  3.6029 (ce  2.301 aux  2.602 ref 0.0009)  train median    1.92 m   0.41 s/step
step  3040/6000  loss  3.5793 (ce  2.334 aux  2.490 ref 0.0011)  train median    2.51 m   0.41 s/step
step  3060/6000  loss  3.9071 (ce  2.387 aux  3.039 ref 0.0003)  train median    1.74 m   0.41 s/step
step  3080/6000  loss  3.7865 (ce  2.481 aux  2.610 ref 0.0014)  train median    2.92 m   0.41 s/step
step  3100/6000  loss  3.9908 (ce  2.498 aux  2.984 ref 0.0005)  train median    2.75 m   0.41 s/step
step  3120/6000  loss  4.1436 (ce  2.508 aux  3.270 ref 0.0004)  train median    2.02 m   0.41 s/step
step  3140/6000  loss  3.5154 (ce  2.222 aux  2.587 ref 0.0006)  train median    0.99 m   0.41 s/step
step  3160/6000  loss  3.7525 (ce  2.424 aux  2.656 ref 0.0014)  train median    2.24 m   0.41 s/step
step  3180/6000  loss  3.4788 (ce  2.265 aux  2.426 ref 0.0011)  train median    1.45 m   0.41 s/step
step  3200/6000  loss  3.6228 (ce  2.376 aux  2.492 ref 0.0014)  train median    2.21 m   0.41 s/step
  eval  n=192  median   1.85 m /   64.1 ms  p90    5.12 m /   163.7 ms  worst  1008.65 m  within1  52.1%  within5  96.4%
        ks_black_cat_county__layout_short n=32  median   1.94 m /   53.2 ms  p90    9.72 m /   185.3 ms  worst    52.89 m  within1  50.0%  within5  87.5%
        ks_brands_hatch__indy    n=32  median   2.56 m /   72.7 ms  p90    6.37 m /   181.8 ms  worst     9.89 m  within1  37.5%  within5 100.0%
        ks_red_bull_ring__layout_national n=24  median   1.61 m /   44.1 ms  p90    4.07 m /   115.6 ms  worst    10.17 m  within1  58.3%  within5  95.8%
        ks_vallelunga__club_circuit n=48  median   1.69 m /   67.3 ms  p90    4.01 m /   135.2 ms  worst     6.91 m  within1  56.2%  within5 100.0%
        magione                  n=56  median   1.80 m /   70.7 ms  p90    3.93 m /   158.4 ms  worst  1008.65 m  within1  55.4%  within5  96.4%
step  3220/6000  loss  3.5531 (ce  2.292 aux  2.522 ref 0.0010)  train median    1.35 m   0.41 s/step
step  3240/6000  loss  3.3432 (ce  2.206 aux  2.273 ref 0.0008)  train median    1.15 m   0.41 s/step
step  3260/6000  loss  3.8712 (ce  2.513 aux  2.716 ref 0.0005)  train median    2.18 m   0.41 s/step
step  3280/6000  loss  3.4325 (ce  2.173 aux  2.519 ref 0.0004)  train median    0.71 m   0.41 s/step
step  3300/6000  loss  3.7820 (ce  2.263 aux  3.037 ref 0.0002)  train median    1.06 m   0.41 s/step
step  3320/6000  loss  4.0330 (ce  2.621 aux  2.822 ref 0.0018)  train median    2.28 m   0.41 s/step
step  3340/6000  loss  3.9456 (ce  2.538 aux  2.815 ref 0.0006)  train median    3.28 m   0.41 s/step
step  3360/6000  loss  3.2771 (ce  2.172 aux  2.210 ref 0.0005)  train median    0.75 m   0.41 s/step
step  3380/6000  loss  3.5945 (ce  2.340 aux  2.507 ref 0.0011)  train median    1.15 m   0.41 s/step
step  3400/6000  loss  3.7162 (ce  2.425 aux  2.582 ref 0.0012)  train median    2.46 m   0.41 s/step
  eval  n=192  median   1.64 m /   54.0 ms  p90    4.81 m /   153.1 ms  worst    20.83 m  within1  58.3%  within5  98.4%
        ks_black_cat_county__layout_short n=32  median   1.80 m /   52.5 ms  p90    4.80 m /   117.5 ms  worst    20.83 m  within1  56.2%  within5  93.8%
        ks_brands_hatch__indy    n=32  median   1.78 m /   54.1 ms  p90    7.14 m /   178.9 ms  worst     9.67 m  within1  56.2%  within5 100.0%
        ks_red_bull_ring__layout_national n=24  median   1.17 m /   32.2 ms  p90    3.89 m /   106.5 ms  worst     7.08 m  within1  75.0%  within5 100.0%
        ks_vallelunga__club_circuit n=48  median   1.63 m /   55.0 ms  p90    4.05 m /   138.1 ms  worst     6.35 m  within1  58.3%  within5 100.0%
        magione                  n=56  median   1.73 m /   67.1 ms  p90    4.13 m /   159.3 ms  worst    16.33 m  within1  53.6%  within5  98.2%
step  3420/6000  loss  3.2273 (ce  2.125 aux  2.204 ref 0.0002)  train median    0.42 m   0.41 s/step
step  3440/6000  loss  3.8537 (ce  2.553 aux  2.601 ref 0.0013)  train median    2.82 m   0.41 s/step
step  3460/6000  loss  3.5973 (ce  2.324 aux  2.547 ref 0.0008)  train median    1.62 m   0.41 s/step
step  3480/6000  loss  3.7482 (ce  2.419 aux  2.657 ref 0.0004)  train median    1.84 m   0.41 s/step
step  3500/6000  loss  3.2851 (ce  2.191 aux  2.188 ref 0.0007)  train median    1.32 m   0.41 s/step
step  3520/6000  loss  3.4110 (ce  2.220 aux  2.382 ref 0.0005)  train median    1.06 m   0.41 s/step
step  3540/6000  loss  3.5556 (ce  2.380 aux  2.350 ref 0.0009)  train median    1.20 m   0.41 s/step
step  3560/6000  loss  3.4469 (ce  2.193 aux  2.507 ref 0.0006)  train median    0.98 m   0.41 s/step
step  3580/6000  loss  3.2790 (ce  2.178 aux  2.202 ref 0.0006)  train median    1.10 m   0.41 s/step
step  3600/6000  loss  3.5826 (ce  2.306 aux  2.553 ref 0.0004)  train median    0.56 m   0.41 s/step
  eval  n=192  median   1.60 m /   53.1 ms  p90    4.08 m /   128.8 ms  worst    25.81 m  within1  62.0%  within5  99.0%
        ks_black_cat_county__layout_short n=32  median   1.64 m /   46.2 ms  p90    4.56 m /   105.3 ms  worst    25.81 m  within1  59.4%  within5  93.8%
        ks_brands_hatch__indy    n=32  median   1.59 m /   44.9 ms  p90    4.25 m /   116.8 ms  worst     7.79 m  within1  56.2%  within5 100.0%
        ks_red_bull_ring__layout_national n=24  median   1.33 m /   37.3 ms  p90    3.78 m /    98.7 ms  worst     6.01 m  within1  66.7%  within5 100.0%
        ks_vallelunga__club_circuit n=48  median   1.43 m /   54.3 ms  p90    3.49 m /   125.0 ms  worst     5.09 m  within1  66.7%  within5 100.0%
        magione                  n=56  median   1.75 m /   68.4 ms  p90    4.20 m /   140.5 ms  worst     9.03 m  within1  60.7%  within5 100.0%
step  3620/6000  loss  3.7189 (ce  2.452 aux  2.532 ref 0.0012)  train median    1.42 m   0.41 s/step
step  3640/6000  loss  3.8777 (ce  2.505 aux  2.745 ref 0.0005)  train median    2.08 m   0.41 s/step
step  3660/6000  loss  3.4625 (ce  2.276 aux  2.371 ref 0.0007)  train median    0.82 m   0.41 s/step
step  3680/6000  loss  3.5749 (ce  2.317 aux  2.514 ref 0.0014)  train median    1.78 m   0.41 s/step
step  3700/6000  loss  3.6757 (ce  2.441 aux  2.469 ref 0.0014)  train median    3.11 m   0.41 s/step
step  3720/6000  loss  3.3790 (ce  2.179 aux  2.399 ref 0.0007)  train median    1.24 m   0.41 s/step
step  3740/6000  loss  3.2434 (ce  2.147 aux  2.191 ref 0.0004)  train median    0.67 m   0.41 s/step
step  3760/6000  loss  3.4706 (ce  2.207 aux  2.527 ref 0.0005)  train median    1.22 m   0.41 s/step
step  3780/6000  loss  3.2599 (ce  2.157 aux  2.206 ref 0.0005)  train median    0.67 m   0.41 s/step
step  3800/6000  loss  3.3899 (ce  2.214 aux  2.352 ref 0.0009)  train median    1.61 m   0.41 s/step
  eval  n=192  median   1.51 m /   54.4 ms  p90    4.08 m /   134.7 ms  worst    23.64 m  within1  56.8%  within5  98.4%
        ks_black_cat_county__layout_short n=32  median   2.11 m /   60.4 ms  p90    4.73 m /   127.7 ms  worst    23.64 m  within1  43.8%  within5  93.8%
        ks_brands_hatch__indy    n=32  median   1.32 m /   35.4 ms  p90    3.51 m /   117.9 ms  worst     5.05 m  within1  59.4%  within5 100.0%
        ks_red_bull_ring__layout_national n=24  median   1.59 m /   43.4 ms  p90    3.47 m /    93.3 ms  worst     5.38 m  within1  66.7%  within5 100.0%
        ks_vallelunga__club_circuit n=48  median   1.53 m /   59.1 ms  p90    3.91 m /   134.5 ms  worst     5.80 m  within1  56.2%  within5 100.0%
        magione                  n=56  median   1.45 m /   67.3 ms  p90    4.23 m /   153.5 ms  worst    10.08 m  within1  58.9%  within5  98.2%
step  3820/6000  loss  3.3242 (ce  2.154 aux  2.340 ref 0.0004)  train median    0.80 m   0.41 s/step
step  3840/6000  loss  3.4785 (ce  2.292 aux  2.372 ref 0.0013)  train median    2.10 m   0.41 s/step
step  3860/6000  loss  3.5111 (ce  2.229 aux  2.565 ref 0.0001)  train median    0.75 m   0.41 s/step
step  3880/6000  loss  3.4223 (ce  2.200 aux  2.444 ref 0.0006)  train median    1.46 m   0.41 s/step
step  3900/6000  loss  3.2624 (ce  2.157 aux  2.210 ref 0.0005)  train median    0.77 m   0.41 s/step
step  3920/6000  loss  3.4963 (ce  2.234 aux  2.524 ref 0.0002)  train median    0.97 m   0.41 s/step
step  3940/6000  loss  3.3573 (ce  2.171 aux  2.372 ref 0.0003)  train median    0.86 m   0.41 s/step
step  3960/6000  loss  3.4629 (ce  2.280 aux  2.364 ref 0.0009)  train median    1.36 m   0.41 s/step
step  3980/6000  loss  3.4433 (ce  2.191 aux  2.503 ref 0.0005)  train median    1.28 m   0.41 s/step
step  4000/6000  loss  3.9222 (ce  2.485 aux  2.875 ref 0.0005)  train median    4.29 m   0.41 s/step
  eval  n=192  median   1.44 m /   48.1 ms  p90    3.61 m /   114.6 ms  worst    15.63 m  within1  64.6%  within5  99.0%
        ks_black_cat_county__layout_short n=32  median   2.02 m /   51.7 ms  p90    3.92 m /   121.0 ms  worst    15.63 m  within1  50.0%  within5  93.8%
        ks_brands_hatch__indy    n=32  median   1.45 m /   43.8 ms  p90    3.64 m /    97.7 ms  worst     4.40 m  within1  62.5%  within5 100.0%
        ks_red_bull_ring__layout_national n=24  median   1.09 m /   33.1 ms  p90    3.25 m /    87.6 ms  worst     5.17 m  within1  70.8%  within5 100.0%
        ks_vallelunga__club_circuit n=48  median   1.50 m /   54.6 ms  p90    3.33 m /   112.0 ms  worst     5.10 m  within1  66.7%  within5 100.0%
        magione                  n=56  median   1.19 m /   45.4 ms  p90    3.28 m /   126.8 ms  worst     9.14 m  within1  69.6%  within5 100.0%
step  4020/6000  loss  3.4391 (ce  2.253 aux  2.371 ref 0.0010)  train median    1.25 m   0.41 s/step
step  4040/6000  loss  3.9117 (ce  2.499 aux  2.825 ref 0.0002)  train median    1.03 m   0.41 s/step
step  4060/6000  loss  3.3781 (ce  2.214 aux  2.328 ref 0.0006)  train median    0.74 m   0.41 s/step
step  4080/6000  loss  3.5260 (ce  2.319 aux  2.414 ref 0.0010)  train median    2.35 m   0.41 s/step
step  4100/6000  loss  3.2636 (ce  2.154 aux  2.219 ref 0.0004)  train median    0.65 m   0.41 s/step
step  4120/6000  loss  3.4065 (ce  2.232 aux  2.348 ref 0.0007)  train median    1.51 m   0.41 s/step
step  4140/6000  loss  3.3871 (ce  2.208 aux  2.357 ref 0.0006)  train median    0.86 m   0.41 s/step
step  4160/6000  loss  3.5411 (ce  2.247 aux  2.587 ref 0.0007)  train median    0.78 m   0.41 s/step
step  4180/6000  loss  3.2937 (ce  2.168 aux  2.252 ref 0.0005)  train median    0.83 m   0.41 s/step
step  4200/6000  loss  3.2226 (ce  2.125 aux  2.195 ref 0.0002)  train median    0.36 m   0.41 s/step
  eval  n=192  median   1.37 m /   44.9 ms  p90    3.62 m /   129.0 ms  worst    15.89 m  within1  66.7%  within5  98.4%
        ks_black_cat_county__layout_short n=32  median   1.70 m /   42.0 ms  p90    4.60 m /   121.3 ms  worst    12.32 m  within1  56.2%  within5  96.9%
        ks_brands_hatch__indy    n=32  median   1.33 m /   32.4 ms  p90    2.29 m /    63.0 ms  worst     5.01 m  within1  84.4%  within5 100.0%
        ks_red_bull_ring__layout_national n=24  median   1.17 m /   31.3 ms  p90    3.15 m /    91.5 ms  worst     5.42 m  within1  70.8%  within5 100.0%
        ks_vallelunga__club_circuit n=48  median   1.48 m /   55.5 ms  p90    3.03 m /   109.3 ms  worst     4.83 m  within1  68.8%  within5 100.0%
        magione                  n=56  median   1.49 m /   67.4 ms  p90    4.43 m /   160.5 ms  worst    15.89 m  within1  58.9%  within5  96.4%
step  4220/6000  loss  3.6844 (ce  2.416 aux  2.536 ref 0.0004)  train median    2.41 m   0.41 s/step
step  4240/6000  loss  3.8412 (ce  2.383 aux  2.916 ref 0.0004)  train median    1.67 m   0.41 s/step
step  4260/6000  loss  3.2579 (ce  2.160 aux  2.194 ref 0.0005)  train median    0.89 m   0.41 s/step
step  4280/6000  loss  3.2702 (ce  2.154 aux  2.232 ref 0.0005)  train median    0.69 m   0.41 s/step
step  4300/6000  loss  3.3903 (ce  2.192 aux  2.396 ref 0.0004)  train median    1.07 m   0.41 s/step
step  4320/6000  loss  3.6997 (ce  2.392 aux  2.615 ref 0.0004)  train median    1.97 m   0.41 s/step
step  4340/6000  loss  3.3865 (ce  2.249 aux  2.274 ref 0.0012)  train median    1.79 m   0.41 s/step
step  4360/6000  loss  3.2826 (ce  2.135 aux  2.294 ref 0.0002)  train median    0.44 m   0.41 s/step
step  4380/6000  loss  3.4111 (ce  2.251 aux  2.319 ref 0.0010)  train median    1.85 m   0.41 s/step
step  4400/6000  loss  3.4756 (ce  2.287 aux  2.376 ref 0.0009)  train median    1.90 m   0.41 s/step
  eval  n=192  median   1.43 m /   46.0 ms  p90    3.61 m /   112.2 ms  worst    23.22 m  within1  65.6%  within5  99.0%
        ks_black_cat_county__layout_short n=32  median   1.95 m /   50.3 ms  p90    5.56 m /   116.6 ms  worst    23.22 m  within1  50.0%  within5  93.8%
        ks_brands_hatch__indy    n=32  median   1.20 m /   41.3 ms  p90    3.54 m /   102.5 ms  worst     5.26 m  within1  68.8%  within5 100.0%
        ks_red_bull_ring__layout_national n=24  median   1.09 m /   29.9 ms  p90    3.47 m /    76.8 ms  worst     5.04 m  within1  70.8%  within5 100.0%
        ks_vallelunga__club_circuit n=48  median   1.44 m /   52.3 ms  p90    2.94 m /   114.1 ms  worst     4.87 m  within1  72.9%  within5 100.0%
        magione                  n=56  median   1.46 m /   57.7 ms  p90    3.76 m /   143.8 ms  worst     8.77 m  within1  64.3%  within5 100.0%
step  4420/6000  loss  3.3548 (ce  2.192 aux  2.326 ref 0.0008)  train median    1.34 m   0.41 s/step
step  4440/6000  loss  3.9394 (ce  2.470 aux  2.939 ref 0.0002)  train median    0.81 m   0.41 s/step
step  4460/6000  loss  3.4600 (ce  2.251 aux  2.418 ref 0.0010)  train median    1.14 m   0.41 s/step
step  4480/6000  loss  3.2278 (ce  2.122 aux  2.212 ref 0.0002)  train median    0.47 m   0.41 s/step
step  4500/6000  loss  3.3377 (ce  2.189 aux  2.297 ref 0.0005)  train median    1.11 m   0.41 s/step
step  4520/6000  loss  3.3627 (ce  2.203 aux  2.319 ref 0.0005)  train median    1.03 m   0.41 s/step
step  4540/6000  loss  3.3176 (ce  2.143 aux  2.348 ref 0.0003)  train median    0.57 m   0.41 s/step
step  4560/6000  loss  3.3367 (ce  2.192 aux  2.288 ref 0.0006)  train median    1.44 m   0.41 s/step
step  4580/6000  loss  3.4328 (ce  2.218 aux  2.430 ref 0.0006)  train median    1.04 m   0.41 s/step
step  4600/6000  loss  3.4649 (ce  2.234 aux  2.461 ref 0.0008)  train median    2.58 m   0.41 s/step
  eval  n=192  median   1.32 m /   45.7 ms  p90    3.49 m /    98.3 ms  worst    13.43 m  within1  67.7%  within5  99.5%
        ks_black_cat_county__layout_short n=32  median   1.55 m /   46.2 ms  p90    4.84 m /   110.0 ms  worst    13.43 m  within1  56.2%  within5  96.9%
        ks_brands_hatch__indy    n=32  median   1.37 m /   44.6 ms  p90    2.95 m /    75.3 ms  worst     5.43 m  within1  65.6%  within5 100.0%
        ks_red_bull_ring__layout_national n=24  median   1.17 m /   29.3 ms  p90    3.35 m /    80.2 ms  worst     3.91 m  within1  62.5%  within5 100.0%
        ks_vallelunga__club_circuit n=48  median   1.40 m /   46.6 ms  p90    2.86 m /    97.2 ms  worst     5.09 m  within1  75.0%  within5 100.0%
        magione                  n=56  median   1.30 m /   48.1 ms  p90    2.86 m /   120.8 ms  worst     9.71 m  within1  71.4%  within5 100.0%
step  4620/6000  loss  3.5553 (ce  2.296 aux  2.517 ref 0.0013)  train median    1.70 m   0.41 s/step
step  4640/6000  loss  3.5155 (ce  2.312 aux  2.406 ref 0.0006)  train median    1.28 m   0.41 s/step
step  4660/6000  loss  3.2952 (ce  2.161 aux  2.267 ref 0.0005)  train median    0.86 m   0.41 s/step
step  4680/6000  loss  3.3782 (ce  2.176 aux  2.405 ref 0.0004)  train median    0.93 m   0.41 s/step
step  4700/6000  loss  3.3386 (ce  2.173 aux  2.330 ref 0.0005)  train median    0.91 m   0.41 s/step
step  4720/6000  loss  3.3944 (ce  2.199 aux  2.390 ref 0.0006)  train median    1.55 m   0.41 s/step
step  4740/6000  loss  3.4990 (ce  2.268 aux  2.462 ref 0.0009)  train median    1.57 m   0.41 s/step
step  4760/6000  loss  3.4000 (ce  2.244 aux  2.311 ref 0.0009)  train median    1.55 m   0.41 s/step
step  4780/6000  loss  3.5602 (ce  2.276 aux  2.568 ref 0.0002)  train median    0.89 m   0.41 s/step
step  4800/6000  loss  3.3080 (ce  2.187 aux  2.241 ref 0.0005)  train median    0.96 m   0.41 s/step
  eval  n=192  median   1.23 m /   39.9 ms  p90    3.36 m /   109.5 ms  worst    11.71 m  within1  69.8%  within5  99.5%
        ks_black_cat_county__layout_short n=32  median   1.17 m /   34.8 ms  p90    5.06 m /   113.0 ms  worst    11.71 m  within1  59.4%  within5  96.9%
        ks_brands_hatch__indy    n=32  median   1.23 m /   35.0 ms  p90    2.41 m /    72.9 ms  worst     3.47 m  within1  68.8%  within5 100.0%
        ks_red_bull_ring__layout_national n=24  median   0.98 m /   26.0 ms  p90    3.39 m /    82.8 ms  worst     3.90 m  within1  75.0%  within5 100.0%
        ks_vallelunga__club_circuit n=48  median   1.23 m /   47.8 ms  p90    2.73 m /    98.4 ms  worst     5.47 m  within1  75.0%  within5 100.0%
        magione                  n=56  median   1.32 m /   55.1 ms  p90    3.69 m /   131.2 ms  worst     7.61 m  within1  69.6%  within5 100.0%
step  4820/6000  loss  3.4071 (ce  2.249 aux  2.315 ref 0.0006)  train median    0.52 m   0.41 s/step
step  4840/6000  loss  3.3118 (ce  2.165 aux  2.294 ref 0.0005)  train median    0.82 m   0.41 s/step
step  4860/6000  loss  3.4792 (ce  2.245 aux  2.467 ref 0.0007)  train median    1.33 m   0.41 s/step
step  4880/6000  loss  3.3590 (ce  2.142 aux  2.434 ref 0.0003)  train median    0.71 m   0.41 s/step
step  4900/6000  loss  3.3302 (ce  2.172 aux  2.315 ref 0.0004)  train median    0.93 m   0.41 s/step
step  4920/6000  loss  3.3488 (ce  2.195 aux  2.306 ref 0.0005)  train median    0.99 m   0.41 s/step
step  4940/6000  loss  3.3171 (ce  2.188 aux  2.257 ref 0.0008)  train median    0.98 m   0.41 s/step
step  4960/6000  loss  3.4036 (ce  2.226 aux  2.354 ref 0.0009)  train median    1.06 m   0.41 s/step
step  4980/6000  loss  3.5322 (ce  2.278 aux  2.508 ref 0.0003)  train median    1.86 m   0.41 s/step
step  5000/6000  loss  3.4866 (ce  2.266 aux  2.440 ref 0.0007)  train median    0.98 m   0.41 s/step
  eval  n=192  median   1.17 m /   38.6 ms  p90    3.14 m /   102.8 ms  worst    10.97 m  within1  72.9%  within5  99.5%
        ks_black_cat_county__layout_short n=32  median   1.86 m /   47.0 ms  p90    4.90 m /   102.4 ms  worst    10.97 m  within1  59.4%  within5  96.9%
        ks_brands_hatch__indy    n=32  median   1.13 m /   32.4 ms  p90    2.19 m /    57.5 ms  worst     3.15 m  within1  81.2%  within5 100.0%
        ks_red_bull_ring__layout_national n=24  median   1.00 m /   24.7 ms  p90    3.00 m /    72.0 ms  worst     4.00 m  within1  79.2%  within5 100.0%
        ks_vallelunga__club_circuit n=48  median   1.14 m /   41.2 ms  p90    2.91 m /    94.3 ms  worst     4.72 m  within1  72.9%  within5 100.0%
        magione                  n=56  median   1.30 m /   54.8 ms  p90    3.89 m /   147.3 ms  worst     7.73 m  within1  73.2%  within5 100.0%
step  5020/6000  loss  3.3459 (ce  2.184 aux  2.324 ref 0.0004)  train median    0.56 m   0.41 s/step
step  5040/6000  loss  3.3097 (ce  2.163 aux  2.293 ref 0.0004)  train median    0.67 m   0.41 s/step
step  5060/6000  loss  3.2800 (ce  2.156 aux  2.247 ref 0.0004)  train median    0.68 m   0.41 s/step
step  5080/6000  loss  3.2493 (ce  2.140 aux  2.218 ref 0.0004)  train median    0.63 m   0.41 s/step
step  5100/6000  loss  3.4353 (ce  2.213 aux  2.443 ref 0.0005)  train median    0.88 m   0.41 s/step
step  5120/6000  loss  3.3537 (ce  2.183 aux  2.341 ref 0.0007)  train median    1.15 m   0.41 s/step
step  5140/6000  loss  3.7416 (ce  2.421 aux  2.641 ref 0.0005)  train median    1.74 m   0.41 s/step
step  5160/6000  loss  3.8044 (ce  2.435 aux  2.738 ref 0.0003)  train median    1.07 m   0.41 s/step
step  5180/6000  loss  3.4249 (ce  2.194 aux  2.461 ref 0.0006)  train median    1.41 m   0.41 s/step
step  5200/6000  loss  3.2247 (ce  2.130 aux  2.188 ref 0.0004)  train median    0.73 m   0.41 s/step
  eval  n=192  median   1.23 m /   40.2 ms  p90    3.23 m /   102.9 ms  worst    11.93 m  within1  72.9%  within5  99.5%
        ks_black_cat_county__layout_short n=32  median   1.47 m /   39.9 ms  p90    4.75 m /   103.6 ms  worst    11.93 m  within1  62.5%  within5  96.9%
        ks_brands_hatch__indy    n=32  median   1.02 m /   32.5 ms  p90    2.22 m /    53.4 ms  worst     3.23 m  within1  84.4%  within5 100.0%
        ks_red_bull_ring__layout_national n=24  median   1.07 m /   29.2 ms  p90    2.78 m /    64.5 ms  worst     4.29 m  within1  83.3%  within5 100.0%
        ks_vallelunga__club_circuit n=48  median   1.31 m /   46.2 ms  p90    2.71 m /    98.4 ms  worst     4.58 m  within1  70.8%  within5 100.0%
        magione                  n=56  median   1.17 m /   57.6 ms  p90    3.26 m /   141.8 ms  worst     9.03 m  within1  69.6%  within5 100.0%
step  5220/6000  loss  3.5170 (ce  2.346 aux  2.340 ref 0.0013)  train median    1.45 m   0.41 s/step
step  5240/6000  loss  3.5296 (ce  2.302 aux  2.454 ref 0.0009)  train median    2.06 m   0.41 s/step
step  5260/6000  loss  3.3635 (ce  2.228 aux  2.270 ref 0.0009)  train median    1.76 m   0.41 s/step
step  5280/6000  loss  3.3299 (ce  2.202 aux  2.255 ref 0.0008)  train median    0.89 m   0.41 s/step
step  5300/6000  loss  3.4191 (ce  2.216 aux  2.405 ref 0.0006)  train median    1.48 m   0.41 s/step
step  5320/6000  loss  3.6619 (ce  2.415 aux  2.493 ref 0.0016)  train median    1.56 m   0.41 s/step
step  5340/6000  loss  3.3864 (ce  2.185 aux  2.403 ref 0.0005)  train median    0.90 m   0.41 s/step
step  5360/6000  loss  3.5383 (ce  2.254 aux  2.568 ref 0.0003)  train median    1.91 m   0.41 s/step
step  5380/6000  loss  3.3760 (ce  2.202 aux  2.347 ref 0.0005)  train median    0.77 m   0.41 s/step
step  5400/6000  loss  3.5351 (ce  2.318 aux  2.434 ref 0.0009)  train median    1.61 m   0.41 s/step
  eval  n=192  median   1.21 m /   36.0 ms  p90    3.05 m /    99.7 ms  worst    11.44 m  within1  75.0%  within5  99.5%
        ks_black_cat_county__layout_short n=32  median   1.46 m /   43.1 ms  p90    4.56 m /   104.7 ms  worst    11.44 m  within1  62.5%  within5  96.9%
        ks_brands_hatch__indy    n=32  median   1.02 m /   30.7 ms  p90    1.96 m /    46.5 ms  worst     2.37 m  within1  90.6%  within5 100.0%
        ks_red_bull_ring__layout_national n=24  median   0.93 m /   24.4 ms  p90    2.40 m /    64.5 ms  worst     4.17 m  within1  83.3%  within5 100.0%
        ks_vallelunga__club_circuit n=48  median   1.25 m /   50.9 ms  p90    2.67 m /    97.6 ms  worst     4.21 m  within1  70.8%  within5 100.0%
        magione                  n=56  median   1.15 m /   51.7 ms  p90    3.30 m /   138.3 ms  worst     8.95 m  within1  73.2%  within5 100.0%
step  5420/6000  loss  3.6214 (ce  2.320 aux  2.602 ref 0.0004)  train median    1.27 m   0.41 s/step
step  5440/6000  loss  3.3950 (ce  2.208 aux  2.373 ref 0.0006)  train median    1.07 m   0.41 s/step
step  5460/6000  loss  3.3876 (ce  2.244 aux  2.285 ref 0.0010)  train median    1.79 m   0.41 s/step
step  5480/6000  loss  3.5303 (ce  2.266 aux  2.528 ref 0.0003)  train median    2.17 m   0.41 s/step
step  5500/6000  loss  3.2541 (ce  2.143 aux  2.221 ref 0.0004)  train median    0.62 m   0.41 s/step
step  5520/6000  loss  3.3748 (ce  2.222 aux  2.304 ref 0.0010)  train median    1.62 m   0.41 s/step
step  5540/6000  loss  3.3285 (ce  2.159 aux  2.339 ref 0.0004)  train median    0.85 m   0.41 s/step
step  5560/6000  loss  3.5613 (ce  2.303 aux  2.517 ref 0.0003)  train median    0.58 m   0.41 s/step
step  5580/6000  loss  3.4173 (ce  2.236 aux  2.361 ref 0.0007)  train median    1.53 m   0.41 s/step
step  5600/6000  loss  3.5522 (ce  2.330 aux  2.443 ref 0.0011)  train median    2.20 m   0.41 s/step
  eval  n=192  median   1.21 m /   35.1 ms  p90    3.11 m /   102.6 ms  worst    10.97 m  within1  75.0%  within5  99.5%
        ks_black_cat_county__layout_short n=32  median   1.56 m /   47.3 ms  p90    4.83 m /   107.0 ms  worst    10.97 m  within1  62.5%  within5  96.9%
        ks_brands_hatch__indy    n=32  median   0.83 m /   25.7 ms  p90    1.80 m /    44.6 ms  worst     2.50 m  within1  96.9%  within5 100.0%
        ks_red_bull_ring__layout_national n=24  median   0.88 m /   23.7 ms  p90    2.36 m /    64.3 ms  worst     4.11 m  within1  79.2%  within5 100.0%
        ks_vallelunga__club_circuit n=48  median   1.25 m /   50.0 ms  p90    2.78 m /   102.1 ms  worst     4.25 m  within1  68.8%  within5 100.0%
        magione                  n=56  median   1.21 m /   53.2 ms  p90    3.31 m /   128.4 ms  worst     8.40 m  within1  73.2%  within5 100.0%
step  5620/6000  loss  3.4186 (ce  2.245 aux  2.345 ref 0.0010)  train median    1.80 m   0.41 s/step
step  5640/6000  loss  3.4115 (ce  2.224 aux  2.374 ref 0.0007)  train median    1.26 m   0.41 s/step
step  5660/6000  loss  3.3726 (ce  2.220 aux  2.304 ref 0.0008)  train median    0.81 m   0.41 s/step
step  5680/6000  loss  3.1977 (ce  2.121 aux  2.154 ref 0.0002)  train median    0.15 m   0.41 s/step
step  5700/6000  loss  3.4876 (ce  2.271 aux  2.433 ref 0.0012)  train median    1.62 m   0.41 s/step
step  5720/6000  loss  3.2807 (ce  2.144 aux  2.272 ref 0.0003)  train median    0.61 m   0.41 s/step
step  5740/6000  loss  3.3309 (ce  2.164 aux  2.333 ref 0.0006)  train median    1.15 m   0.41 s/step
step  5760/6000  loss  3.3989 (ce  2.206 aux  2.385 ref 0.0006)  train median    1.49 m   0.41 s/step
step  5780/6000  loss  3.3423 (ce  2.203 aux  2.278 ref 0.0007)  train median    1.53 m   0.41 s/step
step  5800/6000  loss  3.2767 (ce  2.156 aux  2.242 ref 0.0005)  train median    0.98 m   0.41 s/step
  eval  n=192  median   1.20 m /   33.8 ms  p90    3.03 m /   100.6 ms  worst    11.26 m  within1  74.5%  within5  99.5%
        ks_black_cat_county__layout_short n=32  median   1.43 m /   42.8 ms  p90    4.62 m /   102.1 ms  worst    11.26 m  within1  62.5%  within5  96.9%
        ks_brands_hatch__indy    n=32  median   0.97 m /   28.5 ms  p90    2.02 m /    48.4 ms  worst     2.40 m  within1  87.5%  within5 100.0%
        ks_red_bull_ring__layout_national n=24  median   0.96 m /   26.5 ms  p90    2.54 m /    67.7 ms  worst     3.95 m  within1  83.3%  within5 100.0%
        ks_vallelunga__club_circuit n=48  median   1.32 m /   53.8 ms  p90    2.61 m /    95.0 ms  worst     4.28 m  within1  68.8%  within5 100.0%
        magione                  n=56  median   1.13 m /   49.1 ms  p90    3.37 m /   130.4 ms  worst     8.43 m  within1  75.0%  within5 100.0%
step  5820/6000  loss  3.4219 (ce  2.210 aux  2.422 ref 0.0007)  train median    1.84 m   0.41 s/step
step  5840/6000  loss  3.2080 (ce  2.123 aux  2.169 ref 0.0002)  train median    0.33 m   0.41 s/step
step  5860/6000  loss  3.5172 (ce  2.315 aux  2.404 ref 0.0009)  train median    1.32 m   0.41 s/step
step  5880/6000  loss  3.4177 (ce  2.210 aux  2.415 ref 0.0006)  train median    1.43 m   0.41 s/step
step  5900/6000  loss  3.2917 (ce  2.166 aux  2.251 ref 0.0003)  train median    0.38 m   0.41 s/step
step  5920/6000  loss  3.5397 (ce  2.240 aux  2.599 ref 0.0002)  train median    1.15 m   0.41 s/step
step  5940/6000  loss  3.3421 (ce  2.187 aux  2.310 ref 0.0006)  train median    0.98 m   0.41 s/step
step  5960/6000  loss  3.4867 (ce  2.277 aux  2.419 ref 0.0008)  train median    1.55 m   0.41 s/step
step  5980/6000  loss  4.0384 (ce  2.593 aux  2.891 ref 0.0006)  train median    2.91 m   0.41 s/step
step  6000/6000  loss  3.6203 (ce  2.380 aux  2.480 ref 0.0011)  train median    1.87 m   0.41 s/step
  eval  n=192  median   1.19 m /   33.7 ms  p90    3.06 m /   101.7 ms  worst    11.26 m  within1  75.0%  within5  99.5%
        ks_black_cat_county__layout_short n=32  median   1.48 m /   43.1 ms  p90    4.67 m /   102.2 ms  worst    11.26 m  within1  62.5%  within5  96.9%
        ks_brands_hatch__indy    n=32  median   0.93 m /   28.6 ms  p90    1.97 m /    49.0 ms  worst     2.40 m  within1  90.6%  within5 100.0%
        ks_red_bull_ring__layout_national n=24  median   0.97 m /   26.5 ms  p90    2.55 m /    67.2 ms  worst     3.96 m  within1  83.3%  within5 100.0%
        ks_vallelunga__club_circuit n=48  median   1.30 m /   52.8 ms  p90    2.64 m /    96.8 ms  worst     4.30 m  within1  68.8%  within5 100.0%
        magione                  n=56  median   1.15 m /   49.9 ms  p90    3.39 m /   131.9 ms  worst     8.45 m  within1  75.0%  within5 100.0%

best eval median 1.17 m; artifacts in /Users/pvodopija/code/primal/runs/ab_long
