====================================================================================================
GATES
====================================================================================================

seen laps, seen tracks
  n=320  median   1.00 m /   31.0 ms  p90    3.83 m /   116.4 ms  worst    11.01 m  within1  75.0%  within5  99.7%
  mean predictive entropy 2.202 nats
    ks_black_cat_county__layout_short n=72  median   1.41 m /   41.9 ms  p90    4.81 m /   143.4 ms  worst    11.01 m  within1  62.5%  within5  98.6%
    ks_brands_hatch__indy    n=72  median   0.39 m /   11.7 ms  p90    1.03 m /    29.4 ms  worst     2.31 m  within1  97.2%  within5 100.0%
    ks_red_bull_ring__layout_national n=48  median   1.44 m /   38.2 ms  p90    2.99 m /   100.8 ms  worst     7.80 m  within1  72.9%  within5 100.0%
    ks_vallelunga__club_circuit n=64  median   1.56 m /   50.2 ms  p90    3.98 m /   143.3 ms  worst     8.61 m  within1  62.5%  within5 100.0%
    magione                  n=64  median   1.08 m /   39.7 ms  p90    3.07 m /   113.2 ms  worst     7.70 m  within1  78.1%  within5 100.0%

G1  held-out laps, seen tracks
  n=320  median   1.25 m /   39.6 ms  p90    3.20 m /   105.4 ms  worst    71.58 m  within1  69.7%  within5  99.7%
  mean predictive entropy 2.217 nats
    ks_black_cat_county__layout_short n=48  median   2.06 m /   70.7 ms  p90    4.66 m /   128.5 ms  worst     7.26 m  within1  45.8%  within5 100.0%
    ks_brands_hatch__indy    n=64  median   0.50 m /   16.6 ms  p90    2.47 m /    62.3 ms  worst     2.94 m  within1  85.9%  within5 100.0%
    ks_red_bull_ring__layout_national n=64  median   1.29 m /   34.7 ms  p90    2.96 m /    83.0 ms  worst     4.05 m  within1  70.3%  within5 100.0%
    ks_vallelunga__club_circuit n=88  median   1.15 m /   44.3 ms  p90    3.68 m /   125.9 ms  worst     6.17 m  within1  69.3%  within5 100.0%
    magione                  n=56  median   1.53 m /   62.6 ms  p90    3.17 m /   119.3 ms  worst    71.58 m  within1  71.4%  within5  98.2%

G2  held-out tracks
  n=320  median   3.56 m /  100.3 ms  p90   66.62 m /  2163.1 ms  worst  1282.67 m  within1  32.8%  within5  78.1%
  mean predictive entropy 2.921 nats
    ks_silverstone__national n=320  median   3.56 m /  100.3 ms  p90   66.62 m /  2163.1 ms  worst  1282.67 m  within1  32.8%  within5  78.1%

====================================================================================================
NEGATIVE CONTROLS
====================================================================================================

wrong-reference control: live clips paired with another track's reference
  matched reference   median    0.96 m   entropy 2.204 nats
  wrong reference     median  550.35 m   entropy 3.490 nats
  chance for 3227 bins at 2.00 m: 1613.3 m; uniform entropy 8.079 nats
  PASS: error must collapse to chance when the reference is wrong

wrote runs/ab_long/gates.json
