====================================================================================================
GATES
====================================================================================================

seen laps, seen tracks
  n=320  median   2.32 m /   74.6 ms  p90    8.74 m /   252.2 ms  worst   243.48 m  within1  45.0%  within5  91.9%
  mean predictive entropy 2.627 nats
    ks_black_cat_county__layout_short n=72  median   3.53 m /  129.9 ms  p90   14.97 m /   331.3 ms  worst   153.54 m  within1  30.6%  within5  83.3%
    ks_brands_hatch__indy    n=72  median   1.36 m /   40.6 ms  p90    3.90 m /   102.6 ms  worst     5.50 m  within1  69.4%  within5 100.0%
    ks_red_bull_ring__layout_national n=48  median   2.64 m /   72.3 ms  p90    9.93 m /   234.4 ms  worst    97.87 m  within1  41.7%  within5  89.6%
    ks_vallelunga__club_circuit n=64  median   3.14 m /  111.3 ms  p90    7.25 m /   233.0 ms  worst    13.07 m  within1  35.9%  within5  98.4%
    magione                  n=64  median   2.34 m /   75.7 ms  p90   18.71 m /   489.3 ms  worst   243.48 m  within1  45.3%  within5  87.5%

G1  held-out laps, seen tracks
  n=320  median   2.26 m /   75.2 ms  p90    6.98 m /   218.5 ms  worst    71.12 m  within1  44.7%  within5  96.2%
  mean predictive entropy 2.590 nats
    ks_black_cat_county__layout_short n=48  median   2.45 m /   89.2 ms  p90    6.38 m /   217.2 ms  worst    16.42 m  within1  41.7%  within5  95.8%
    ks_brands_hatch__indy    n=64  median   1.57 m /   44.9 ms  p90    5.14 m /   143.7 ms  worst     9.58 m  within1  59.4%  within5 100.0%
    ks_red_bull_ring__layout_national n=64  median   2.96 m /   68.6 ms  p90    8.45 m /   254.4 ms  worst    48.86 m  within1  37.5%  within5  92.2%
    ks_vallelunga__club_circuit n=88  median   2.83 m /  109.8 ms  p90    8.14 m /   287.9 ms  worst    19.91 m  within1  34.1%  within5  96.6%
    magione                  n=56  median   1.81 m /   59.4 ms  p90    5.18 m /   179.6 ms  worst    71.12 m  within1  55.4%  within5  96.4%

G2  held-out tracks
  n=320  median   3.16 m /   79.8 ms  p90   18.39 m /   656.1 ms  worst  1079.58 m  within1  35.3%  within5  81.2%
  mean predictive entropy 2.923 nats
    ks_silverstone__national n=320  median   3.16 m /   79.8 ms  p90   18.39 m /   656.1 ms  worst  1079.58 m  within1  35.3%  within5  81.2%

====================================================================================================
NEGATIVE CONTROLS
====================================================================================================

wrong-reference control: live clips paired with another track's reference
  matched reference   median    1.86 m   entropy 2.592 nats
  wrong reference     median  590.93 m   entropy 3.977 nats
  chance for 3227 bins at 2.00 m: 1613.3 m; uniform entropy 8.079 nats
  PASS: error must collapse to chance when the reference is wrong

wrote runs/abl_pose_occlude/gates.json
