====================================================================================================
GATES
====================================================================================================

seen laps, seen tracks
  n=320  median   1.72 m /   51.3 ms  p90    6.11 m /   167.0 ms  worst    29.24 m  within1  55.6%  within5  97.2%
  mean predictive entropy 2.346 nats
    ks_black_cat_county__layout_short n=32  median   2.27 m /   69.9 ms  p90    6.34 m /   197.4 ms  worst    17.68 m  within1  43.8%  within5  96.9%
    ks_brands_hatch__indy    n=40  median   1.05 m /   29.7 ms  p90    2.33 m /    64.3 ms  worst     5.50 m  within1  87.5%  within5 100.0%
    ks_highlands__layout_short n=40  median   1.26 m /   49.3 ms  p90    3.40 m /   114.1 ms  worst     9.02 m  within1  67.5%  within5 100.0%
    ks_laguna_seca           n=48  median   2.72 m /   82.9 ms  p90    7.45 m /   235.7 ms  worst    22.24 m  within1  41.7%  within5  95.8%
    ks_monza66__junior       n=16  median   1.54 m /   39.9 ms  p90    5.53 m /   122.5 ms  worst     6.11 m  within1  62.5%  within5 100.0%
    ks_nurburgring__layout_sprint_a n=32  median   2.10 m /   67.3 ms  p90    8.28 m /   257.7 ms  worst    29.24 m  within1  46.9%  within5  90.6%
    ks_red_bull_ring__layout_national n=40  median   2.48 m /   67.5 ms  p90    7.18 m /   162.0 ms  worst    16.45 m  within1  37.5%  within5  95.0%
    ks_vallelunga__club_circuit n=40  median   1.69 m /   60.1 ms  p90    3.47 m /   126.6 ms  worst     6.37 m  within1  60.0%  within5 100.0%
    magione                  n=32  median   1.66 m /   48.1 ms  p90    6.09 m /   209.1 ms  worst    15.53 m  within1  56.2%  within5  96.9%

G1  held-out laps, seen tracks
  n=320  median   2.10 m /   61.4 ms  p90    5.84 m /   158.3 ms  worst  1070.29 m  within1  48.4%  within5  97.5%
  mean predictive entropy 2.360 nats
    ks_black_cat_county__layout_short n=32  median   1.45 m /   47.2 ms  p90    5.80 m /   132.9 ms  worst    11.17 m  within1  65.6%  within5  96.9%
    ks_brands_hatch__indy    n=32  median   1.70 m /   50.5 ms  p90    6.91 m /   147.3 ms  worst     9.37 m  within1  53.1%  within5 100.0%
    ks_highlands__layout_short n=32  median   1.67 m /   53.3 ms  p90    2.90 m /   101.6 ms  worst     5.96 m  within1  59.4%  within5 100.0%
    ks_laguna_seca           n=16  median   3.05 m /   78.7 ms  p90   10.12 m /   234.7 ms  worst    10.87 m  within1  37.5%  within5  87.5%
    ks_monza66__junior       n=32  median   2.20 m /   52.8 ms  p90    5.59 m /   168.2 ms  worst    11.50 m  within1  46.9%  within5  96.9%
    ks_nurburgring__layout_sprint_a n=48  median   2.78 m /  103.1 ms  p90    6.49 m /   182.6 ms  worst  1070.29 m  within1  20.8%  within5  93.8%
    ks_red_bull_ring__layout_national n=72  median   2.26 m /   57.8 ms  p90    4.51 m /   144.7 ms  worst    11.26 m  within1  48.6%  within5  98.6%
    ks_vallelunga__club_circuit n=16  median   1.32 m /   46.0 ms  p90    3.03 m /    98.9 ms  worst     3.73 m  within1  75.0%  within5 100.0%
    magione                  n=40  median   1.97 m /   66.2 ms  p90    3.94 m /   155.0 ms  worst     6.32 m  within1  50.0%  within5 100.0%

G2  held-out tracks
  n=320  median   2.12 m /   58.7 ms  p90    7.93 m /   198.0 ms  worst  1080.38 m  within1  47.2%  within5  92.8%
  mean predictive entropy 2.497 nats
    ks_silverstone__national n=152  median   2.89 m /   76.5 ms  p90   10.00 m /   234.1 ms  worst  1080.38 m  within1  36.8%  within5  89.5%
    rt_lime_rock_park__no_chicane n=96  median   1.60 m /   42.3 ms  p90    4.57 m /   114.3 ms  worst    25.65 m  within1  60.4%  within5  97.9%
    rt_oulton_park__fosters  n=72  median   1.97 m /   57.1 ms  p90    6.37 m /   205.1 ms  worst    40.05 m  within1  51.4%  within5  93.1%

====================================================================================================
NEGATIVE CONTROLS
====================================================================================================

wrong-reference control: live clips paired with another track's reference
  matched reference   median    1.71 m   entropy 2.349 nats
  wrong reference     median  752.49 m   entropy 3.528 nats
  chance for 3227 bins at 2.00 m: 1613.3 m; uniform entropy 8.079 nats
  PASS: error must collapse to chance when the reference is wrong

wrote runs/v3_recipe_s0/gates_v3.json
