started from runs/v3_recipe_s0_base/best.pt
gate g1: held-out laps of seen tracks; full augmentation
train tracks ['ks_black_cat_county__layout_short', 'ks_brands_hatch__indy', 'ks_highlands__layout_short', 'ks_laguna_seca', 'ks_monza66__junior', 'ks_nurburgring__layout_sprint_a', 'ks_red_bull_ring__layout_national', 'ks_vallelunga__club_circuit', 'magione'] (258 laps usable)
eval  tracks ['ks_black_cat_county__layout_short', 'ks_brands_hatch__indy', 'ks_highlands__layout_short', 'ks_laguna_seca', 'ks_monza66__junior', 'ks_nurburgring__layout_sprint_a', 'ks_red_bull_ring__layout_national', 'ks_vallelunga__club_circuit', 'magione'], split=train
held out as live-only: ['ks_black_cat_county__layout_short__20260923T183526Z__lap07', 'ks_brands_hatch__indy__20260921T221531Z__lap02', 'ks_highlands__layout_short__20260928T005654Z__lap54', 'ks_laguna_seca__default__20260928T123110Z__lap12', 'ks_monza66__junior__20260928T093530Z__lap14', 'ks_nurburgring__layout_sprint_a__20260928T103410Z__lap12', 'ks_red_bull_ring__layout_national__20260923T174436Z__lap11', 'ks_vallelunga__club_circuit__20260922T223945Z__lap07', 'magione__default__20260922T231051Z__lap06']
frame 148x80, reference bins 3227
model 0.67M params on mps

step     1/1500  loss  3.7980 (ce  2.481 aux  2.631 ref 0.0021)  train median    3.25 m   1.43 s/step
step    20/1500  loss  4.0178 (ce  2.667 aux  2.701 ref 0.0010)  train median    1.71 m   0.36 s/step
step    40/1500  loss  4.3197 (ce  2.859 aux  2.919 ref 0.0011)  train median    4.17 m   0.34 s/step
step    60/1500  loss  4.1009 (ce  2.575 aux  3.050 ref 0.0010)  train median    4.61 m   0.34 s/step
step    80/1500  loss  3.9082 (ce  2.460 aux  2.896 ref 0.0011)  train median    1.55 m   0.34 s/step
step   100/1500  loss  4.0196 (ce  2.517 aux  3.005 ref 0.0004)  train median    1.70 m   0.35 s/step
step   120/1500  loss  3.5048 (ce  2.242 aux  2.525 ref 0.0008)  train median    1.49 m   0.34 s/step
step   140/1500  loss  3.6284 (ce  2.316 aux  2.625 ref 0.0008)  train median    1.42 m   0.34 s/step
step   160/1500  loss  3.8685 (ce  2.521 aux  2.694 ref 0.0011)  train median    2.06 m   0.36 s/step
step   180/1500  loss  3.4644 (ce  2.226 aux  2.476 ref 0.0008)  train median    1.71 m   0.35 s/step
step   200/1500  loss  3.4831 (ce  2.260 aux  2.445 ref 0.0009)  train median    1.79 m   0.35 s/step
  eval  n=192  median   2.10 m /   65.6 ms  p90    6.28 m /   197.8 ms  worst  2929.26 m  within1  49.0%  within5  97.4%
        ks_black_cat_county__layout_short n=24  median   2.26 m /   64.4 ms  p90  401.42 m / 11656.2 ms  worst  2929.26 m  within1  41.7%  within5  87.5%
        ks_brands_hatch__indy    n=16  median   1.11 m /   31.6 ms  p90    5.66 m /   131.0 ms  worst     7.78 m  within1  68.8%  within5 100.0%
        ks_highlands__layout_short n=16  median   2.61 m /   98.4 ms  p90    5.92 m /   155.7 ms  worst     6.65 m  within1  31.2%  within5 100.0%
        ks_laguna_seca           n=16  median   2.33 m /   74.8 ms  p90    5.19 m /   165.8 ms  worst     6.28 m  within1  37.5%  within5 100.0%
        ks_monza66__junior       n=8  median   0.46 m /   14.8 ms  p90    1.75 m /    44.0 ms  worst     2.66 m  within1  87.5%  within5 100.0%
        ks_nurburgring__layout_sprint_a n=24  median   2.40 m /   84.7 ms  p90    6.23 m /   198.9 ms  worst    40.74 m  within1  45.8%  within5  95.8%
        ks_red_bull_ring__layout_national n=16  median   2.52 m /   71.8 ms  p90    5.29 m /   133.2 ms  worst    11.45 m  within1  37.5%  within5  93.8%
        ks_vallelunga__club_circuit n=32  median   1.82 m /   53.8 ms  p90    5.70 m /   157.2 ms  worst     9.09 m  within1  53.1%  within5 100.0%
        magione                  n=40  median   1.78 m /   69.9 ms  p90    6.50 m /   211.9 ms  worst     7.87 m  within1  52.5%  within5 100.0%
step   220/1500  loss  3.6619 (ce  2.395 aux  2.532 ref 0.0014)  train median    1.61 m   0.38 s/step
step   240/1500  loss  3.5679 (ce  2.300 aux  2.535 ref 0.0012)  train median    1.60 m   0.38 s/step
step   260/1500  loss  4.2523 (ce  2.730 aux  3.044 ref 0.0009)  train median    1.42 m   0.38 s/step
step   280/1500  loss  3.6485 (ce  2.365 aux  2.566 ref 0.0010)  train median    1.84 m   0.38 s/step
step   300/1500  loss  3.6590 (ce  2.311 aux  2.695 ref 0.0014)  train median    2.06 m   0.38 s/step
step   320/1500  loss  3.9931 (ce  2.577 aux  2.831 ref 0.0017)  train median    3.74 m   0.38 s/step
step   340/1500  loss  3.5449 (ce  2.233 aux  2.623 ref 0.0008)  train median    0.70 m   0.38 s/step
step   360/1500  loss  3.5103 (ce  2.235 aux  2.550 ref 0.0008)  train median    0.98 m   0.37 s/step
step   380/1500  loss  4.2292 (ce  2.699 aux  3.059 ref 0.0014)  train median    3.62 m   0.37 s/step
step   400/1500  loss  3.6623 (ce  2.360 aux  2.603 ref 0.0010)  train median    1.42 m   0.36 s/step
  eval  n=192  median   2.10 m /   72.3 ms  p90    6.14 m /   206.8 ms  worst  1420.65 m  within1  49.0%  within5  98.4%
        ks_black_cat_county__layout_short n=24  median   2.52 m /   73.7 ms  p90    6.67 m /   142.3 ms  worst  1420.65 m  within1  45.8%  within5  95.8%
        ks_brands_hatch__indy    n=16  median   1.28 m /   36.5 ms  p90    4.86 m /   114.9 ms  worst     8.54 m  within1  62.5%  within5 100.0%
        ks_highlands__layout_short n=16  median   2.39 m /   88.6 ms  p90    4.69 m /   143.8 ms  worst     5.88 m  within1  37.5%  within5 100.0%
        ks_laguna_seca           n=16  median   1.99 m /   60.5 ms  p90    6.22 m /   167.6 ms  worst     6.59 m  within1  50.0%  within5 100.0%
        ks_monza66__junior       n=8  median   0.84 m /   28.8 ms  p90    2.23 m /    47.8 ms  worst     3.65 m  within1  87.5%  within5 100.0%
        ks_nurburgring__layout_sprint_a n=24  median   3.15 m /  109.1 ms  p90    8.07 m /   258.3 ms  worst    40.54 m  within1  33.3%  within5  95.8%
        ks_red_bull_ring__layout_national n=16  median   3.47 m /   97.1 ms  p90    7.10 m /   253.9 ms  worst    10.05 m  within1  18.8%  within5  93.8%
        ks_vallelunga__club_circuit n=32  median   1.53 m /   42.4 ms  p90    4.62 m /   164.5 ms  worst     8.24 m  within1  59.4%  within5 100.0%
        magione                  n=40  median   1.90 m /   65.9 ms  p90    6.05 m /   227.5 ms  worst     9.59 m  within1  55.0%  within5 100.0%
step   420/1500  loss  3.5586 (ce  2.222 aux  2.673 ref 0.0004)  train median    1.50 m   0.38 s/step
step   440/1500  loss  3.8510 (ce  2.508 aux  2.685 ref 0.0013)  train median    2.77 m   0.38 s/step
step   460/1500  loss  4.1967 (ce  2.794 aux  2.804 ref 0.0010)  train median    1.44 m   0.38 s/step
step   480/1500  loss  3.5205 (ce  2.244 aux  2.552 ref 0.0010)  train median    1.37 m   0.38 s/step
step   500/1500  loss  3.6927 (ce  2.372 aux  2.640 ref 0.0009)  train median    1.45 m   0.38 s/step
step   520/1500  loss  4.0566 (ce  2.682 aux  2.747 ref 0.0012)  train median    2.29 m   0.38 s/step
step   540/1500  loss  3.9107 (ce  2.607 aux  2.606 ref 0.0016)  train median    3.22 m   0.37 s/step
step   560/1500  loss  3.9373 (ce  2.483 aux  2.908 ref 0.0007)  train median    1.40 m   0.37 s/step
step   580/1500  loss  3.3523 (ce  2.214 aux  2.277 ref 0.0007)  train median    1.46 m   0.37 s/step
step   600/1500  loss  3.8115 (ce  2.412 aux  2.797 ref 0.0008)  train median    2.06 m   0.37 s/step
  eval  n=192  median   1.86 m /   67.1 ms  p90    5.83 m /   190.3 ms  worst    42.65 m  within1  52.1%  within5  97.4%
        ks_black_cat_county__layout_short n=24  median   1.84 m /   64.2 ms  p90    5.16 m /   128.1 ms  worst    10.90 m  within1  50.0%  within5  95.8%
        ks_brands_hatch__indy    n=16  median   1.74 m /   58.7 ms  p90    4.93 m /   120.8 ms  worst     9.57 m  within1  56.2%  within5 100.0%
        ks_highlands__layout_short n=16  median   2.54 m /   78.0 ms  p90    3.65 m /   143.8 ms  worst     5.69 m  within1  37.5%  within5 100.0%
        ks_laguna_seca           n=16  median   1.83 m /   74.4 ms  p90    5.83 m /   184.9 ms  worst    12.90 m  within1  56.2%  within5  93.8%
        ks_monza66__junior       n=8  median   1.12 m /   32.1 ms  p90    1.56 m /    48.9 ms  worst     1.77 m  within1 100.0%  within5 100.0%
        ks_nurburgring__layout_sprint_a n=24  median   2.48 m /   96.3 ms  p90    7.31 m /   253.3 ms  worst    42.65 m  within1  37.5%  within5  91.7%
        ks_red_bull_ring__layout_national n=16  median   2.70 m /   74.3 ms  p90    5.39 m /   146.5 ms  worst    11.81 m  within1  37.5%  within5  93.8%
        ks_vallelunga__club_circuit n=32  median   1.84 m /   62.0 ms  p90    4.90 m /   155.8 ms  worst     7.12 m  within1  56.2%  within5 100.0%
        magione                  n=40  median   1.67 m /   61.9 ms  p90    6.18 m /   210.1 ms  worst     7.39 m  within1  57.5%  within5 100.0%
step   620/1500  loss  4.2571 (ce  2.728 aux  3.058 ref 0.0003)  train median    2.77 m   0.38 s/step
step   640/1500  loss  3.5929 (ce  2.256 aux  2.674 ref 0.0010)  train median    1.48 m   0.38 s/step
step   660/1500  loss  3.9611 (ce  2.547 aux  2.827 ref 0.0008)  train median    1.17 m   0.38 s/step
step   680/1500  loss  5.6094 (ce  3.768 aux  3.681 ref 0.0018)  train median    6.76 m   0.38 s/step
step   700/1500  loss  3.8093 (ce  2.381 aux  2.855 ref 0.0008)  train median    2.57 m   0.38 s/step
step   720/1500  loss  4.0227 (ce  2.587 aux  2.871 ref 0.0014)  train median    2.28 m   0.38 s/step
step   740/1500  loss  4.2783 (ce  2.604 aux  3.348 ref 0.0006)  train median    4.70 m   0.38 s/step
step   760/1500  loss  3.5051 (ce  2.291 aux  2.427 ref 0.0010)  train median    1.32 m   0.38 s/step
step   780/1500  loss  4.0633 (ce  2.476 aux  3.174 ref 0.0005)  train median    1.97 m   0.38 s/step
step   800/1500  loss  3.5853 (ce  2.289 aux  2.591 ref 0.0011)  train median    2.03 m   0.38 s/step
  eval  n=192  median   2.07 m /   65.9 ms  p90    5.96 m /   204.6 ms  worst   571.37 m  within1  49.0%  within5  96.9%
        ks_black_cat_county__layout_short n=24  median   1.67 m /   52.5 ms  p90    4.76 m /   130.4 ms  worst   571.37 m  within1  54.2%  within5  95.8%
        ks_brands_hatch__indy    n=16  median   1.17 m /   45.9 ms  p90    5.79 m /   134.7 ms  worst    10.68 m  within1  56.2%  within5  93.8%
        ks_highlands__layout_short n=16  median   2.70 m /   84.2 ms  p90    3.51 m /   134.7 ms  worst     4.88 m  within1  37.5%  within5 100.0%
        ks_laguna_seca           n=16  median   2.87 m /   85.8 ms  p90    5.95 m /   200.8 ms  worst     7.79 m  within1  43.8%  within5 100.0%
        ks_monza66__junior       n=8  median   0.63 m /   20.2 ms  p90    1.55 m /    35.6 ms  worst     1.96 m  within1 100.0%  within5 100.0%
        ks_nurburgring__layout_sprint_a n=24  median   2.81 m /   87.7 ms  p90    7.35 m /   244.4 ms  worst    45.01 m  within1  33.3%  within5  95.8%
        ks_red_bull_ring__layout_national n=16  median   3.03 m /   85.2 ms  p90    4.34 m /   158.4 ms  worst    10.42 m  within1  31.2%  within5  93.8%
        ks_vallelunga__club_circuit n=32  median   1.72 m /   65.1 ms  p90    5.54 m /   166.8 ms  worst     7.44 m  within1  53.1%  within5 100.0%
        magione                  n=40  median   1.84 m /   70.7 ms  p90    6.43 m /   229.8 ms  worst    36.87 m  within1  52.5%  within5  95.0%
step   820/1500  loss  4.0755 (ce  2.607 aux  2.937 ref 0.0011)  train median    3.65 m   0.39 s/step
step   840/1500  loss  3.8320 (ce  2.536 aux  2.590 ref 0.0010)  train median    2.57 m   0.39 s/step
step   860/1500  loss  3.4986 (ce  2.246 aux  2.504 ref 0.0009)  train median    0.81 m   0.39 s/step
step   880/1500  loss  3.9181 (ce  2.536 aux  2.763 ref 0.0010)  train median    3.72 m   0.39 s/step
step   900/1500  loss  3.5335 (ce  2.285 aux  2.497 ref 0.0008)  train median    1.49 m   0.39 s/step
step   920/1500  loss  3.7553 (ce  2.429 aux  2.651 ref 0.0012)  train median    1.99 m   0.39 s/step
step   940/1500  loss  3.3512 (ce  2.186 aux  2.331 ref 0.0005)  train median    0.78 m   0.38 s/step
step   960/1500  loss  3.8029 (ce  2.480 aux  2.645 ref 0.0013)  train median    2.13 m   0.38 s/step
step   980/1500  loss  5.4582 (ce  3.687 aux  3.542 ref 0.0004)  train median    1.92 m   0.38 s/step
step  1000/1500  loss  3.4500 (ce  2.221 aux  2.458 ref 0.0008)  train median    0.95 m   0.38 s/step
  eval  n=192  median   1.98 m /   66.7 ms  p90    5.61 m /   184.4 ms  worst   572.65 m  within1  51.0%  within5  98.4%
        ks_black_cat_county__layout_short n=24  median   1.42 m /   46.5 ms  p90    4.75 m /   119.0 ms  worst   572.65 m  within1  58.3%  within5  95.8%
        ks_brands_hatch__indy    n=16  median   1.15 m /   34.3 ms  p90    4.68 m /   113.1 ms  worst     6.44 m  within1  62.5%  within5 100.0%
        ks_highlands__layout_short n=16  median   2.41 m /   76.0 ms  p90    3.58 m /   129.1 ms  worst     4.70 m  within1  37.5%  within5 100.0%
        ks_laguna_seca           n=16  median   2.28 m /   81.0 ms  p90    5.83 m /   196.3 ms  worst     8.55 m  within1  50.0%  within5 100.0%
        ks_monza66__junior       n=8  median   0.36 m /   14.6 ms  p90    1.48 m /    33.1 ms  worst     1.70 m  within1 100.0%  within5 100.0%
        ks_nurburgring__layout_sprint_a n=24  median   2.70 m /   86.7 ms  p90    7.17 m /   253.5 ms  worst    45.54 m  within1  29.2%  within5  95.8%
        ks_red_bull_ring__layout_national n=16  median   2.62 m /   73.5 ms  p90    4.17 m /   159.5 ms  worst    10.97 m  within1  37.5%  within5  93.8%
        ks_vallelunga__club_circuit n=32  median   1.71 m /   62.4 ms  p90    5.44 m /   149.7 ms  worst     7.22 m  within1  56.2%  within5 100.0%
        magione                  n=40  median   2.00 m /   68.1 ms  p90    5.64 m /   224.8 ms  worst     8.21 m  within1  52.5%  within5 100.0%
step  1020/1500  loss  3.4161 (ce  2.205 aux  2.422 ref 0.0006)  train median    0.94 m   0.38 s/step
step  1040/1500  loss  3.3901 (ce  2.220 aux  2.339 ref 0.0007)  train median    1.26 m   0.38 s/step
step  1060/1500  loss  3.4007 (ce  2.238 aux  2.326 ref 0.0007)  train median    0.69 m   0.38 s/step
step  1080/1500  loss  3.7668 (ce  2.366 aux  2.801 ref 0.0007)  train median    2.13 m   0.38 s/step
step  1100/1500  loss  3.6804 (ce  2.268 aux  2.825 ref 0.0002)  train median    1.37 m   0.38 s/step
step  1120/1500  loss  3.4194 (ce  2.220 aux  2.397 ref 0.0007)  train median    1.63 m   0.38 s/step
step  1140/1500  loss  3.7563 (ce  2.390 aux  2.731 ref 0.0009)  train median    2.26 m   0.38 s/step
step  1160/1500  loss  3.5923 (ce  2.328 aux  2.526 ref 0.0014)  train median    2.12 m   0.38 s/step
step  1180/1500  loss  3.7972 (ce  2.459 aux  2.675 ref 0.0012)  train median    2.11 m   0.38 s/step
step  1200/1500  loss  3.6123 (ce  2.207 aux  2.811 ref 0.0008)  train median    1.11 m   0.38 s/step
  eval  n=192  median   1.93 m /   65.8 ms  p90    5.78 m /   181.8 ms  worst   572.01 m  within1  52.1%  within5  98.4%
        ks_black_cat_county__layout_short n=24  median   1.85 m /   58.8 ms  p90    5.21 m /   116.5 ms  worst   572.01 m  within1  54.2%  within5  95.8%
        ks_brands_hatch__indy    n=16  median   0.77 m /   28.5 ms  p90    3.77 m /   117.3 ms  worst     5.91 m  within1  68.8%  within5 100.0%
        ks_highlands__layout_short n=16  median   2.29 m /   80.0 ms  p90    3.15 m /   108.1 ms  worst     4.61 m  within1  43.8%  within5 100.0%
        ks_laguna_seca           n=16  median   2.13 m /   74.3 ms  p90    6.24 m /   203.6 ms  worst     6.54 m  within1  50.0%  within5 100.0%
        ks_monza66__junior       n=8  median   0.58 m /   20.2 ms  p90    1.64 m /    34.0 ms  worst     2.04 m  within1  87.5%  within5 100.0%
        ks_nurburgring__layout_sprint_a n=24  median   2.58 m /   80.5 ms  p90    7.15 m /   240.6 ms  worst    46.30 m  within1  37.5%  within5  95.8%
        ks_red_bull_ring__layout_national n=16  median   2.73 m /   70.0 ms  p90    3.96 m /   151.4 ms  worst    11.24 m  within1  43.8%  within5  93.8%
        ks_vallelunga__club_circuit n=32  median   1.82 m /   69.6 ms  p90    5.98 m /   169.8 ms  worst     7.06 m  within1  53.1%  within5 100.0%
        magione                  n=40  median   1.91 m /   75.5 ms  p90    5.01 m /   175.3 ms  worst     8.53 m  within1  52.5%  within5 100.0%
step  1220/1500  loss  3.6605 (ce  2.291 aux  2.739 ref 0.0006)  train median    1.74 m   0.38 s/step
step  1240/1500  loss  4.3490 (ce  2.717 aux  3.263 ref 0.0004)  train median    2.20 m   0.38 s/step
step  1260/1500  loss  3.6456 (ce  2.325 aux  2.639 ref 0.0009)  train median    1.66 m   0.38 s/step
step  1280/1500  loss  3.6971 (ce  2.393 aux  2.608 ref 0.0008)  train median    2.54 m   0.38 s/step
step  1300/1500  loss  3.6622 (ce  2.309 aux  2.705 ref 0.0013)  train median    2.04 m   0.38 s/step
step  1320/1500  loss  4.1744 (ce  2.537 aux  3.275 ref 0.0005)  train median    2.44 m   0.38 s/step
step  1340/1500  loss  3.9792 (ce  2.548 aux  2.861 ref 0.0012)  train median    2.50 m   0.38 s/step
step  1360/1500  loss  3.7370 (ce  2.397 aux  2.679 ref 0.0012)  train median    1.90 m   0.38 s/step
step  1380/1500  loss  3.9939 (ce  2.635 aux  2.716 ref 0.0010)  train median    3.61 m   0.38 s/step
step  1400/1500  loss  3.5876 (ce  2.256 aux  2.663 ref 0.0011)  train median    1.80 m   0.38 s/step
  eval  n=192  median   1.91 m /   64.9 ms  p90    5.49 m /   187.1 ms  worst   572.04 m  within1  51.6%  within5  98.4%
        ks_black_cat_county__layout_short n=24  median   1.55 m /   54.3 ms  p90    5.33 m /   122.9 ms  worst   572.04 m  within1  58.3%  within5  95.8%
        ks_brands_hatch__indy    n=16  median   0.88 m /   28.5 ms  p90    3.86 m /   109.1 ms  worst     6.29 m  within1  68.8%  within5 100.0%
        ks_highlands__layout_short n=16  median   2.26 m /   79.9 ms  p90    3.11 m /   114.9 ms  worst     4.63 m  within1  37.5%  within5 100.0%
        ks_laguna_seca           n=16  median   2.16 m /   75.4 ms  p90    5.54 m /   182.1 ms  worst     6.35 m  within1  50.0%  within5 100.0%
        ks_monza66__junior       n=8  median   0.34 m /   12.7 ms  p90    1.51 m /    31.7 ms  worst     1.68 m  within1 100.0%  within5 100.0%
        ks_nurburgring__layout_sprint_a n=24  median   2.45 m /   77.9 ms  p90    7.26 m /   240.7 ms  worst    46.06 m  within1  37.5%  within5  95.8%
        ks_red_bull_ring__layout_national n=16  median   2.16 m /   66.9 ms  p90    3.96 m /   151.3 ms  worst    11.23 m  within1  50.0%  within5  93.8%
        ks_vallelunga__club_circuit n=32  median   1.87 m /   71.8 ms  p90    5.99 m /   163.1 ms  worst     6.93 m  within1  50.0%  within5 100.0%
        magione                  n=40  median   2.08 m /   77.5 ms  p90    5.31 m /   190.4 ms  worst     8.36 m  within1  47.5%  within5 100.0%
step  1420/1500  loss  3.4166 (ce  2.180 aux  2.474 ref 0.0003)  train median    0.21 m   0.39 s/step
step  1440/1500  loss  3.6567 (ce  2.309 aux  2.694 ref 0.0012)  train median    1.86 m   0.39 s/step
step  1460/1500  loss  3.3990 (ce  2.181 aux  2.435 ref 0.0005)  train median    0.66 m   0.38 s/step
step  1480/1500  loss  3.8456 (ce  2.438 aux  2.815 ref 0.0009)  train median    2.44 m   0.38 s/step
step  1500/1500  loss  3.3379 (ce  2.175 aux  2.326 ref 0.0005)  train median    0.77 m   0.38 s/step
  eval  n=192  median   1.89 m /   66.2 ms  p90    5.38 m /   183.8 ms  worst   572.01 m  within1  52.1%  within5  98.4%
        ks_black_cat_county__layout_short n=24  median   1.54 m /   54.8 ms  p90    5.41 m /   125.6 ms  worst   572.01 m  within1  58.3%  within5  95.8%
        ks_brands_hatch__indy    n=16  median   0.88 m /   29.3 ms  p90    3.86 m /   108.9 ms  worst     6.23 m  within1  68.8%  within5 100.0%
        ks_highlands__layout_short n=16  median   2.24 m /   80.3 ms  p90    3.11 m /   115.5 ms  worst     4.66 m  within1  37.5%  within5 100.0%
        ks_laguna_seca           n=16  median   2.20 m /   76.6 ms  p90    5.50 m /   179.8 ms  worst     6.25 m  within1  50.0%  within5 100.0%
        ks_monza66__junior       n=8  median   0.34 m /   12.6 ms  p90    1.50 m /    31.4 ms  worst     1.67 m  within1 100.0%  within5 100.0%
        ks_nurburgring__layout_sprint_a n=24  median   2.43 m /   78.2 ms  p90    7.37 m /   245.6 ms  worst    46.03 m  within1  37.5%  within5  95.8%
        ks_red_bull_ring__layout_national n=16  median   2.14 m /   67.5 ms  p90    3.96 m /   151.3 ms  worst    11.25 m  within1  50.0%  within5  93.8%
        ks_vallelunga__club_circuit n=32  median   1.88 m /   72.2 ms  p90    5.94 m /   162.2 ms  worst     6.87 m  within1  50.0%  within5 100.0%
        magione                  n=40  median   2.07 m /   77.6 ms  p90    5.33 m /   192.0 ms  worst     8.40 m  within1  50.0%  within5 100.0%

best eval median 1.86 m; artifacts in /Users/pvodopija/code/primal/runs/v3_recipe_s0
