====================================================================================================
GATES
====================================================================================================

seen laps, seen tracks
  n=320  median   1.48 m /   44.4 ms  p90    4.66 m /   143.8 ms  worst    37.96 m  within1  62.8%  within5  97.8%
  mean predictive entropy 2.373 nats
    ks_black_cat_county__layout_short n=32  median   2.99 m /   82.4 ms  p90    9.68 m /   246.8 ms  worst    11.03 m  within1  43.8%  within5  93.8%
    ks_brands_hatch__indy    n=40  median   1.36 m /   37.3 ms  p90    3.03 m /    81.1 ms  worst    22.85 m  within1  82.5%  within5  97.5%
    ks_highlands__layout_short n=40  median   1.05 m /   34.6 ms  p90    2.40 m /    89.6 ms  worst     5.29 m  within1  82.5%  within5 100.0%
    ks_laguna_seca           n=48  median   2.13 m /   65.7 ms  p90    5.25 m /   140.1 ms  worst     8.04 m  within1  47.9%  within5 100.0%
    ks_monza66__junior       n=16  median   1.27 m /   21.2 ms  p90    4.67 m /   124.0 ms  worst     6.78 m  within1  62.5%  within5 100.0%
    ks_nurburgring__layout_sprint_a n=32  median   1.50 m /   44.0 ms  p90    7.31 m /   190.4 ms  worst    37.96 m  within1  59.4%  within5  93.8%
    ks_red_bull_ring__layout_national n=40  median   1.75 m /   47.5 ms  p90    3.66 m /   100.3 ms  worst    17.91 m  within1  55.0%  within5  97.5%
    ks_vallelunga__club_circuit n=40  median   1.27 m /   42.9 ms  p90    3.36 m /   128.2 ms  worst     5.54 m  within1  65.0%  within5 100.0%
    magione                  n=32  median   1.34 m /   50.6 ms  p90    4.24 m /   142.9 ms  worst    12.70 m  within1  65.6%  within5  96.9%

G1  held-out laps, seen tracks
  n=320  median   1.71 m /   51.2 ms  p90    5.21 m /   148.1 ms  worst    88.86 m  within1  55.9%  within5  98.1%
  mean predictive entropy 2.384 nats
    ks_black_cat_county__layout_short n=32  median   1.42 m /   37.4 ms  p90    4.19 m /   105.4 ms  worst    65.67 m  within1  65.6%  within5  96.9%
    ks_brands_hatch__indy    n=32  median   2.07 m /   56.7 ms  p90    7.75 m /   185.0 ms  worst     9.06 m  within1  43.8%  within5 100.0%
    ks_highlands__layout_short n=32  median   1.21 m /   37.1 ms  p90    2.41 m /    85.1 ms  worst     2.88 m  within1  71.9%  within5 100.0%
    ks_laguna_seca           n=16  median   2.98 m /   84.2 ms  p90    4.67 m /   120.3 ms  worst     5.02 m  within1  31.2%  within5 100.0%
    ks_monza66__junior       n=32  median   1.83 m /   43.3 ms  p90    3.45 m /    99.0 ms  worst     4.57 m  within1  56.2%  within5 100.0%
    ks_nurburgring__layout_sprint_a n=48  median   3.54 m /   93.0 ms  p90    8.21 m /   303.8 ms  worst    88.86 m  within1  39.6%  within5  91.7%
    ks_red_bull_ring__layout_national n=72  median   1.65 m /   42.3 ms  p90    4.92 m /   132.2 ms  worst     9.51 m  within1  56.9%  within5 100.0%
    ks_vallelunga__club_circuit n=16  median   1.27 m /   47.7 ms  p90    3.82 m /   105.3 ms  worst     4.09 m  within1  56.2%  within5 100.0%
    magione                  n=40  median   1.49 m /   51.4 ms  p90    3.55 m /   136.3 ms  worst    77.75 m  within1  72.5%  within5  97.5%

G2  held-out tracks
  n=320  median   2.09 m /   57.9 ms  p90    8.73 m /   248.0 ms  worst   189.33 m  within1  48.8%  within5  90.6%
  mean predictive entropy 2.549 nats
    ks_silverstone__national n=152  median   2.97 m /   79.1 ms  p90   12.50 m /   315.7 ms  worst   189.33 m  within1  35.5%  within5  86.2%
    rt_lime_rock_park__no_chicane n=96  median   1.47 m /   38.2 ms  p90    5.16 m /   140.2 ms  worst    74.03 m  within1  62.5%  within5  97.9%
    rt_oulton_park__fosters  n=72  median   1.51 m /   51.7 ms  p90    6.90 m /   183.6 ms  worst    34.62 m  within1  58.3%  within5  90.3%

====================================================================================================
NEGATIVE CONTROLS
====================================================================================================

wrong-reference control: live clips paired with another track's reference
  matched reference   median    1.55 m   entropy 2.358 nats
  wrong reference     median  664.46 m   entropy 3.560 nats
  chance for 3227 bins at 2.00 m: 1613.3 m; uniform entropy 8.079 nats
  PASS: error must collapse to chance when the reference is wrong

wrote runs/v3_yaw15_s0/gates_v3.json
