  G1 ks_black_cat_county__layout_ ref 180056Z  live 183526Z
  G1 ks_black_cat_county__layout_ ref 183242Z  live 183526Z
  G1 ks_brands_hatch__indy        ref 171903Z  live 221531Z
  G1 ks_brands_hatch__indy        ref 181357Z  live 221531Z
  G1 ks_highlands__layout_short   ref 212549Z  live 005654Z
  G1 ks_laguna_seca               ref 110507Z  live 123110Z
  G1 ks_monza66__junior           ref 091133Z  live 093530Z
  G1 ks_nurburgring__layout_sprin ref 100528Z  live 103410Z
  G1 ks_red_bull_ring__layout_nat ref 232216Z  live 174436Z
  G1 ks_red_bull_ring__layout_nat ref 233620Z  live 174436Z
  G1 ks_vallelunga__club_circuit  ref 220345Z  live 223945Z
  G1 ks_vallelunga__club_circuit  ref 222513Z  live 223945Z
  G1 magione                      ref 225059Z  live 231051Z
  G1 magione                      ref 230023Z  live 231051Z
  G2 ks_silverstone__national     ref 105441Z  live 104658Z
  G2 ks_silverstone__national     ref 105442Z  live 104658Z
  G2 ks_silverstone__national     ref 105441Z  live 104658Z
  G2 ks_silverstone__national     ref 105442Z  live 104658Z
  G2 ks_silverstone__national     ref 105441Z  live 104658Z
  G2 ks_silverstone__national     ref 105442Z  live 104658Z
  G2 ks_silverstone__national     ref 105441Z  live 104658Z
  G2 ks_silverstone__national     ref 105442Z  live 104658Z
  G2 ks_silverstone__national     ref 105441Z  live 104658Z
  G2 ks_silverstone__national     ref 105442Z  live 104658Z
  G2 ks_silverstone__national     ref 105441Z  live 104658Z
  G2 ks_silverstone__national     ref 105442Z  live 104658Z
  G2 ks_silverstone__national     ref 105441Z  live 104658Z
  G2 ks_silverstone__national     ref 105442Z  live 104658Z
  G2 ks_silverstone__national     ref 104658Z  live 105441Z
  G2 ks_silverstone__national     ref 105442Z  live 105441Z
  G2 ks_silverstone__national     ref 104658Z  live 105441Z
  G2 ks_silverstone__national     ref 105442Z  live 105441Z
  G2 ks_silverstone__national     ref 104658Z  live 105441Z
  G2 ks_silverstone__national     ref 105442Z  live 105441Z
  G2 ks_silverstone__national     ref 104658Z  live 105441Z
  G2 ks_silverstone__national     ref 105442Z  live 105441Z
  G2 ks_silverstone__national     ref 104658Z  live 105441Z
  G2 ks_silverstone__national     ref 105442Z  live 105441Z
  G2 ks_silverstone__national     ref 104658Z  live 105441Z
  G2 ks_silverstone__national     ref 105442Z  live 105441Z
  G2 ks_silverstone__national     ref 104658Z  live 105441Z
  G2 ks_silverstone__national     ref 105442Z  live 105441Z
  G2 ks_silverstone__national     ref 104658Z  live 105441Z
  G2 ks_silverstone__national     ref 105442Z  live 105441Z
  G2 ks_silverstone__national     ref 104658Z  live 105442Z
  G2 ks_silverstone__national     ref 105441Z  live 105442Z
  G2 ks_silverstone__national     ref 104658Z  live 105442Z
  G2 ks_silverstone__national     ref 105441Z  live 105442Z
  G2 ks_silverstone__national     ref 104658Z  live 105442Z
  G2 ks_silverstone__national     ref 105441Z  live 105442Z
  G2 ks_silverstone__national     ref 104658Z  live 105442Z
  G2 ks_silverstone__national     ref 105441Z  live 105442Z
  G2 ks_silverstone__national     ref 104658Z  live 105442Z
  G2 ks_silverstone__national     ref 105441Z  live 105442Z
  G2 ks_silverstone__national     ref 104658Z  live 105442Z
  G2 ks_silverstone__national     ref 105441Z  live 105442Z
  G2 ks_silverstone__national     ref 104658Z  live 105442Z
  G2 ks_silverstone__national     ref 105441Z  live 105442Z
  G2 ks_silverstone__national     ref 104658Z  live 105442Z
  G2 ks_silverstone__national     ref 105441Z  live 105442Z
  G2 rt_lime_rock_park__no_chican ref 143440Z  live 141815Z
  G2 rt_lime_rock_park__no_chican ref 143440Z  live 141815Z
  G2 rt_lime_rock_park__no_chican ref 143440Z  live 141815Z
  G2 rt_lime_rock_park__no_chican ref 143440Z  live 141815Z
  G2 rt_lime_rock_park__no_chican ref 143440Z  live 141815Z
  G2 rt_lime_rock_park__no_chican ref 143440Z  live 141815Z
  G2 rt_lime_rock_park__no_chican ref 143440Z  live 141815Z
  G2 rt_lime_rock_park__no_chican ref 143440Z  live 141815Z
  G2 rt_lime_rock_park__no_chican ref 143440Z  live 141815Z
  G2 rt_lime_rock_park__no_chican ref 141815Z  live 143440Z
  G2 rt_lime_rock_park__no_chican ref 141815Z  live 143440Z
  G2 rt_lime_rock_park__no_chican ref 141815Z  live 143440Z
  G2 rt_lime_rock_park__no_chican ref 141815Z  live 143440Z
  G2 rt_lime_rock_park__no_chican ref 141815Z  live 143440Z
  G2 rt_lime_rock_park__no_chican ref 141815Z  live 143440Z
  G2 rt_lime_rock_park__no_chican ref 141815Z  live 143440Z
  G2 rt_lime_rock_park__no_chican ref 141815Z  live 143440Z
  G2 rt_oulton_park__fosters      ref 195157Z  live 193254Z
  G2 rt_oulton_park__fosters      ref 195157Z  live 193254Z
  G2 rt_oulton_park__fosters      ref 195157Z  live 193254Z
  G2 rt_oulton_park__fosters      ref 195157Z  live 193254Z
  G2 rt_oulton_park__fosters      ref 195157Z  live 193254Z
  G2 rt_oulton_park__fosters      ref 195157Z  live 193254Z
  G2 rt_oulton_park__fosters      ref 195157Z  live 193254Z
  G2 rt_oulton_park__fosters      ref 195157Z  live 193254Z
  G2 rt_oulton_park__fosters      ref 195157Z  live 193254Z
  G2 rt_oulton_park__fosters      ref 193254Z  live 195157Z
  G2 rt_oulton_park__fosters      ref 193254Z  live 195157Z
  G2 rt_oulton_park__fosters      ref 193254Z  live 195157Z
  G2 rt_oulton_park__fosters      ref 193254Z  live 195157Z
  G2 rt_oulton_park__fosters      ref 193254Z  live 195157Z
  G2 rt_oulton_park__fosters      ref 193254Z  live 195157Z
  G2 rt_oulton_park__fosters      ref 193254Z  live 195157Z
  G2 rt_oulton_park__fosters      ref 193254Z  live 195157Z
  G2 rt_oulton_park__fosters      ref 193254Z  live 195157Z

                                                                       median      p90  >100 ms   >10 m     worst
G1 single                                                       1.96 m   63 ms   198 ms    31.6%    4.2%   2850.3 m
G1 filter                                                       1.91 m   61 ms   186 ms    29.6%    2.9%    207.6 m
G1 filter, reference time                                       1.22 m   38 ms   109 ms    12.4%    0.0%     10.3 m
G1 filter, reference time, two modes                            1.21 m   38 ms   111 ms    12.6%    0.5%     21.9 m
G1 filter + speed                                               0.93 m   29 ms    79 ms     4.9%    0.0%      7.4 m
G1 filter, lag-corrected                                        1.88 m   61 ms   185 ms    29.5%    2.8%    209.0 m
G1 filter, reference time, lag-corrected                        1.23 m   39 ms   105 ms    11.4%    0.0%     10.0 m
G1 filter, reference time, two modes, lag-corrected             1.23 m   39 ms   110 ms    12.4%    0.5%     22.2 m
G1 filter + speed, lag-corrected                                0.89 m   28 ms    76 ms     4.3%    0.0%      9.2 m
G2 single                                                       2.26 m   62 ms   227 ms    31.3%    8.4%   1276.8 m
G2 filter                                                       2.15 m   59 ms   208 ms    30.0%    6.8%   1206.5 m
G2 filter, reference time                                       1.47 m   40 ms   110 ms    12.9%    0.1%     48.4 m
G2 filter, reference time, two modes                            1.41 m   39 ms   115 ms    13.6%    1.6%    100.6 m
G2 filter + speed                                               1.01 m   27 ms    66 ms     1.9%    0.1%     17.4 m
G2 filter, lag-corrected                                        2.20 m   60 ms   210 ms    30.9%    6.9%   1206.0 m
G2 filter, reference time, lag-corrected                        1.55 m   42 ms   112 ms    13.7%    0.2%     48.3 m
G2 filter, reference time, two modes, lag-corrected             1.49 m   41 ms   118 ms    14.5%    1.7%    100.4 m
G2 filter + speed, lag-corrected                                1.06 m   29 ms    71 ms     2.5%    0.1%     17.4 m
G2 ks_silverstone__national single                              2.74 m   75 ms   323 ms    38.8%   12.5%   1276.8 m
G2 ks_silverstone__national filter                              2.65 m   73 ms   270 ms    38.1%   10.7%   1206.5 m
G2 ks_silverstone__national filter, reference time              1.62 m   44 ms   122 ms    16.1%    0.1%     48.4 m
G2 ks_silverstone__national filter, reference time, two modes    1.61 m   44 ms   137 ms    18.4%    2.8%    100.6 m
G2 ks_silverstone__national filter + speed                      1.11 m   30 ms    74 ms     3.0%    0.1%     17.4 m
G2 ks_silverstone__national filter, lag-corrected               2.72 m   75 ms   272 ms    39.1%   10.8%   1206.0 m
G2 ks_silverstone__national filter, reference time, lag-corrected    1.72 m   47 ms   125 ms    17.0%    0.2%     48.3 m
G2 ks_silverstone__national filter, reference time, two modes, lag-corrected    1.72 m   47 ms   141 ms    19.4%    2.8%    100.4 m
G2 ks_silverstone__national filter + speed, lag-corrected       1.20 m   32 ms    79 ms     3.9%    0.1%     17.4 m
G2 same car single                                              2.82 m   78 ms   442 ms    40.5%   15.2%   1276.8 m
G2 same car filter                                              2.71 m   76 ms   307 ms    39.9%   12.8%   1206.5 m
G2 same car filter, reference time                              1.23 m   34 ms    93 ms     8.3%    0.1%     48.4 m
G2 same car filter, reference time, two modes                   1.34 m   37 ms   120 ms    13.4%    3.9%    100.6 m
G2 same car filter + speed                                      1.07 m   29 ms    72 ms     3.1%    0.3%     17.4 m
G2 same car filter, lag-corrected                               2.75 m   77 ms   309 ms    40.1%   12.8%   1206.0 m
G2 same car filter, reference time, lag-corrected               1.30 m   36 ms    96 ms     8.8%    0.1%     48.3 m
G2 same car filter, reference time, two modes, lag-corrected    1.39 m   38 ms   123 ms    14.0%    3.9%    100.4 m
G2 same car filter + speed, lag-corrected                       1.17 m   32 ms    76 ms     3.6%    0.3%     17.4 m
G2 rt_lime_rock_park__no_chicane single                         1.80 m   48 ms   137 ms    19.4%    1.3%    235.2 m
G2 rt_lime_rock_park__no_chicane filter                         1.78 m   47 ms   137 ms    18.7%    0.8%     23.0 m
G2 rt_lime_rock_park__no_chicane filter, reference time         1.27 m   34 ms    95 ms     8.2%    0.1%     11.0 m
G2 rt_lime_rock_park__no_chicane filter, reference time, two modes    1.22 m   33 ms    92 ms     7.0%    0.1%     10.7 m
G2 rt_lime_rock_park__no_chicane filter + speed                 0.87 m   23 ms    53 ms     0.0%    0.0%      3.8 m
G2 rt_lime_rock_park__no_chicane filter, lag-corrected          1.83 m   48 ms   138 ms    19.4%    0.8%     23.2 m
G2 rt_lime_rock_park__no_chicane filter, reference time, lag-corrected    1.40 m   37 ms    96 ms     8.3%    0.4%     12.6 m
G2 rt_lime_rock_park__no_chicane filter, reference time, two modes, lag-corrected    1.29 m   34 ms    94 ms     7.6%    0.4%     12.7 m
G2 rt_lime_rock_park__no_chicane filter + speed, lag-corrected    0.95 m   25 ms    59 ms     0.4%    0.0%      4.2 m
G2 rt_oulton_park__fosters single                               1.79 m   51 ms   159 ms    22.7%    4.4%    613.0 m
G2 rt_oulton_park__fosters filter                               1.65 m   46 ms   143 ms    19.5%    2.5%     48.9 m
G2 rt_oulton_park__fosters filter, reference time               1.30 m   35 ms    97 ms     8.9%    0.0%      8.5 m
G2 rt_oulton_park__fosters filter, reference time, two modes    1.18 m   32 ms    90 ms     7.3%    0.2%     28.7 m
G2 rt_oulton_park__fosters filter + speed                       0.93 m   26 ms    54 ms     0.7%    0.0%      5.1 m
G2 rt_oulton_park__fosters filter, lag-corrected                1.70 m   47 ms   143 ms    20.2%    2.4%     49.6 m
G2 rt_oulton_park__fosters filter, reference time, lag-corrected    1.32 m   35 ms   100 ms    10.1%    0.0%      8.4 m
G2 rt_oulton_park__fosters filter, reference time, two modes, lag-corrected    1.20 m   33 ms    93 ms     8.1%    0.2%     29.5 m
G2 rt_oulton_park__fosters filter + speed, lag-corrected        0.91 m   25 ms    58 ms     0.6%    0.0%      5.1 m
