gate g1: held-out laps of seen tracks; full augmentation
train tracks ['ks_black_cat_county__layout_short', 'ks_brands_hatch__indy', 'ks_red_bull_ring__layout_national', 'ks_vallelunga__club_circuit', 'magione'] (111 laps usable)
eval  tracks ['ks_black_cat_county__layout_short', 'ks_brands_hatch__indy', 'ks_red_bull_ring__layout_national', 'ks_vallelunga__club_circuit', 'magione'], split=train
held out as live-only: ['ks_black_cat_county__layout_short__20260923T183526Z__lap08', 'ks_brands_hatch__indy__20260921T221531Z__lap02', 'ks_red_bull_ring__layout_national__20260923T174436Z__lap15', 'ks_vallelunga__club_circuit__20260922T223945Z__lap07', 'magione__default__20260922T231051Z__lap06']
frame 148x80, reference bins 3227
model 0.67M params on mps

step     1/3000  loss 10.5154 (ce  7.168 aux  6.695 ref 0.0000)  train median  627.98 m   1.78 s/step
step    20/3000  loss 10.2161 (ce  6.903 aux  6.626 ref 0.0000)  train median  540.23 m   0.39 s/step
step    40/3000  loss 10.3357 (ce  7.140 aux  6.392 ref 0.0000)  train median  951.27 m   0.34 s/step
step    60/3000  loss  9.6196 (ce  6.727 aux  5.786 ref 0.0000)  train median  159.68 m   0.34 s/step
step    80/3000  loss  8.8247 (ce  5.939 aux  5.766 ref 0.0055)  train median   78.32 m   0.33 s/step
step   100/3000  loss 10.8374 (ce  7.367 aux  6.941 ref 0.0000)  train median 1888.71 m   0.34 s/step
step   120/3000  loss  8.9869 (ce  5.950 aux  6.073 ref 0.0003)  train median  105.14 m   0.34 s/step
step   140/3000  loss  9.6972 (ce  6.540 aux  6.312 ref 0.0022)  train median  254.49 m   0.33 s/step
step   160/3000  loss  6.6260 (ce  4.302 aux  4.643 ref 0.0042)  train median   15.22 m   0.34 s/step
step   180/3000  loss  8.5164 (ce  5.575 aux  5.881 ref 0.0007)  train median   66.46 m   0.34 s/step
step   200/3000  loss  7.4686 (ce  4.840 aux  5.253 ref 0.0045)  train median   41.80 m   0.34 s/step
  eval  n=192  median   8.28 m /  285.1 ms  p90  175.45 m /  6151.1 ms  worst  2692.21 m  within1  15.1%  within5  55.2%
        ks_black_cat_county__layout_short n=32  median   6.34 m /  187.4 ms  p90  134.62 m /  2500.6 ms  worst  2692.21 m  within1  18.8%  within5  68.8%
        ks_brands_hatch__indy    n=32  median  10.52 m /  291.5 ms  p90  132.04 m /  3166.2 ms  worst   829.73 m  within1  15.6%  within5  46.9%
        ks_red_bull_ring__layout_national n=24  median   6.91 m /  248.9 ms  p90   19.07 m /   486.3 ms  worst   166.96 m  within1  20.8%  within5  62.5%
        ks_vallelunga__club_circuit n=48  median   8.76 m /  320.9 ms  p90  488.53 m / 16953.2 ms  worst   800.49 m  within1  12.5%  within5  52.1%
        magione                  n=56  median   9.37 m /  304.7 ms  p90  181.30 m /  6421.3 ms  worst  1194.76 m  within1  12.5%  within5  51.8%
step   220/3000  loss  6.3267 (ce  4.102 aux  4.446 ref 0.0045)  train median   12.06 m   0.37 s/step
step   240/3000  loss  7.9550 (ce  5.423 aux  5.060 ref 0.0032)  train median   47.56 m   0.37 s/step
step   260/3000  loss  7.9395 (ce  5.447 aux  4.978 ref 0.0057)  train median   84.72 m   0.37 s/step
step   280/3000  loss  7.3484 (ce  4.823 aux  5.048 ref 0.0029)  train median   20.86 m   0.37 s/step
step   300/3000  loss  7.6502 (ce  5.010 aux  5.278 ref 0.0019)  train median   27.30 m   0.37 s/step
step   320/3000  loss  7.2699 (ce  4.627 aux  5.283 ref 0.0025)  train median   33.99 m   0.38 s/step
step   340/3000  loss  6.0124 (ce  3.848 aux  4.325 ref 0.0035)  train median    8.11 m   0.38 s/step
step   360/3000  loss  7.4837 (ce  4.924 aux  5.115 ref 0.0038)  train median   56.99 m   0.38 s/step
step   380/3000  loss  8.1202 (ce  5.498 aux  5.242 ref 0.0034)  train median   71.52 m   0.38 s/step
step   400/3000  loss  6.0463 (ce  3.914 aux  4.261 ref 0.0026)  train median    8.03 m   0.38 s/step
  eval  n=192  median   4.45 m /  153.8 ms  p90   47.58 m /  1429.3 ms  worst  1041.98 m  within1  24.5%  within5  70.3%
        ks_black_cat_county__layout_short n=32  median   3.89 m /  131.2 ms  p90   29.55 m /   565.5 ms  worst   185.07 m  within1  31.2%  within5  65.6%
        ks_brands_hatch__indy    n=32  median   4.54 m /  151.3 ms  p90  107.20 m /  2338.3 ms  worst   139.54 m  within1  31.2%  within5  68.8%
        ks_red_bull_ring__layout_national n=24  median   4.60 m /  131.4 ms  p90   14.46 m /   334.8 ms  worst    24.44 m  within1  25.0%  within5  79.2%
        ks_vallelunga__club_circuit n=48  median   4.53 m /  178.1 ms  p90   40.45 m /  1147.5 ms  worst   797.55 m  within1  18.8%  within5  72.9%
        magione                  n=56  median   4.30 m /  175.5 ms  p90   66.84 m /  1758.4 ms  worst  1041.98 m  within1  21.4%  within5  67.9%
step   420/3000  loss  6.6046 (ce  4.246 aux  4.714 ref 0.0026)  train median    8.83 m   0.39 s/step
step   440/3000  loss  6.0325 (ce  3.801 aux  4.460 ref 0.0023)  train median    5.67 m   0.39 s/step
step   460/3000  loss  7.6095 (ce  5.026 aux  5.163 ref 0.0041)  train median   12.85 m   0.39 s/step
step   480/3000  loss  6.0556 (ce  3.837 aux  4.436 ref 0.0014)  train median    3.07 m   0.39 s/step
step   500/3000  loss  6.9130 (ce  4.508 aux  4.806 ref 0.0033)  train median   16.08 m   0.39 s/step
step   520/3000  loss  7.5891 (ce  4.921 aux  5.333 ref 0.0027)  train median   33.35 m   0.39 s/step
step   540/3000  loss  6.9341 (ce  4.596 aux  4.672 ref 0.0052)  train median   11.21 m   0.38 s/step
step   560/3000  loss  8.0404 (ce  5.357 aux  5.361 ref 0.0049)  train median  215.72 m   0.38 s/step
step   580/3000  loss  4.6470 (ce  2.794 aux  3.703 ref 0.0018)  train median    3.16 m   0.38 s/step
step   600/3000  loss  7.2551 (ce  4.850 aux  4.810 ref 0.0007)  train median   70.40 m   0.38 s/step
  eval  n=192  median   3.78 m /  117.5 ms  p90   17.47 m /   525.2 ms  worst   789.57 m  within1  32.3%  within5  80.7%
        ks_black_cat_county__layout_short n=32  median   5.72 m /  164.4 ms  p90   20.32 m /   466.5 ms  worst    65.09 m  within1  25.0%  within5  65.6%
        ks_brands_hatch__indy    n=32  median   4.95 m /  139.8 ms  p90   25.94 m /   681.1 ms  worst   141.90 m  within1  28.1%  within5  75.0%
        ks_red_bull_ring__layout_national n=24  median   3.96 m /   94.2 ms  p90    7.86 m /   226.8 ms  worst    31.27 m  within1  29.2%  within5  91.7%
        ks_vallelunga__club_circuit n=48  median   2.14 m /   77.6 ms  p90   12.17 m /   314.7 ms  worst   253.02 m  within1  47.9%  within5  87.5%
        magione                  n=56  median   3.15 m /  120.5 ms  p90   30.02 m /  1265.2 ms  worst   789.57 m  within1  26.8%  within5  82.1%
step   620/3000  loss  5.4761 (ce  3.337 aux  4.278 ref 0.0004)  train median    2.68 m   0.39 s/step
step   640/3000  loss  6.6970 (ce  4.399 aux  4.594 ref 0.0021)  train median    3.09 m   0.40 s/step
step   660/3000  loss  6.4966 (ce  4.288 aux  4.414 ref 0.0028)  train median    9.77 m   0.39 s/step
step   680/3000  loss  6.6216 (ce  4.403 aux  4.438 ref 0.0005)  train median   31.65 m   0.39 s/step
step   700/3000  loss  6.9358 (ce  4.529 aux  4.811 ref 0.0024)  train median   19.02 m   0.39 s/step
step   720/3000  loss  4.8146 (ce  2.851 aux  3.926 ref 0.0013)  train median    3.41 m   0.39 s/step
step   740/3000  loss  6.6708 (ce  4.242 aux  4.858 ref 0.0008)  train median   18.39 m   0.39 s/step
step   760/3000  loss  7.5656 (ce  4.771 aux  5.587 ref 0.0014)  train median   26.27 m   0.39 s/step
step   780/3000  loss  9.5512 (ce  6.292 aux  6.518 ref 0.0010)  train median   39.78 m   0.39 s/step
step   800/3000  loss  4.9762 (ce  3.216 aux  3.519 ref 0.0016)  train median    4.31 m   0.40 s/step
  eval  n=192  median   4.03 m /  131.2 ms  p90   24.48 m /   748.6 ms  worst   988.85 m  within1  28.1%  within5  81.2%
        ks_black_cat_county__layout_short n=32  median   5.56 m /  153.1 ms  p90   22.00 m /   589.7 ms  worst   156.99 m  within1  15.6%  within5  78.1%
        ks_brands_hatch__indy    n=32  median   4.68 m /  138.3 ms  p90   10.35 m /   249.1 ms  worst    47.98 m  within1  18.8%  within5  87.5%
        ks_red_bull_ring__layout_national n=24  median   3.55 m /   74.8 ms  p90    8.17 m /   232.4 ms  worst    36.30 m  within1  33.3%  within5  91.7%
        ks_vallelunga__club_circuit n=48  median   2.73 m /  107.6 ms  p90   26.94 m /  1079.8 ms  worst   804.50 m  within1  35.4%  within5  77.1%
        magione                  n=56  median   4.13 m /  136.0 ms  p90   39.68 m /  1281.1 ms  worst   988.85 m  within1  32.1%  within5  78.6%
step   820/3000  loss  5.9545 (ce  3.805 aux  4.296 ref 0.0033)  train median   12.48 m   0.40 s/step
step   840/3000  loss  5.1747 (ce  3.343 aux  3.661 ref 0.0024)  train median    7.91 m   0.40 s/step
step   860/3000  loss  6.0110 (ce  3.771 aux  4.477 ref 0.0028)  train median    5.45 m   0.40 s/step
step   880/3000  loss  6.0082 (ce  3.616 aux  4.784 ref 0.0014)  train median    3.73 m   0.40 s/step
step   900/3000  loss  5.5061 (ce  3.546 aux  3.919 ref 0.0025)  train median    6.50 m   0.40 s/step
step   920/3000  loss  4.9694 (ce  2.896 aux  4.145 ref 0.0021)  train median    3.31 m   0.40 s/step
step   940/3000  loss  6.9349 (ce  4.398 aux  5.072 ref 0.0006)  train median   52.19 m   0.40 s/step
step   960/3000  loss  5.5713 (ce  3.548 aux  4.044 ref 0.0018)  train median    5.89 m   0.40 s/step
step   980/3000  loss  7.3792 (ce  5.009 aux  4.739 ref 0.0012)  train median    9.04 m   0.40 s/step
step  1000/3000  loss  4.9958 (ce  3.016 aux  3.957 ref 0.0016)  train median    4.47 m   0.40 s/step
  eval  n=192  median   3.45 m /  118.1 ms  p90   14.00 m /   432.5 ms  worst   765.30 m  within1  30.2%  within5  87.5%
        ks_black_cat_county__layout_short n=32  median   4.01 m /  124.0 ms  p90   18.72 m /   383.7 ms  worst    28.98 m  within1  25.0%  within5  81.2%
        ks_brands_hatch__indy    n=32  median   2.91 m /   86.8 ms  p90    7.88 m /   199.6 ms  worst    50.56 m  within1  28.1%  within5  96.9%
        ks_red_bull_ring__layout_national n=24  median   3.86 m /  104.3 ms  p90    8.58 m /   228.9 ms  worst    11.00 m  within1  20.8%  within5  95.8%
        ks_vallelunga__club_circuit n=48  median   3.11 m /  114.3 ms  p90   10.58 m /   419.5 ms  worst   765.30 m  within1  33.3%  within5  89.6%
        magione                  n=56  median   3.03 m /  134.4 ms  p90   25.15 m /   899.6 ms  worst   679.35 m  within1  35.7%  within5  80.4%
step  1020/3000  loss  7.7222 (ce  4.922 aux  5.599 ref 0.0002)  train median  269.37 m   0.41 s/step
step  1040/3000  loss  5.7438 (ce  3.596 aux  4.293 ref 0.0022)  train median   11.73 m   0.41 s/step
step  1060/3000  loss  7.8380 (ce  4.909 aux  5.858 ref 0.0004)  train median   50.62 m   0.41 s/step
step  1080/3000  loss  4.6098 (ce  2.893 aux  3.431 ref 0.0030)  train median    4.25 m   0.41 s/step
step  1100/3000  loss  6.9088 (ce  4.390 aux  5.036 ref 0.0002)  train median   15.06 m   0.41 s/step
step  1120/3000  loss  5.7702 (ce  3.665 aux  4.208 ref 0.0026)  train median   18.64 m   0.41 s/step
step  1140/3000  loss  4.2502 (ce  2.640 aux  3.218 ref 0.0021)  train median    2.55 m   0.41 s/step
step  1160/3000  loss  5.6724 (ce  3.312 aux  4.718 ref 0.0020)  train median    2.75 m   0.41 s/step
step  1180/3000  loss  6.8472 (ce  4.691 aux  4.311 ref 0.0019)  train median   13.63 m   0.40 s/step
step  1200/3000  loss  4.0827 (ce  2.509 aux  3.145 ref 0.0015)  train median    2.54 m   0.41 s/step
  eval  n=192  median   2.60 m /   89.2 ms  p90   15.72 m /   428.6 ms  worst   982.66 m  within1  38.0%  within5  85.4%
        ks_black_cat_county__layout_short n=32  median   3.28 m /  116.1 ms  p90   21.84 m /   428.6 ms  worst   131.47 m  within1  28.1%  within5  81.2%
        ks_brands_hatch__indy    n=32  median   2.58 m /   76.1 ms  p90    7.59 m /   217.9 ms  worst    12.26 m  within1  37.5%  within5  93.8%
        ks_red_bull_ring__layout_national n=24  median   4.28 m /  121.5 ms  p90   10.76 m /   297.3 ms  worst    82.97 m  within1  29.2%  within5  87.5%
        ks_vallelunga__club_circuit n=48  median   2.37 m /   77.0 ms  p90   13.89 m /   495.2 ms  worst   789.30 m  within1  47.9%  within5  85.4%
        magione                  n=56  median   2.37 m /   96.7 ms  p90   35.56 m /  1124.6 ms  worst   982.66 m  within1  39.3%  within5  82.1%
step  1220/3000  loss  3.7551 (ce  2.395 aux  2.718 ref 0.0015)  train median    2.28 m   0.41 s/step
step  1240/3000  loss  6.6185 (ce  4.147 aux  4.942 ref 0.0009)  train median   14.09 m   0.41 s/step
step  1260/3000  loss  5.5171 (ce  3.373 aux  4.287 ref 0.0021)  train median    7.45 m   0.41 s/step
step  1280/3000  loss  5.6031 (ce  3.602 aux  4.001 ref 0.0019)  train median    3.71 m   0.41 s/step
step  1300/3000  loss  4.5996 (ce  2.942 aux  3.314 ref 0.0015)  train median    3.95 m   0.41 s/step
step  1320/3000  loss  6.3366 (ce  3.967 aux  4.739 ref 0.0007)  train median    6.68 m   0.41 s/step
step  1340/3000  loss  5.0916 (ce  3.310 aux  3.560 ref 0.0029)  train median    7.80 m   0.41 s/step
step  1360/3000  loss  4.3860 (ce  2.733 aux  3.304 ref 0.0029)  train median    4.06 m   0.41 s/step
step  1380/3000  loss  5.4155 (ce  3.379 aux  4.069 ref 0.0031)  train median    9.08 m   0.41 s/step
step  1400/3000  loss  4.3585 (ce  2.791 aux  3.133 ref 0.0024)  train median    1.54 m   0.41 s/step
  eval  n=192  median   2.73 m /   91.9 ms  p90   10.71 m /   361.4 ms  worst   177.09 m  within1  39.1%  within5  88.0%
        ks_black_cat_county__layout_short n=32  median   3.29 m /  122.4 ms  p90   23.67 m /   455.2 ms  worst   158.18 m  within1  34.4%  within5  75.0%
        ks_brands_hatch__indy    n=32  median   2.73 m /   77.9 ms  p90    5.92 m /   170.4 ms  worst     7.75 m  within1  37.5%  within5 100.0%
        ks_red_bull_ring__layout_national n=24  median   3.65 m /   99.7 ms  p90    7.45 m /   169.7 ms  worst    11.56 m  within1  29.2%  within5  91.7%
        ks_vallelunga__club_circuit n=48  median   2.25 m /   74.8 ms  p90    7.56 m /   284.4 ms  worst    16.08 m  within1  45.8%  within5  91.7%
        magione                  n=56  median   2.32 m /  102.9 ms  p90   20.03 m /   840.5 ms  worst   177.09 m  within1  41.1%  within5  83.9%
step  1420/3000  loss  5.0948 (ce  3.274 aux  3.640 ref 0.0015)  train median    3.78 m   0.41 s/step
step  1440/3000  loss  5.3594 (ce  3.333 aux  4.051 ref 0.0014)  train median    2.68 m   0.41 s/step
step  1460/3000  loss  6.3947 (ce  3.960 aux  4.870 ref 0.0007)  train median    7.48 m   0.41 s/step
step  1480/3000  loss  4.8778 (ce  3.043 aux  3.665 ref 0.0039)  train median    6.99 m   0.41 s/step
step  1500/3000  loss  6.0439 (ce  3.884 aux  4.319 ref 0.0006)  train median   14.48 m   0.41 s/step
step  1520/3000  loss  6.0678 (ce  4.054 aux  4.025 ref 0.0018)  train median   22.38 m   0.41 s/step
step  1540/3000  loss  4.8603 (ce  2.999 aux  3.720 ref 0.0017)  train median    2.08 m   0.41 s/step
step  1560/3000  loss  4.5206 (ce  2.817 aux  3.406 ref 0.0017)  train median    2.03 m   0.41 s/step
step  1580/3000  loss  4.5162 (ce  3.013 aux  3.004 ref 0.0018)  train median    4.63 m   0.41 s/step
step  1600/3000  loss  5.7501 (ce  3.605 aux  4.286 ref 0.0037)  train median    5.81 m   0.41 s/step
  eval  n=192  median   3.12 m /  103.5 ms  p90   11.23 m /   334.0 ms  worst   240.58 m  within1  33.3%  within5  87.0%
        ks_black_cat_county__layout_short n=32  median   4.13 m /  132.2 ms  p90   23.04 m /   448.2 ms  worst   133.09 m  within1  25.0%  within5  75.0%
        ks_brands_hatch__indy    n=32  median   3.89 m /  112.2 ms  p90    9.17 m /   236.5 ms  worst    15.68 m  within1  28.1%  within5  90.6%
        ks_red_bull_ring__layout_national n=24  median   2.97 m /   71.9 ms  p90    7.30 m /   191.2 ms  worst     8.68 m  within1  41.7%  within5 100.0%
        ks_vallelunga__club_circuit n=48  median   2.56 m /   89.3 ms  p90   10.97 m /   357.1 ms  worst   240.58 m  within1  39.6%  within5  85.4%
        magione                  n=56  median   3.03 m /  110.8 ms  p90   19.64 m /   750.7 ms  worst   182.24 m  within1  32.1%  within5  87.5%
step  1620/3000  loss  5.5314 (ce  3.476 aux  4.110 ref 0.0006)  train median    6.41 m   0.42 s/step
step  1640/3000  loss  5.0526 (ce  3.079 aux  3.945 ref 0.0014)  train median    2.98 m   0.42 s/step
step  1660/3000  loss  4.8587 (ce  3.062 aux  3.593 ref 0.0012)  train median    2.38 m   0.42 s/step
step  1680/3000  loss  4.6276 (ce  3.010 aux  3.232 ref 0.0017)  train median    3.93 m   0.42 s/step
step  1700/3000  loss  5.4939 (ce  3.453 aux  4.080 ref 0.0018)  train median    3.41 m   0.42 s/step
step  1720/3000  loss  4.7994 (ce  2.839 aux  3.919 ref 0.0012)  train median    2.70 m   0.42 s/step
step  1740/3000  loss  5.0432 (ce  3.262 aux  3.559 ref 0.0024)  train median    4.05 m   0.42 s/step
step  1760/3000  loss  6.7385 (ce  4.382 aux  4.711 ref 0.0011)  train median    2.02 m   0.41 s/step
step  1780/3000  loss  4.2031 (ce  2.636 aux  3.133 ref 0.0016)  train median    2.90 m   0.41 s/step
step  1800/3000  loss  4.4322 (ce  2.707 aux  3.448 ref 0.0022)  train median    3.51 m   0.41 s/step
  eval  n=192  median   2.71 m /   90.3 ms  p90   10.01 m /   313.5 ms  worst   777.31 m  within1  41.1%  within5  89.6%
        ks_black_cat_county__layout_short n=32  median   3.18 m /   91.4 ms  p90   15.35 m /   399.9 ms  worst   136.65 m  within1  46.9%  within5  78.1%
        ks_brands_hatch__indy    n=32  median   2.89 m /  102.9 ms  p90    7.61 m /   193.4 ms  worst     9.34 m  within1  28.1%  within5 100.0%
        ks_red_bull_ring__layout_national n=24  median   3.52 m /   82.8 ms  p90    7.41 m /   196.8 ms  worst    11.28 m  within1  33.3%  within5  95.8%
        ks_vallelunga__club_circuit n=48  median   2.01 m /   74.7 ms  p90    9.96 m /   355.1 ms  worst   777.31 m  within1  50.0%  within5  89.6%
        magione                  n=56  median   2.66 m /   92.8 ms  p90   16.07 m /   632.9 ms  worst   179.20 m  within1  41.1%  within5  87.5%
step  1820/3000  loss  6.6888 (ce  4.415 aux  4.548 ref 0.0010)  train median   10.93 m   0.42 s/step
step  1840/3000  loss  4.1502 (ce  2.607 aux  3.085 ref 0.0022)  train median    2.80 m   0.42 s/step
step  1860/3000  loss  6.4418 (ce  3.987 aux  4.909 ref 0.0004)  train median   15.31 m   0.42 s/step
step  1880/3000  loss  5.0344 (ce  3.257 aux  3.553 ref 0.0020)  train median    2.50 m   0.42 s/step
step  1900/3000  loss  4.8437 (ce  3.132 aux  3.421 ref 0.0016)  train median    5.10 m   0.42 s/step
step  1920/3000  loss  5.4295 (ce  3.545 aux  3.767 ref 0.0012)  train median    4.11 m   0.42 s/step
step  1940/3000  loss  5.9980 (ce  3.772 aux  4.451 ref 0.0021)  train median    6.60 m   0.42 s/step
step  1960/3000  loss  4.0123 (ce  2.495 aux  3.033 ref 0.0009)  train median    1.30 m   0.41 s/step
step  1980/3000  loss  4.6925 (ce  2.954 aux  3.476 ref 0.0012)  train median    2.76 m   0.42 s/step
step  2000/3000  loss  4.9247 (ce  3.099 aux  3.648 ref 0.0036)  train median    7.24 m   0.41 s/step
  eval  n=192  median   2.82 m /   91.5 ms  p90    9.50 m /   305.3 ms  worst    59.46 m  within1  37.0%  within5  91.7%
        ks_black_cat_county__layout_short n=32  median   3.00 m /   86.7 ms  p90   15.55 m /   340.8 ms  worst    24.21 m  within1  31.2%  within5  84.4%
        ks_brands_hatch__indy    n=32  median   2.11 m /   69.4 ms  p90    5.95 m /   177.1 ms  worst     8.51 m  within1  43.8%  within5 100.0%
        ks_red_bull_ring__layout_national n=24  median   3.62 m /   95.8 ms  p90    7.15 m /   184.9 ms  worst     9.59 m  within1  33.3%  within5 100.0%
        ks_vallelunga__club_circuit n=48  median   2.34 m /   77.0 ms  p90    9.28 m /   340.4 ms  worst    59.46 m  within1  41.7%  within5  91.7%
        magione                  n=56  median   2.90 m /  103.5 ms  p90   13.24 m /   546.2 ms  worst    53.58 m  within1  33.9%  within5  87.5%
step  2020/3000  loss  5.1730 (ce  3.200 aux  3.944 ref 0.0030)  train median    5.44 m   0.42 s/step
step  2040/3000  loss  5.2984 (ce  3.369 aux  3.856 ref 0.0019)  train median    4.84 m   0.42 s/step
step  2060/3000  loss  4.7546 (ce  3.059 aux  3.389 ref 0.0013)  train median    4.23 m   0.42 s/step
step  2080/3000  loss  3.9483 (ce  2.458 aux  2.978 ref 0.0017)  train median    2.19 m   0.42 s/step
step  2100/3000  loss  4.0179 (ce  2.547 aux  2.939 ref 0.0018)  train median    2.38 m   0.42 s/step
step  2120/3000  loss  4.6526 (ce  3.021 aux  3.262 ref 0.0022)  train median    4.01 m   0.42 s/step
step  2140/3000  loss  4.6587 (ce  2.906 aux  3.505 ref 0.0011)  train median    2.41 m   0.42 s/step
step  2160/3000  loss  4.3329 (ce  2.718 aux  3.227 ref 0.0022)  train median    2.90 m   0.42 s/step
step  2180/3000  loss  4.3545 (ce  2.754 aux  3.198 ref 0.0027)  train median    4.53 m   0.42 s/step
step  2200/3000  loss  4.5246 (ce  2.978 aux  3.090 ref 0.0033)  train median    4.48 m   0.42 s/step
  eval  n=192  median   2.41 m /   86.2 ms  p90    9.10 m /   278.3 ms  worst   181.99 m  within1  42.7%  within5  91.1%
        ks_black_cat_county__layout_short n=32  median   2.83 m /   96.7 ms  p90   14.56 m /   296.6 ms  worst    21.12 m  within1  34.4%  within5  87.5%
        ks_brands_hatch__indy    n=32  median   2.62 m /   74.5 ms  p90    8.43 m /   190.9 ms  worst    11.12 m  within1  40.6%  within5  96.9%
        ks_red_bull_ring__layout_national n=24  median   3.14 m /   99.7 ms  p90    6.26 m /   190.1 ms  worst    10.03 m  within1  33.3%  within5  95.8%
        ks_vallelunga__club_circuit n=48  median   1.92 m /   64.6 ms  p90    9.68 m /   337.4 ms  worst    62.69 m  within1  54.2%  within5  89.6%
        magione                  n=56  median   2.42 m /   92.5 ms  p90   11.97 m /   391.1 ms  worst   181.99 m  within1  42.9%  within5  89.3%
step  2220/3000  loss  7.0324 (ce  4.500 aux  5.065 ref 0.0002)  train median  373.78 m   0.42 s/step
step  2240/3000  loss  4.9049 (ce  3.037 aux  3.733 ref 0.0017)  train median    2.57 m   0.42 s/step
step  2260/3000  loss  5.3720 (ce  3.383 aux  3.977 ref 0.0005)  train median    2.61 m   0.42 s/step
step  2280/3000  loss  4.4594 (ce  2.790 aux  3.335 ref 0.0030)  train median    3.28 m   0.42 s/step
step  2300/3000  loss  4.7054 (ce  2.851 aux  3.707 ref 0.0009)  train median    1.46 m   0.42 s/step
step  2320/3000  loss  4.7564 (ce  3.034 aux  3.443 ref 0.0019)  train median    5.48 m   0.42 s/step
step  2340/3000  loss  5.5825 (ce  3.643 aux  3.877 ref 0.0013)  train median    6.30 m   0.42 s/step
step  2360/3000  loss  4.9774 (ce  3.090 aux  3.775 ref 0.0004)  train median   14.17 m   0.42 s/step
step  2380/3000  loss  4.2708 (ce  2.695 aux  3.149 ref 0.0022)  train median    6.36 m   0.42 s/step
step  2400/3000  loss  4.0592 (ce  2.608 aux  2.901 ref 0.0023)  train median    3.84 m   0.43 s/step
  eval  n=192  median   2.52 m /   84.6 ms  p90    9.16 m /   309.7 ms  worst   136.60 m  within1  41.1%  within5  90.6%
        ks_black_cat_county__layout_short n=32  median   2.88 m /   90.8 ms  p90   13.86 m /   312.4 ms  worst   136.60 m  within1  37.5%  within5  81.2%
        ks_brands_hatch__indy    n=32  median   2.64 m /   69.8 ms  p90    5.69 m /   142.0 ms  worst     8.25 m  within1  40.6%  within5 100.0%
        ks_red_bull_ring__layout_national n=24  median   2.95 m /   98.6 ms  p90    7.30 m /   177.9 ms  worst     7.60 m  within1  41.7%  within5 100.0%
        ks_vallelunga__club_circuit n=48  median   2.05 m /   80.2 ms  p90    8.25 m /   315.9 ms  worst    15.10 m  within1  47.9%  within5  91.7%
        magione                  n=56  median   2.52 m /   88.9 ms  p90   15.46 m /   446.8 ms  worst    55.53 m  within1  37.5%  within5  85.7%
step  2420/3000  loss  6.0976 (ce  3.804 aux  4.586 ref 0.0013)  train median    2.96 m   0.43 s/step
step  2440/3000  loss  4.7873 (ce  2.858 aux  3.858 ref 0.0005)  train median    3.88 m   0.43 s/step
step  2460/3000  loss  4.6103 (ce  2.918 aux  3.382 ref 0.0021)  train median    2.21 m   0.43 s/step
step  2480/3000  loss  4.7616 (ce  3.011 aux  3.499 ref 0.0017)  train median    3.87 m   0.43 s/step
step  2500/3000  loss  5.2491 (ce  3.230 aux  4.036 ref 0.0014)  train median    3.93 m   0.43 s/step
step  2520/3000  loss  4.7054 (ce  3.027 aux  3.354 ref 0.0022)  train median    5.71 m   0.43 s/step
step  2540/3000  loss  4.6192 (ce  2.937 aux  3.361 ref 0.0025)  train median    4.35 m   0.43 s/step
step  2560/3000  loss  5.0211 (ce  3.364 aux  3.312 ref 0.0020)  train median    5.37 m   0.43 s/step
step  2580/3000  loss 11.2182 (ce  7.759 aux  6.918 ref 0.0000)  train median 1276.20 m   0.43 s/step
step  2600/3000  loss  4.7450 (ce  2.950 aux  3.588 ref 0.0011)  train median    2.16 m   0.43 s/step
  eval  n=192  median   2.50 m /   80.6 ms  p90    8.31 m /   285.4 ms  worst    55.30 m  within1  41.1%  within5  92.2%
        ks_black_cat_county__layout_short n=32  median   2.70 m /   91.2 ms  p90   13.21 m /   295.6 ms  worst    20.21 m  within1  40.6%  within5  84.4%
        ks_brands_hatch__indy    n=32  median   2.63 m /   72.0 ms  p90    5.41 m /   148.2 ms  worst     9.91 m  within1  40.6%  within5 100.0%
        ks_red_bull_ring__layout_national n=24  median   2.97 m /   93.0 ms  p90    6.67 m /   159.5 ms  worst     8.30 m  within1  37.5%  within5 100.0%
        ks_vallelunga__club_circuit n=48  median   2.18 m /   76.1 ms  p90    8.08 m /   293.1 ms  worst    15.49 m  within1  45.8%  within5  91.7%
        magione                  n=56  median   2.28 m /   89.4 ms  p90   12.44 m /   417.9 ms  worst    55.30 m  within1  39.3%  within5  89.3%
step  2620/3000  loss  5.5755 (ce  3.610 aux  3.929 ref 0.0014)  train median    2.89 m   0.43 s/step
step  2640/3000  loss  4.1516 (ce  2.603 aux  3.095 ref 0.0014)  train median    3.58 m   0.43 s/step
step  2660/3000  loss  3.9644 (ce  2.479 aux  2.970 ref 0.0015)  train median    1.57 m   0.43 s/step
step  2680/3000  loss  4.4736 (ce  2.858 aux  3.228 ref 0.0027)  train median    4.33 m   0.43 s/step
step  2700/3000  loss  3.6647 (ce  2.331 aux  2.666 ref 0.0011)  train median    1.51 m   0.43 s/step
step  2720/3000  loss  4.3926 (ce  2.803 aux  3.178 ref 0.0014)  train median    2.25 m   0.43 s/step
step  2740/3000  loss  3.6064 (ce  2.252 aux  2.709 ref 0.0006)  train median    0.78 m   0.43 s/step
step  2760/3000  loss  4.2858 (ce  2.672 aux  3.226 ref 0.0024)  train median    4.10 m   0.43 s/step
step  2780/3000  loss  5.2080 (ce  3.437 aux  3.540 ref 0.0026)  train median    9.28 m   0.43 s/step
step  2800/3000  loss  4.6342 (ce  2.911 aux  3.443 ref 0.0024)  train median    4.71 m   0.43 s/step
  eval  n=192  median   2.42 m /   85.0 ms  p90    9.03 m /   292.8 ms  worst    55.38 m  within1  41.7%  within5  91.1%
        ks_black_cat_county__layout_short n=32  median   2.76 m /   89.4 ms  p90   12.70 m /   286.1 ms  worst    20.53 m  within1  40.6%  within5  87.5%
        ks_brands_hatch__indy    n=32  median   2.53 m /   66.2 ms  p90    5.09 m /   148.6 ms  worst    10.05 m  within1  43.8%  within5  96.9%
        ks_red_bull_ring__layout_national n=24  median   3.21 m /  103.9 ms  p90    6.22 m /   169.2 ms  worst     9.31 m  within1  37.5%  within5 100.0%
        ks_vallelunga__club_circuit n=48  median   2.23 m /   82.3 ms  p90    7.77 m /   296.6 ms  worst    15.60 m  within1  45.8%  within5  91.7%
        magione                  n=56  median   2.24 m /   90.5 ms  p90   15.91 m /   484.1 ms  worst    55.38 m  within1  39.3%  within5  85.7%
step  2820/3000  loss  3.9689 (ce  2.494 aux  2.949 ref 0.0017)  train median    2.70 m   0.43 s/step
step  2840/3000  loss  4.5908 (ce  2.979 aux  3.221 ref 0.0028)  train median    6.89 m   0.43 s/step
step  2860/3000  loss  4.5972 (ce  2.913 aux  3.365 ref 0.0027)  train median    7.60 m   0.43 s/step
step  2880/3000  loss  4.5525 (ce  2.834 aux  3.436 ref 0.0014)  train median    2.34 m   0.43 s/step
step  2900/3000  loss  4.4783 (ce  2.921 aux  3.112 ref 0.0012)  train median    3.37 m   0.43 s/step
step  2920/3000  loss  5.2278 (ce  3.232 aux  3.991 ref 0.0004)  train median    5.60 m   0.43 s/step
step  2940/3000  loss  5.0361 (ce  3.274 aux  3.521 ref 0.0026)  train median    5.36 m   0.43 s/step
step  2960/3000  loss  4.9648 (ce  3.122 aux  3.683 ref 0.0026)  train median    4.36 m   0.43 s/step
step  2980/3000  loss  3.9291 (ce  2.436 aux  2.985 ref 0.0009)  train median    1.85 m   0.43 s/step
step  3000/3000  loss  5.4994 (ce  3.514 aux  3.969 ref 0.0020)  train median    4.51 m   0.43 s/step
  eval  n=192  median   2.46 m /   84.8 ms  p90    9.02 m /   289.2 ms  worst    54.66 m  within1  41.7%  within5  91.7%
        ks_black_cat_county__layout_short n=32  median   2.85 m /   89.7 ms  p90   13.14 m /   282.0 ms  worst    20.95 m  within1  40.6%  within5  87.5%
        ks_brands_hatch__indy    n=32  median   2.57 m /   68.0 ms  p90    5.14 m /   149.0 ms  worst    10.12 m  within1  43.8%  within5  96.9%
        ks_red_bull_ring__layout_national n=24  median   3.32 m /  104.2 ms  p90    6.07 m /   167.6 ms  worst     9.36 m  within1  37.5%  within5 100.0%
        ks_vallelunga__club_circuit n=48  median   2.21 m /   82.2 ms  p90    7.97 m /   295.9 ms  worst    15.39 m  within1  45.8%  within5  91.7%
        magione                  n=56  median   2.27 m /   91.8 ms  p90   16.13 m /   488.3 ms  worst    54.66 m  within1  39.3%  within5  87.5%

best eval median 2.41 m; artifacts in /Users/pvodopija/code/primal/runs/ab_camera
