====================================================================================================
GATES
====================================================================================================

seen laps, seen tracks
  n=320  median   1.92 m /   57.4 ms  p90    6.72 m /   203.6 ms  worst   358.12 m  within1  51.9%  within5  94.7%
  mean predictive entropy 2.535 nats
    ks_black_cat_county__layout_short n=72  median   3.07 m /   95.2 ms  p90   11.31 m /   325.7 ms  worst   358.12 m  within1  36.1%  within5  84.7%
    ks_brands_hatch__indy    n=72  median   1.20 m /   39.5 ms  p90    3.11 m /    98.0 ms  worst     4.99 m  within1  70.8%  within5 100.0%
    ks_red_bull_ring__layout_national n=48  median   2.11 m /   55.9 ms  p90    5.79 m /   136.6 ms  worst    10.50 m  within1  47.9%  within5  97.9%
    ks_vallelunga__club_circuit n=64  median   2.24 m /   73.1 ms  p90    6.27 m /   226.8 ms  worst    11.87 m  within1  48.4%  within5  98.4%
    magione                  n=64  median   1.76 m /   51.2 ms  p90    5.87 m /   193.1 ms  worst    56.38 m  within1  54.7%  within5  93.8%

G1  held-out laps, seen tracks
  n=320  median   2.25 m /   69.9 ms  p90    6.58 m /   187.8 ms  worst  1637.35 m  within1  45.0%  within5  97.8%
  mean predictive entropy 2.486 nats
    ks_black_cat_county__layout_short n=48  median   2.12 m /   62.2 ms  p90    5.97 m /   196.6 ms  worst  1637.35 m  within1  47.9%  within5  95.8%
    ks_brands_hatch__indy    n=64  median   1.89 m /   56.9 ms  p90    4.69 m /   136.4 ms  worst     7.75 m  within1  51.6%  within5 100.0%
    ks_red_bull_ring__layout_national n=64  median   2.74 m /   76.3 ms  p90    7.07 m /   221.9 ms  worst    11.49 m  within1  35.9%  within5  98.4%
    ks_vallelunga__club_circuit n=88  median   2.34 m /   85.4 ms  p90    7.21 m /   253.9 ms  worst    10.28 m  within1  43.2%  within5  97.7%
    magione                  n=56  median   2.13 m /   77.3 ms  p90    4.25 m /   144.3 ms  worst   143.50 m  within1  48.2%  within5  96.4%

G2  held-out tracks
  n=320  median   2.95 m /   77.1 ms  p90   15.31 m /   358.5 ms  worst  1023.62 m  within1  35.9%  within5  85.9%
  mean predictive entropy 2.731 nats
    ks_silverstone__national n=320  median   2.95 m /   77.1 ms  p90   15.31 m /   358.5 ms  worst  1023.62 m  within1  35.9%  within5  85.9%

====================================================================================================
NEGATIVE CONTROLS
====================================================================================================

wrong-reference control: live clips paired with another track's reference
  matched reference   median    1.77 m   entropy 2.497 nats
  wrong reference     median  571.82 m   entropy 3.939 nats
  chance for 3227 bins at 2.00 m: 1613.3 m; uniform entropy 8.079 nats
  PASS: error must collapse to chance when the reference is wrong

wrote runs/ab_camera_mirror_long/gates.json
