====================================================================================================
GATES
====================================================================================================

seen laps, seen tracks
  n=320  median   1.42 m /   46.1 ms  p90    7.54 m /   209.5 ms  worst   932.88 m  within1  59.7%  within5  92.8%
  mean predictive entropy 2.496 nats
    ks_black_cat_county__layout_short n=72  median   1.82 m /   53.2 ms  p90    4.79 m /   134.4 ms  worst     7.79 m  within1  52.8%  within5 100.0%
    ks_brands_hatch__indy    n=72  median   0.38 m /   11.7 ms  p90    1.17 m /    31.7 ms  worst     2.64 m  within1  97.2%  within5 100.0%
    ks_red_bull_ring__layout_national n=48  median   4.23 m /  106.8 ms  p90   28.46 m /   784.9 ms  worst   932.88 m  within1  37.5%  within5  79.2%
    ks_vallelunga__club_circuit n=64  median   1.34 m /   44.0 ms  p90    3.35 m /   153.8 ms  worst     7.53 m  within1  65.6%  within5 100.0%
    magione                  n=64  median   3.28 m /  109.7 ms  p90   39.26 m /  1250.4 ms  worst   556.19 m  within1  35.9%  within5  79.7%

G1  held-out laps, seen tracks
  n=320  median   1.80 m /   53.6 ms  p90    5.73 m /   185.1 ms  worst  1617.70 m  within1  55.3%  within5  94.1%
  mean predictive entropy 2.491 nats
    ks_black_cat_county__layout_short n=48  median   2.03 m /   63.6 ms  p90    5.68 m /   187.6 ms  worst  1617.70 m  within1  50.0%  within5  95.8%
    ks_brands_hatch__indy    n=64  median   0.79 m /   25.8 ms  p90    2.72 m /    73.7 ms  worst     4.67 m  within1  81.2%  within5 100.0%
    ks_red_bull_ring__layout_national n=64  median   2.77 m /   64.2 ms  p90   25.49 m /   602.0 ms  worst    80.49 m  within1  42.2%  within5  85.9%
    ks_vallelunga__club_circuit n=88  median   1.15 m /   45.0 ms  p90    3.30 m /   134.5 ms  worst     6.84 m  within1  67.0%  within5 100.0%
    magione                  n=56  median   3.58 m /  124.1 ms  p90   18.33 m /   456.9 ms  worst   252.45 m  within1  26.8%  within5  85.7%

G2  held-out tracks
  n=320  median   4.61 m /  123.5 ms  p90  428.89 m / 12270.6 ms  worst  1259.82 m  within1  28.1%  within5  72.5%
  mean predictive entropy 3.177 nats
    ks_silverstone__national n=320  median   4.61 m /  123.5 ms  p90  428.89 m / 12270.6 ms  worst  1259.82 m  within1  28.1%  within5  72.5%

====================================================================================================
NEGATIVE CONTROLS
====================================================================================================

wrong-reference control: live clips paired with another track's reference
  matched reference   median    1.36 m   entropy 2.498 nats
  wrong reference     median  572.04 m   entropy 3.557 nats
  chance for 3227 bins at 2.00 m: 1613.3 m; uniform entropy 8.079 nats
  PASS: error must collapse to chance when the reference is wrong

wrote runs/lc3b/gates.json
