  G1 ks_black_cat_county__layout_ ref 180056Z  live 183526Z
  G1 ks_black_cat_county__layout_ ref 183242Z  live 183526Z
  G1 ks_brands_hatch__indy        ref 171903Z  live 221531Z
  G1 ks_brands_hatch__indy        ref 181357Z  live 221531Z
  G1 ks_highlands__layout_short   ref 212549Z  live 005654Z
  G1 ks_laguna_seca               ref 110507Z  live 123110Z
  G1 ks_monza66__junior           ref 091133Z  live 093530Z
  G1 ks_nurburgring__layout_sprin ref 100528Z  live 103410Z
  G1 ks_red_bull_ring__layout_nat ref 232216Z  live 174436Z
  G1 ks_red_bull_ring__layout_nat ref 233620Z  live 174436Z
  G1 ks_vallelunga__club_circuit  ref 220345Z  live 223945Z
  G1 ks_vallelunga__club_circuit  ref 222513Z  live 223945Z
  G1 magione                      ref 225059Z  live 231051Z
  G1 magione                      ref 230023Z  live 231051Z
  G2 ks_silverstone__national     ref 105441Z  live 104658Z
  G2 ks_silverstone__national     ref 105442Z  live 104658Z
  G2 ks_silverstone__national     ref 105441Z  live 104658Z
  G2 ks_silverstone__national     ref 105442Z  live 104658Z
  G2 ks_silverstone__national     ref 105441Z  live 104658Z
  G2 ks_silverstone__national     ref 105442Z  live 104658Z
  G2 ks_silverstone__national     ref 105441Z  live 104658Z
  G2 ks_silverstone__national     ref 105442Z  live 104658Z
  G2 ks_silverstone__national     ref 105441Z  live 104658Z
  G2 ks_silverstone__national     ref 105442Z  live 104658Z
  G2 ks_silverstone__national     ref 105441Z  live 104658Z
  G2 ks_silverstone__national     ref 105442Z  live 104658Z
  G2 ks_silverstone__national     ref 105441Z  live 104658Z
  G2 ks_silverstone__national     ref 105442Z  live 104658Z
  G2 ks_silverstone__national     ref 104658Z  live 105441Z
  G2 ks_silverstone__national     ref 105442Z  live 105441Z
  G2 ks_silverstone__national     ref 104658Z  live 105441Z
  G2 ks_silverstone__national     ref 105442Z  live 105441Z
  G2 ks_silverstone__national     ref 104658Z  live 105441Z
  G2 ks_silverstone__national     ref 105442Z  live 105441Z
  G2 ks_silverstone__national     ref 104658Z  live 105441Z
  G2 ks_silverstone__national     ref 105442Z  live 105441Z
  G2 ks_silverstone__national     ref 104658Z  live 105441Z
  G2 ks_silverstone__national     ref 105442Z  live 105441Z
  G2 ks_silverstone__national     ref 104658Z  live 105441Z
  G2 ks_silverstone__national     ref 105442Z  live 105441Z
  G2 ks_silverstone__national     ref 104658Z  live 105441Z
  G2 ks_silverstone__national     ref 105442Z  live 105441Z
  G2 ks_silverstone__national     ref 104658Z  live 105441Z
  G2 ks_silverstone__national     ref 105442Z  live 105441Z
  G2 ks_silverstone__national     ref 104658Z  live 105442Z
  G2 ks_silverstone__national     ref 105441Z  live 105442Z
  G2 ks_silverstone__national     ref 104658Z  live 105442Z
  G2 ks_silverstone__national     ref 105441Z  live 105442Z
  G2 ks_silverstone__national     ref 104658Z  live 105442Z
  G2 ks_silverstone__national     ref 105441Z  live 105442Z
  G2 ks_silverstone__national     ref 104658Z  live 105442Z
  G2 ks_silverstone__national     ref 105441Z  live 105442Z
  G2 ks_silverstone__national     ref 104658Z  live 105442Z
  G2 ks_silverstone__national     ref 105441Z  live 105442Z
  G2 ks_silverstone__national     ref 104658Z  live 105442Z
  G2 ks_silverstone__national     ref 105441Z  live 105442Z
  G2 ks_silverstone__national     ref 104658Z  live 105442Z
  G2 ks_silverstone__national     ref 105441Z  live 105442Z
  G2 ks_silverstone__national     ref 104658Z  live 105442Z
  G2 ks_silverstone__national     ref 105441Z  live 105442Z
  G2 rt_lime_rock_park__no_chican ref 143440Z  live 141815Z
  G2 rt_lime_rock_park__no_chican ref 143440Z  live 141815Z
  G2 rt_lime_rock_park__no_chican ref 143440Z  live 141815Z
  G2 rt_lime_rock_park__no_chican ref 143440Z  live 141815Z
  G2 rt_lime_rock_park__no_chican ref 143440Z  live 141815Z
  G2 rt_lime_rock_park__no_chican ref 143440Z  live 141815Z
  G2 rt_lime_rock_park__no_chican ref 143440Z  live 141815Z
  G2 rt_lime_rock_park__no_chican ref 143440Z  live 141815Z
  G2 rt_lime_rock_park__no_chican ref 143440Z  live 141815Z
  G2 rt_lime_rock_park__no_chican ref 141815Z  live 143440Z
  G2 rt_lime_rock_park__no_chican ref 141815Z  live 143440Z
  G2 rt_lime_rock_park__no_chican ref 141815Z  live 143440Z
  G2 rt_lime_rock_park__no_chican ref 141815Z  live 143440Z
  G2 rt_lime_rock_park__no_chican ref 141815Z  live 143440Z
  G2 rt_lime_rock_park__no_chican ref 141815Z  live 143440Z
  G2 rt_lime_rock_park__no_chican ref 141815Z  live 143440Z
  G2 rt_lime_rock_park__no_chican ref 141815Z  live 143440Z
  G2 rt_oulton_park__fosters      ref 195157Z  live 193254Z
  G2 rt_oulton_park__fosters      ref 195157Z  live 193254Z
  G2 rt_oulton_park__fosters      ref 195157Z  live 193254Z
  G2 rt_oulton_park__fosters      ref 195157Z  live 193254Z
  G2 rt_oulton_park__fosters      ref 195157Z  live 193254Z
  G2 rt_oulton_park__fosters      ref 195157Z  live 193254Z
  G2 rt_oulton_park__fosters      ref 195157Z  live 193254Z
  G2 rt_oulton_park__fosters      ref 195157Z  live 193254Z
  G2 rt_oulton_park__fosters      ref 195157Z  live 193254Z
  G2 rt_oulton_park__fosters      ref 193254Z  live 195157Z
  G2 rt_oulton_park__fosters      ref 193254Z  live 195157Z
  G2 rt_oulton_park__fosters      ref 193254Z  live 195157Z
  G2 rt_oulton_park__fosters      ref 193254Z  live 195157Z
  G2 rt_oulton_park__fosters      ref 193254Z  live 195157Z
  G2 rt_oulton_park__fosters      ref 193254Z  live 195157Z
  G2 rt_oulton_park__fosters      ref 193254Z  live 195157Z
  G2 rt_oulton_park__fosters      ref 193254Z  live 195157Z
  G2 rt_oulton_park__fosters      ref 193254Z  live 195157Z

                                                                       median      p90  >100 ms   >10 m     worst
G1 single                                                       1.99 m   64 ms   199 ms    32.3%    4.5%   3115.7 m
G1 filter                                                       1.93 m   61 ms   190 ms    30.9%    3.2%   1543.0 m
G1 filter, reference time                                       1.29 m   41 ms   115 ms    13.5%    0.3%     21.1 m
G1 filter, reference time, two modes                            1.31 m   41 ms   119 ms    14.8%    0.4%     31.1 m
G1 filter + speed                                               1.05 m   33 ms    85 ms     6.0%    0.0%      7.3 m
G2 single                                                       2.14 m   59 ms   201 ms    28.9%    7.0%   1283.2 m
G2 filter                                                       2.08 m   57 ms   187 ms    27.9%    5.2%   1059.4 m
G2 filter, reference time                                       1.50 m   41 ms   109 ms    12.6%    0.0%     27.1 m
G2 filter, reference time, two modes                            1.43 m   39 ms   112 ms    13.1%    1.2%     96.0 m
G2 filter + speed                                               1.03 m   28 ms    70 ms     2.4%    0.0%     11.2 m
G2 ks_silverstone__national single                              2.54 m   69 ms   255 ms    35.2%   10.0%   1283.2 m
G2 ks_silverstone__national filter                              2.46 m   68 ms   224 ms    34.6%    7.9%   1059.4 m
G2 ks_silverstone__national filter, reference time              1.61 m   45 ms   117 ms    14.8%    0.1%     27.1 m
G2 ks_silverstone__national filter, reference time, two modes    1.58 m   44 ms   126 ms    16.1%    1.9%     96.0 m
G2 ks_silverstone__national filter + speed                      1.15 m   32 ms    78 ms     3.7%    0.0%     11.2 m
G2 same car single                                              2.68 m   73 ms   301 ms    38.0%   12.3%   1283.2 m
G2 same car filter                                              2.61 m   73 ms   248 ms    37.3%    9.7%   1059.4 m
G2 same car filter, reference time                              1.36 m   37 ms    94 ms     8.7%    0.1%     10.8 m
G2 same car filter, reference time, two modes                   1.40 m   39 ms   112 ms    12.6%    2.8%     96.0 m
G2 same car filter + speed                                      1.16 m   32 ms    80 ms     4.5%    0.0%     10.1 m
G2 rt_lime_rock_park__no_chicane single                         1.70 m   45 ms   126 ms    16.9%    0.5%    120.8 m
G2 rt_lime_rock_park__no_chicane filter                         1.66 m   44 ms   126 ms    16.2%    0.2%     11.6 m
G2 rt_lime_rock_park__no_chicane filter, reference time         1.31 m   34 ms    96 ms     8.7%    0.0%      8.7 m
G2 rt_lime_rock_park__no_chicane filter, reference time, two modes    1.22 m   32 ms    94 ms     8.4%    0.0%      9.1 m
G2 rt_lime_rock_park__no_chicane filter + speed                 0.73 m   19 ms    58 ms     0.2%    0.0%      3.9 m
G2 rt_oulton_park__fosters single                               1.83 m   51 ms   165 ms    23.2%    5.0%   1092.0 m
G2 rt_oulton_park__fosters filter                               1.74 m   48 ms   152 ms    21.2%    2.9%     62.2 m
G2 rt_oulton_park__fosters filter, reference time               1.38 m   38 ms   101 ms    10.4%    0.0%      8.8 m
G2 rt_oulton_park__fosters filter, reference time, two modes    1.27 m   35 ms    98 ms     9.4%    0.3%     35.6 m
G2 rt_oulton_park__fosters filter + speed                       1.00 m   27 ms    57 ms     0.8%    0.0%      5.8 m
