  G1 ks_black_cat_county__layout_ ref 180056Z  live 183526Z
  G1 ks_black_cat_county__layout_ ref 183242Z  live 183526Z
  G1 ks_brands_hatch__indy        ref 171903Z  live 221531Z
  G1 ks_brands_hatch__indy        ref 181357Z  live 221531Z
  G1 ks_highlands__layout_short   ref 212549Z  live 005654Z
  G1 ks_laguna_seca               ref 110507Z  live 123110Z
  G1 ks_monza66__junior           ref 091133Z  live 093530Z
  G1 ks_nurburgring__layout_sprin ref 100528Z  live 103410Z
  G1 ks_red_bull_ring__layout_nat ref 232216Z  live 174436Z
  G1 ks_red_bull_ring__layout_nat ref 233620Z  live 174436Z
  G1 ks_vallelunga__club_circuit  ref 220345Z  live 223945Z
  G1 ks_vallelunga__club_circuit  ref 222513Z  live 223945Z
  G1 magione                      ref 225059Z  live 231051Z
  G1 magione                      ref 230023Z  live 231051Z
  G2 ks_silverstone__national     ref 105441Z  live 104658Z
  G2 ks_silverstone__national     ref 105442Z  live 104658Z
  G2 ks_silverstone__national     ref 105441Z  live 104658Z
  G2 ks_silverstone__national     ref 105442Z  live 104658Z
  G2 ks_silverstone__national     ref 105441Z  live 104658Z
  G2 ks_silverstone__national     ref 105442Z  live 104658Z
  G2 ks_silverstone__national     ref 105441Z  live 104658Z
  G2 ks_silverstone__national     ref 105442Z  live 104658Z
  G2 ks_silverstone__national     ref 105441Z  live 104658Z
  G2 ks_silverstone__national     ref 105442Z  live 104658Z
  G2 ks_silverstone__national     ref 105441Z  live 104658Z
  G2 ks_silverstone__national     ref 105442Z  live 104658Z
  G2 ks_silverstone__national     ref 105441Z  live 104658Z
  G2 ks_silverstone__national     ref 105442Z  live 104658Z
  G2 ks_silverstone__national     ref 104658Z  live 105441Z
  G2 ks_silverstone__national     ref 105442Z  live 105441Z
  G2 ks_silverstone__national     ref 104658Z  live 105441Z
  G2 ks_silverstone__national     ref 105442Z  live 105441Z
  G2 ks_silverstone__national     ref 104658Z  live 105441Z
  G2 ks_silverstone__national     ref 105442Z  live 105441Z
  G2 ks_silverstone__national     ref 104658Z  live 105441Z
  G2 ks_silverstone__national     ref 105442Z  live 105441Z
  G2 ks_silverstone__national     ref 104658Z  live 105441Z
  G2 ks_silverstone__national     ref 105442Z  live 105441Z
  G2 ks_silverstone__national     ref 104658Z  live 105441Z
  G2 ks_silverstone__national     ref 105442Z  live 105441Z
  G2 ks_silverstone__national     ref 104658Z  live 105441Z
  G2 ks_silverstone__national     ref 105442Z  live 105441Z
  G2 ks_silverstone__national     ref 104658Z  live 105441Z
  G2 ks_silverstone__national     ref 105442Z  live 105441Z
  G2 ks_silverstone__national     ref 104658Z  live 105442Z
  G2 ks_silverstone__national     ref 105441Z  live 105442Z
  G2 ks_silverstone__national     ref 104658Z  live 105442Z
  G2 ks_silverstone__national     ref 105441Z  live 105442Z
  G2 ks_silverstone__national     ref 104658Z  live 105442Z
  G2 ks_silverstone__national     ref 105441Z  live 105442Z
  G2 ks_silverstone__national     ref 104658Z  live 105442Z
  G2 ks_silverstone__national     ref 105441Z  live 105442Z
  G2 ks_silverstone__national     ref 104658Z  live 105442Z
  G2 ks_silverstone__national     ref 105441Z  live 105442Z
  G2 ks_silverstone__national     ref 104658Z  live 105442Z
  G2 ks_silverstone__national     ref 105441Z  live 105442Z
  G2 ks_silverstone__national     ref 104658Z  live 105442Z
  G2 ks_silverstone__national     ref 105441Z  live 105442Z
  G2 ks_silverstone__national     ref 104658Z  live 105442Z
  G2 ks_silverstone__national     ref 105441Z  live 105442Z
  G2 rt_lime_rock_park__no_chican ref 143440Z  live 141815Z
  G2 rt_lime_rock_park__no_chican ref 143440Z  live 141815Z
  G2 rt_lime_rock_park__no_chican ref 143440Z  live 141815Z
  G2 rt_lime_rock_park__no_chican ref 143440Z  live 141815Z
  G2 rt_lime_rock_park__no_chican ref 143440Z  live 141815Z
  G2 rt_lime_rock_park__no_chican ref 143440Z  live 141815Z
  G2 rt_lime_rock_park__no_chican ref 143440Z  live 141815Z
  G2 rt_lime_rock_park__no_chican ref 143440Z  live 141815Z
  G2 rt_lime_rock_park__no_chican ref 143440Z  live 141815Z
  G2 rt_lime_rock_park__no_chican ref 141815Z  live 143440Z
  G2 rt_lime_rock_park__no_chican ref 141815Z  live 143440Z
  G2 rt_lime_rock_park__no_chican ref 141815Z  live 143440Z
  G2 rt_lime_rock_park__no_chican ref 141815Z  live 143440Z
  G2 rt_lime_rock_park__no_chican ref 141815Z  live 143440Z
  G2 rt_lime_rock_park__no_chican ref 141815Z  live 143440Z
  G2 rt_lime_rock_park__no_chican ref 141815Z  live 143440Z
  G2 rt_lime_rock_park__no_chican ref 141815Z  live 143440Z
  G2 rt_oulton_park__fosters      ref 195157Z  live 193254Z
  G2 rt_oulton_park__fosters      ref 195157Z  live 193254Z
  G2 rt_oulton_park__fosters      ref 195157Z  live 193254Z
  G2 rt_oulton_park__fosters      ref 195157Z  live 193254Z
  G2 rt_oulton_park__fosters      ref 195157Z  live 193254Z
  G2 rt_oulton_park__fosters      ref 195157Z  live 193254Z
  G2 rt_oulton_park__fosters      ref 195157Z  live 193254Z
  G2 rt_oulton_park__fosters      ref 195157Z  live 193254Z
  G2 rt_oulton_park__fosters      ref 195157Z  live 193254Z
  G2 rt_oulton_park__fosters      ref 193254Z  live 195157Z
  G2 rt_oulton_park__fosters      ref 193254Z  live 195157Z
  G2 rt_oulton_park__fosters      ref 193254Z  live 195157Z
  G2 rt_oulton_park__fosters      ref 193254Z  live 195157Z
  G2 rt_oulton_park__fosters      ref 193254Z  live 195157Z
  G2 rt_oulton_park__fosters      ref 193254Z  live 195157Z
  G2 rt_oulton_park__fosters      ref 193254Z  live 195157Z
  G2 rt_oulton_park__fosters      ref 193254Z  live 195157Z
  G2 rt_oulton_park__fosters      ref 193254Z  live 195157Z

                                                                       median      p90  >100 ms   >10 m     worst
G1 single                                                       1.98 m   63 ms   197 ms    31.9%    4.3%   3115.7 m
G1 filter                                                       1.89 m   61 ms   188 ms    30.4%    3.1%   1542.1 m
G1 filter, reference time                                       1.29 m   41 ms   116 ms    13.6%    0.3%     21.1 m
G1 filter, reference time, two modes                            1.31 m   41 ms   119 ms    14.5%    0.4%     31.1 m
G1 filter + speed                                               1.04 m   33 ms    86 ms     6.1%    0.0%      8.3 m
G1 filter, lag-corrected                                        1.83 m   59 ms   184 ms    29.3%    2.9%   1542.4 m
G1 filter, reference time, lag-corrected                        1.25 m   38 ms   108 ms    12.0%    0.3%     21.8 m
G1 filter, reference time, two modes, lag-corrected             1.25 m   38 ms   113 ms    13.1%    0.4%     31.8 m
G1 filter + speed, lag-corrected                                0.88 m   28 ms    74 ms     4.5%    0.0%      7.7 m
G2 single                                                       2.13 m   58 ms   198 ms    28.7%    6.8%   1283.2 m
G2 filter                                                       2.07 m   57 ms   185 ms    27.8%    5.2%   1059.4 m
G2 filter, reference time                                       1.49 m   41 ms   109 ms    12.8%    0.0%     38.5 m
G2 filter, reference time, two modes                            1.42 m   39 ms   111 ms    12.8%    1.1%     96.0 m
G2 filter + speed                                               1.03 m   28 ms    71 ms     2.5%    0.0%     17.8 m
G2 filter, lag-corrected                                        2.15 m   59 ms   188 ms    28.9%    5.3%   1059.3 m
G2 filter, reference time, lag-corrected                        1.61 m   44 ms   114 ms    14.1%    0.1%     38.7 m
G2 filter, reference time, two modes, lag-corrected             1.55 m   42 ms   116 ms    14.3%    1.2%     96.4 m
G2 filter + speed, lag-corrected                                1.14 m   31 ms    79 ms     4.0%    0.0%     18.2 m
G2 ks_silverstone__national single                              2.52 m   68 ms   250 ms    34.9%    9.8%   1283.2 m
G2 ks_silverstone__national filter                              2.45 m   68 ms   221 ms    34.5%    7.8%   1059.4 m
G2 ks_silverstone__national filter, reference time              1.61 m   44 ms   117 ms    15.0%    0.1%     38.5 m
G2 ks_silverstone__national filter, reference time, two modes    1.56 m   43 ms   125 ms    15.8%    1.8%     96.0 m
G2 ks_silverstone__national filter + speed                      1.16 m   32 ms    79 ms     3.9%    0.0%     17.8 m
G2 ks_silverstone__national filter, lag-corrected               2.54 m   71 ms   226 ms    35.9%    8.0%   1059.3 m
G2 ks_silverstone__national filter, reference time, lag-corrected    1.75 m   48 ms   123 ms    16.6%    0.2%     38.7 m
G2 ks_silverstone__national filter, reference time, two modes, lag-corrected    1.71 m   47 ms   132 ms    17.9%    1.9%     96.4 m
G2 ks_silverstone__national filter + speed, lag-corrected       1.34 m   36 ms    88 ms     6.1%    0.1%     18.2 m
G2 same car single                                              2.67 m   73 ms   297 ms    37.8%   12.2%   1283.2 m
G2 same car filter                                              2.59 m   73 ms   245 ms    37.5%    9.6%   1059.4 m
G2 same car filter, reference time                              1.36 m   37 ms    95 ms     8.6%    0.0%     10.8 m
G2 same car filter, reference time, two modes                   1.38 m   38 ms   111 ms    12.3%    2.4%     96.0 m
G2 same car filter + speed                                      1.15 m   32 ms    81 ms     4.8%    0.0%     17.8 m
G2 same car filter, lag-corrected                               2.67 m   75 ms   247 ms    38.3%    9.7%   1059.3 m
G2 same car filter, reference time, lag-corrected               1.48 m   40 ms    99 ms     9.6%    0.2%     11.9 m
G2 same car filter, reference time, two modes, lag-corrected    1.52 m   41 ms   114 ms    13.5%    2.6%     96.4 m
G2 same car filter + speed, lag-corrected                       1.27 m   35 ms    87 ms     6.2%    0.1%     18.2 m
G2 rt_lime_rock_park__no_chicane single                         1.69 m   45 ms   126 ms    16.9%    0.5%    120.8 m
G2 rt_lime_rock_park__no_chicane filter                         1.65 m   44 ms   125 ms    16.3%    0.1%     11.6 m
G2 rt_lime_rock_park__no_chicane filter, reference time         1.31 m   34 ms    97 ms     8.8%    0.0%      8.7 m
G2 rt_lime_rock_park__no_chicane filter, reference time, two modes    1.24 m   33 ms    93 ms     8.2%    0.0%      9.1 m
G2 rt_lime_rock_park__no_chicane filter + speed                 0.72 m   19 ms    59 ms     0.3%    0.0%      3.9 m
G2 rt_lime_rock_park__no_chicane filter, lag-corrected          1.68 m   45 ms   127 ms    16.9%    0.2%     11.8 m
G2 rt_lime_rock_park__no_chicane filter, reference time, lag-corrected    1.44 m   38 ms    97 ms     9.0%    0.0%     10.1 m
G2 rt_lime_rock_park__no_chicane filter, reference time, two modes, lag-corrected    1.33 m   35 ms    94 ms     8.3%    0.0%     10.0 m
G2 rt_lime_rock_park__no_chicane filter + speed, lag-corrected    0.89 m   23 ms    66 ms     1.4%    0.0%      5.3 m
G2 rt_oulton_park__fosters single                               1.82 m   51 ms   163 ms    22.9%    4.8%   1092.0 m
G2 rt_oulton_park__fosters filter                               1.73 m   48 ms   151 ms    21.0%    2.9%     60.2 m
G2 rt_oulton_park__fosters filter, reference time               1.38 m   38 ms   102 ms    10.8%    0.0%      8.6 m
G2 rt_oulton_park__fosters filter, reference time, two modes    1.29 m   36 ms    98 ms     9.3%    0.2%     36.0 m
G2 rt_oulton_park__fosters filter + speed                       0.98 m   27 ms    56 ms     1.0%    0.0%      5.8 m
G2 rt_oulton_park__fosters filter, lag-corrected                1.82 m   50 ms   152 ms    21.7%    2.9%     60.7 m
G2 rt_oulton_park__fosters filter, reference time, lag-corrected    1.41 m   38 ms   107 ms    12.4%    0.0%      8.3 m
G2 rt_oulton_park__fosters filter, reference time, two modes, lag-corrected    1.35 m   37 ms   102 ms    10.6%    0.2%     36.8 m
G2 rt_oulton_park__fosters filter + speed, lag-corrected        0.97 m   27 ms    62 ms     1.1%    0.0%      5.5 m
