started from runs/v3_traffic_s0_base/best.pt
gate g1: held-out laps of seen tracks; full augmentation
train tracks ['ks_black_cat_county__layout_short', 'ks_brands_hatch__indy', 'ks_highlands__layout_short', 'ks_laguna_seca', 'ks_monza66__junior', 'ks_nurburgring__layout_sprint_a', 'ks_red_bull_ring__layout_national', 'ks_vallelunga__club_circuit', 'magione'] (284 laps usable)
eval  tracks ['ks_black_cat_county__layout_short', 'ks_brands_hatch__indy', 'ks_highlands__layout_short', 'ks_laguna_seca', 'ks_monza66__junior', 'ks_nurburgring__layout_sprint_a', 'ks_red_bull_ring__layout_national', 'ks_vallelunga__club_circuit', 'magione'], split=train
held out as live-only: ['ks_black_cat_county__layout_short__20260923T183526Z__lap07', 'ks_brands_hatch__indy__20260921T221531Z__lap02', 'ks_highlands__layout_short__20260928T005654Z__lap54', 'ks_laguna_seca__default__20260928T123110Z__lap12', 'ks_monza66__junior__20260928T093530Z__lap14', 'ks_nurburgring__layout_sprint_a__20260928T103410Z__lap12', 'ks_red_bull_ring__layout_national__20260923T174436Z__lap11', 'ks_vallelunga__club_circuit__20260922T223945Z__lap07', 'magione__default__20260922T231051Z__lap06']
frame 148x80, reference bins 3227
model 0.67M params on mps

step     1/1500  loss  3.5543 (ce  2.271 aux  2.565 ref 0.0008)  train median    0.98 m   1.43 s/step
step    20/1500  loss  4.2157 (ce  2.678 aux  3.075 ref 0.0013)  train median    5.99 m   0.35 s/step
step    40/1500  loss  3.9013 (ce  2.438 aux  2.925 ref 0.0008)  train median    1.28 m   0.32 s/step
step    60/1500  loss  3.7028 (ce  2.304 aux  2.798 ref 0.0006)  train median    2.46 m   0.32 s/step
step    80/1500  loss  3.7292 (ce  2.405 aux  2.647 ref 0.0011)  train median    1.60 m   0.32 s/step
step   100/1500  loss  3.8564 (ce  2.386 aux  2.941 ref 0.0004)  train median    2.40 m   0.33 s/step
step   120/1500  loss  3.6311 (ce  2.366 aux  2.529 ref 0.0008)  train median    1.60 m   0.33 s/step
step   140/1500  loss  3.9859 (ce  2.548 aux  2.874 ref 0.0012)  train median    2.66 m   0.33 s/step
step   160/1500  loss  4.0370 (ce  2.648 aux  2.776 ref 0.0012)  train median    1.54 m   0.34 s/step
step   180/1500  loss  3.7267 (ce  2.348 aux  2.756 ref 0.0015)  train median    1.30 m   0.34 s/step
step   200/1500  loss  3.5169 (ce  2.273 aux  2.488 ref 0.0007)  train median    1.68 m   0.35 s/step
  eval  n=192  median   2.08 m /   69.5 ms  p90    6.59 m /   208.4 ms  worst   446.64 m  within1  48.4%  within5  93.8%
        ks_black_cat_county__layout_short n=24  median   1.99 m /   53.0 ms  p90    6.07 m /   150.6 ms  worst   446.64 m  within1  50.0%  within5  91.7%
        ks_brands_hatch__indy    n=16  median   2.03 m /   57.4 ms  p90    6.83 m /   162.2 ms  worst     9.12 m  within1  50.0%  within5 100.0%
        ks_highlands__layout_short n=16  median   2.05 m /   75.4 ms  p90    5.60 m /   190.7 ms  worst    12.68 m  within1  50.0%  within5  93.8%
        ks_laguna_seca           n=16  median   2.83 m /   93.2 ms  p90   10.38 m /   295.3 ms  worst    20.57 m  within1  31.2%  within5  87.5%
        ks_monza66__junior       n=8  median   1.31 m /   40.9 ms  p90    2.27 m /    71.0 ms  worst     3.26 m  within1  87.5%  within5 100.0%
        ks_nurburgring__layout_sprint_a n=24  median   3.27 m /  100.5 ms  p90   15.83 m /   416.6 ms  worst    35.09 m  within1  41.7%  within5  83.3%
        ks_red_bull_ring__layout_national n=16  median   2.75 m /   79.8 ms  p90    5.33 m /   131.7 ms  worst    11.89 m  within1  31.2%  within5  93.8%
        ks_vallelunga__club_circuit n=32  median   1.72 m /   65.0 ms  p90    6.05 m /   195.4 ms  worst    13.03 m  within1  56.2%  within5  96.9%
        magione                  n=40  median   2.03 m /   70.8 ms  p90    4.88 m /   196.2 ms  worst    43.28 m  within1  50.0%  within5  97.5%
step   220/1500  loss  3.8387 (ce  2.398 aux  2.880 ref 0.0013)  train median    1.85 m   0.38 s/step
step   240/1500  loss  3.6861 (ce  2.343 aux  2.684 ref 0.0015)  train median    1.97 m   0.37 s/step
step   260/1500  loss  3.9618 (ce  2.460 aux  3.004 ref 0.0009)  train median    2.01 m   0.37 s/step
step   280/1500  loss  3.4478 (ce  2.256 aux  2.382 ref 0.0008)  train median    1.88 m   0.37 s/step
step   300/1500  loss  3.7279 (ce  2.396 aux  2.662 ref 0.0018)  train median    3.25 m   0.37 s/step
step   320/1500  loss  3.9515 (ce  2.606 aux  2.689 ref 0.0016)  train median    3.58 m   0.37 s/step
step   340/1500  loss  4.2643 (ce  2.655 aux  3.217 ref 0.0023)  train median    2.76 m   0.37 s/step
step   360/1500  loss  3.6099 (ce  2.305 aux  2.609 ref 0.0014)  train median    2.26 m   0.36 s/step
step   380/1500  loss  4.2261 (ce  2.772 aux  2.907 ref 0.0018)  train median    2.39 m   0.36 s/step
step   400/1500  loss  3.9725 (ce  2.580 aux  2.784 ref 0.0013)  train median    2.53 m   0.36 s/step
  eval  n=192  median   1.99 m /   66.7 ms  p90    6.05 m /   186.4 ms  worst  1011.47 m  within1  50.5%  within5  95.3%
        ks_black_cat_county__layout_short n=24  median   2.44 m /   64.0 ms  p90    4.49 m /   115.0 ms  worst    92.72 m  within1  45.8%  within5  95.8%
        ks_brands_hatch__indy    n=16  median   1.73 m /   62.4 ms  p90    7.84 m /   186.2 ms  worst    10.34 m  within1  62.5%  within5  93.8%
        ks_highlands__layout_short n=16  median   2.12 m /   73.9 ms  p90    5.81 m /   186.3 ms  worst     6.92 m  within1  50.0%  within5 100.0%
        ks_laguna_seca           n=16  median   1.71 m /   56.2 ms  p90    4.52 m /   134.8 ms  worst     5.34 m  within1  50.0%  within5 100.0%
        ks_monza66__junior       n=8  median   1.47 m /   49.8 ms  p90    2.83 m /    71.1 ms  worst     3.25 m  within1  75.0%  within5 100.0%
        ks_nurburgring__layout_sprint_a n=24  median   2.60 m /   81.1 ms  p90   10.09 m /   280.7 ms  worst    43.18 m  within1  41.7%  within5  87.5%
        ks_red_bull_ring__layout_national n=16  median   1.86 m /   59.7 ms  p90    7.96 m /   245.8 ms  worst    10.81 m  within1  62.5%  within5  87.5%
        ks_vallelunga__club_circuit n=32  median   1.54 m /   59.4 ms  p90    4.31 m /   127.7 ms  worst     6.78 m  within1  53.1%  within5 100.0%
        magione                  n=40  median   2.26 m /   83.3 ms  p90    4.52 m /   185.7 ms  worst  1011.47 m  within1  42.5%  within5  95.0%
step   420/1500  loss  4.3361 (ce  2.790 aux  3.091 ref 0.0014)  train median    4.64 m   0.37 s/step
step   440/1500  loss  4.2398 (ce  2.633 aux  3.211 ref 0.0012)  train median    1.43 m   0.38 s/step
step   460/1500  loss  3.8261 (ce  2.407 aux  2.838 ref 0.0013)  train median    2.35 m   0.37 s/step
step   480/1500  loss  3.5871 (ce  2.267 aux  2.639 ref 0.0010)  train median    1.73 m   0.37 s/step
step   500/1500  loss  3.5876 (ce  2.362 aux  2.450 ref 0.0010)  train median    2.27 m   0.37 s/step
step   520/1500  loss  4.0852 (ce  2.546 aux  3.077 ref 0.0010)  train median    3.12 m   0.37 s/step
step   540/1500  loss  3.8483 (ce  2.530 aux  2.635 ref 0.0018)  train median    3.66 m   0.37 s/step
step   560/1500  loss  3.7790 (ce  2.361 aux  2.836 ref 0.0008)  train median    2.05 m   0.37 s/step
step   580/1500  loss  3.6315 (ce  2.357 aux  2.547 ref 0.0014)  train median    2.70 m   0.37 s/step
step   600/1500  loss  3.9958 (ce  2.453 aux  3.084 ref 0.0009)  train median    3.14 m   0.37 s/step
  eval  n=192  median   2.06 m /   71.8 ms  p90    6.43 m /   195.7 ms  worst  1053.76 m  within1  47.9%  within5  94.8%
        ks_black_cat_county__layout_short n=24  median   2.25 m /   71.1 ms  p90    4.90 m /   117.5 ms  worst    93.18 m  within1  33.3%  within5  95.8%
        ks_brands_hatch__indy    n=16  median   1.81 m /   74.1 ms  p90    7.66 m /   156.6 ms  worst    11.24 m  within1  56.2%  within5  93.8%
        ks_highlands__layout_short n=16  median   2.09 m /   89.7 ms  p90    4.17 m /   138.9 ms  worst     6.51 m  within1  43.8%  within5 100.0%
        ks_laguna_seca           n=16  median   2.03 m /   69.8 ms  p90    6.56 m /   168.2 ms  worst    11.26 m  within1  50.0%  within5  93.8%
        ks_monza66__junior       n=8  median   0.96 m /   31.5 ms  p90    2.85 m /    75.0 ms  worst     3.26 m  within1  75.0%  within5 100.0%
        ks_nurburgring__layout_sprint_a n=24  median   3.31 m /   95.5 ms  p90   13.18 m /   300.3 ms  worst  1053.76 m  within1  29.2%  within5  83.3%
        ks_red_bull_ring__layout_national n=16  median   2.39 m /   69.2 ms  p90    6.62 m /   187.4 ms  worst    10.94 m  within1  43.8%  within5  93.8%
        ks_vallelunga__club_circuit n=32  median   1.60 m /   52.9 ms  p90    4.07 m /   141.3 ms  worst    10.50 m  within1  62.5%  within5  96.9%
        magione                  n=40  median   2.09 m /   77.9 ms  p90    4.68 m /   173.3 ms  worst    44.20 m  within1  50.0%  within5  97.5%
step   620/1500  loss  3.8776 (ce  2.305 aux  3.144 ref 0.0003)  train median    1.53 m   0.38 s/step
step   640/1500  loss  3.5569 (ce  2.255 aux  2.604 ref 0.0009)  train median    1.08 m   0.38 s/step
step   660/1500  loss  4.4294 (ce  2.877 aux  3.104 ref 0.0017)  train median    5.29 m   0.38 s/step
step   680/1500  loss  4.4881 (ce  2.872 aux  3.231 ref 0.0008)  train median    3.17 m   0.38 s/step
step   700/1500  loss  4.6954 (ce  2.973 aux  3.444 ref 0.0014)  train median    3.21 m   0.38 s/step
step   720/1500  loss  3.5000 (ce  2.253 aux  2.493 ref 0.0006)  train median    0.89 m   0.38 s/step
step   740/1500  loss  4.0112 (ce  2.532 aux  2.959 ref 0.0005)  train median    1.56 m   0.38 s/step
step   760/1500  loss  3.4179 (ce  2.206 aux  2.423 ref 0.0008)  train median    1.13 m   0.38 s/step
step   780/1500  loss  3.8463 (ce  2.382 aux  2.927 ref 0.0004)  train median    2.27 m   0.38 s/step
step   800/1500  loss  3.6216 (ce  2.265 aux  2.712 ref 0.0009)  train median    1.03 m   0.38 s/step
  eval  n=192  median   2.05 m /   66.8 ms  p90    6.17 m /   184.4 ms  worst    88.13 m  within1  49.0%  within5  97.9%
        ks_black_cat_county__layout_short n=24  median   2.20 m /   61.7 ms  p90    3.91 m /    99.4 ms  worst     6.64 m  within1  41.7%  within5 100.0%
        ks_brands_hatch__indy    n=16  median   2.05 m /   65.9 ms  p90    7.55 m /   180.3 ms  worst     8.38 m  within1  43.8%  within5 100.0%
        ks_highlands__layout_short n=16  median   2.16 m /   74.9 ms  p90    4.22 m /   153.1 ms  worst     8.01 m  within1  43.8%  within5 100.0%
        ks_laguna_seca           n=16  median   1.20 m /   39.4 ms  p90    4.75 m /   132.1 ms  worst     7.33 m  within1  62.5%  within5 100.0%
        ks_monza66__junior       n=8  median   0.82 m /   27.7 ms  p90    2.41 m /    62.8 ms  worst     2.70 m  within1  75.0%  within5 100.0%
        ks_nurburgring__layout_sprint_a n=24  median   3.64 m /  116.4 ms  p90    9.26 m /   273.3 ms  worst    76.80 m  within1  33.3%  within5  87.5%
        ks_red_bull_ring__layout_national n=16  median   2.44 m /   60.8 ms  p90    4.70 m /   146.0 ms  worst     7.99 m  within1  43.8%  within5 100.0%
        ks_vallelunga__club_circuit n=32  median   1.61 m /   55.4 ms  p90    6.21 m /   174.9 ms  worst     9.76 m  within1  62.5%  within5 100.0%
        magione                  n=40  median   2.16 m /   83.1 ms  p90    4.25 m /   171.1 ms  worst    88.13 m  within1  47.5%  within5  97.5%
step   820/1500  loss  4.9454 (ce  3.171 aux  3.548 ref 0.0009)  train median    1.64 m   0.39 s/step
step   840/1500  loss  3.4669 (ce  2.240 aux  2.453 ref 0.0007)  train median    1.38 m   0.39 s/step
step   860/1500  loss  3.7037 (ce  2.393 aux  2.621 ref 0.0016)  train median    2.45 m   0.39 s/step
step   880/1500  loss  4.2205 (ce  2.706 aux  3.028 ref 0.0013)  train median    4.94 m   0.39 s/step
step   900/1500  loss  3.7600 (ce  2.419 aux  2.681 ref 0.0009)  train median    1.29 m   0.39 s/step
step   920/1500  loss  3.9229 (ce  2.543 aux  2.757 ref 0.0016)  train median    3.02 m   0.39 s/step
step   940/1500  loss  3.4083 (ce  2.210 aux  2.396 ref 0.0008)  train median    1.27 m   0.38 s/step
step   960/1500  loss  3.3930 (ce  2.201 aux  2.383 ref 0.0004)  train median    0.66 m   0.38 s/step
step   980/1500  loss  4.0350 (ce  2.469 aux  3.132 ref 0.0004)  train median    3.54 m   0.38 s/step
step  1000/1500  loss  3.4549 (ce  2.240 aux  2.429 ref 0.0008)  train median    0.95 m   0.38 s/step
  eval  n=192  median   1.81 m /   59.0 ms  p90    5.17 m /   177.5 ms  worst    91.62 m  within1  54.2%  within5  97.4%
        ks_black_cat_county__layout_short n=24  median   1.90 m /   56.9 ms  p90    4.26 m /   126.7 ms  worst    91.62 m  within1  50.0%  within5  95.8%
        ks_brands_hatch__indy    n=16  median   1.28 m /   39.4 ms  p90    7.93 m /   193.6 ms  worst     9.05 m  within1  56.2%  within5 100.0%
        ks_highlands__layout_short n=16  median   1.85 m /   66.3 ms  p90    3.71 m /   142.1 ms  worst     7.56 m  within1  56.2%  within5 100.0%
        ks_laguna_seca           n=16  median   1.68 m /   43.0 ms  p90    4.64 m /   130.4 ms  worst    16.64 m  within1  68.8%  within5  93.8%
        ks_monza66__junior       n=8  median   0.95 m /   23.4 ms  p90    2.26 m /    61.3 ms  worst     2.75 m  within1  75.0%  within5 100.0%
        ks_nurburgring__layout_sprint_a n=24  median   3.49 m /  102.4 ms  p90    8.66 m /   247.4 ms  worst    49.12 m  within1  37.5%  within5  91.7%
        ks_red_bull_ring__layout_national n=16  median   1.60 m /   45.1 ms  p90    4.66 m /   146.4 ms  worst    11.11 m  within1  56.2%  within5  93.8%
        ks_vallelunga__club_circuit n=32  median   1.49 m /   55.1 ms  p90    4.68 m /   151.6 ms  worst     7.56 m  within1  59.4%  within5 100.0%
        magione                  n=40  median   2.02 m /   72.2 ms  p90    4.23 m /   156.6 ms  worst     5.54 m  within1  50.0%  within5 100.0%
step  1020/1500  loss  3.4027 (ce  2.206 aux  2.392 ref 0.0008)  train median    1.79 m   0.39 s/step
step  1040/1500  loss  3.4369 (ce  2.246 aux  2.380 ref 0.0007)  train median    1.12 m   0.39 s/step
step  1060/1500  loss  3.4226 (ce  2.211 aux  2.422 ref 0.0006)  train median    1.20 m   0.38 s/step
step  1080/1500  loss  3.6623 (ce  2.369 aux  2.585 ref 0.0008)  train median    2.78 m   0.38 s/step
step  1100/1500  loss  3.9119 (ce  2.396 aux  3.031 ref 0.0004)  train median    1.91 m   0.38 s/step
step  1120/1500  loss  3.6896 (ce  2.370 aux  2.638 ref 0.0011)  train median    2.33 m   0.38 s/step
step  1140/1500  loss  3.8561 (ce  2.378 aux  2.956 ref 0.0007)  train median    1.92 m   0.38 s/step
step  1160/1500  loss  3.6678 (ce  2.410 aux  2.515 ref 0.0018)  train median    2.70 m   0.38 s/step
step  1180/1500  loss  3.7065 (ce  2.304 aux  2.804 ref 0.0006)  train median    1.52 m   0.38 s/step
step  1200/1500  loss  3.5928 (ce  2.306 aux  2.572 ref 0.0011)  train median    1.03 m   0.38 s/step
  eval  n=192  median   1.86 m /   61.1 ms  p90    5.04 m /   171.3 ms  worst    93.25 m  within1  54.2%  within5  97.9%
        ks_black_cat_county__layout_short n=24  median   1.87 m /   55.1 ms  p90    3.93 m /   105.3 ms  worst    93.25 m  within1  58.3%  within5  95.8%
        ks_brands_hatch__indy    n=16  median   1.48 m /   46.7 ms  p90    6.84 m /   158.7 ms  worst     9.60 m  within1  56.2%  within5 100.0%
        ks_highlands__layout_short n=16  median   1.62 m /   63.7 ms  p90    3.70 m /   137.0 ms  worst     7.13 m  within1  62.5%  within5 100.0%
        ks_laguna_seca           n=16  median   1.54 m /   47.5 ms  p90    6.49 m /   167.5 ms  worst    12.78 m  within1  68.8%  within5  93.8%
        ks_monza66__junior       n=8  median   0.73 m /   23.8 ms  p90    2.41 m /    59.9 ms  worst     2.52 m  within1  75.0%  within5 100.0%
        ks_nurburgring__layout_sprint_a n=24  median   3.42 m /  104.3 ms  p90    8.49 m /   265.1 ms  worst    53.69 m  within1  33.3%  within5  91.7%
        ks_red_bull_ring__layout_national n=16  median   1.96 m /   58.4 ms  p90    4.56 m /   145.3 ms  worst     7.89 m  within1  56.2%  within5 100.0%
        ks_vallelunga__club_circuit n=32  median   1.57 m /   54.3 ms  p90    3.86 m /   150.3 ms  worst     7.41 m  within1  62.5%  within5 100.0%
        magione                  n=40  median   2.33 m /   79.0 ms  p90    4.15 m /   145.5 ms  worst     5.42 m  within1  42.5%  within5 100.0%
step  1220/1500  loss  4.0362 (ce  2.561 aux  2.949 ref 0.0011)  train median    3.20 m   0.39 s/step
step  1240/1500  loss  5.2054 (ce  3.463 aux  3.484 ref 0.0007)  train median   10.54 m   0.39 s/step
step  1260/1500  loss  4.1019 (ce  2.635 aux  2.932 ref 0.0018)  train median    3.81 m   0.39 s/step
step  1280/1500  loss  3.8091 (ce  2.361 aux  2.895 ref 0.0007)  train median    1.41 m   0.38 s/step
step  1300/1500  loss  3.5476 (ce  2.264 aux  2.567 ref 0.0011)  train median    1.71 m   0.38 s/step
step  1320/1500  loss  4.3584 (ce  2.786 aux  3.145 ref 0.0006)  train median    5.73 m   0.38 s/step
step  1340/1500  loss  4.9209 (ce  3.312 aux  3.217 ref 0.0018)  train median    7.45 m   0.38 s/step
step  1360/1500  loss  3.7519 (ce  2.458 aux  2.586 ref 0.0013)  train median    2.65 m   0.38 s/step
step  1380/1500  loss  3.9283 (ce  2.567 aux  2.722 ref 0.0009)  train median    1.70 m   0.38 s/step
step  1400/1500  loss  3.5670 (ce  2.250 aux  2.633 ref 0.0011)  train median    1.62 m   0.38 s/step
  eval  n=192  median   1.85 m /   62.3 ms  p90    5.14 m /   164.2 ms  worst    93.03 m  within1  52.1%  within5  97.9%
        ks_black_cat_county__layout_short n=24  median   2.23 m /   61.6 ms  p90    4.34 m /   112.5 ms  worst    93.03 m  within1  45.8%  within5  95.8%
        ks_brands_hatch__indy    n=16  median   1.33 m /   45.0 ms  p90    6.79 m /   158.8 ms  worst     8.95 m  within1  56.2%  within5 100.0%
        ks_highlands__layout_short n=16  median   1.63 m /   66.7 ms  p90    3.84 m /   133.2 ms  worst     6.55 m  within1  62.5%  within5 100.0%
        ks_laguna_seca           n=16  median   1.21 m /   31.8 ms  p90    5.83 m /   150.7 ms  worst    11.20 m  within1  62.5%  within5  93.8%
        ks_monza66__junior       n=8  median   0.84 m /   26.5 ms  p90    2.51 m /    62.4 ms  worst     2.63 m  within1  75.0%  within5 100.0%
        ks_nurburgring__layout_sprint_a n=24  median   3.53 m /  103.0 ms  p90    8.51 m /   266.5 ms  worst    53.58 m  within1  37.5%  within5  91.7%
        ks_red_bull_ring__layout_national n=16  median   2.04 m /   51.4 ms  p90    4.65 m /   147.6 ms  worst     8.04 m  within1  50.0%  within5 100.0%
        ks_vallelunga__club_circuit n=32  median   1.75 m /   59.3 ms  p90    3.91 m /   146.1 ms  worst     7.80 m  within1  59.4%  within5 100.0%
        magione                  n=40  median   2.22 m /   80.4 ms  p90    4.30 m /   150.5 ms  worst     5.57 m  within1  45.0%  within5 100.0%
step  1420/1500  loss  4.0514 (ce  2.639 aux  2.823 ref 0.0013)  train median    0.98 m   0.39 s/step
step  1440/1500  loss  3.5738 (ce  2.255 aux  2.636 ref 0.0010)  train median    0.76 m   0.39 s/step
step  1460/1500  loss  3.5768 (ce  2.327 aux  2.498 ref 0.0010)  train median    1.04 m   0.39 s/step
step  1480/1500  loss  3.4449 (ce  2.214 aux  2.461 ref 0.0004)  train median    1.30 m   0.38 s/step
step  1500/1500  loss  3.3250 (ce  2.148 aux  2.354 ref 0.0004)  train median    0.85 m   0.38 s/step
  eval  n=192  median   1.83 m /   62.4 ms  p90    5.15 m /   164.2 ms  worst    93.05 m  within1  52.1%  within5  97.9%
        ks_black_cat_county__layout_short n=24  median   2.23 m /   61.2 ms  p90    4.33 m /   112.4 ms  worst    93.05 m  within1  45.8%  within5  95.8%
        ks_brands_hatch__indy    n=16  median   1.32 m /   44.5 ms  p90    6.81 m /   159.3 ms  worst     8.96 m  within1  56.2%  within5 100.0%
        ks_highlands__layout_short n=16  median   1.62 m /   66.9 ms  p90    3.84 m /   132.8 ms  worst     6.53 m  within1  62.5%  within5 100.0%
        ks_laguna_seca           n=16  median   1.25 m /   35.1 ms  p90    5.83 m /   150.9 ms  worst    11.25 m  within1  62.5%  within5  93.8%
        ks_monza66__junior       n=8  median   0.83 m /   26.3 ms  p90    2.52 m /    62.6 ms  worst     2.63 m  within1  75.0%  within5 100.0%
        ks_nurburgring__layout_sprint_a n=24  median   3.52 m /  103.3 ms  p90    8.52 m /   266.8 ms  worst    53.47 m  within1  37.5%  within5  91.7%
        ks_red_bull_ring__layout_national n=16  median   2.04 m /   51.6 ms  p90    4.64 m /   147.5 ms  worst     8.01 m  within1  50.0%  within5 100.0%
        ks_vallelunga__club_circuit n=32  median   1.74 m /   59.1 ms  p90    3.86 m /   145.7 ms  worst     7.77 m  within1  59.4%  within5 100.0%
        magione                  n=40  median   2.23 m /   81.1 ms  p90    4.28 m /   150.3 ms  worst     5.56 m  within1  45.0%  within5 100.0%

best eval median 1.81 m; artifacts in /Users/pvodopija/code/primal/runs/v3_traffic_s0
