  G2 rt_lime_rock_park__no_chican ref 143440Z  live 205006Z
  G2 rt_lime_rock_park__no_chican ref 143440Z  live 205006Z
  G2 rt_lime_rock_park__no_chican ref 143440Z  live 205006Z
  G2 rt_oulton_park__fosters      ref 195157Z  live 205804Z
  G2 rt_oulton_park__fosters      ref 195157Z  live 205804Z
  G2 rt_oulton_park__fosters      ref 195157Z  live 205804Z

                                                                       median      p90  >100 ms   >10 m     worst
G2 single                                                       1.75 m   48 ms   158 ms    22.8%    3.0%    243.3 m
G2 filter                                                       1.73 m   47 ms   159 ms    22.6%    2.4%     61.1 m
G2 filter, reference time                                       1.20 m   33 ms    95 ms     8.3%    0.5%     24.6 m
G2 filter, reference time, two modes                            1.17 m   31 ms    96 ms     9.0%    0.9%     28.4 m
G2 filter + speed                                               0.75 m   20 ms    53 ms     0.7%    0.0%      3.9 m
G2 rt_lime_rock_park__no_chicane single                         2.29 m   63 ms   185 ms    30.9%    5.1%    243.3 m
G2 rt_lime_rock_park__no_chicane filter                         2.39 m   64 ms   184 ms    32.3%    4.6%     61.1 m
G2 rt_lime_rock_park__no_chicane filter, reference time         1.27 m   35 ms    97 ms     8.8%    1.2%     24.6 m
G2 rt_lime_rock_park__no_chicane filter, reference time, two modes    1.42 m   38 ms   104 ms    11.5%    1.9%     28.4 m
G2 rt_lime_rock_park__no_chicane filter + speed                 0.81 m   21 ms    54 ms     0.0%    0.0%      3.9 m
G2 rt_oulton_park__fosters single                               1.41 m   38 ms   127 ms    15.9%    1.3%    109.7 m
G2 rt_oulton_park__fosters filter                               1.37 m   37 ms   123 ms    14.3%    0.5%     12.7 m
G2 rt_oulton_park__fosters filter, reference time               1.16 m   32 ms    95 ms     7.8%    0.0%      5.1 m
G2 rt_oulton_park__fosters filter, reference time, two modes    1.04 m   27 ms    87 ms     6.9%    0.0%      6.0 m
G2 rt_oulton_park__fosters filter + speed                       0.71 m   19 ms    53 ms     1.2%    0.0%      3.4 m
