  G1 ks_black_cat_county__layout_ ref 180056Z  live 183526Z
  G1 ks_black_cat_county__layout_ ref 183242Z  live 183526Z
  G1 ks_brands_hatch__indy        ref 171903Z  live 221531Z
  G1 ks_brands_hatch__indy        ref 181357Z  live 221531Z
  G1 ks_highlands__layout_short   ref 212549Z  live 005654Z
  G1 ks_laguna_seca               ref 110507Z  live 123110Z
  G1 ks_monza66__junior           ref 091133Z  live 093530Z
  G1 ks_nurburgring__layout_sprin ref 100528Z  live 103410Z
  G1 ks_red_bull_ring__layout_nat ref 232216Z  live 174436Z
  G1 ks_red_bull_ring__layout_nat ref 233620Z  live 174436Z
  G1 ks_vallelunga__club_circuit  ref 220345Z  live 223945Z
  G1 ks_vallelunga__club_circuit  ref 222513Z  live 223945Z
  G1 magione                      ref 225059Z  live 231051Z
  G1 magione                      ref 230023Z  live 231051Z
  G2 ks_silverstone__national     ref 105441Z  live 104658Z
  G2 ks_silverstone__national     ref 105442Z  live 104658Z
  G2 ks_silverstone__national     ref 105441Z  live 104658Z
  G2 ks_silverstone__national     ref 105442Z  live 104658Z
  G2 ks_silverstone__national     ref 105441Z  live 104658Z
  G2 ks_silverstone__national     ref 105442Z  live 104658Z
  G2 ks_silverstone__national     ref 105441Z  live 104658Z
  G2 ks_silverstone__national     ref 105442Z  live 104658Z
  G2 ks_silverstone__national     ref 105441Z  live 104658Z
  G2 ks_silverstone__national     ref 105442Z  live 104658Z
  G2 ks_silverstone__national     ref 105441Z  live 104658Z
  G2 ks_silverstone__national     ref 105442Z  live 104658Z
  G2 ks_silverstone__national     ref 105441Z  live 104658Z
  G2 ks_silverstone__national     ref 105442Z  live 104658Z
  G2 ks_silverstone__national     ref 104658Z  live 105441Z
  G2 ks_silverstone__national     ref 105442Z  live 105441Z
  G2 ks_silverstone__national     ref 104658Z  live 105441Z
  G2 ks_silverstone__national     ref 105442Z  live 105441Z
  G2 ks_silverstone__national     ref 104658Z  live 105441Z
  G2 ks_silverstone__national     ref 105442Z  live 105441Z
  G2 ks_silverstone__national     ref 104658Z  live 105441Z
  G2 ks_silverstone__national     ref 105442Z  live 105441Z
  G2 ks_silverstone__national     ref 104658Z  live 105441Z
  G2 ks_silverstone__national     ref 105442Z  live 105441Z
  G2 ks_silverstone__national     ref 104658Z  live 105441Z
  G2 ks_silverstone__national     ref 105442Z  live 105441Z
  G2 ks_silverstone__national     ref 104658Z  live 105441Z
  G2 ks_silverstone__national     ref 105442Z  live 105441Z
  G2 ks_silverstone__national     ref 104658Z  live 105441Z
  G2 ks_silverstone__national     ref 105442Z  live 105441Z
  G2 ks_silverstone__national     ref 104658Z  live 105442Z
  G2 ks_silverstone__national     ref 105441Z  live 105442Z
  G2 ks_silverstone__national     ref 104658Z  live 105442Z
  G2 ks_silverstone__national     ref 105441Z  live 105442Z
  G2 ks_silverstone__national     ref 104658Z  live 105442Z
  G2 ks_silverstone__national     ref 105441Z  live 105442Z
  G2 ks_silverstone__national     ref 104658Z  live 105442Z
  G2 ks_silverstone__national     ref 105441Z  live 105442Z
  G2 ks_silverstone__national     ref 104658Z  live 105442Z
  G2 ks_silverstone__national     ref 105441Z  live 105442Z
  G2 ks_silverstone__national     ref 104658Z  live 105442Z
  G2 ks_silverstone__national     ref 105441Z  live 105442Z
  G2 ks_silverstone__national     ref 104658Z  live 105442Z
  G2 ks_silverstone__national     ref 105441Z  live 105442Z
  G2 ks_silverstone__national     ref 104658Z  live 105442Z
  G2 ks_silverstone__national     ref 105441Z  live 105442Z
  G2 rt_lime_rock_park__no_chican ref 143440Z  live 141815Z
  G2 rt_lime_rock_park__no_chican ref 143440Z  live 141815Z
  G2 rt_lime_rock_park__no_chican ref 143440Z  live 141815Z
  G2 rt_lime_rock_park__no_chican ref 143440Z  live 141815Z
  G2 rt_lime_rock_park__no_chican ref 143440Z  live 141815Z
  G2 rt_lime_rock_park__no_chican ref 143440Z  live 141815Z
  G2 rt_lime_rock_park__no_chican ref 143440Z  live 141815Z
  G2 rt_lime_rock_park__no_chican ref 143440Z  live 141815Z
  G2 rt_lime_rock_park__no_chican ref 143440Z  live 141815Z
  G2 rt_lime_rock_park__no_chican ref 141815Z  live 143440Z
  G2 rt_lime_rock_park__no_chican ref 141815Z  live 143440Z
  G2 rt_lime_rock_park__no_chican ref 141815Z  live 143440Z
  G2 rt_lime_rock_park__no_chican ref 141815Z  live 143440Z
  G2 rt_lime_rock_park__no_chican ref 141815Z  live 143440Z
  G2 rt_lime_rock_park__no_chican ref 141815Z  live 143440Z
  G2 rt_lime_rock_park__no_chican ref 141815Z  live 143440Z
  G2 rt_lime_rock_park__no_chican ref 141815Z  live 143440Z
  G2 rt_oulton_park__fosters      ref 195157Z  live 193254Z
  G2 rt_oulton_park__fosters      ref 195157Z  live 193254Z
  G2 rt_oulton_park__fosters      ref 195157Z  live 193254Z
  G2 rt_oulton_park__fosters      ref 195157Z  live 193254Z
  G2 rt_oulton_park__fosters      ref 195157Z  live 193254Z
  G2 rt_oulton_park__fosters      ref 195157Z  live 193254Z
  G2 rt_oulton_park__fosters      ref 195157Z  live 193254Z
  G2 rt_oulton_park__fosters      ref 195157Z  live 193254Z
  G2 rt_oulton_park__fosters      ref 195157Z  live 193254Z
  G2 rt_oulton_park__fosters      ref 193254Z  live 195157Z
  G2 rt_oulton_park__fosters      ref 193254Z  live 195157Z
  G2 rt_oulton_park__fosters      ref 193254Z  live 195157Z
  G2 rt_oulton_park__fosters      ref 193254Z  live 195157Z
  G2 rt_oulton_park__fosters      ref 193254Z  live 195157Z
  G2 rt_oulton_park__fosters      ref 193254Z  live 195157Z
  G2 rt_oulton_park__fosters      ref 193254Z  live 195157Z
  G2 rt_oulton_park__fosters      ref 193254Z  live 195157Z
  G2 rt_oulton_park__fosters      ref 193254Z  live 195157Z

                                                                       median      p90  >100 ms   >10 m     worst
G1 single                                                       1.30 m   42 ms   128 ms    16.6%    0.9%   2194.2 m
G1 filter                                                       1.27 m   40 ms   127 ms    16.4%    0.5%     44.8 m
G1 filter, reference time                                       1.05 m   34 ms    86 ms     6.5%    0.0%      9.1 m
G1 filter, reference time, two modes                            0.98 m   31 ms    82 ms     5.5%    0.0%      9.2 m
G1 filter + speed                                               0.67 m   21 ms    57 ms     1.0%    0.0%      4.5 m
G2 single                                                       1.72 m   47 ms   153 ms    21.1%    3.7%   1295.3 m
G2 filter                                                       1.67 m   46 ms   148 ms    20.7%    2.7%   1048.0 m
G2 filter, reference time                                       1.27 m   35 ms    94 ms     8.3%    0.1%     15.3 m
G2 filter, reference time, two modes                            1.22 m   34 ms    91 ms     7.9%    0.4%     62.6 m
G2 filter + speed                                               0.75 m   20 ms    56 ms     1.0%    0.0%      8.6 m
G2 ks_silverstone__national single                              1.97 m   55 ms   178 ms    26.3%    5.2%   1295.3 m
G2 ks_silverstone__national filter                              1.96 m   54 ms   173 ms    26.2%    4.1%   1048.0 m
G2 ks_silverstone__national filter, reference time              1.41 m   39 ms    98 ms     9.3%    0.1%     13.2 m
G2 ks_silverstone__national filter, reference time, two modes    1.40 m   38 ms   101 ms    10.2%    0.7%     62.6 m
G2 ks_silverstone__national filter + speed                      0.90 m   24 ms    64 ms     1.4%    0.0%      8.6 m
G2 same car single                                              2.24 m   63 ms   224 ms    31.4%    8.0%   1282.4 m
G2 same car filter                                              2.24 m   63 ms   202 ms    31.2%    6.4%    999.6 m
G2 same car filter, reference time                              1.18 m   33 ms    80 ms     4.5%    0.0%      9.4 m
G2 same car filter, reference time, two modes                   1.29 m   36 ms    95 ms     9.0%    1.3%     62.6 m
G2 same car filter + speed                                      0.92 m   25 ms    67 ms     1.9%    0.0%      8.6 m
G2 rt_lime_rock_park__no_chicane single                         1.52 m   41 ms   118 ms    14.2%    1.9%    995.6 m
G2 rt_lime_rock_park__no_chicane filter                         1.51 m   40 ms   118 ms    14.1%    0.7%    242.0 m
G2 rt_lime_rock_park__no_chicane filter, reference time         1.12 m   30 ms    93 ms     8.4%    0.2%     15.3 m
G2 rt_lime_rock_park__no_chicane filter, reference time, two modes    1.10 m   29 ms    84 ms     6.3%    0.2%     16.6 m
G2 rt_lime_rock_park__no_chicane filter + speed                 0.64 m   17 ms    44 ms     0.3%    0.0%      4.4 m
G2 rt_oulton_park__fosters single                               1.38 m   38 ms   118 ms    14.1%    1.5%    629.6 m
G2 rt_oulton_park__fosters filter                               1.27 m   35 ms   111 ms    12.5%    0.9%     60.3 m
G2 rt_oulton_park__fosters filter, reference time               1.14 m   30 ms    84 ms     5.6%    0.0%      7.6 m
G2 rt_oulton_park__fosters filter, reference time, two modes    1.01 m   27 ms    74 ms     3.8%    0.0%     16.0 m
G2 rt_oulton_park__fosters filter + speed                       0.60 m   16 ms    41 ms     0.4%    0.0%      8.0 m
