  G1 ks_black_cat_county__layout_ ref 180056Z  live 183526Z
  G1 ks_black_cat_county__layout_ ref 183242Z  live 183526Z
  G1 ks_brands_hatch__indy        ref 171903Z  live 221531Z
  G1 ks_brands_hatch__indy        ref 181357Z  live 221531Z
  G1 ks_highlands__layout_short   ref 212549Z  live 005654Z
  G1 ks_laguna_seca               ref 110507Z  live 123110Z
  G1 ks_monza66__junior           ref 091133Z  live 093530Z
  G1 ks_nurburgring__layout_sprin ref 100528Z  live 103410Z
  G1 ks_red_bull_ring__layout_nat ref 232216Z  live 174436Z
  G1 ks_red_bull_ring__layout_nat ref 233620Z  live 174436Z
  G1 ks_vallelunga__club_circuit  ref 220345Z  live 223945Z
  G1 ks_vallelunga__club_circuit  ref 222513Z  live 223945Z
  G1 magione                      ref 225059Z  live 231051Z
  G1 magione                      ref 230023Z  live 231051Z
  G2 ks_silverstone__national     ref 105441Z  live 104658Z
  G2 ks_silverstone__national     ref 105442Z  live 104658Z
  G2 ks_silverstone__national     ref 105441Z  live 104658Z
  G2 ks_silverstone__national     ref 105442Z  live 104658Z
  G2 ks_silverstone__national     ref 105441Z  live 104658Z
  G2 ks_silverstone__national     ref 105442Z  live 104658Z
  G2 ks_silverstone__national     ref 105441Z  live 104658Z
  G2 ks_silverstone__national     ref 105442Z  live 104658Z
  G2 ks_silverstone__national     ref 105441Z  live 104658Z
  G2 ks_silverstone__national     ref 105442Z  live 104658Z
  G2 ks_silverstone__national     ref 105441Z  live 104658Z
  G2 ks_silverstone__national     ref 105442Z  live 104658Z
  G2 ks_silverstone__national     ref 105441Z  live 104658Z
  G2 ks_silverstone__national     ref 105442Z  live 104658Z
  G2 ks_silverstone__national     ref 104658Z  live 105441Z
  G2 ks_silverstone__national     ref 105442Z  live 105441Z
  G2 ks_silverstone__national     ref 104658Z  live 105441Z
  G2 ks_silverstone__national     ref 105442Z  live 105441Z
  G2 ks_silverstone__national     ref 104658Z  live 105441Z
  G2 ks_silverstone__national     ref 105442Z  live 105441Z
  G2 ks_silverstone__national     ref 104658Z  live 105441Z
  G2 ks_silverstone__national     ref 105442Z  live 105441Z
  G2 ks_silverstone__national     ref 104658Z  live 105441Z
  G2 ks_silverstone__national     ref 105442Z  live 105441Z
  G2 ks_silverstone__national     ref 104658Z  live 105441Z
  G2 ks_silverstone__national     ref 105442Z  live 105441Z
  G2 ks_silverstone__national     ref 104658Z  live 105441Z
  G2 ks_silverstone__national     ref 105442Z  live 105441Z
  G2 ks_silverstone__national     ref 104658Z  live 105441Z
  G2 ks_silverstone__national     ref 105442Z  live 105441Z
  G2 ks_silverstone__national     ref 104658Z  live 105442Z
  G2 ks_silverstone__national     ref 105441Z  live 105442Z
  G2 ks_silverstone__national     ref 104658Z  live 105442Z
  G2 ks_silverstone__national     ref 105441Z  live 105442Z
  G2 ks_silverstone__national     ref 104658Z  live 105442Z
  G2 ks_silverstone__national     ref 105441Z  live 105442Z
  G2 ks_silverstone__national     ref 104658Z  live 105442Z
  G2 ks_silverstone__national     ref 105441Z  live 105442Z
  G2 ks_silverstone__national     ref 104658Z  live 105442Z
  G2 ks_silverstone__national     ref 105441Z  live 105442Z
  G2 ks_silverstone__national     ref 104658Z  live 105442Z
  G2 ks_silverstone__national     ref 105441Z  live 105442Z
  G2 ks_silverstone__national     ref 104658Z  live 105442Z
  G2 ks_silverstone__national     ref 105441Z  live 105442Z
  G2 ks_silverstone__national     ref 104658Z  live 105442Z
  G2 ks_silverstone__national     ref 105441Z  live 105442Z
  G2 rt_lime_rock_park__no_chican ref 143440Z  live 141815Z
  G2 rt_lime_rock_park__no_chican ref 143440Z  live 141815Z
  G2 rt_lime_rock_park__no_chican ref 143440Z  live 141815Z
  G2 rt_lime_rock_park__no_chican ref 143440Z  live 141815Z
  G2 rt_lime_rock_park__no_chican ref 143440Z  live 141815Z
  G2 rt_lime_rock_park__no_chican ref 143440Z  live 141815Z
  G2 rt_lime_rock_park__no_chican ref 143440Z  live 141815Z
  G2 rt_lime_rock_park__no_chican ref 143440Z  live 141815Z
  G2 rt_lime_rock_park__no_chican ref 143440Z  live 141815Z
  G2 rt_lime_rock_park__no_chican ref 141815Z  live 143440Z
  G2 rt_lime_rock_park__no_chican ref 141815Z  live 143440Z
  G2 rt_lime_rock_park__no_chican ref 141815Z  live 143440Z
  G2 rt_lime_rock_park__no_chican ref 141815Z  live 143440Z
  G2 rt_lime_rock_park__no_chican ref 141815Z  live 143440Z
  G2 rt_lime_rock_park__no_chican ref 141815Z  live 143440Z
  G2 rt_lime_rock_park__no_chican ref 141815Z  live 143440Z
  G2 rt_lime_rock_park__no_chican ref 141815Z  live 143440Z
  G2 rt_oulton_park__fosters      ref 195157Z  live 193254Z
  G2 rt_oulton_park__fosters      ref 195157Z  live 193254Z
  G2 rt_oulton_park__fosters      ref 195157Z  live 193254Z
  G2 rt_oulton_park__fosters      ref 195157Z  live 193254Z
  G2 rt_oulton_park__fosters      ref 195157Z  live 193254Z
  G2 rt_oulton_park__fosters      ref 195157Z  live 193254Z
  G2 rt_oulton_park__fosters      ref 195157Z  live 193254Z
  G2 rt_oulton_park__fosters      ref 195157Z  live 193254Z
  G2 rt_oulton_park__fosters      ref 195157Z  live 193254Z
  G2 rt_oulton_park__fosters      ref 193254Z  live 195157Z
  G2 rt_oulton_park__fosters      ref 193254Z  live 195157Z
  G2 rt_oulton_park__fosters      ref 193254Z  live 195157Z
  G2 rt_oulton_park__fosters      ref 193254Z  live 195157Z
  G2 rt_oulton_park__fosters      ref 193254Z  live 195157Z
  G2 rt_oulton_park__fosters      ref 193254Z  live 195157Z
  G2 rt_oulton_park__fosters      ref 193254Z  live 195157Z
  G2 rt_oulton_park__fosters      ref 193254Z  live 195157Z
  G2 rt_oulton_park__fosters      ref 193254Z  live 195157Z

                                                                       median      p90  >100 ms   >10 m     worst
G1 single                                                       1.23 m   39 ms   120 ms    14.7%    0.8%   2194.2 m
G1 filter                                                       1.19 m   38 ms   120 ms    14.7%    0.4%     43.3 m
G1 filter, reference time                                       0.99 m   31 ms    83 ms     5.9%    0.0%      8.9 m
G1 filter, reference time, two modes                            0.93 m   30 ms    77 ms     4.6%    0.0%      9.1 m
G1 filter + speed                                               0.65 m   20 ms    55 ms     0.8%    0.0%      4.1 m
G1 filter, lag-corrected                                        1.19 m   38 ms   120 ms    14.7%    0.4%     43.3 m
G1 filter, reference time, lag-corrected                        0.99 m   32 ms    83 ms     5.9%    0.0%      8.8 m
G1 filter, reference time, two modes, lag-corrected             0.93 m   29 ms    78 ms     4.7%    0.0%      9.2 m
G1 filter + speed, lag-corrected                                0.65 m   20 ms    55 ms     0.8%    0.0%      4.8 m
G2 single                                                       1.64 m   45 ms   142 ms    19.1%    2.9%   1167.5 m
G2 filter                                                       1.59 m   43 ms   139 ms    18.6%    2.3%    785.2 m
G2 filter, reference time                                       1.24 m   34 ms    92 ms     7.6%    0.1%     15.3 m
G2 filter, reference time, two modes                            1.20 m   33 ms    88 ms     7.0%    0.3%     26.6 m
G2 filter + speed                                               0.73 m   20 ms    54 ms     0.7%    0.0%      8.4 m
G2 filter, lag-corrected                                        1.60 m   43 ms   139 ms    18.7%    2.3%    785.2 m
G2 filter, reference time, lag-corrected                        1.25 m   34 ms    92 ms     7.7%    0.1%     15.5 m
G2 filter, reference time, two modes, lag-corrected             1.20 m   33 ms    89 ms     7.1%    0.3%     26.5 m
G2 filter + speed, lag-corrected                                0.74 m   20 ms    53 ms     0.7%    0.0%      8.5 m
G2 ks_silverstone__national single                              1.87 m   51 ms   164 ms    23.7%    4.1%   1167.5 m
G2 ks_silverstone__national filter                              1.85 m   51 ms   163 ms    23.6%    3.6%    785.2 m
G2 ks_silverstone__national filter, reference time              1.38 m   38 ms    95 ms     8.3%    0.0%     10.2 m
G2 ks_silverstone__national filter, reference time, two modes    1.37 m   38 ms    95 ms     8.8%    0.4%     26.6 m
G2 ks_silverstone__national filter + speed                      0.87 m   23 ms    60 ms     1.2%    0.0%      8.4 m
G2 ks_silverstone__national filter, lag-corrected               1.85 m   51 ms   163 ms    23.7%    3.5%    785.2 m
G2 ks_silverstone__national filter, reference time, lag-corrected    1.38 m   38 ms    94 ms     8.1%    0.0%     10.2 m
G2 ks_silverstone__national filter, reference time, two modes, lag-corrected    1.36 m   37 ms    95 ms     8.7%    0.4%     26.5 m
G2 ks_silverstone__national filter + speed, lag-corrected       0.87 m   23 ms    60 ms     1.1%    0.0%      8.5 m
G2 same car single                                              2.11 m   59 ms   198 ms    28.6%    6.7%   1167.5 m
G2 same car filter                                              2.10 m   59 ms   189 ms    28.4%    5.8%    785.2 m
G2 same car filter, reference time                              1.14 m   32 ms    77 ms     3.8%    0.0%      9.4 m
G2 same car filter, reference time, two modes                   1.25 m   35 ms    89 ms     7.8%    0.9%     26.6 m
G2 same car filter + speed                                      0.87 m   24 ms    63 ms     1.7%    0.0%      8.4 m
G2 same car filter, lag-corrected                               2.13 m   59 ms   188 ms    28.4%    5.7%    785.2 m
G2 same car filter, reference time, lag-corrected               1.12 m   32 ms    76 ms     3.2%    0.0%      9.2 m
G2 same car filter, reference time, two modes, lag-corrected    1.23 m   34 ms    88 ms     7.2%    0.8%     26.5 m
G2 same car filter + speed, lag-corrected                       0.87 m   23 ms    61 ms     1.5%    0.0%      8.5 m
G2 rt_lime_rock_park__no_chicane single                         1.48 m   40 ms   114 ms    13.4%    1.6%    995.6 m
G2 rt_lime_rock_park__no_chicane filter                         1.50 m   40 ms   115 ms    13.3%    0.8%    241.2 m
G2 rt_lime_rock_park__no_chicane filter, reference time         1.13 m   30 ms    93 ms     8.3%    0.2%     15.3 m
G2 rt_lime_rock_park__no_chicane filter, reference time, two modes    1.11 m   29 ms    84 ms     6.2%    0.3%     16.6 m
G2 rt_lime_rock_park__no_chicane filter + speed                 0.61 m   16 ms    44 ms     0.0%    0.0%      4.3 m
G2 rt_lime_rock_park__no_chicane filter, lag-corrected          1.50 m   40 ms   116 ms    13.6%    0.8%    241.6 m
G2 rt_lime_rock_park__no_chicane filter, reference time, lag-corrected    1.14 m   30 ms    94 ms     8.7%    0.2%     15.5 m
G2 rt_lime_rock_park__no_chicane filter, reference time, two modes, lag-corrected    1.11 m   29 ms    86 ms     6.7%    0.3%     16.8 m
G2 rt_lime_rock_park__no_chicane filter + speed, lag-corrected    0.61 m   16 ms    45 ms     0.0%    0.0%      4.3 m
G2 rt_oulton_park__fosters single                               1.30 m   36 ms   111 ms    12.5%    0.9%    585.2 m
G2 rt_oulton_park__fosters filter                               1.21 m   33 ms   103 ms    10.6%    0.4%     33.7 m
G2 rt_oulton_park__fosters filter, reference time               1.07 m   28 ms    83 ms     5.3%    0.0%      7.6 m
G2 rt_oulton_park__fosters filter, reference time, two modes    0.97 m   26 ms    72 ms     3.3%    0.0%      7.3 m
G2 rt_oulton_park__fosters filter + speed                       0.59 m   16 ms    40 ms     0.2%    0.0%      4.4 m
G2 rt_oulton_park__fosters filter, lag-corrected                1.22 m   33 ms   103 ms    10.6%    0.4%     33.8 m
G2 rt_oulton_park__fosters filter, reference time, lag-corrected    1.08 m   29 ms    85 ms     5.7%    0.0%      7.5 m
G2 rt_oulton_park__fosters filter, reference time, two modes, lag-corrected    0.98 m   26 ms    73 ms     3.5%    0.0%      7.1 m
G2 rt_oulton_park__fosters filter + speed, lag-corrected        0.61 m   17 ms    41 ms     0.3%    0.0%      4.5 m
