  G1 ks_black_cat_county__layout_ ref 180056Z  live 183526Z
  G1 ks_black_cat_county__layout_ ref 183242Z  live 183526Z
  G1 ks_brands_hatch__indy        ref 171903Z  live 221531Z
  G1 ks_brands_hatch__indy        ref 181357Z  live 221531Z
  G1 ks_highlands__layout_short   ref 212549Z  live 005654Z
  G1 ks_laguna_seca               ref 110507Z  live 123110Z
  G1 ks_monza66__junior           ref 091133Z  live 093530Z
  G1 ks_nurburgring__layout_sprin ref 100528Z  live 103410Z
  G1 ks_red_bull_ring__layout_nat ref 232216Z  live 174436Z
  G1 ks_red_bull_ring__layout_nat ref 233620Z  live 174436Z
  G1 ks_vallelunga__club_circuit  ref 220345Z  live 223945Z
  G1 ks_vallelunga__club_circuit  ref 222513Z  live 223945Z
  G1 magione                      ref 225059Z  live 231051Z
  G1 magione                      ref 230023Z  live 231051Z
  G2 ks_silverstone__national     ref 105441Z  live 104658Z
  G2 ks_silverstone__national     ref 105442Z  live 104658Z
  G2 ks_silverstone__national     ref 105441Z  live 104658Z
  G2 ks_silverstone__national     ref 105442Z  live 104658Z
  G2 ks_silverstone__national     ref 105441Z  live 104658Z
  G2 ks_silverstone__national     ref 105442Z  live 104658Z
  G2 ks_silverstone__national     ref 105441Z  live 104658Z
  G2 ks_silverstone__national     ref 105442Z  live 104658Z
  G2 ks_silverstone__national     ref 105441Z  live 104658Z
  G2 ks_silverstone__national     ref 105442Z  live 104658Z
  G2 ks_silverstone__national     ref 105441Z  live 104658Z
  G2 ks_silverstone__national     ref 105442Z  live 104658Z
  G2 ks_silverstone__national     ref 105441Z  live 104658Z
  G2 ks_silverstone__national     ref 105442Z  live 104658Z
  G2 ks_silverstone__national     ref 104658Z  live 105441Z
  G2 ks_silverstone__national     ref 105442Z  live 105441Z
  G2 ks_silverstone__national     ref 104658Z  live 105441Z
  G2 ks_silverstone__national     ref 105442Z  live 105441Z
  G2 ks_silverstone__national     ref 104658Z  live 105441Z
  G2 ks_silverstone__national     ref 105442Z  live 105441Z
  G2 ks_silverstone__national     ref 104658Z  live 105441Z
  G2 ks_silverstone__national     ref 105442Z  live 105441Z
  G2 ks_silverstone__national     ref 104658Z  live 105441Z
  G2 ks_silverstone__national     ref 105442Z  live 105441Z
  G2 ks_silverstone__national     ref 104658Z  live 105441Z
  G2 ks_silverstone__national     ref 105442Z  live 105441Z
  G2 ks_silverstone__national     ref 104658Z  live 105441Z
  G2 ks_silverstone__national     ref 105442Z  live 105441Z
  G2 ks_silverstone__national     ref 104658Z  live 105441Z
  G2 ks_silverstone__national     ref 105442Z  live 105441Z
  G2 ks_silverstone__national     ref 104658Z  live 105442Z
  G2 ks_silverstone__national     ref 105441Z  live 105442Z
  G2 ks_silverstone__national     ref 104658Z  live 105442Z
  G2 ks_silverstone__national     ref 105441Z  live 105442Z
  G2 ks_silverstone__national     ref 104658Z  live 105442Z
  G2 ks_silverstone__national     ref 105441Z  live 105442Z
  G2 ks_silverstone__national     ref 104658Z  live 105442Z
  G2 ks_silverstone__national     ref 105441Z  live 105442Z
  G2 ks_silverstone__national     ref 104658Z  live 105442Z
  G2 ks_silverstone__national     ref 105441Z  live 105442Z
  G2 ks_silverstone__national     ref 104658Z  live 105442Z
  G2 ks_silverstone__national     ref 105441Z  live 105442Z
  G2 ks_silverstone__national     ref 104658Z  live 105442Z
  G2 ks_silverstone__national     ref 105441Z  live 105442Z
  G2 ks_silverstone__national     ref 104658Z  live 105442Z
  G2 ks_silverstone__national     ref 105441Z  live 105442Z
  G2 rt_lime_rock_park__no_chican ref 143440Z  live 141815Z
  G2 rt_lime_rock_park__no_chican ref 143440Z  live 141815Z
  G2 rt_lime_rock_park__no_chican ref 143440Z  live 141815Z
  G2 rt_lime_rock_park__no_chican ref 143440Z  live 141815Z
  G2 rt_lime_rock_park__no_chican ref 143440Z  live 141815Z
  G2 rt_lime_rock_park__no_chican ref 143440Z  live 141815Z
  G2 rt_lime_rock_park__no_chican ref 143440Z  live 141815Z
  G2 rt_lime_rock_park__no_chican ref 143440Z  live 141815Z
  G2 rt_lime_rock_park__no_chican ref 143440Z  live 141815Z
  G2 rt_lime_rock_park__no_chican ref 141815Z  live 143440Z
  G2 rt_lime_rock_park__no_chican ref 141815Z  live 143440Z
  G2 rt_lime_rock_park__no_chican ref 141815Z  live 143440Z
  G2 rt_lime_rock_park__no_chican ref 141815Z  live 143440Z
  G2 rt_lime_rock_park__no_chican ref 141815Z  live 143440Z
  G2 rt_lime_rock_park__no_chican ref 141815Z  live 143440Z
  G2 rt_lime_rock_park__no_chican ref 141815Z  live 143440Z
  G2 rt_lime_rock_park__no_chican ref 141815Z  live 143440Z
  G2 rt_oulton_park__fosters      ref 195157Z  live 193254Z
  G2 rt_oulton_park__fosters      ref 195157Z  live 193254Z
  G2 rt_oulton_park__fosters      ref 195157Z  live 193254Z
  G2 rt_oulton_park__fosters      ref 195157Z  live 193254Z
  G2 rt_oulton_park__fosters      ref 195157Z  live 193254Z
  G2 rt_oulton_park__fosters      ref 195157Z  live 193254Z
  G2 rt_oulton_park__fosters      ref 195157Z  live 193254Z
  G2 rt_oulton_park__fosters      ref 195157Z  live 193254Z
  G2 rt_oulton_park__fosters      ref 195157Z  live 193254Z
  G2 rt_oulton_park__fosters      ref 193254Z  live 195157Z
  G2 rt_oulton_park__fosters      ref 193254Z  live 195157Z
  G2 rt_oulton_park__fosters      ref 193254Z  live 195157Z
  G2 rt_oulton_park__fosters      ref 193254Z  live 195157Z
  G2 rt_oulton_park__fosters      ref 193254Z  live 195157Z
  G2 rt_oulton_park__fosters      ref 193254Z  live 195157Z
  G2 rt_oulton_park__fosters      ref 193254Z  live 195157Z
  G2 rt_oulton_park__fosters      ref 193254Z  live 195157Z
  G2 rt_oulton_park__fosters      ref 193254Z  live 195157Z

                                                                       median      p90  >100 ms   >10 m     worst
G1 single                                                       1.96 m   63 ms   198 ms    31.2%    4.9%   2852.6 m
G1 filter                                                       1.85 m   59 ms   183 ms    29.1%    3.3%    934.0 m
G1 filter, reference time                                       1.29 m   40 ms   114 ms    13.9%    0.4%     18.7 m
G1 filter, reference time, two modes                            1.27 m   40 ms   114 ms    13.7%    0.7%     39.9 m
G1 filter + speed                                               0.96 m   30 ms    79 ms     5.2%    0.2%     10.6 m
G2 single                                                       2.22 m   61 ms   220 ms    30.2%    8.2%   1299.1 m
G2 filter                                                       2.15 m   59 ms   206 ms    29.8%    6.8%   1198.5 m
G2 filter, reference time                                       1.50 m   40 ms   113 ms    13.6%    0.6%     56.1 m
G2 filter, reference time, two modes                            1.46 m   40 ms   121 ms    14.7%    2.8%    127.2 m
G2 filter + speed                                               0.99 m   27 ms    67 ms     2.0%    0.1%     19.9 m
G2 ks_silverstone__national single                              2.62 m   71 ms   303 ms    36.8%   11.7%   1299.1 m
G2 ks_silverstone__national filter                              2.59 m   71 ms   265 ms    37.0%   10.4%   1198.5 m
G2 ks_silverstone__national filter, reference time              1.65 m   44 ms   124 ms    16.6%    1.0%     56.1 m
G2 ks_silverstone__national filter, reference time, two modes    1.63 m   44 ms   143 ms    19.0%    4.4%    127.2 m
G2 ks_silverstone__national filter + speed                      1.05 m   28 ms    74 ms     2.7%    0.2%     19.9 m
G2 same car single                                              2.68 m   74 ms   397 ms    38.8%   14.0%   1296.6 m
G2 same car filter                                              2.57 m   73 ms   301 ms    38.2%   12.0%   1198.5 m
G2 same car filter, reference time                              1.22 m   34 ms    91 ms     7.6%    1.2%     49.8 m
G2 same car filter, reference time, two modes                   1.36 m   38 ms   128 ms    14.2%    6.3%    127.2 m
G2 same car filter + speed                                      1.01 m   28 ms    73 ms     2.9%    0.4%     19.9 m
G2 rt_lime_rock_park__no_chicane single                         1.79 m   48 ms   130 ms    18.0%    1.3%    120.1 m
G2 rt_lime_rock_park__no_chicane filter                         1.75 m   47 ms   126 ms    17.5%    0.5%     15.0 m
G2 rt_lime_rock_park__no_chicane filter, reference time         1.35 m   36 ms    92 ms     7.5%    0.0%      8.6 m
G2 rt_lime_rock_park__no_chicane filter, reference time, two modes    1.28 m   34 ms    90 ms     6.9%    0.0%      9.5 m
G2 rt_lime_rock_park__no_chicane filter + speed                 0.78 m   20 ms    49 ms     0.0%    0.0%      3.4 m
G2 rt_oulton_park__fosters single                               1.88 m   53 ms   170 ms    24.1%    5.2%    561.5 m
G2 rt_oulton_park__fosters filter                               1.78 m   49 ms   155 ms    22.0%    3.5%    490.8 m
G2 rt_oulton_park__fosters filter, reference time               1.31 m   36 ms   105 ms    11.1%    0.0%      9.4 m
G2 rt_oulton_park__fosters filter, reference time, two modes    1.29 m   35 ms   102 ms    10.4%    1.0%     46.1 m
G2 rt_oulton_park__fosters filter + speed                       1.09 m   30 ms    62 ms     1.9%    0.0%      8.8 m
