  G1 ks_black_cat_county__layout_ ref 180056Z  live 183526Z
  G1 ks_black_cat_county__layout_ ref 183242Z  live 183526Z
  G1 ks_brands_hatch__indy        ref 171903Z  live 221531Z
  G1 ks_brands_hatch__indy        ref 181357Z  live 221531Z
  G1 ks_highlands__layout_short   ref 212549Z  live 005654Z
  G1 ks_laguna_seca               ref 110507Z  live 123110Z
  G1 ks_monza66__junior           ref 091133Z  live 093530Z
  G1 ks_nurburgring__layout_sprin ref 100528Z  live 103410Z
  G1 ks_red_bull_ring__layout_nat ref 232216Z  live 174436Z
  G1 ks_red_bull_ring__layout_nat ref 233620Z  live 174436Z
  G1 ks_vallelunga__club_circuit  ref 220345Z  live 223945Z
  G1 ks_vallelunga__club_circuit  ref 222513Z  live 223945Z
  G1 magione                      ref 225059Z  live 231051Z
  G1 magione                      ref 230023Z  live 231051Z
  G2 ks_silverstone__national     ref 105441Z  live 104658Z
  G2 ks_silverstone__national     ref 105442Z  live 104658Z
  G2 ks_silverstone__national     ref 105441Z  live 104658Z
  G2 ks_silverstone__national     ref 105442Z  live 104658Z
  G2 ks_silverstone__national     ref 105441Z  live 104658Z
  G2 ks_silverstone__national     ref 105442Z  live 104658Z
  G2 ks_silverstone__national     ref 105441Z  live 104658Z
  G2 ks_silverstone__national     ref 105442Z  live 104658Z
  G2 ks_silverstone__national     ref 105441Z  live 104658Z
  G2 ks_silverstone__national     ref 105442Z  live 104658Z
  G2 ks_silverstone__national     ref 105441Z  live 104658Z
  G2 ks_silverstone__national     ref 105442Z  live 104658Z
  G2 ks_silverstone__national     ref 105441Z  live 104658Z
  G2 ks_silverstone__national     ref 105442Z  live 104658Z
  G2 ks_silverstone__national     ref 104658Z  live 105441Z
  G2 ks_silverstone__national     ref 105442Z  live 105441Z
  G2 ks_silverstone__national     ref 104658Z  live 105441Z
  G2 ks_silverstone__national     ref 105442Z  live 105441Z
  G2 ks_silverstone__national     ref 104658Z  live 105441Z
  G2 ks_silverstone__national     ref 105442Z  live 105441Z
  G2 ks_silverstone__national     ref 104658Z  live 105441Z
  G2 ks_silverstone__national     ref 105442Z  live 105441Z
  G2 ks_silverstone__national     ref 104658Z  live 105441Z
  G2 ks_silverstone__national     ref 105442Z  live 105441Z
  G2 ks_silverstone__national     ref 104658Z  live 105441Z
  G2 ks_silverstone__national     ref 105442Z  live 105441Z
  G2 ks_silverstone__national     ref 104658Z  live 105441Z
  G2 ks_silverstone__national     ref 105442Z  live 105441Z
  G2 ks_silverstone__national     ref 104658Z  live 105441Z
  G2 ks_silverstone__national     ref 105442Z  live 105441Z
  G2 ks_silverstone__national     ref 104658Z  live 105442Z
  G2 ks_silverstone__national     ref 105441Z  live 105442Z
  G2 ks_silverstone__national     ref 104658Z  live 105442Z
  G2 ks_silverstone__national     ref 105441Z  live 105442Z
  G2 ks_silverstone__national     ref 104658Z  live 105442Z
  G2 ks_silverstone__national     ref 105441Z  live 105442Z
  G2 ks_silverstone__national     ref 104658Z  live 105442Z
  G2 ks_silverstone__national     ref 105441Z  live 105442Z
  G2 ks_silverstone__national     ref 104658Z  live 105442Z
  G2 ks_silverstone__national     ref 105441Z  live 105442Z
  G2 ks_silverstone__national     ref 104658Z  live 105442Z
  G2 ks_silverstone__national     ref 105441Z  live 105442Z
  G2 ks_silverstone__national     ref 104658Z  live 105442Z
  G2 ks_silverstone__national     ref 105441Z  live 105442Z
  G2 ks_silverstone__national     ref 104658Z  live 105442Z
  G2 ks_silverstone__national     ref 105441Z  live 105442Z
  G2 rt_lime_rock_park__no_chican ref 143440Z  live 141815Z
  G2 rt_lime_rock_park__no_chican ref 143440Z  live 141815Z
  G2 rt_lime_rock_park__no_chican ref 143440Z  live 141815Z
  G2 rt_lime_rock_park__no_chican ref 143440Z  live 141815Z
  G2 rt_lime_rock_park__no_chican ref 143440Z  live 141815Z
  G2 rt_lime_rock_park__no_chican ref 143440Z  live 141815Z
  G2 rt_lime_rock_park__no_chican ref 143440Z  live 141815Z
  G2 rt_lime_rock_park__no_chican ref 143440Z  live 141815Z
  G2 rt_lime_rock_park__no_chican ref 143440Z  live 141815Z
  G2 rt_lime_rock_park__no_chican ref 141815Z  live 143440Z
  G2 rt_lime_rock_park__no_chican ref 141815Z  live 143440Z
  G2 rt_lime_rock_park__no_chican ref 141815Z  live 143440Z
  G2 rt_lime_rock_park__no_chican ref 141815Z  live 143440Z
  G2 rt_lime_rock_park__no_chican ref 141815Z  live 143440Z
  G2 rt_lime_rock_park__no_chican ref 141815Z  live 143440Z
  G2 rt_lime_rock_park__no_chican ref 141815Z  live 143440Z
  G2 rt_lime_rock_park__no_chican ref 141815Z  live 143440Z
  G2 rt_oulton_park__fosters      ref 195157Z  live 193254Z
  G2 rt_oulton_park__fosters      ref 195157Z  live 193254Z
  G2 rt_oulton_park__fosters      ref 195157Z  live 193254Z
  G2 rt_oulton_park__fosters      ref 195157Z  live 193254Z
  G2 rt_oulton_park__fosters      ref 195157Z  live 193254Z
  G2 rt_oulton_park__fosters      ref 195157Z  live 193254Z
  G2 rt_oulton_park__fosters      ref 195157Z  live 193254Z
  G2 rt_oulton_park__fosters      ref 195157Z  live 193254Z
  G2 rt_oulton_park__fosters      ref 195157Z  live 193254Z
  G2 rt_oulton_park__fosters      ref 193254Z  live 195157Z
  G2 rt_oulton_park__fosters      ref 193254Z  live 195157Z
  G2 rt_oulton_park__fosters      ref 193254Z  live 195157Z
  G2 rt_oulton_park__fosters      ref 193254Z  live 195157Z
  G2 rt_oulton_park__fosters      ref 193254Z  live 195157Z
  G2 rt_oulton_park__fosters      ref 193254Z  live 195157Z
  G2 rt_oulton_park__fosters      ref 193254Z  live 195157Z
  G2 rt_oulton_park__fosters      ref 193254Z  live 195157Z
  G2 rt_oulton_park__fosters      ref 193254Z  live 195157Z

                                                                       median      p90  >100 ms   >10 m     worst
G1 single                                                       1.96 m   63 ms   198 ms    31.0%    4.9%   2852.7 m
G1 filter                                                       1.84 m   58 ms   183 ms    29.0%    3.3%    933.7 m
G1 filter, reference time                                       1.28 m   40 ms   113 ms    13.5%    0.5%     17.8 m
G1 filter, reference time, two modes                            1.29 m   41 ms   116 ms    14.0%    0.8%     37.7 m
G1 filter + speed                                               0.98 m   30 ms    80 ms     4.9%    0.2%     11.5 m
G1 filter, lag-corrected                                        1.86 m   58 ms   181 ms    29.0%    3.3%    933.6 m
G1 filter, reference time, lag-corrected                        1.30 m   40 ms   111 ms    13.0%    0.5%     17.7 m
G1 filter, reference time, two modes, lag-corrected             1.29 m   40 ms   115 ms    13.9%    0.8%     37.5 m
G1 filter + speed, lag-corrected                                0.91 m   29 ms    77 ms     4.5%    0.2%     11.3 m
G2 single                                                       2.21 m   61 ms   218 ms    30.0%    8.1%   1299.1 m
G2 filter                                                       2.15 m   59 ms   205 ms    29.8%    6.8%   1199.2 m
G2 filter, reference time                                       1.50 m   40 ms   113 ms    13.5%    0.6%     57.6 m
G2 filter, reference time, two modes                            1.46 m   40 ms   123 ms    15.0%    2.9%    127.2 m
G2 filter + speed                                               0.99 m   27 ms    66 ms     1.8%    0.1%     19.9 m
G2 filter, lag-corrected                                        2.17 m   59 ms   207 ms    30.3%    6.9%   1199.0 m
G2 filter, reference time, lag-corrected                        1.52 m   41 ms   115 ms    14.0%    0.6%     57.7 m
G2 filter, reference time, two modes, lag-corrected             1.48 m   40 ms   125 ms    15.5%    2.9%    126.9 m
G2 filter + speed, lag-corrected                                1.01 m   27 ms    68 ms     2.1%    0.1%     20.0 m
G2 ks_silverstone__national single                              2.61 m   71 ms   295 ms    36.6%   11.5%   1299.1 m
G2 ks_silverstone__national filter                              2.58 m   71 ms   262 ms    37.1%   10.2%   1199.2 m
G2 ks_silverstone__national filter, reference time              1.64 m   44 ms   124 ms    16.6%    1.1%     57.6 m
G2 ks_silverstone__national filter, reference time, two modes    1.64 m   45 ms   147 ms    19.6%    4.6%    127.2 m
G2 ks_silverstone__national filter + speed                      1.05 m   28 ms    73 ms     2.5%    0.1%     19.9 m
G2 ks_silverstone__national filter, lag-corrected               2.60 m   72 ms   265 ms    37.5%   10.4%   1199.0 m
G2 ks_silverstone__national filter, reference time, lag-corrected    1.67 m   45 ms   126 ms    17.1%    1.1%     57.7 m
G2 ks_silverstone__national filter, reference time, two modes, lag-corrected    1.66 m   45 ms   149 ms    20.3%    4.7%    126.9 m
G2 ks_silverstone__national filter + speed, lag-corrected       1.08 m   29 ms    76 ms     2.9%    0.2%     20.0 m
G2 same car single                                              2.70 m   74 ms   384 ms    38.8%   13.9%   1296.6 m
G2 same car filter                                              2.59 m   73 ms   298 ms    38.5%   12.0%   1199.2 m
G2 same car filter, reference time                              1.22 m   34 ms    92 ms     8.0%    1.3%     51.9 m
G2 same car filter, reference time, two modes                   1.41 m   39 ms   142 ms    16.1%    7.2%    127.2 m
G2 same car filter + speed                                      1.01 m   28 ms    71 ms     2.4%    0.4%     19.9 m
G2 same car filter, lag-corrected                               2.62 m   74 ms   298 ms    39.0%   12.1%   1199.0 m
G2 same car filter, reference time, lag-corrected               1.23 m   34 ms    93 ms     7.8%    1.4%     51.8 m
G2 same car filter, reference time, two modes, lag-corrected    1.42 m   40 ms   146 ms    16.3%    7.2%    126.9 m
G2 same car filter + speed, lag-corrected                       1.03 m   29 ms    74 ms     2.6%    0.5%     20.0 m
G2 rt_lime_rock_park__no_chicane single                         1.78 m   48 ms   128 ms    17.9%    1.3%    120.1 m
G2 rt_lime_rock_park__no_chicane filter                         1.74 m   46 ms   125 ms    17.4%    0.5%     15.0 m
G2 rt_lime_rock_park__no_chicane filter, reference time         1.33 m   35 ms    91 ms     7.2%    0.0%      8.6 m
G2 rt_lime_rock_park__no_chicane filter, reference time, two modes    1.28 m   34 ms    90 ms     7.0%    0.0%      9.5 m
G2 rt_lime_rock_park__no_chicane filter + speed                 0.78 m   21 ms    48 ms     0.1%    0.0%      3.3 m
G2 rt_lime_rock_park__no_chicane filter, lag-corrected          1.75 m   46 ms   127 ms    18.2%    0.6%     15.8 m
G2 rt_lime_rock_park__no_chicane filter, reference time, lag-corrected    1.38 m   36 ms    91 ms     7.2%    0.0%      9.9 m
G2 rt_lime_rock_park__no_chicane filter, reference time, two modes, lag-corrected    1.27 m   34 ms    91 ms     6.9%    0.0%     10.9 m
G2 rt_lime_rock_park__no_chicane filter + speed, lag-corrected    0.80 m   21 ms    49 ms     0.1%    0.0%      3.4 m
G2 rt_oulton_park__fosters single                               1.87 m   52 ms   169 ms    23.9%    5.2%    561.5 m
G2 rt_oulton_park__fosters filter                               1.77 m   49 ms   154 ms    22.1%    3.5%    476.4 m
G2 rt_oulton_park__fosters filter, reference time               1.32 m   36 ms   105 ms    11.1%    0.0%      9.2 m
G2 rt_oulton_park__fosters filter, reference time, two modes    1.28 m   34 ms   100 ms    10.1%    1.1%     44.3 m
G2 rt_oulton_park__fosters filter + speed                       1.06 m   29 ms    61 ms     1.7%    0.0%      6.7 m
G2 rt_oulton_park__fosters filter, lag-corrected                1.82 m   50 ms   155 ms    22.7%    3.6%    475.7 m
G2 rt_oulton_park__fosters filter, reference time, lag-corrected    1.34 m   36 ms   109 ms    12.1%    0.0%      8.9 m
G2 rt_oulton_park__fosters filter, reference time, two modes, lag-corrected    1.30 m   36 ms   105 ms    11.0%    1.1%     44.6 m
G2 rt_oulton_park__fosters filter + speed, lag-corrected        1.07 m   29 ms    63 ms     1.6%    0.0%      6.2 m
