started from runs/v3_yaw10_s1_base/best.pt
gate g1: held-out laps of seen tracks; full augmentation
train tracks ['ks_black_cat_county__layout_short', 'ks_brands_hatch__indy', 'ks_highlands__layout_short', 'ks_laguna_seca', 'ks_monza66__junior', 'ks_nurburgring__layout_sprint_a', 'ks_red_bull_ring__layout_national', 'ks_vallelunga__club_circuit', 'magione'] (284 laps usable)
eval  tracks ['ks_black_cat_county__layout_short', 'ks_brands_hatch__indy', 'ks_highlands__layout_short', 'ks_laguna_seca', 'ks_monza66__junior', 'ks_nurburgring__layout_sprint_a', 'ks_red_bull_ring__layout_national', 'ks_vallelunga__club_circuit', 'magione'], split=train
held out as live-only: ['ks_black_cat_county__layout_short__20260923T183526Z__lap07', 'ks_brands_hatch__indy__20260921T221531Z__lap02', 'ks_highlands__layout_short__20260928T005654Z__lap54', 'ks_laguna_seca__default__20260928T123110Z__lap12', 'ks_monza66__junior__20260928T093530Z__lap14', 'ks_nurburgring__layout_sprint_a__20260928T103410Z__lap12', 'ks_red_bull_ring__layout_national__20260923T174436Z__lap11', 'ks_vallelunga__club_circuit__20260922T223945Z__lap07', 'magione__default__20260922T231051Z__lap06']
frame 148x80, reference bins 3227
model 0.67M params on mps

step     1/1500  loss  3.8981 (ce  2.461 aux  2.873 ref 0.0010)  train median    1.75 m   1.65 s/step
step    20/1500  loss  3.7359 (ce  2.331 aux  2.809 ref 0.0011)  train median    1.33 m   0.39 s/step
step    40/1500  loss  3.9139 (ce  2.494 aux  2.839 ref 0.0012)  train median    1.63 m   0.38 s/step
step    60/1500  loss  4.1464 (ce  2.554 aux  3.185 ref 0.0005)  train median    0.93 m   0.37 s/step
step    80/1500  loss  4.0223 (ce  2.495 aux  3.052 ref 0.0020)  train median    1.27 m   0.35 s/step
step   100/1500  loss  4.0104 (ce  2.559 aux  2.901 ref 0.0011)  train median    3.38 m   0.37 s/step
step   120/1500  loss  4.7031 (ce  3.207 aux  2.990 ref 0.0014)  train median    3.44 m   0.37 s/step
step   140/1500  loss  4.5799 (ce  2.847 aux  3.465 ref 0.0004)  train median    3.36 m   0.36 s/step
step   160/1500  loss  4.4973 (ce  2.837 aux  3.319 ref 0.0014)  train median    3.21 m   0.37 s/step
step   180/1500  loss  4.3442 (ce  2.611 aux  3.467 ref 0.0005)  train median    2.24 m   0.37 s/step
step   200/1500  loss  4.4369 (ce  2.822 aux  3.228 ref 0.0014)  train median    4.96 m   0.37 s/step
  eval  n=192  median   2.07 m /   66.3 ms  p90    6.75 m /   204.3 ms  worst  2804.87 m  within1  49.5%  within5  92.7%
        ks_black_cat_county__layout_short n=8  median   2.44 m /  103.6 ms  p90  912.01 m / 25652.7 ms  worst  2804.87 m  within1  50.0%  within5  75.0%
        ks_brands_hatch__indy    n=16  median   1.58 m /   46.8 ms  p90    5.03 m /   129.4 ms  worst    14.18 m  within1  56.2%  within5  93.8%
        ks_laguna_seca           n=24  median   2.43 m /   64.8 ms  p90   10.34 m /   270.3 ms  worst    17.01 m  within1  41.7%  within5  83.3%
        ks_monza66__junior       n=8  median   1.10 m /   41.4 ms  p90   10.17 m /   203.2 ms  worst    18.19 m  within1  62.5%  within5  87.5%
        ks_nurburgring__layout_sprint_a n=16  median   2.50 m /   94.7 ms  p90   10.68 m /   328.1 ms  worst    21.05 m  within1  37.5%  within5  87.5%
        ks_red_bull_ring__layout_national n=32  median   1.47 m /   41.9 ms  p90    6.52 m /   173.8 ms  worst    20.02 m  within1  53.1%  within5  96.9%
        ks_vallelunga__club_circuit n=64  median   2.38 m /   74.9 ms  p90    5.78 m /   176.4 ms  worst    14.47 m  within1  45.3%  within5  98.4%
        magione                  n=24  median   1.45 m /   70.9 ms  p90    8.34 m /   242.9 ms  worst    12.55 m  within1  62.5%  within5  91.7%
step   220/1500  loss  4.0701 (ce  2.632 aux  2.875 ref 0.0017)  train median    2.41 m   0.39 s/step
step   240/1500  loss  5.0156 (ce  3.350 aux  3.329 ref 0.0008)  train median    2.54 m   0.39 s/step
step   260/1500  loss  3.9513 (ce  2.513 aux  2.875 ref 0.0009)  train median    2.16 m   0.39 s/step
step   280/1500  loss  4.0268 (ce  2.517 aux  3.019 ref 0.0011)  train median    3.02 m   0.38 s/step
step   300/1500  loss  3.5882 (ce  2.350 aux  2.476 ref 0.0011)  train median    1.70 m   0.38 s/step
step   320/1500  loss  3.9988 (ce  2.531 aux  2.934 ref 0.0004)  train median    1.77 m   0.39 s/step
step   340/1500  loss  4.9352 (ce  3.056 aux  3.759 ref 0.0004)  train median    3.09 m   0.38 s/step
step   360/1500  loss  3.8064 (ce  2.484 aux  2.643 ref 0.0016)  train median    1.45 m   0.38 s/step
step   380/1500  loss  3.5732 (ce  2.210 aux  2.726 ref 0.0006)  train median    1.05 m   0.38 s/step
step   400/1500  loss  3.7700 (ce  2.447 aux  2.646 ref 0.0008)  train median    0.83 m   0.37 s/step
  eval  n=192  median   2.02 m /   66.2 ms  p90    6.81 m /   183.6 ms  worst  2806.20 m  within1  49.5%  within5  95.3%
        ks_black_cat_county__layout_short n=8  median   2.18 m /   91.7 ms  p90  915.79 m / 25735.9 ms  worst  2806.20 m  within1  50.0%  within5  75.0%
        ks_brands_hatch__indy    n=16  median   2.07 m /   83.5 ms  p90    6.59 m /   171.3 ms  worst     9.00 m  within1  50.0%  within5 100.0%
        ks_laguna_seca           n=24  median   3.08 m /   80.5 ms  p90    8.57 m /   228.9 ms  worst    16.41 m  within1  29.2%  within5  91.7%
        ks_monza66__junior       n=8  median   2.62 m /   73.5 ms  p90   10.28 m /   205.4 ms  worst    17.23 m  within1  50.0%  within5  87.5%
        ks_nurburgring__layout_sprint_a n=16  median   2.44 m /   74.1 ms  p90    8.58 m /   267.9 ms  worst    24.52 m  within1  37.5%  within5  87.5%
        ks_red_bull_ring__layout_national n=32  median   1.72 m /   47.8 ms  p90    5.67 m /   163.3 ms  worst    10.46 m  within1  56.2%  within5  96.9%
        ks_vallelunga__club_circuit n=64  median   2.01 m /   63.4 ms  p90    5.47 m /   168.1 ms  worst    14.53 m  within1  50.0%  within5  98.4%
        magione                  n=24  median   1.45 m /   60.8 ms  p90    6.48 m /   225.7 ms  worst     7.74 m  within1  66.7%  within5 100.0%
step   420/1500  loss  3.5056 (ce  2.235 aux  2.540 ref 0.0008)  train median    1.07 m   0.39 s/step
step   440/1500  loss  3.6689 (ce  2.323 aux  2.691 ref 0.0008)  train median    0.89 m   0.39 s/step
step   460/1500  loss  3.9510 (ce  2.555 aux  2.791 ref 0.0017)  train median    4.13 m   0.38 s/step
step   480/1500  loss  3.7170 (ce  2.307 aux  2.820 ref 0.0006)  train median    0.89 m   0.38 s/step
step   500/1500  loss  3.6966 (ce  2.324 aux  2.745 ref 0.0014)  train median    2.66 m   0.38 s/step
step   520/1500  loss  3.3980 (ce  2.214 aux  2.367 ref 0.0006)  train median    0.83 m   0.38 s/step
step   540/1500  loss  4.1016 (ce  2.502 aux  3.198 ref 0.0005)  train median    2.12 m   0.38 s/step
step   560/1500  loss  3.4505 (ce  2.233 aux  2.433 ref 0.0008)  train median    0.59 m   0.37 s/step
step   580/1500  loss  3.4350 (ce  2.194 aux  2.481 ref 0.0006)  train median    0.73 m   0.37 s/step
step   600/1500  loss  3.5339 (ce  2.276 aux  2.516 ref 0.0008)  train median    0.79 m   0.37 s/step
  eval  n=192  median   2.03 m /   62.8 ms  p90    6.00 m /   172.2 ms  worst   101.92 m  within1  49.0%  within5  96.4%
        ks_black_cat_county__layout_short n=8  median   1.20 m /   47.1 ms  p90   33.16 m /   793.9 ms  worst   101.92 m  within1  62.5%  within5  87.5%
        ks_brands_hatch__indy    n=16  median   2.20 m /   70.6 ms  p90    5.45 m /   152.9 ms  worst     9.16 m  within1  43.8%  within5 100.0%
        ks_laguna_seca           n=24  median   3.12 m /   77.1 ms  p90    7.50 m /   202.3 ms  worst    19.96 m  within1  25.0%  within5  95.8%
        ks_monza66__junior       n=8  median   2.12 m /   51.9 ms  p90    8.42 m /   168.2 ms  worst    13.55 m  within1  50.0%  within5  87.5%
        ks_nurburgring__layout_sprint_a n=16  median   2.87 m /   81.5 ms  p90    8.10 m /   265.7 ms  worst    25.36 m  within1  31.2%  within5  87.5%
        ks_red_bull_ring__layout_national n=32  median   1.48 m /   47.6 ms  p90    5.80 m /   167.1 ms  worst    12.71 m  within1  62.5%  within5  96.9%
        ks_vallelunga__club_circuit n=64  median   2.05 m /   64.2 ms  p90    5.05 m /   136.1 ms  worst    16.92 m  within1  48.4%  within5  98.4%
        magione                  n=24  median   1.52 m /   57.3 ms  p90    5.99 m /   176.4 ms  worst     7.97 m  within1  66.7%  within5 100.0%
step   620/1500  loss  3.5883 (ce  2.262 aux  2.651 ref 0.0009)  train median    1.40 m   0.38 s/step
step   640/1500  loss  3.7625 (ce  2.427 aux  2.671 ref 0.0008)  train median    2.12 m   0.38 s/step
step   660/1500  loss  3.5886 (ce  2.255 aux  2.667 ref 0.0006)  train median    1.03 m   0.38 s/step
step   680/1500  loss  3.7140 (ce  2.395 aux  2.635 ref 0.0016)  train median    2.46 m   0.38 s/step
step   700/1500  loss  4.0837 (ce  2.631 aux  2.904 ref 0.0008)  train median    2.02 m   0.38 s/step
step   720/1500  loss  4.2126 (ce  2.687 aux  3.051 ref 0.0004)  train median    2.24 m   0.38 s/step
step   740/1500  loss  4.5181 (ce  2.800 aux  3.436 ref 0.0007)  train median    4.82 m   0.38 s/step
step   760/1500  loss  3.7161 (ce  2.481 aux  2.470 ref 0.0014)  train median    3.11 m   0.38 s/step
step   780/1500  loss  3.5857 (ce  2.236 aux  2.700 ref 0.0008)  train median    0.90 m   0.38 s/step
step   800/1500  loss  4.3092 (ce  2.854 aux  2.909 ref 0.0010)  train median    4.47 m   0.38 s/step
  eval  n=192  median   1.81 m /   55.6 ms  p90    6.46 m /   172.2 ms  worst    93.72 m  within1  54.7%  within5  96.4%
        ks_black_cat_county__layout_short n=8  median   1.86 m /   78.0 ms  p90   30.75 m /   726.0 ms  worst    93.72 m  within1  62.5%  within5  87.5%
        ks_brands_hatch__indy    n=16  median   1.80 m /   63.8 ms  p90    5.70 m /   147.6 ms  worst     6.99 m  within1  56.2%  within5 100.0%
        ks_laguna_seca           n=24  median   2.89 m /   76.8 ms  p90    7.96 m /   206.1 ms  worst    13.82 m  within1  20.8%  within5  95.8%
        ks_monza66__junior       n=8  median   1.28 m /   39.1 ms  p90    7.57 m /   151.2 ms  worst    10.03 m  within1  62.5%  within5  87.5%
        ks_nurburgring__layout_sprint_a n=16  median   2.89 m /  103.7 ms  p90   11.73 m /   351.9 ms  worst    12.21 m  within1  31.2%  within5  81.2%
        ks_red_bull_ring__layout_national n=32  median   1.47 m /   40.2 ms  p90    6.59 m /   182.2 ms  worst     8.24 m  within1  59.4%  within5 100.0%
        ks_vallelunga__club_circuit n=64  median   1.73 m /   50.7 ms  p90    4.49 m /   125.5 ms  worst    10.62 m  within1  57.8%  within5  98.4%
        magione                  n=24  median   1.28 m /   40.7 ms  p90    6.43 m /   165.0 ms  worst     8.86 m  within1  83.3%  within5 100.0%
step   820/1500  loss  3.8462 (ce  2.478 aux  2.734 ref 0.0013)  train median    3.47 m   0.39 s/step
step   840/1500  loss  3.7010 (ce  2.410 aux  2.580 ref 0.0015)  train median    2.55 m   0.39 s/step
step   860/1500  loss  3.6368 (ce  2.305 aux  2.664 ref 0.0005)  train median    2.18 m   0.38 s/step
step   880/1500  loss  3.5502 (ce  2.206 aux  2.687 ref 0.0006)  train median    1.05 m   0.38 s/step
step   900/1500  loss  3.9118 (ce  2.553 aux  2.717 ref 0.0007)  train median    1.15 m   0.38 s/step
step   920/1500  loss  4.2956 (ce  2.792 aux  3.006 ref 0.0010)  train median    1.54 m   0.38 s/step
step   940/1500  loss  3.9711 (ce  2.437 aux  3.068 ref 0.0004)  train median    2.97 m   0.38 s/step
step   960/1500  loss  3.6662 (ce  2.404 aux  2.524 ref 0.0011)  train median    2.09 m   0.38 s/step
step   980/1500  loss  3.6378 (ce  2.347 aux  2.581 ref 0.0009)  train median    1.78 m   0.38 s/step
step  1000/1500  loss  3.3918 (ce  2.177 aux  2.428 ref 0.0004)  train median    0.70 m   0.38 s/step
  eval  n=192  median   1.71 m /   54.2 ms  p90    5.72 m /   157.0 ms  worst    79.47 m  within1  55.2%  within5  96.9%
        ks_black_cat_county__layout_short n=8  median   1.51 m /   65.8 ms  p90   26.21 m /   604.3 ms  worst    79.47 m  within1  62.5%  within5  87.5%
        ks_brands_hatch__indy    n=16  median   1.72 m /   56.5 ms  p90    4.38 m /   128.3 ms  worst     5.66 m  within1  50.0%  within5 100.0%
        ks_laguna_seca           n=24  median   2.87 m /   67.4 ms  p90    8.48 m /   223.8 ms  worst    14.78 m  within1  33.3%  within5  95.8%
        ks_monza66__junior       n=8  median   1.68 m /   51.5 ms  p90   10.71 m /   214.0 ms  worst    17.62 m  within1  50.0%  within5  87.5%
        ks_nurburgring__layout_sprint_a n=16  median   2.69 m /   88.8 ms  p90   12.00 m /   355.6 ms  worst    15.05 m  within1  37.5%  within5  81.2%
        ks_red_bull_ring__layout_national n=32  median   1.31 m /   40.7 ms  p90    5.84 m /   156.1 ms  worst     7.87 m  within1  59.4%  within5 100.0%
        ks_vallelunga__club_circuit n=64  median   1.68 m /   53.7 ms  p90    5.11 m /   133.8 ms  worst     9.34 m  within1  57.8%  within5 100.0%
        magione                  n=24  median   1.37 m /   45.1 ms  p90    5.55 m /   163.9 ms  worst     9.08 m  within1  79.2%  within5 100.0%
step  1020/1500  loss  3.6274 (ce  2.344 aux  2.566 ref 0.0007)  train median    2.99 m   0.39 s/step
step  1040/1500  loss  3.9804 (ce  2.393 aux  3.175 ref 0.0005)  train median    1.44 m   0.39 s/step
step  1060/1500  loss  4.6007 (ce  3.051 aux  3.099 ref 0.0006)  train median    3.17 m   0.39 s/step
step  1080/1500  loss  3.7441 (ce  2.384 aux  2.719 ref 0.0012)  train median    2.05 m   0.39 s/step
step  1100/1500  loss  3.6596 (ce  2.324 aux  2.671 ref 0.0014)  train median    2.38 m   0.39 s/step
step  1120/1500  loss  3.6399 (ce  2.301 aux  2.676 ref 0.0010)  train median    1.09 m   0.39 s/step
step  1140/1500  loss  3.8640 (ce  2.453 aux  2.820 ref 0.0010)  train median    2.36 m   0.39 s/step
step  1160/1500  loss  3.9506 (ce  2.540 aux  2.820 ref 0.0011)  train median    2.52 m   0.39 s/step
step  1180/1500  loss  3.4430 (ce  2.267 aux  2.350 ref 0.0011)  train median    1.23 m   0.39 s/step
step  1200/1500  loss  3.4881 (ce  2.232 aux  2.511 ref 0.0008)  train median    1.01 m   0.39 s/step
  eval  n=192  median   1.63 m /   55.7 ms  p90    6.06 m /   171.7 ms  worst  2805.29 m  within1  57.8%  within5  96.9%
        ks_black_cat_county__layout_short n=8  median   1.40 m /   69.4 ms  p90  915.39 m / 25723.3 ms  worst  2805.29 m  within1  62.5%  within5  75.0%
        ks_brands_hatch__indy    n=16  median   1.74 m /   59.2 ms  p90    5.31 m /   129.8 ms  worst     6.07 m  within1  62.5%  within5 100.0%
        ks_laguna_seca           n=24  median   2.53 m /   76.3 ms  p90    7.81 m /   209.7 ms  worst    14.30 m  within1  33.3%  within5  95.8%
        ks_monza66__junior       n=8  median   1.52 m /   44.8 ms  p90    8.93 m /   178.5 ms  worst    13.48 m  within1  50.0%  within5  87.5%
        ks_nurburgring__layout_sprint_a n=16  median   2.27 m /   73.1 ms  p90   10.28 m /   310.4 ms  worst    12.90 m  within1  43.8%  within5  87.5%
        ks_red_bull_ring__layout_national n=32  median   1.43 m /   38.9 ms  p90    5.63 m /   163.0 ms  worst     8.28 m  within1  65.6%  within5 100.0%
        ks_vallelunga__club_circuit n=64  median   1.63 m /   59.5 ms  p90    5.15 m /   137.5 ms  worst     8.86 m  within1  59.4%  within5 100.0%
        magione                  n=24  median   1.34 m /   47.4 ms  p90    6.05 m /   165.0 ms  worst     8.93 m  within1  75.0%  within5 100.0%
step  1220/1500  loss  3.7727 (ce  2.467 aux  2.609 ref 0.0018)  train median    2.12 m   0.39 s/step
step  1240/1500  loss  4.0827 (ce  2.589 aux  2.987 ref 0.0006)  train median    2.90 m   0.39 s/step
step  1260/1500  loss  3.7686 (ce  2.444 aux  2.647 ref 0.0017)  train median    2.57 m   0.39 s/step
step  1280/1500  loss  3.6601 (ce  2.395 aux  2.529 ref 0.0010)  train median    2.26 m   0.39 s/step
step  1300/1500  loss  3.6151 (ce  2.306 aux  2.616 ref 0.0010)  train median    2.13 m   0.39 s/step
step  1320/1500  loss  3.5324 (ce  2.246 aux  2.571 ref 0.0009)  train median    1.22 m   0.39 s/step
step  1340/1500  loss  3.5537 (ce  2.290 aux  2.527 ref 0.0008)  train median    0.78 m   0.39 s/step
step  1360/1500  loss  4.4058 (ce  2.936 aux  2.939 ref 0.0016)  train median    3.14 m   0.39 s/step
step  1380/1500  loss  4.0159 (ce  2.566 aux  2.898 ref 0.0011)  train median    2.63 m   0.39 s/step
step  1400/1500  loss  3.4158 (ce  2.216 aux  2.399 ref 0.0006)  train median    1.30 m   0.39 s/step
  eval  n=192  median   1.69 m /   54.5 ms  p90    5.92 m /   169.9 ms  worst  2804.93 m  within1  57.8%  within5  96.9%
        ks_black_cat_county__layout_short n=8  median   1.52 m /   76.0 ms  p90  914.66 m / 25705.9 ms  worst  2804.93 m  within1  62.5%  within5  75.0%
        ks_brands_hatch__indy    n=16  median   1.91 m /   57.8 ms  p90    5.08 m /   128.8 ms  worst     6.01 m  within1  56.2%  within5 100.0%
        ks_laguna_seca           n=24  median   2.31 m /   72.2 ms  p90    7.99 m /   211.1 ms  worst    14.94 m  within1  41.7%  within5  95.8%
        ks_monza66__junior       n=8  median   1.56 m /   46.7 ms  p90    8.46 m /   169.0 ms  worst    12.38 m  within1  62.5%  within5  87.5%
        ks_nurburgring__layout_sprint_a n=16  median   2.35 m /   75.7 ms  p90   10.08 m /   308.0 ms  worst    13.25 m  within1  43.8%  within5  87.5%
        ks_red_bull_ring__layout_national n=32  median   1.40 m /   38.3 ms  p90    5.70 m /   164.7 ms  worst     8.21 m  within1  65.6%  within5 100.0%
        ks_vallelunga__club_circuit n=64  median   1.66 m /   55.3 ms  p90    5.00 m /   130.1 ms  worst     8.86 m  within1  56.2%  within5 100.0%
        magione                  n=24  median   1.36 m /   54.1 ms  p90    6.21 m /   168.8 ms  worst     8.57 m  within1  75.0%  within5 100.0%
step  1420/1500  loss  3.9834 (ce  2.541 aux  2.884 ref 0.0006)  train median    1.53 m   0.39 s/step
step  1440/1500  loss  4.0547 (ce  2.567 aux  2.975 ref 0.0005)  train median    2.32 m   0.39 s/step
step  1460/1500  loss  3.7076 (ce  2.360 aux  2.693 ref 0.0015)  train median    1.92 m   0.39 s/step
step  1480/1500  loss  4.2564 (ce  2.736 aux  3.040 ref 0.0006)  train median    2.69 m   0.39 s/step
step  1500/1500  loss  3.4839 (ce  2.203 aux  2.562 ref 0.0002)  train median    1.48 m   0.39 s/step
  eval  n=192  median   1.69 m /   54.9 ms  p90    5.93 m /   170.2 ms  worst  2804.96 m  within1  57.3%  within5  96.9%
        ks_black_cat_county__layout_short n=8  median   1.53 m /   76.3 ms  p90  914.66 m / 25706.2 ms  worst  2804.96 m  within1  62.5%  within5  75.0%
        ks_brands_hatch__indy    n=16  median   1.92 m /   58.6 ms  p90    5.08 m /   129.1 ms  worst     6.02 m  within1  56.2%  within5 100.0%
        ks_laguna_seca           n=24  median   2.31 m /   72.1 ms  p90    7.98 m /   210.8 ms  worst    14.93 m  within1  41.7%  within5  95.8%
        ks_monza66__junior       n=8  median   1.59 m /   47.2 ms  p90    8.42 m /   168.2 ms  worst    12.31 m  within1  50.0%  within5  87.5%
        ks_nurburgring__layout_sprint_a n=16  median   2.35 m /   75.5 ms  p90   10.06 m /   307.4 ms  worst    13.20 m  within1  43.8%  within5  87.5%
        ks_red_bull_ring__layout_national n=32  median   1.40 m /   38.0 ms  p90    5.70 m /   164.7 ms  worst     8.22 m  within1  65.6%  within5 100.0%
        ks_vallelunga__club_circuit n=64  median   1.66 m /   55.1 ms  p90    5.02 m /   129.9 ms  worst     8.85 m  within1  56.2%  within5 100.0%
        magione                  n=24  median   1.36 m /   54.1 ms  p90    6.22 m /   169.0 ms  worst     8.55 m  within1  75.0%  within5 100.0%

best eval median 1.63 m; artifacts in /Users/pvodopija/code/primal/runs/v3_yaw10_s1
