====================================================================================================
GATES
====================================================================================================

seen laps, seen tracks
  n=320  median   1.79 m /   53.5 ms  p90    5.80 m /   171.1 ms  worst   794.87 m  within1  54.1%  within5  97.2%
  mean predictive entropy 2.483 nats
    ks_black_cat_county__layout_short n=32  median   2.26 m /   53.1 ms  p90    6.91 m /   157.3 ms  worst     8.72 m  within1  50.0%  within5 100.0%
    ks_brands_hatch__indy    n=40  median   1.09 m /   35.8 ms  p90    3.84 m /   114.3 ms  worst     7.12 m  within1  67.5%  within5 100.0%
    ks_highlands__layout_short n=40  median   0.91 m /   37.0 ms  p90    4.44 m /   123.4 ms  worst     5.73 m  within1  70.0%  within5 100.0%
    ks_laguna_seca           n=48  median   2.28 m /   74.7 ms  p90    6.38 m /   183.4 ms  worst   794.87 m  within1  43.8%  within5  95.8%
    ks_monza66__junior       n=16  median   2.13 m /   46.8 ms  p90    4.58 m /   146.3 ms  worst     8.14 m  within1  50.0%  within5 100.0%
    ks_nurburgring__layout_sprint_a n=32  median   2.15 m /   72.7 ms  p90   19.66 m /   406.2 ms  worst    52.21 m  within1  43.8%  within5  87.5%
    ks_red_bull_ring__layout_national n=40  median   2.70 m /   69.1 ms  p90    6.19 m /   146.3 ms  worst    11.08 m  within1  40.0%  within5  95.0%
    ks_vallelunga__club_circuit n=40  median   1.73 m /   57.0 ms  p90    6.53 m /   212.3 ms  worst    12.03 m  within1  60.0%  within5  97.5%
    magione                  n=32  median   1.77 m /   59.2 ms  p90    4.85 m /   154.1 ms  worst     8.70 m  within1  59.4%  within5 100.0%

G1  held-out laps, seen tracks
  n=320  median   1.77 m /   56.9 ms  p90    5.71 m /   159.0 ms  worst   286.90 m  within1  55.9%  within5  97.2%
  mean predictive entropy 2.475 nats
    ks_black_cat_county__layout_short n=32  median   1.62 m /   44.4 ms  p90    4.01 m /   123.5 ms  worst    11.35 m  within1  68.8%  within5  96.9%
    ks_brands_hatch__indy    n=32  median   1.68 m /   49.4 ms  p90    5.22 m /   126.2 ms  worst     9.39 m  within1  62.5%  within5 100.0%
    ks_highlands__layout_short n=32  median   1.20 m /   41.2 ms  p90    3.47 m /   117.7 ms  worst     4.83 m  within1  68.8%  within5 100.0%
    ks_laguna_seca           n=16  median   3.13 m /   77.0 ms  p90    7.55 m /   195.0 ms  worst    10.44 m  within1  25.0%  within5  93.8%
    ks_monza66__junior       n=32  median   0.91 m /   32.1 ms  p90    4.22 m /   142.0 ms  worst     8.61 m  within1  62.5%  within5 100.0%
    ks_nurburgring__layout_sprint_a n=48  median   2.97 m /   84.9 ms  p90    8.53 m /   289.0 ms  worst    57.04 m  within1  35.4%  within5  91.7%
    ks_red_bull_ring__layout_national n=72  median   1.88 m /   54.6 ms  p90    4.96 m /   143.9 ms  worst     6.86 m  within1  51.4%  within5 100.0%
    ks_vallelunga__club_circuit n=16  median   1.69 m /   68.7 ms  p90    3.53 m /   130.8 ms  worst     4.39 m  within1  68.8%  within5 100.0%
    magione                  n=40  median   1.65 m /   54.0 ms  p90    3.70 m /   149.2 ms  worst   286.90 m  within1  65.0%  within5  92.5%

G2  held-out tracks
  n=320  median   2.46 m /   63.6 ms  p90    8.34 m /   197.5 ms  worst   977.33 m  within1  43.4%  within5  92.5%
  mean predictive entropy 2.617 nats
    ks_silverstone__national n=152  median   2.94 m /   75.8 ms  p90    9.25 m /   215.5 ms  worst   977.33 m  within1  37.5%  within5  90.8%
    rt_lime_rock_park__no_chicane n=96  median   1.84 m /   49.5 ms  p90    5.42 m /   146.7 ms  worst    21.42 m  within1  54.2%  within5  95.8%
    rt_oulton_park__fosters  n=72  median   2.38 m /   68.3 ms  p90    6.30 m /   182.1 ms  worst    43.94 m  within1  41.7%  within5  91.7%

====================================================================================================
NEGATIVE CONTROLS
====================================================================================================

wrong-reference control: live clips paired with another track's reference
  matched reference   median    1.96 m   entropy 2.473 nats
  wrong reference     median  637.44 m   entropy 3.805 nats
  chance for 3227 bins at 2.00 m: 1613.3 m; uniform entropy 8.079 nats
  PASS: error must collapse to chance when the reference is wrong

wrote runs/v3_wide_s2/gates_v3.json
