  G1 ks_black_cat_county__layout_ ref 180056Z  live 183526Z
  G1 ks_black_cat_county__layout_ ref 183242Z  live 183526Z
  G1 ks_brands_hatch__indy        ref 171903Z  live 221531Z
  G1 ks_brands_hatch__indy        ref 181357Z  live 221531Z
  G1 ks_highlands__layout_short   ref 212549Z  live 005654Z
  G1 ks_laguna_seca               ref 110507Z  live 123110Z
  G1 ks_monza66__junior           ref 091133Z  live 093530Z
  G1 ks_nurburgring__layout_sprin ref 100528Z  live 103410Z
  G1 ks_red_bull_ring__layout_nat ref 232216Z  live 174436Z
  G1 ks_red_bull_ring__layout_nat ref 233620Z  live 174436Z
  G1 ks_vallelunga__club_circuit  ref 220345Z  live 223945Z
  G1 ks_vallelunga__club_circuit  ref 222513Z  live 223945Z
  G1 magione                      ref 225059Z  live 231051Z
  G1 magione                      ref 230023Z  live 231051Z
  G2 ks_silverstone__national     ref 105441Z  live 104658Z
  G2 ks_silverstone__national     ref 105442Z  live 104658Z
  G2 ks_silverstone__national     ref 105441Z  live 104658Z
  G2 ks_silverstone__national     ref 105442Z  live 104658Z
  G2 ks_silverstone__national     ref 105441Z  live 104658Z
  G2 ks_silverstone__national     ref 105442Z  live 104658Z
  G2 ks_silverstone__national     ref 105441Z  live 104658Z
  G2 ks_silverstone__national     ref 105442Z  live 104658Z
  G2 ks_silverstone__national     ref 105441Z  live 104658Z
  G2 ks_silverstone__national     ref 105442Z  live 104658Z
  G2 ks_silverstone__national     ref 105441Z  live 104658Z
  G2 ks_silverstone__national     ref 105442Z  live 104658Z
  G2 ks_silverstone__national     ref 105441Z  live 104658Z
  G2 ks_silverstone__national     ref 105442Z  live 104658Z
  G2 ks_silverstone__national     ref 104658Z  live 105441Z
  G2 ks_silverstone__national     ref 105442Z  live 105441Z
  G2 ks_silverstone__national     ref 104658Z  live 105441Z
  G2 ks_silverstone__national     ref 105442Z  live 105441Z
  G2 ks_silverstone__national     ref 104658Z  live 105441Z
  G2 ks_silverstone__national     ref 105442Z  live 105441Z
  G2 ks_silverstone__national     ref 104658Z  live 105441Z
  G2 ks_silverstone__national     ref 105442Z  live 105441Z
  G2 ks_silverstone__national     ref 104658Z  live 105441Z
  G2 ks_silverstone__national     ref 105442Z  live 105441Z
  G2 ks_silverstone__national     ref 104658Z  live 105441Z
  G2 ks_silverstone__national     ref 105442Z  live 105441Z
  G2 ks_silverstone__national     ref 104658Z  live 105441Z
  G2 ks_silverstone__national     ref 105442Z  live 105441Z
  G2 ks_silverstone__national     ref 104658Z  live 105441Z
  G2 ks_silverstone__national     ref 105442Z  live 105441Z
  G2 ks_silverstone__national     ref 104658Z  live 105442Z
  G2 ks_silverstone__national     ref 105441Z  live 105442Z
  G2 ks_silverstone__national     ref 104658Z  live 105442Z
  G2 ks_silverstone__national     ref 105441Z  live 105442Z
  G2 ks_silverstone__national     ref 104658Z  live 105442Z
  G2 ks_silverstone__national     ref 105441Z  live 105442Z
  G2 ks_silverstone__national     ref 104658Z  live 105442Z
  G2 ks_silverstone__national     ref 105441Z  live 105442Z
  G2 ks_silverstone__national     ref 104658Z  live 105442Z
  G2 ks_silverstone__national     ref 105441Z  live 105442Z
  G2 ks_silverstone__national     ref 104658Z  live 105442Z
  G2 ks_silverstone__national     ref 105441Z  live 105442Z
  G2 ks_silverstone__national     ref 104658Z  live 105442Z
  G2 ks_silverstone__national     ref 105441Z  live 105442Z
  G2 ks_silverstone__national     ref 104658Z  live 105442Z
  G2 ks_silverstone__national     ref 105441Z  live 105442Z
  G2 rt_lime_rock_park__no_chican ref 143440Z  live 141815Z
  G2 rt_lime_rock_park__no_chican ref 143440Z  live 141815Z
  G2 rt_lime_rock_park__no_chican ref 143440Z  live 141815Z
  G2 rt_lime_rock_park__no_chican ref 143440Z  live 141815Z
  G2 rt_lime_rock_park__no_chican ref 143440Z  live 141815Z
  G2 rt_lime_rock_park__no_chican ref 143440Z  live 141815Z
  G2 rt_lime_rock_park__no_chican ref 143440Z  live 141815Z
  G2 rt_lime_rock_park__no_chican ref 143440Z  live 141815Z
  G2 rt_lime_rock_park__no_chican ref 143440Z  live 141815Z
  G2 rt_lime_rock_park__no_chican ref 141815Z  live 143440Z
  G2 rt_lime_rock_park__no_chican ref 141815Z  live 143440Z
  G2 rt_lime_rock_park__no_chican ref 141815Z  live 143440Z
  G2 rt_lime_rock_park__no_chican ref 141815Z  live 143440Z
  G2 rt_lime_rock_park__no_chican ref 141815Z  live 143440Z
  G2 rt_lime_rock_park__no_chican ref 141815Z  live 143440Z
  G2 rt_lime_rock_park__no_chican ref 141815Z  live 143440Z
  G2 rt_lime_rock_park__no_chican ref 141815Z  live 143440Z
  G2 rt_oulton_park__fosters      ref 195157Z  live 193254Z
  G2 rt_oulton_park__fosters      ref 195157Z  live 193254Z
  G2 rt_oulton_park__fosters      ref 195157Z  live 193254Z
  G2 rt_oulton_park__fosters      ref 195157Z  live 193254Z
  G2 rt_oulton_park__fosters      ref 195157Z  live 193254Z
  G2 rt_oulton_park__fosters      ref 195157Z  live 193254Z
  G2 rt_oulton_park__fosters      ref 195157Z  live 193254Z
  G2 rt_oulton_park__fosters      ref 195157Z  live 193254Z
  G2 rt_oulton_park__fosters      ref 195157Z  live 193254Z
  G2 rt_oulton_park__fosters      ref 193254Z  live 195157Z
  G2 rt_oulton_park__fosters      ref 193254Z  live 195157Z
  G2 rt_oulton_park__fosters      ref 193254Z  live 195157Z
  G2 rt_oulton_park__fosters      ref 193254Z  live 195157Z
  G2 rt_oulton_park__fosters      ref 193254Z  live 195157Z
  G2 rt_oulton_park__fosters      ref 193254Z  live 195157Z
  G2 rt_oulton_park__fosters      ref 193254Z  live 195157Z
  G2 rt_oulton_park__fosters      ref 193254Z  live 195157Z
  G2 rt_oulton_park__fosters      ref 193254Z  live 195157Z

                                                                       median      p90  >100 ms   >10 m     worst
G1 single                                                       2.13 m   69 ms   220 ms    34.7%    6.0%   2994.8 m
G1 filter                                                       2.03 m   65 ms   202 ms    32.8%    4.1%   2851.0 m
G1 filter, reference time                                       1.34 m   44 ms   121 ms    15.3%    0.6%     37.2 m
G1 filter, reference time, two modes                            1.30 m   43 ms   119 ms    14.4%    0.7%     41.8 m
G1 filter + speed                                               1.04 m   33 ms    86 ms     6.2%    0.0%      7.5 m
G1 filter, lag-corrected                                        2.00 m   64 ms   203 ms    32.2%    4.1%   2851.7 m
G1 filter, reference time, lag-corrected                        1.33 m   42 ms   117 ms    14.3%    0.6%     37.0 m
G1 filter, reference time, two modes, lag-corrected             1.29 m   41 ms   116 ms    14.1%    0.8%     41.6 m
G1 filter + speed, lag-corrected                                0.90 m   29 ms    81 ms     5.6%    0.0%      8.2 m
G2 single                                                       2.32 m   64 ms   215 ms    31.8%    7.6%   1174.2 m
G2 filter                                                       2.24 m   61 ms   197 ms    30.2%    5.8%   1146.7 m
G2 filter, reference time                                       1.47 m   40 ms   113 ms    13.6%    0.1%     13.0 m
G2 filter, reference time, two modes                            1.42 m   39 ms   113 ms    13.3%    1.0%     87.2 m
G2 filter + speed                                               0.85 m   23 ms    59 ms     1.4%    0.2%     24.9 m
G2 filter, lag-corrected                                        2.22 m   61 ms   198 ms    30.6%    5.9%   1146.5 m
G2 filter, reference time, lag-corrected                        1.51 m   41 ms   114 ms    14.2%    0.1%     13.3 m
G2 filter, reference time, two modes, lag-corrected             1.47 m   40 ms   115 ms    13.7%    1.0%     87.1 m
G2 filter + speed, lag-corrected                                0.88 m   24 ms    61 ms     1.8%    0.2%     25.4 m
G2 ks_silverstone__national single                              2.65 m   72 ms   271 ms    37.1%   10.4%   1174.2 m
G2 ks_silverstone__national filter                              2.60 m   71 ms   242 ms    36.5%    8.6%   1146.7 m
G2 ks_silverstone__national filter, reference time              1.64 m   44 ms   123 ms    16.5%    0.1%     13.0 m
G2 ks_silverstone__national filter, reference time, two modes    1.58 m   43 ms   128 ms    16.8%    1.5%     87.2 m
G2 ks_silverstone__national filter + speed                      0.91 m   25 ms    64 ms     2.0%    0.4%     24.9 m
G2 ks_silverstone__national filter, lag-corrected               2.61 m   72 ms   245 ms    36.8%    8.8%   1146.5 m
G2 ks_silverstone__national filter, reference time, lag-corrected    1.67 m   46 ms   125 ms    17.4%    0.1%     13.3 m
G2 ks_silverstone__national filter, reference time, two modes, lag-corrected    1.63 m   44 ms   130 ms    17.5%    1.5%     87.1 m
G2 ks_silverstone__national filter + speed, lag-corrected       0.98 m   27 ms    68 ms     2.7%    0.4%     25.4 m
G2 same car single                                              2.84 m   78 ms   319 ms    40.4%   12.2%   1174.2 m
G2 same car filter                                              2.80 m   76 ms   265 ms    39.5%   10.1%   1146.7 m
G2 same car filter, reference time                              1.07 m   30 ms    83 ms     6.3%    0.1%     10.9 m
G2 same car filter, reference time, two modes                   1.18 m   33 ms   106 ms    11.2%    2.2%     87.2 m
G2 same car filter + speed                                      0.92 m   25 ms    66 ms     2.5%    0.6%     24.9 m
G2 same car filter, lag-corrected                               2.77 m   76 ms   267 ms    39.4%   10.2%   1146.5 m
G2 same car filter, reference time, lag-corrected               1.10 m   31 ms    84 ms     6.6%    0.2%     11.5 m
G2 same car filter, reference time, two modes, lag-corrected    1.20 m   33 ms   108 ms    11.8%    2.3%     87.1 m
G2 same car filter + speed, lag-corrected                       0.94 m   26 ms    69 ms     3.1%    0.6%     25.4 m
G2 rt_lime_rock_park__no_chicane single                         1.95 m   52 ms   148 ms    23.1%    1.9%    512.5 m
G2 rt_lime_rock_park__no_chicane filter                         1.95 m   52 ms   140 ms    21.0%    0.5%     16.6 m
G2 rt_lime_rock_park__no_chicane filter, reference time         1.34 m   36 ms    97 ms     9.3%    0.0%     10.3 m
G2 rt_lime_rock_park__no_chicane filter, reference time, two modes    1.35 m   36 ms    96 ms     9.1%    0.0%     10.1 m
G2 rt_lime_rock_park__no_chicane filter + speed                 0.69 m   18 ms    48 ms     0.3%    0.0%      4.2 m
G2 rt_lime_rock_park__no_chicane filter, lag-corrected          1.93 m   52 ms   141 ms    21.5%    0.6%     15.9 m
G2 rt_lime_rock_park__no_chicane filter, reference time, lag-corrected    1.36 m   37 ms    97 ms     9.0%    0.4%     11.8 m
G2 rt_lime_rock_park__no_chicane filter, reference time, two modes, lag-corrected    1.37 m   37 ms    96 ms     8.4%    0.3%     11.5 m
G2 rt_lime_rock_park__no_chicane filter + speed, lag-corrected    0.70 m   18 ms    48 ms     0.3%    0.0%      4.2 m
G2 rt_oulton_park__fosters single                               1.97 m   55 ms   175 ms    25.8%    5.2%    667.5 m
G2 rt_oulton_park__fosters filter                               1.77 m   49 ms   155 ms    22.2%    3.1%     73.8 m
G2 rt_oulton_park__fosters filter, reference time               1.29 m   35 ms    99 ms     9.8%    0.0%     10.1 m
G2 rt_oulton_park__fosters filter, reference time, two modes    1.18 m   32 ms    93 ms     8.3%    0.4%     34.7 m
G2 rt_oulton_park__fosters filter + speed                       0.86 m   23 ms    53 ms     0.9%    0.0%      4.4 m
G2 rt_oulton_park__fosters filter, lag-corrected                1.80 m   50 ms   157 ms    22.7%    3.2%     73.7 m
G2 rt_oulton_park__fosters filter, reference time, lag-corrected    1.35 m   37 ms   102 ms    10.6%    0.0%      9.9 m
G2 rt_oulton_park__fosters filter, reference time, two modes, lag-corrected    1.24 m   34 ms    95 ms     8.7%    0.4%     35.1 m
G2 rt_oulton_park__fosters filter + speed, lag-corrected        0.84 m   23 ms    55 ms     1.0%    0.0%      4.7 m
