====================================================================================================
GATES
====================================================================================================

seen laps, seen tracks
  n=320  median   1.21 m /   40.2 ms  p90    3.75 m /   137.1 ms  worst    14.15 m  within1  68.1%  within5  99.1%
  mean predictive entropy 2.248 nats
    ks_black_cat_county__layout_short n=72  median   1.85 m /   54.2 ms  p90    5.59 m /   141.2 ms  worst    14.15 m  within1  56.9%  within5  98.6%
    ks_brands_hatch__indy    n=72  median   0.53 m /   17.3 ms  p90    1.57 m /    46.4 ms  worst     3.20 m  within1  95.8%  within5 100.0%
    ks_red_bull_ring__layout_national n=48  median   1.23 m /   37.5 ms  p90    3.47 m /    95.3 ms  worst     6.42 m  within1  68.8%  within5 100.0%
    ks_vallelunga__club_circuit n=64  median   1.93 m /   64.6 ms  p90    4.68 m /   185.0 ms  worst     8.01 m  within1  51.6%  within5 100.0%
    magione                  n=64  median   1.46 m /   52.9 ms  p90    3.55 m /   151.9 ms  worst    13.29 m  within1  65.6%  within5  96.9%

G1  held-out laps, seen tracks
  n=320  median   1.43 m /   44.0 ms  p90    4.21 m /   137.5 ms  worst  1621.83 m  within1  66.2%  within5  99.1%
  mean predictive entropy 2.255 nats
    ks_black_cat_county__layout_short n=48  median   1.97 m /   53.8 ms  p90    5.97 m /   168.9 ms  worst  1621.83 m  within1  54.2%  within5  97.9%
    ks_brands_hatch__indy    n=64  median   0.93 m /   28.2 ms  p90    3.06 m /    86.5 ms  worst    11.96 m  within1  79.7%  within5  98.4%
    ks_red_bull_ring__layout_national n=64  median   1.60 m /   44.3 ms  p90    3.35 m /    84.7 ms  worst     6.69 m  within1  64.1%  within5 100.0%
    ks_vallelunga__club_circuit n=88  median   1.42 m /   58.3 ms  p90    4.94 m /   176.2 ms  worst     9.92 m  within1  59.1%  within5 100.0%
    magione                  n=56  median   1.42 m /   45.3 ms  p90    3.29 m /   114.3 ms  worst    70.66 m  within1  75.0%  within5  98.2%

G2  held-out tracks
  n=320  median   3.99 m /   99.6 ms  p90  131.80 m /  4482.5 ms  worst  1100.31 m  within1  33.1%  within5  74.4%
  mean predictive entropy 3.183 nats
    ks_silverstone__national n=320  median   3.99 m /   99.6 ms  p90  131.80 m /  4482.5 ms  worst  1100.31 m  within1  33.1%  within5  74.4%

====================================================================================================
NEGATIVE CONTROLS
====================================================================================================

wrong-reference control: live clips paired with another track's reference
  matched reference   median    1.30 m   entropy 2.253 nats
  wrong reference     median  539.02 m   entropy 3.383 nats
  chance for 3227 bins at 2.00 m: 1613.3 m; uniform entropy 8.079 nats
  PASS: error must collapse to chance when the reference is wrong

wrote runs/ab_wide/gates.json
