====================================================================================================
GATES
====================================================================================================

seen laps, seen tracks
  n=320  median   1.53 m /   49.5 ms  p90    5.69 m /   168.9 ms  worst   467.64 m  within1  58.4%  within5  96.6%
  mean predictive entropy 2.287 nats
    ks_black_cat_county__layout_short n=32  median   2.97 m /   82.4 ms  p90    8.89 m /   208.9 ms  worst   467.64 m  within1  34.4%  within5  90.6%
    ks_brands_hatch__indy    n=40  median   0.87 m /   29.0 ms  p90    2.66 m /    87.7 ms  worst    17.19 m  within1  80.0%  within5  97.5%
    ks_highlands__layout_short n=40  median   1.23 m /   41.9 ms  p90    2.78 m /    90.6 ms  worst     6.97 m  within1  80.0%  within5 100.0%
    ks_laguna_seca           n=48  median   2.40 m /   85.7 ms  p90    7.84 m /   252.3 ms  worst    12.73 m  within1  41.7%  within5  93.8%
    ks_monza66__junior       n=16  median   1.45 m /   34.3 ms  p90    4.94 m /   143.5 ms  worst     8.97 m  within1  56.2%  within5 100.0%
    ks_nurburgring__layout_sprint_a n=32  median   1.88 m /   50.9 ms  p90    6.63 m /   134.0 ms  worst    12.97 m  within1  53.1%  within5  96.9%
    ks_red_bull_ring__layout_national n=40  median   1.91 m /   50.1 ms  p90    6.09 m /   135.6 ms  worst    12.21 m  within1  55.0%  within5  95.0%
    ks_vallelunga__club_circuit n=40  median   1.44 m /   53.8 ms  p90    3.98 m /   134.2 ms  worst     6.98 m  within1  57.5%  within5 100.0%
    magione                  n=32  median   1.50 m /   52.1 ms  p90    5.42 m /   193.3 ms  worst    15.07 m  within1  65.6%  within5  96.9%

G1  held-out laps, seen tracks
  n=320  median   1.65 m /   52.6 ms  p90    4.81 m /   137.5 ms  worst    74.90 m  within1  57.8%  within5  98.4%
  mean predictive entropy 2.292 nats
    ks_black_cat_county__layout_short n=32  median   0.91 m /   27.0 ms  p90    4.97 m /   119.2 ms  worst     9.20 m  within1  59.4%  within5 100.0%
    ks_brands_hatch__indy    n=32  median   2.74 m /   70.0 ms  p90    5.89 m /   140.9 ms  worst    10.99 m  within1  46.9%  within5  93.8%
    ks_highlands__layout_short n=32  median   1.31 m /   46.6 ms  p90    2.39 m /    85.9 ms  worst     7.26 m  within1  78.1%  within5 100.0%
    ks_laguna_seca           n=16  median   2.95 m /   81.8 ms  p90    4.71 m /   120.5 ms  worst     6.85 m  within1  43.8%  within5 100.0%
    ks_monza66__junior       n=32  median   1.40 m /   39.2 ms  p90    3.87 m /   128.1 ms  worst     7.85 m  within1  56.2%  within5 100.0%
    ks_nurburgring__layout_sprint_a n=48  median   2.34 m /   71.5 ms  p90    5.87 m /   175.5 ms  worst    60.65 m  within1  39.6%  within5  95.8%
    ks_red_bull_ring__layout_national n=72  median   1.55 m /   41.9 ms  p90    5.00 m /   145.8 ms  worst     8.01 m  within1  58.3%  within5 100.0%
    ks_vallelunga__club_circuit n=16  median   0.83 m /   30.0 ms  p90    3.01 m /    82.2 ms  worst     4.35 m  within1  75.0%  within5 100.0%
    magione                  n=40  median   1.62 m /   58.9 ms  p90    3.59 m /   113.0 ms  worst    74.90 m  within1  70.0%  within5  97.5%

G2  held-out tracks
  n=320  median   1.89 m /   51.1 ms  p90    7.86 m /   195.8 ms  worst    93.55 m  within1  52.5%  within5  93.8%
  mean predictive entropy 2.408 nats
    ks_silverstone__national n=152  median   2.70 m /   76.7 ms  p90    8.98 m /   226.7 ms  worst    93.55 m  within1  40.8%  within5  91.4%
    rt_lime_rock_park__no_chicane n=96  median   1.64 m /   39.1 ms  p90    4.33 m /   114.6 ms  worst    14.72 m  within1  63.5%  within5  97.9%
    rt_oulton_park__fosters  n=72  median   1.62 m /   43.4 ms  p90    5.84 m /   170.3 ms  worst    36.15 m  within1  62.5%  within5  93.1%

====================================================================================================
NEGATIVE CONTROLS
====================================================================================================

wrong-reference control: live clips paired with another track's reference
  matched reference   median    1.69 m   entropy 2.288 nats
  wrong reference     median  643.36 m   entropy 3.468 nats
  chance for 3227 bins at 2.00 m: 1613.3 m; uniform entropy 8.079 nats
  PASS: error must collapse to chance when the reference is wrong

wrote runs/v3_distill_s0/gates_v3.json
