====================================================================================================
GATES
====================================================================================================

seen laps, seen tracks
  n=320  median   7.22 m /  222.7 ms  p90   13.96 m /   394.6 ms  worst    23.66 m  within1   8.4%  within5  70.0%
  mean predictive entropy 2.158 nats
    ks_black_cat_county__layout_short n=72  median   8.52 m /  226.7 ms  p90   14.65 m /   425.7 ms  worst    23.66 m  within1   6.9%  within5  59.7%
    ks_brands_hatch__indy    n=72  median   8.88 m /  282.9 ms  p90   14.45 m /   393.9 ms  worst    18.66 m  within1   2.8%  within5  59.7%
    ks_red_bull_ring__layout_national n=48  median   7.72 m /  202.2 ms  p90   15.59 m /   395.4 ms  worst    19.93 m  within1   8.3%  within5  75.0%
    ks_vallelunga__club_circuit n=64  median   5.45 m /  192.3 ms  p90   11.73 m /   384.5 ms  worst    17.12 m  within1  10.9%  within5  76.6%
    magione                  n=64  median   6.44 m /  221.6 ms  p90   12.67 m /   383.6 ms  worst    16.39 m  within1  14.1%  within5  82.8%

G1  held-out laps, seen tracks
  n=320  median   7.59 m /  242.5 ms  p90   14.53 m /   403.2 ms  worst    23.25 m  within1   8.1%  within5  65.3%
  mean predictive entropy 2.169 nats
    ks_black_cat_county__layout_short n=48  median   8.26 m /  281.3 ms  p90   14.98 m /   440.8 ms  worst    18.17 m  within1   2.1%  within5  64.6%
    ks_brands_hatch__indy    n=64  median   9.46 m /  277.1 ms  p90   15.61 m /   440.5 ms  worst    23.25 m  within1   1.6%  within5  51.6%
    ks_red_bull_ring__layout_national n=64  median  10.33 m /  282.2 ms  p90   16.44 m /   406.4 ms  worst    21.21 m  within1   6.2%  within5  46.9%
    ks_vallelunga__club_circuit n=88  median   5.31 m /  200.5 ms  p90   12.65 m /   367.3 ms  worst    17.56 m  within1  14.8%  within5  84.1%
    magione                  n=56  median   5.79 m /  222.9 ms  p90   11.64 m /   379.0 ms  worst    16.21 m  within1  12.5%  within5  73.2%

G2  held-out tracks
  n=320  median   9.60 m /  246.6 ms  p90   21.47 m /   490.8 ms  worst  1219.86 m  within1   6.6%  within5  52.5%
  mean predictive entropy 2.586 nats
    ks_silverstone__national n=320  median   9.60 m /  246.6 ms  p90   21.47 m /   490.8 ms  worst  1219.86 m  within1   6.6%  within5  52.5%

====================================================================================================
NEGATIVE CONTROLS
====================================================================================================

wrong-reference control: live clips paired with another track's reference
  matched reference   median    6.99 m   entropy 2.159 nats
  wrong reference     median  584.13 m   entropy 4.126 nats
  chance for 3227 bins at 2.00 m: 1613.3 m; uniform entropy 8.079 nats
  PASS: error must collapse to chance when the reference is wrong

wrote runs/aligner_mid_long/gates.json
