====================================================================================================
GATES
====================================================================================================

seen laps, seen tracks
  n=320  median   5.17 m /  162.6 ms  p90   45.01 m /  1433.7 ms  worst   969.24 m  within1  19.7%  within5  69.7%
  mean predictive entropy 4.708 nats
    ks_black_cat_county__layout_short n=72  median   8.10 m /  255.4 ms  p90   89.40 m /  2545.3 ms  worst   923.34 m  within1  13.9%  within5  54.2%
    ks_brands_hatch__indy    n=72  median   3.66 m /  111.2 ms  p90   13.83 m /   348.3 ms  worst   696.30 m  within1  26.4%  within5  84.7%
    ks_red_bull_ring__layout_national n=48  median   5.70 m /  156.8 ms  p90   29.17 m /   755.6 ms  worst   272.15 m  within1  14.6%  within5  68.8%
    ks_vallelunga__club_circuit n=64  median   4.77 m /  176.7 ms  p90  125.72 m /  3825.5 ms  worst   817.26 m  within1  25.0%  within5  75.0%
    magione                  n=64  median   5.16 m /  212.9 ms  p90   41.25 m /  1363.9 ms  worst   969.24 m  within1  17.2%  within5  65.6%

G1  held-out laps, seen tracks
  n=320  median   5.14 m /  176.0 ms  p90  162.27 m /  4080.9 ms  worst  2265.63 m  within1  21.6%  within5  68.4%
  mean predictive entropy 4.642 nats
    ks_black_cat_county__layout_short n=48  median   7.28 m /  228.5 ms  p90  326.54 m /  8983.1 ms  worst  2265.63 m  within1  27.1%  within5  60.4%
    ks_brands_hatch__indy    n=64  median   8.71 m /  253.7 ms  p90  509.76 m / 15873.5 ms  worst   788.53 m  within1  15.6%  within5  51.6%
    ks_red_bull_ring__layout_national n=64  median   5.50 m /  163.7 ms  p90   34.64 m /   787.2 ms  worst   264.21 m  within1  20.3%  within5  75.0%
    ks_vallelunga__club_circuit n=88  median   4.42 m /  167.8 ms  p90   23.79 m /   784.6 ms  worst   838.37 m  within1  23.9%  within5  75.0%
    magione                  n=56  median   4.45 m /  172.8 ms  p90  162.91 m /  4364.7 ms  worst   727.67 m  within1  21.4%  within5  76.8%

G2  held-out tracks
  n=320  median   8.67 m /  229.1 ms  p90  962.55 m / 25061.2 ms  worst  1297.54 m  within1  16.2%  within5  53.8%
  mean predictive entropy 5.851 nats
    ks_silverstone__national n=320  median   8.67 m /  229.1 ms  p90  962.55 m / 25061.2 ms  worst  1297.54 m  within1  16.2%  within5  53.8%

====================================================================================================
NEGATIVE CONTROLS
====================================================================================================

wrong-reference control: live clips paired with another track's reference
  matched reference   median    4.71 m   entropy 4.628 nats
  wrong reference     median  560.44 m   entropy 5.098 nats
  chance for 3227 bins at 2.00 m: 1613.3 m; uniform entropy 8.079 nats
  PASS: error must collapse to chance when the reference is wrong

wrote runs/ab_refgrad/gates.json
