gate g1: held-out laps of seen tracks; full augmentation
train tracks ['ks_black_cat_county__layout_short', 'ks_brands_hatch__indy', 'ks_highlands__layout_short', 'ks_laguna_seca', 'ks_monza66__junior', 'ks_nurburgring__layout_sprint_a', 'ks_red_bull_ring__layout_national', 'ks_vallelunga__club_circuit', 'magione'] (284 laps usable)
eval  tracks ['ks_black_cat_county__layout_short', 'ks_brands_hatch__indy', 'ks_highlands__layout_short', 'ks_laguna_seca', 'ks_monza66__junior', 'ks_nurburgring__layout_sprint_a', 'ks_red_bull_ring__layout_national', 'ks_vallelunga__club_circuit', 'magione'], split=train
held out as live-only: ['ks_black_cat_county__layout_short__20260923T183526Z__lap07', 'ks_brands_hatch__indy__20260921T221531Z__lap02', 'ks_highlands__layout_short__20260928T005654Z__lap54', 'ks_laguna_seca__default__20260928T123110Z__lap12', 'ks_monza66__junior__20260928T093530Z__lap14', 'ks_nurburgring__layout_sprint_a__20260928T103410Z__lap12', 'ks_red_bull_ring__layout_national__20260923T174436Z__lap11', 'ks_vallelunga__club_circuit__20260922T223945Z__lap07', 'magione__default__20260922T231051Z__lap06']
frame 148x80, reference bins 3227
model 0.67M params on mps

step     1/6000  loss 10.0510 (ce  6.782 aux  6.538 ref 0.0000)  train median  360.44 m   1.58 s/step
step    20/6000  loss 10.9275 (ce  7.577 aux  6.701 ref 0.0000)  train median  536.57 m   0.37 s/step
step    40/6000  loss 10.9199 (ce  7.546 aux  6.749 ref 0.0000)  train median 1210.74 m   0.34 s/step
step    60/6000  loss 10.6458 (ce  7.455 aux  6.381 ref 0.0000)  train median  344.95 m   0.34 s/step
step    80/6000  loss  9.6691 (ce  6.709 aux  5.920 ref 0.0000)  train median  943.23 m   0.35 s/step
step   100/6000  loss 10.2745 (ce  7.108 aux  6.334 ref 0.0003)  train median  274.05 m   0.37 s/step
step   120/6000  loss  8.1686 (ce  5.566 aux  5.200 ref 0.0057)  train median   52.47 m   0.37 s/step
step   140/6000  loss  8.3856 (ce  5.604 aux  5.556 ref 0.0059)  train median   44.10 m   0.37 s/step
step   160/6000  loss  9.8936 (ce  6.710 aux  6.365 ref 0.0020)  train median  272.48 m   0.38 s/step
step   180/6000  loss  7.3022 (ce  4.850 aux  4.904 ref 0.0012)  train median   67.96 m   0.38 s/step
step   200/6000  loss  7.9078 (ce  5.389 aux  5.034 ref 0.0045)  train median   46.58 m   0.38 s/step
  eval  n=192  median  18.24 m /  564.1 ms  p90  742.15 m / 22800.7 ms  worst  3109.96 m  within1   5.7%  within5  41.7%
        ks_black_cat_county__layout_short n=24  median  16.99 m /  423.1 ms  p90 1418.30 m / 46271.8 ms  worst  3109.96 m  within1  12.5%  within5  45.8%
        ks_brands_hatch__indy    n=16  median  38.46 m /  969.1 ms  p90  658.65 m / 20609.5 ms  worst   901.33 m  within1   0.0%  within5  37.5%
        ks_highlands__layout_short n=16  median 171.03 m / 5863.9 ms  p90  639.96 m / 21218.8 ms  worst   746.76 m  within1   0.0%  within5  12.5%
        ks_laguna_seca           n=16  median 124.90 m / 3583.5 ms  p90  987.40 m / 29773.1 ms  worst  1481.20 m  within1   6.2%  within5  18.8%
        ks_monza66__junior       n=8  median   8.15 m /  217.5 ms  p90   15.64 m /   386.6 ms  worst    31.37 m  within1   0.0%  within5  87.5%
        ks_nurburgring__layout_sprint_a n=24  median 104.66 m / 3009.8 ms  p90 1021.22 m / 32881.6 ms  worst  1646.02 m  within1   8.3%  within5  25.0%
        ks_red_bull_ring__layout_national n=16  median  20.17 m /  568.9 ms  p90   95.44 m /  2175.8 ms  worst   670.48 m  within1   6.2%  within5  37.5%
        ks_vallelunga__club_circuit n=32  median   9.12 m /  326.6 ms  p90  148.94 m /  8177.6 ms  worst   822.71 m  within1   6.2%  within5  53.1%
        magione                  n=40  median   8.59 m /  316.2 ms  p90  172.68 m /  5120.2 ms  worst  1036.77 m  within1   5.0%  within5  55.0%
step   220/6000  loss  8.2591 (ce  5.553 aux  5.409 ref 0.0024)  train median  426.49 m   0.41 s/step
step   240/6000  loss  7.0508 (ce  4.535 aux  5.028 ref 0.0035)  train median    7.81 m   0.41 s/step
step   260/6000  loss  8.3360 (ce  5.638 aux  5.396 ref 0.0005)  train median   95.10 m   0.41 s/step
step   280/6000  loss  7.1649 (ce  4.684 aux  4.958 ref 0.0040)  train median   19.70 m   0.41 s/step
step   300/6000  loss  6.4440 (ce  4.119 aux  4.647 ref 0.0033)  train median   17.23 m   0.41 s/step
step   320/6000  loss  6.3234 (ce  4.063 aux  4.518 ref 0.0031)  train median    9.87 m   0.41 s/step
step   340/6000  loss  7.1763 (ce  4.551 aux  5.247 ref 0.0032)  train median   95.40 m   0.41 s/step
step   360/6000  loss  7.5553 (ce  5.020 aux  5.069 ref 0.0010)  train median   20.27 m   0.40 s/step
step   380/6000  loss  6.2016 (ce  3.920 aux  4.560 ref 0.0027)  train median   10.18 m   0.41 s/step
step   400/6000  loss  6.1490 (ce  3.736 aux  4.824 ref 0.0019)  train median    5.72 m   0.40 s/step
  eval  n=192  median   5.19 m /  164.5 ms  p90  680.59 m / 20858.0 ms  worst  2799.26 m  within1  22.9%  within5  65.6%
        ks_black_cat_county__layout_short n=24  median   3.22 m /   83.1 ms  p90 1313.89 m / 34654.2 ms  worst  2799.26 m  within1  29.2%  within5  75.0%
        ks_brands_hatch__indy    n=16  median   3.35 m /  108.9 ms  p90   24.58 m /   887.4 ms  worst    60.61 m  within1  37.5%  within5  75.0%
        ks_highlands__layout_short n=16  median   6.22 m /  216.5 ms  p90  541.10 m / 17352.0 ms  worst   854.18 m  within1  12.5%  within5  62.5%
        ks_laguna_seca           n=16  median  22.05 m /  620.8 ms  p90 1449.95 m / 41964.4 ms  worst  1746.41 m  within1  18.8%  within5  43.8%
        ks_monza66__junior       n=8  median   1.92 m /   67.2 ms  p90   15.26 m /   345.3 ms  worst    33.29 m  within1  50.0%  within5  87.5%
        ks_nurburgring__layout_sprint_a n=24  median  29.75 m / 1168.9 ms  p90 1308.66 m / 38236.5 ms  worst  1765.76 m  within1  12.5%  within5  33.3%
        ks_red_bull_ring__layout_national n=16  median   6.43 m /  165.5 ms  p90  138.70 m /  3393.2 ms  worst   179.55 m  within1  31.2%  within5  62.5%
        ks_vallelunga__club_circuit n=32  median   4.19 m /  140.5 ms  p90   50.17 m /  1410.2 ms  worst   150.55 m  within1  21.9%  within5  75.0%
        magione                  n=40  median   4.90 m /  159.8 ms  p90   94.82 m /  2883.0 ms  worst  1038.31 m  within1  17.5%  within5  75.0%
step   420/6000  loss  7.8852 (ce  5.194 aux  5.381 ref 0.0013)  train median   13.47 m   0.42 s/step
step   440/6000  loss  7.4250 (ce  4.858 aux  5.131 ref 0.0025)  train median   33.14 m   0.42 s/step
step   460/6000  loss  7.6238 (ce  5.119 aux  5.007 ref 0.0030)  train median   18.58 m   0.42 s/step
step   480/6000  loss  6.5728 (ce  4.212 aux  4.720 ref 0.0014)  train median    4.19 m   0.42 s/step
step   500/6000  loss  6.9432 (ce  4.461 aux  4.962 ref 0.0028)  train median   21.41 m   0.42 s/step
step   520/6000  loss  8.0497 (ce  5.235 aux  5.626 ref 0.0035)  train median   29.68 m   0.42 s/step
step   540/6000  loss  6.0894 (ce  3.969 aux  4.237 ref 0.0041)  train median   11.68 m   0.41 s/step
step   560/6000  loss  8.1078 (ce  5.218 aux  5.779 ref 0.0016)  train median   52.44 m   0.41 s/step
step   580/6000  loss  5.2805 (ce  3.292 aux  3.975 ref 0.0027)  train median    6.43 m   0.41 s/step
step   600/6000  loss  8.5953 (ce  5.622 aux  5.943 ref 0.0023)  train median  148.41 m   0.41 s/step
  eval  n=192  median   4.64 m /  147.5 ms  p90  182.75 m /  5472.0 ms  worst  2797.29 m  within1  28.1%  within5  69.8%
        ks_black_cat_county__layout_short n=24  median   4.93 m /  132.7 ms  p90  955.16 m / 28380.1 ms  worst  2797.29 m  within1  33.3%  within5  70.8%
        ks_brands_hatch__indy    n=16  median   2.47 m /   93.4 ms  p90    6.29 m /   181.8 ms  worst    10.53 m  within1  37.5%  within5  93.8%
        ks_highlands__layout_short n=16  median   6.29 m /  248.4 ms  p90  395.46 m / 12205.1 ms  worst   626.09 m  within1  12.5%  within5  62.5%
        ks_laguna_seca           n=16  median  11.11 m /  291.6 ms  p90 1022.83 m / 31592.3 ms  worst  1389.72 m  within1  18.8%  within5  43.8%
        ks_monza66__junior       n=8  median   1.24 m /   44.3 ms  p90    7.54 m /   167.5 ms  worst    14.80 m  within1  62.5%  within5  87.5%
        ks_nurburgring__layout_sprint_a n=24  median   9.77 m /  313.7 ms  p90  153.61 m /  4329.7 ms  worst  1391.21 m  within1  16.7%  within5  50.0%
        ks_red_bull_ring__layout_national n=16  median   4.64 m /  134.6 ms  p90   38.52 m /  1014.2 ms  worst   122.84 m  within1  18.8%  within5  75.0%
        ks_vallelunga__club_circuit n=32  median   3.52 m /  122.0 ms  p90   23.83 m /   655.0 ms  worst   139.72 m  within1  37.5%  within5  78.1%
        magione                  n=40  median   3.91 m /  150.3 ms  p90   62.84 m /  2042.4 ms  worst   702.47 m  within1  27.5%  within5  72.5%
step   620/6000  loss  5.3858 (ce  3.116 aux  4.539 ref 0.0005)  train median    3.16 m   0.42 s/step
step   640/6000  loss  6.8780 (ce  4.345 aux  5.063 ref 0.0038)  train median   12.43 m   0.42 s/step
step   660/6000  loss  8.5249 (ce  5.616 aux  5.815 ref 0.0021)  train median   51.97 m   0.42 s/step
step   680/6000  loss  5.6111 (ce  3.366 aux  4.489 ref 0.0017)  train median    9.32 m   0.42 s/step
step   700/6000  loss  6.3263 (ce  3.914 aux  4.823 ref 0.0015)  train median    7.05 m   0.42 s/step
step   720/6000  loss  5.9987 (ce  3.738 aux  4.518 ref 0.0023)  train median    5.99 m   0.42 s/step
step   740/6000  loss  6.2277 (ce  3.926 aux  4.602 ref 0.0010)  train median    8.97 m   0.42 s/step
step   760/6000  loss  5.8836 (ce  3.744 aux  4.277 ref 0.0025)  train median    6.92 m   0.42 s/step
step   780/6000  loss  7.3140 (ce  4.756 aux  5.114 ref 0.0008)  train median   25.70 m   0.42 s/step
step   800/6000  loss  6.8792 (ce  4.491 aux  4.774 ref 0.0025)  train median   19.65 m   0.42 s/step
  eval  n=192  median   4.27 m /  143.0 ms  p90  119.02 m /  3451.8 ms  worst  2800.59 m  within1  24.0%  within5  75.0%
        ks_black_cat_county__layout_short n=24  median   3.69 m /  138.0 ms  p90 1639.70 m / 45631.1 ms  worst  2800.59 m  within1  37.5%  within5  66.7%
        ks_brands_hatch__indy    n=16  median   3.46 m /  130.0 ms  p90   39.79 m /  1279.5 ms  worst   888.92 m  within1  37.5%  within5  75.0%
        ks_highlands__layout_short n=16  median   5.73 m /  186.6 ms  p90  410.59 m / 13570.9 ms  worst   779.27 m  within1  18.8%  within5  62.5%
        ks_laguna_seca           n=16  median   6.48 m /  211.8 ms  p90  692.97 m / 20488.4 ms  worst  1341.88 m  within1  31.2%  within5  62.5%
        ks_monza66__junior       n=8  median   2.33 m /   60.2 ms  p90    3.45 m /    98.2 ms  worst     5.36 m  within1  37.5%  within5 100.0%
        ks_nurburgring__layout_sprint_a n=24  median   5.47 m /  224.5 ms  p90  362.93 m / 13193.8 ms  worst   948.69 m  within1  12.5%  within5  62.5%
        ks_red_bull_ring__layout_national n=16  median   4.36 m /  137.5 ms  p90   13.96 m /   326.5 ms  worst    20.63 m  within1   0.0%  within5  81.2%
        ks_vallelunga__club_circuit n=32  median   4.44 m /  138.7 ms  p90   15.76 m /   466.4 ms  worst   374.35 m  within1  21.9%  within5  78.1%
        magione                  n=40  median   3.23 m /  107.3 ms  p90   12.42 m /   526.2 ms  worst    87.38 m  within1  25.0%  within5  87.5%
step   820/6000  loss 10.0870 (ce  6.991 aux  6.190 ref 0.0021)  train median  568.53 m   0.43 s/step
step   840/6000  loss  4.9330 (ce  3.005 aux  3.855 ref 0.0016)  train median    4.29 m   0.43 s/step
step   860/6000  loss  5.9261 (ce  3.760 aux  4.330 ref 0.0031)  train median    6.10 m   0.43 s/step
step   880/6000  loss  6.4550 (ce  4.034 aux  4.841 ref 0.0011)  train median    5.01 m   0.43 s/step
step   900/6000  loss  6.8640 (ce  4.496 aux  4.734 ref 0.0024)  train median    7.81 m   0.42 s/step
step   920/6000  loss  5.9506 (ce  3.794 aux  4.312 ref 0.0012)  train median    3.98 m   0.42 s/step
step   940/6000  loss  5.1384 (ce  3.281 aux  3.712 ref 0.0030)  train median    5.49 m   0.42 s/step
step   960/6000  loss  7.3286 (ce  4.759 aux  5.136 ref 0.0023)  train median   61.22 m   0.42 s/step
step   980/6000  loss  7.4771 (ce  4.854 aux  5.245 ref 0.0006)  train median    5.55 m   0.42 s/step
step  1000/6000  loss  6.5924 (ce  4.165 aux  4.853 ref 0.0013)  train median   44.99 m   0.42 s/step
  eval  n=192  median   5.24 m /  165.6 ms  p90   86.59 m /  2320.5 ms  worst  1444.13 m  within1  27.1%  within5  70.8%
        ks_black_cat_county__layout_short n=24  median   2.95 m /   87.8 ms  p90   48.55 m /  1184.6 ms  worst  1444.13 m  within1  33.3%  within5  75.0%
        ks_brands_hatch__indy    n=16  median   4.06 m /  137.8 ms  p90   10.87 m /   294.4 ms  worst    33.00 m  within1  31.2%  within5  87.5%
        ks_highlands__layout_short n=16  median   8.76 m /  351.4 ms  p90  613.22 m / 20155.0 ms  worst   843.52 m  within1  18.8%  within5  56.2%
        ks_laguna_seca           n=16  median  17.87 m /  522.0 ms  p90 1064.02 m / 31753.4 ms  worst  1334.39 m  within1  18.8%  within5  43.8%
        ks_monza66__junior       n=8  median   4.42 m /  134.5 ms  p90    5.55 m /   177.4 ms  worst     5.85 m  within1  12.5%  within5 100.0%
        ks_nurburgring__layout_sprint_a n=24  median  10.47 m /  317.8 ms  p90  208.23 m /  5045.6 ms  worst   956.03 m  within1  20.8%  within5  45.8%
        ks_red_bull_ring__layout_national n=16  median   7.73 m /  214.3 ms  p90   14.71 m /   445.6 ms  worst    19.60 m  within1  12.5%  within5  68.8%
        ks_vallelunga__club_circuit n=32  median   4.35 m /  138.1 ms  p90   12.50 m /   461.4 ms  worst   654.46 m  within1  31.2%  within5  78.1%
        magione                  n=40  median   4.88 m /  116.8 ms  p90   13.15 m /   496.1 ms  worst    89.10 m  within1  37.5%  within5  82.5%
step  1020/6000  loss  5.5752 (ce  3.585 aux  3.977 ref 0.0033)  train median    7.08 m   0.42 s/step
step  1040/6000  loss  5.9853 (ce  3.826 aux  4.317 ref 0.0018)  train median    8.51 m   0.42 s/step
step  1060/6000  loss  4.9927 (ce  3.152 aux  3.678 ref 0.0031)  train median    3.82 m   0.42 s/step
step  1080/6000  loss  6.8448 (ce  4.391 aux  4.905 ref 0.0018)  train median  130.97 m   0.42 s/step
step  1100/6000  loss  7.4624 (ce  4.847 aux  5.230 ref 0.0008)  train median  255.22 m   0.42 s/step
step  1120/6000  loss  5.4676 (ce  3.391 aux  4.153 ref 0.0013)  train median    7.22 m   0.42 s/step
step  1140/6000  loss  5.8357 (ce  3.622 aux  4.426 ref 0.0009)  train median    2.99 m   0.41 s/step
step  1160/6000  loss  5.2238 (ce  3.164 aux  4.116 ref 0.0030)  train median    4.72 m   0.41 s/step
step  1180/6000  loss  5.5574 (ce  3.574 aux  3.965 ref 0.0021)  train median    5.99 m   0.41 s/step
step  1200/6000  loss  7.0258 (ce  4.571 aux  4.906 ref 0.0036)  train median    9.03 m   0.41 s/step
  eval  n=192  median   4.02 m /  122.9 ms  p90   36.52 m /   894.2 ms  worst  2522.37 m  within1  32.8%  within5  81.8%
        ks_black_cat_county__layout_short n=24  median   3.64 m /  109.3 ms  p90  213.47 m /  5031.0 ms  worst  2522.37 m  within1  37.5%  within5  75.0%
        ks_brands_hatch__indy    n=16  median   2.54 m /   86.7 ms  p90   11.91 m /   311.7 ms  worst    16.44 m  within1  43.8%  within5  81.2%
        ks_highlands__layout_short n=16  median   5.10 m /  190.4 ms  p90  588.08 m / 19922.8 ms  worst   717.35 m  within1  25.0%  within5  68.8%
        ks_laguna_seca           n=16  median   6.92 m /  179.5 ms  p90 1051.08 m / 31403.1 ms  worst  1741.87 m  within1  12.5%  within5  56.2%
        ks_monza66__junior       n=8  median   2.47 m /   83.4 ms  p90    7.70 m /   161.1 ms  worst    11.16 m  within1  37.5%  within5  87.5%
        ks_nurburgring__layout_sprint_a n=24  median   5.10 m /  153.2 ms  p90   19.63 m /   677.2 ms  worst  1211.62 m  within1  25.0%  within5  83.3%
        ks_red_bull_ring__layout_national n=16  median   6.18 m /  193.0 ms  p90   13.82 m /   397.8 ms  worst    36.77 m  within1  18.8%  within5  68.8%
        ks_vallelunga__club_circuit n=32  median   2.60 m /   87.2 ms  p90    6.54 m /   200.9 ms  worst    12.01 m  within1  40.6%  within5  96.9%
        magione                  n=40  median   2.77 m /  107.3 ms  p90    8.63 m /   368.8 ms  worst    97.77 m  within1  40.0%  within5  92.5%
step  1220/6000  loss  5.8597 (ce  3.705 aux  4.307 ref 0.0018)  train median   11.51 m   0.42 s/step
step  1240/6000  loss  6.5964 (ce  4.170 aux  4.853 ref 0.0007)  train median    7.82 m   0.42 s/step
step  1260/6000  loss  4.8471 (ce  3.036 aux  3.620 ref 0.0016)  train median    6.72 m   0.42 s/step
step  1280/6000  loss  7.7198 (ce  5.122 aux  5.192 ref 0.0030)  train median   14.52 m   0.42 s/step
step  1300/6000  loss  5.8626 (ce  3.597 aux  4.529 ref 0.0021)  train median    4.49 m   0.41 s/step
step  1320/6000  loss  7.0050 (ce  4.547 aux  4.914 ref 0.0014)  train median   15.27 m   0.41 s/step
step  1340/6000  loss  5.8976 (ce  3.770 aux  4.253 ref 0.0021)  train median    6.88 m   0.41 s/step
step  1360/6000  loss  5.5521 (ce  3.573 aux  3.958 ref 0.0009)  train median   16.46 m   0.41 s/step
step  1380/6000  loss  5.9695 (ce  3.821 aux  4.295 ref 0.0023)  train median   10.15 m   0.41 s/step
step  1400/6000  loss  5.3662 (ce  3.404 aux  3.922 ref 0.0032)  train median    6.48 m   0.41 s/step
  eval  n=192  median   3.15 m /  110.0 ms  p90   21.92 m /   687.9 ms  worst  2496.20 m  within1  37.5%  within5  82.8%
        ks_black_cat_county__layout_short n=24  median   3.33 m /  123.5 ms  p90  146.59 m /  2859.0 ms  worst  2496.20 m  within1  29.2%  within5  79.2%
        ks_brands_hatch__indy    n=16  median   1.65 m /   60.2 ms  p90    8.16 m /   195.7 ms  worst    14.22 m  within1  62.5%  within5  93.8%
        ks_highlands__layout_short n=16  median   3.60 m /  125.9 ms  p90  207.95 m /  7383.1 ms  worst   774.53 m  within1  31.2%  within5  81.2%
        ks_laguna_seca           n=16  median   4.32 m /  162.4 ms  p90  555.75 m / 16262.3 ms  worst  1341.18 m  within1  31.2%  within5  62.5%
        ks_monza66__junior       n=8  median   2.50 m /   85.3 ms  p90    8.32 m /   187.1 ms  worst     8.35 m  within1  37.5%  within5 100.0%
        ks_nurburgring__layout_sprint_a n=24  median   4.68 m /  170.4 ms  p90  109.73 m /  3484.6 ms  worst  1054.92 m  within1  33.3%  within5  83.3%
        ks_red_bull_ring__layout_national n=16  median   8.13 m /  247.2 ms  p90   16.74 m /   472.4 ms  worst    23.86 m  within1  12.5%  within5  62.5%
        ks_vallelunga__club_circuit n=32  median   2.43 m /   75.4 ms  p90    8.30 m /   204.1 ms  worst    23.77 m  within1  43.8%  within5  93.8%
        magione                  n=40  median   2.85 m /   84.6 ms  p90   11.03 m /   387.6 ms  worst   214.38 m  within1  45.0%  within5  85.0%
step  1420/6000  loss  5.2257 (ce  3.327 aux  3.795 ref 0.0020)  train median    4.94 m   0.42 s/step
step  1440/6000  loss  4.8007 (ce  2.990 aux  3.620 ref 0.0019)  train median    2.77 m   0.42 s/step
step  1460/6000  loss  5.8180 (ce  3.855 aux  3.924 ref 0.0019)  train median    7.33 m   0.42 s/step
step  1480/6000  loss  7.1312 (ce  4.808 aux  4.644 ref 0.0018)  train median    9.11 m   0.41 s/step
step  1500/6000  loss  4.5660 (ce  2.849 aux  3.432 ref 0.0017)  train median    4.41 m   0.41 s/step
step  1520/6000  loss  4.8698 (ce  3.044 aux  3.649 ref 0.0018)  train median    3.74 m   0.41 s/step
step  1540/6000  loss  6.3919 (ce  4.156 aux  4.470 ref 0.0021)  train median   46.72 m   0.41 s/step
step  1560/6000  loss  4.7929 (ce  3.013 aux  3.557 ref 0.0021)  train median    6.23 m   0.41 s/step
step  1580/6000  loss  5.0366 (ce  3.030 aux  4.012 ref 0.0024)  train median    4.84 m   0.41 s/step
step  1600/6000  loss  5.2510 (ce  3.177 aux  4.145 ref 0.0035)  train median    7.04 m   0.41 s/step
  eval  n=192  median   3.39 m /  106.9 ms  p90   22.35 m /   730.6 ms  worst  2794.00 m  within1  29.2%  within5  83.3%
        ks_black_cat_county__layout_short n=24  median   3.17 m /  119.8 ms  p90  381.36 m / 14893.1 ms  worst  2794.00 m  within1  37.5%  within5  70.8%
        ks_brands_hatch__indy    n=16  median   2.44 m /   82.5 ms  p90    9.92 m /   211.1 ms  worst    18.48 m  within1  37.5%  within5  87.5%
        ks_highlands__layout_short n=16  median   4.67 m /  177.3 ms  p90   60.26 m /  2326.7 ms  worst   378.71 m  within1  25.0%  within5  81.2%
        ks_laguna_seca           n=16  median   5.71 m /  158.7 ms  p90  371.45 m / 11479.7 ms  worst  1339.95 m  within1  18.8%  within5  68.8%
        ks_monza66__junior       n=8  median   3.24 m /   98.3 ms  p90    4.59 m /   131.7 ms  worst     4.92 m  within1  25.0%  within5 100.0%
        ks_nurburgring__layout_sprint_a n=24  median   4.08 m /  125.6 ms  p90   41.07 m /  1062.5 ms  worst  1061.34 m  within1  33.3%  within5  79.2%
        ks_red_bull_ring__layout_national n=16  median   5.88 m /  153.3 ms  p90   16.78 m /   527.4 ms  worst    29.85 m  within1   6.2%  within5  75.0%
        ks_vallelunga__club_circuit n=32  median   2.60 m /   95.5 ms  p90    7.85 m /   269.9 ms  worst    28.63 m  within1  25.0%  within5  93.8%
        magione                  n=40  median   2.72 m /   88.5 ms  p90    9.46 m /   318.1 ms  worst   101.72 m  within1  37.5%  within5  90.0%
step  1620/6000  loss  5.0761 (ce  3.280 aux  3.590 ref 0.0029)  train median    5.05 m   0.41 s/step
step  1640/6000  loss  4.4762 (ce  2.879 aux  3.193 ref 0.0011)  train median    3.87 m   0.41 s/step
step  1660/6000  loss  6.1503 (ce  3.928 aux  4.442 ref 0.0028)  train median    9.41 m   0.41 s/step
step  1680/6000  loss  6.5033 (ce  4.218 aux  4.568 ref 0.0015)  train median    4.59 m   0.41 s/step
step  1700/6000  loss  4.4790 (ce  2.827 aux  3.302 ref 0.0022)  train median    5.52 m   0.41 s/step
step  1720/6000  loss  5.3138 (ce  3.403 aux  3.818 ref 0.0028)  train median    9.48 m   0.41 s/step
step  1740/6000  loss  4.2276 (ce  2.637 aux  3.181 ref 0.0011)  train median    2.75 m   0.41 s/step
step  1760/6000  loss  5.0383 (ce  3.144 aux  3.786 ref 0.0023)  train median    4.28 m   0.41 s/step
step  1780/6000  loss  6.6268 (ce  4.323 aux  4.605 ref 0.0014)  train median   10.35 m   0.41 s/step
step  1800/6000  loss  4.9902 (ce  3.133 aux  3.714 ref 0.0009)  train median    1.53 m   0.41 s/step
  eval  n=192  median   3.19 m /  101.2 ms  p90   10.95 m /   348.3 ms  worst  2491.89 m  within1  37.0%  within5  86.5%
        ks_black_cat_county__layout_short n=24  median   2.83 m /   85.4 ms  p90  143.84 m /  2807.4 ms  worst  2491.89 m  within1  41.7%  within5  79.2%
        ks_brands_hatch__indy    n=16  median   2.80 m /   92.7 ms  p90   10.90 m /   309.1 ms  worst    16.58 m  within1  43.8%  within5  75.0%
        ks_highlands__layout_short n=16  median   3.33 m /  112.3 ms  p90    7.25 m /   242.5 ms  worst   499.71 m  within1  43.8%  within5  93.8%
        ks_laguna_seca           n=16  median   3.69 m /  107.8 ms  p90   18.30 m /   565.9 ms  worst   716.15 m  within1  18.8%  within5  75.0%
        ks_monza66__junior       n=8  median   2.31 m /   61.7 ms  p90    3.09 m /    85.5 ms  worst     3.26 m  within1  50.0%  within5 100.0%
        ks_nurburgring__layout_sprint_a n=24  median   6.46 m /  188.9 ms  p90   35.47 m /   840.0 ms  worst  1053.98 m  within1  25.0%  within5  83.3%
        ks_red_bull_ring__layout_national n=16  median   5.03 m /  146.3 ms  p90   14.31 m /   357.9 ms  worst    18.95 m  within1  18.8%  within5  75.0%
        ks_vallelunga__club_circuit n=32  median   2.44 m /   84.7 ms  p90    8.33 m /   238.4 ms  worst    11.17 m  within1  43.8%  within5  93.8%
        magione                  n=40  median   2.82 m /  107.4 ms  p90    7.35 m /   294.6 ms  worst    94.70 m  within1  42.5%  within5  95.0%
step  1820/6000  loss  4.9417 (ce  3.226 aux  3.430 ref 0.0018)  train median    4.33 m   0.41 s/step
step  1840/6000  loss  5.0152 (ce  2.987 aux  4.055 ref 0.0017)  train median    3.47 m   0.41 s/step
step  1860/6000  loss  4.3901 (ce  2.749 aux  3.281 ref 0.0013)  train median    1.45 m   0.41 s/step
step  1880/6000  loss  4.6477 (ce  2.938 aux  3.418 ref 0.0010)  train median    2.67 m   0.41 s/step
step  1900/6000  loss  4.7551 (ce  2.740 aux  4.030 ref 0.0011)  train median    2.29 m   0.41 s/step
step  1920/6000  loss  5.2587 (ce  3.392 aux  3.730 ref 0.0032)  train median    7.25 m   0.41 s/step
step  1940/6000  loss  5.2702 (ce  3.374 aux  3.788 ref 0.0043)  train median    8.67 m   0.41 s/step
step  1960/6000  loss  5.2843 (ce  3.340 aux  3.888 ref 0.0013)  train median    6.76 m   0.41 s/step
step  1980/6000  loss  4.3876 (ce  2.766 aux  3.242 ref 0.0019)  train median    4.17 m   0.41 s/step
step  2000/6000  loss  4.6428 (ce  2.863 aux  3.559 ref 0.0019)  train median    4.60 m   0.41 s/step
  eval  n=192  median   2.64 m /   90.4 ms  p90   16.99 m /   509.2 ms  worst  2531.11 m  within1  41.1%  within5  84.9%
        ks_black_cat_county__layout_short n=24  median   2.37 m /   78.7 ms  p90 1271.52 m / 33346.9 ms  worst  2531.11 m  within1  37.5%  within5  70.8%
        ks_brands_hatch__indy    n=16  median   1.97 m /   71.1 ms  p90    8.60 m /   221.4 ms  worst    14.74 m  within1  50.0%  within5  87.5%
        ks_highlands__layout_short n=16  median   4.84 m /  164.4 ms  p90  595.21 m / 20140.5 ms  worst   776.07 m  within1  12.5%  within5  81.2%
        ks_laguna_seca           n=16  median   3.61 m /  121.7 ms  p90  372.87 m / 11527.7 ms  worst  1342.24 m  within1  43.8%  within5  75.0%
        ks_monza66__junior       n=8  median   2.12 m /   50.3 ms  p90    2.81 m /    86.4 ms  worst     3.23 m  within1  37.5%  within5 100.0%
        ks_nurburgring__layout_sprint_a n=24  median   6.44 m /  178.8 ms  p90   54.78 m /  1471.2 ms  worst  1052.92 m  within1  25.0%  within5  75.0%
        ks_red_bull_ring__layout_national n=16  median   4.66 m /  126.2 ms  p90   13.73 m /   343.0 ms  worst    19.76 m  within1  25.0%  within5  81.2%
        ks_vallelunga__club_circuit n=32  median   1.97 m /   72.0 ms  p90    7.28 m /   216.9 ms  worst    11.15 m  within1  53.1%  within5  96.9%
        magione                  n=40  median   1.42 m /   49.7 ms  p90    9.55 m /   361.4 ms  worst    98.78 m  within1  57.5%  within5  92.5%
step  2020/6000  loss  4.8146 (ce  3.020 aux  3.588 ref 0.0006)  train median    2.16 m   0.41 s/step
step  2040/6000  loss  5.1882 (ce  3.405 aux  3.561 ref 0.0045)  train median    6.47 m   0.41 s/step
step  2060/6000  loss  6.1887 (ce  4.121 aux  4.132 ref 0.0031)  train median    8.75 m   0.41 s/step
step  2080/6000  loss  4.8247 (ce  3.035 aux  3.577 ref 0.0021)  train median    5.69 m   0.41 s/step
step  2100/6000  loss  7.1908 (ce  4.566 aux  5.246 ref 0.0025)  train median   15.88 m   0.41 s/step
step  2120/6000  loss  5.6415 (ce  3.724 aux  3.834 ref 0.0010)  train median    3.88 m   0.41 s/step
step  2140/6000  loss  5.4298 (ce  3.599 aux  3.658 ref 0.0024)  train median   12.68 m   0.41 s/step
step  2160/6000  loss  4.5104 (ce  2.782 aux  3.455 ref 0.0018)  train median    4.61 m   0.41 s/step
step  2180/6000  loss  5.9987 (ce  3.772 aux  4.451 ref 0.0017)  train median    5.92 m   0.41 s/step
step  2200/6000  loss  7.9149 (ce  5.353 aux  5.122 ref 0.0013)  train median   14.23 m   0.41 s/step
  eval  n=192  median   2.74 m /   89.6 ms  p90   10.57 m /   326.9 ms  worst  2525.72 m  within1  39.1%  within5  88.0%
        ks_black_cat_county__layout_short n=24  median   2.88 m /   76.0 ms  p90  187.77 m /  4619.8 ms  worst  2525.72 m  within1  37.5%  within5  75.0%
        ks_brands_hatch__indy    n=16  median   2.58 m /   88.5 ms  p90    8.36 m /   239.5 ms  worst    14.61 m  within1  25.0%  within5  87.5%
        ks_highlands__layout_short n=16  median   3.72 m /  142.2 ms  p90    6.15 m /   216.5 ms  worst   522.40 m  within1  18.8%  within5  93.8%
        ks_laguna_seca           n=16  median   3.67 m /   91.4 ms  p90   20.67 m /   631.3 ms  worst    32.42 m  within1  31.2%  within5  75.0%
        ks_monza66__junior       n=8  median   2.24 m /   63.0 ms  p90    3.56 m /   100.8 ms  worst     3.90 m  within1  37.5%  within5 100.0%
        ks_nurburgring__layout_sprint_a n=24  median   2.99 m /   96.4 ms  p90   14.53 m /   474.9 ms  worst  1055.72 m  within1  33.3%  within5  83.3%
        ks_red_bull_ring__layout_national n=16  median   3.39 m /   94.0 ms  p90   10.77 m /   278.7 ms  worst    17.85 m  within1  25.0%  within5  87.5%
        ks_vallelunga__club_circuit n=32  median   1.96 m /   69.9 ms  p90    6.11 m /   191.5 ms  worst    31.11 m  within1  50.0%  within5  96.9%
        magione                  n=40  median   1.84 m /   82.7 ms  p90    7.85 m /   306.6 ms  worst  1012.54 m  within1  57.5%  within5  92.5%
step  2220/6000  loss  7.0090 (ce  4.694 aux  4.628 ref 0.0007)  train median   19.55 m   0.41 s/step
step  2240/6000  loss  4.2047 (ce  2.642 aux  3.122 ref 0.0027)  train median    3.56 m   0.41 s/step
step  2260/6000  loss  4.3098 (ce  2.698 aux  3.221 ref 0.0020)  train median    1.85 m   0.41 s/step
step  2280/6000  loss  5.0611 (ce  3.154 aux  3.812 ref 0.0015)  train median    5.24 m   0.41 s/step
step  2300/6000  loss  4.2444 (ce  2.700 aux  3.088 ref 0.0009)  train median    2.17 m   0.41 s/step
step  2320/6000  loss  4.8694 (ce  3.171 aux  3.395 ref 0.0023)  train median    4.64 m   0.41 s/step
step  2340/6000  loss  6.1212 (ce  3.908 aux  4.423 ref 0.0037)  train median   13.54 m   0.40 s/step
step  2360/6000  loss  4.7270 (ce  2.861 aux  3.732 ref 0.0008)  train median    4.25 m   0.40 s/step
step  2380/6000  loss  4.8111 (ce  3.021 aux  3.578 ref 0.0017)  train median    4.70 m   0.40 s/step
step  2400/6000  loss  5.9943 (ce  4.056 aux  3.874 ref 0.0019)  train median    6.75 m   0.40 s/step
  eval  n=192  median   2.74 m /   85.5 ms  p90   14.80 m /   384.2 ms  worst  1529.41 m  within1  42.7%  within5  88.0%
        ks_black_cat_county__layout_short n=24  median   2.54 m /   77.9 ms  p90   75.99 m /  1861.1 ms  worst   233.34 m  within1  45.8%  within5  79.2%
        ks_brands_hatch__indy    n=16  median   1.85 m /   52.6 ms  p90    7.15 m /   205.6 ms  worst    18.42 m  within1  62.5%  within5  93.8%
        ks_highlands__layout_short n=16  median   2.79 m /  105.4 ms  p90   10.12 m /   252.1 ms  worst   102.46 m  within1  37.5%  within5  87.5%
        ks_laguna_seca           n=16  median   2.55 m /   81.2 ms  p90  551.28 m / 16532.0 ms  worst  1333.58 m  within1  43.8%  within5  87.5%
        ks_monza66__junior       n=8  median   1.91 m /   55.4 ms  p90    4.47 m /   118.3 ms  worst     5.24 m  within1  50.0%  within5 100.0%
        ks_nurburgring__layout_sprint_a n=24  median   4.65 m /  175.0 ms  p90   24.63 m /   728.5 ms  worst  1529.41 m  within1  16.7%  within5  79.2%
        ks_red_bull_ring__layout_national n=16  median   5.57 m /  165.3 ms  p90   13.29 m /   326.9 ms  worst    19.25 m  within1  18.8%  within5  81.2%
        ks_vallelunga__club_circuit n=32  median   1.90 m /   59.8 ms  p90    8.46 m /   226.3 ms  worst    43.74 m  within1  53.1%  within5  96.9%
        magione                  n=40  median   2.19 m /   85.0 ms  p90    9.19 m /   339.8 ms  worst  1011.03 m  within1  50.0%  within5  90.0%
step  2420/6000  loss  4.3358 (ce  2.676 aux  3.318 ref 0.0022)  train median    5.69 m   0.41 s/step
step  2440/6000  loss  5.4039 (ce  3.332 aux  4.141 ref 0.0028)  train median    8.12 m   0.41 s/step
step  2460/6000  loss  4.9629 (ce  3.347 aux  3.231 ref 0.0012)  train median    3.59 m   0.41 s/step
step  2480/6000  loss  4.7689 (ce  2.981 aux  3.575 ref 0.0009)  train median    2.71 m   0.41 s/step
step  2500/6000  loss  4.2192 (ce  2.690 aux  3.058 ref 0.0011)  train median    3.12 m   0.41 s/step
step  2520/6000  loss  4.4644 (ce  2.871 aux  3.186 ref 0.0013)  train median    5.21 m   0.41 s/step
step  2540/6000  loss  4.1852 (ce  2.623 aux  3.122 ref 0.0011)  train median    4.26 m   0.41 s/step
step  2560/6000  loss  5.1629 (ce  3.371 aux  3.581 ref 0.0021)  train median    4.69 m   0.40 s/step
step  2580/6000  loss  4.4717 (ce  2.685 aux  3.572 ref 0.0005)  train median    4.02 m   0.40 s/step
step  2600/6000  loss  4.7799 (ce  3.146 aux  3.266 ref 0.0016)  train median    3.62 m   0.40 s/step
  eval  n=192  median   2.97 m /   99.7 ms  p90   11.25 m /   337.8 ms  worst  1332.93 m  within1  37.0%  within5  87.5%
        ks_black_cat_county__layout_short n=24  median   2.31 m /   66.4 ms  p90   21.62 m /   700.0 ms  worst   235.55 m  within1  45.8%  within5  83.3%
        ks_brands_hatch__indy    n=16  median   2.71 m /   88.4 ms  p90    8.61 m /   216.8 ms  worst    15.60 m  within1  43.8%  within5  93.8%
        ks_highlands__layout_short n=16  median   2.97 m /  105.4 ms  p90  261.66 m /  8408.1 ms  worst   522.58 m  within1  25.0%  within5  81.2%
        ks_laguna_seca           n=16  median   4.79 m /  117.4 ms  p90  554.17 m / 16688.0 ms  worst  1332.93 m  within1  25.0%  within5  81.2%
        ks_monza66__junior       n=8  median   2.43 m /   84.4 ms  p90    5.09 m /   126.0 ms  worst     5.46 m  within1  25.0%  within5 100.0%
        ks_nurburgring__layout_sprint_a n=24  median   3.03 m /  113.1 ms  p90    7.90 m /   269.9 ms  worst    11.34 m  within1  33.3%  within5  95.8%
        ks_red_bull_ring__layout_national n=16  median   6.09 m /  169.1 ms  p90   15.10 m /   409.0 ms  worst    20.97 m  within1  18.8%  within5  75.0%
        ks_vallelunga__club_circuit n=32  median   1.98 m /   69.4 ms  p90   10.46 m /   312.7 ms  worst    32.05 m  within1  50.0%  within5  84.4%
        magione                  n=40  median   2.93 m /  101.0 ms  p90    8.76 m /   333.4 ms  worst  1011.52 m  within1  40.0%  within5  92.5%
step  2620/6000  loss  5.7250 (ce  3.654 aux  4.140 ref 0.0024)  train median    5.96 m   0.41 s/step
step  2640/6000  loss  4.3379 (ce  2.870 aux  2.935 ref 0.0019)  train median    2.71 m   0.41 s/step
step  2660/6000  loss  4.3820 (ce  2.557 aux  3.648 ref 0.0021)  train median    2.47 m   0.41 s/step
step  2680/6000  loss  5.2038 (ce  3.201 aux  4.004 ref 0.0015)  train median    7.02 m   0.41 s/step
step  2700/6000  loss  5.1234 (ce  3.183 aux  3.880 ref 0.0010)  train median    2.26 m   0.41 s/step
step  2720/6000  loss  5.3555 (ce  3.364 aux  3.980 ref 0.0029)  train median    6.10 m   0.41 s/step
step  2740/6000  loss  4.1893 (ce  2.540 aux  3.298 ref 0.0017)  train median    1.98 m   0.40 s/step
step  2760/6000  loss  4.0091 (ce  2.565 aux  2.887 ref 0.0010)  train median    2.22 m   0.40 s/step
step  2780/6000  loss  4.5879 (ce  2.931 aux  3.314 ref 0.0010)  train median    2.18 m   0.40 s/step
step  2800/6000  loss  5.1144 (ce  3.264 aux  3.698 ref 0.0015)  train median    3.77 m   0.40 s/step
  eval  n=192  median   2.48 m /   84.4 ms  p90    9.53 m /   316.8 ms  worst  1096.44 m  within1  41.7%  within5  90.6%
        ks_black_cat_county__layout_short n=24  median   2.89 m /   86.0 ms  p90   39.27 m /  1295.1 ms  worst   231.97 m  within1  45.8%  within5  83.3%
        ks_brands_hatch__indy    n=16  median   2.48 m /   89.6 ms  p90    8.18 m /   199.4 ms  worst    14.59 m  within1  31.2%  within5  93.8%
        ks_highlands__layout_short n=16  median   2.68 m /   84.3 ms  p90   11.65 m /   307.2 ms  worst   691.15 m  within1  25.0%  within5  87.5%
        ks_laguna_seca           n=16  median   2.02 m /   54.6 ms  p90   23.54 m /   650.6 ms  worst  1096.44 m  within1  50.0%  within5  75.0%
        ks_monza66__junior       n=8  median   1.58 m /   53.1 ms  p90    3.05 m /    84.1 ms  worst     3.97 m  within1  62.5%  within5 100.0%
        ks_nurburgring__layout_sprint_a n=24  median   3.18 m /  108.1 ms  p90   10.78 m /   361.0 ms  worst    45.42 m  within1  41.7%  within5  87.5%
        ks_red_bull_ring__layout_national n=16  median   3.48 m /  105.3 ms  p90    8.75 m /   236.4 ms  worst    15.79 m  within1  31.2%  within5  93.8%
        ks_vallelunga__club_circuit n=32  median   2.09 m /   71.7 ms  p90    5.82 m /   202.3 ms  worst    10.84 m  within1  50.0%  within5  96.9%
        magione                  n=40  median   2.56 m /  102.0 ms  p90    7.47 m /   274.9 ms  worst  1012.20 m  within1  40.0%  within5  95.0%
step  2820/6000  loss  5.2721 (ce  3.494 aux  3.553 ref 0.0024)  train median    5.27 m   0.41 s/step
step  2840/6000  loss  5.4746 (ce  3.285 aux  4.377 ref 0.0013)  train median    7.60 m   0.41 s/step
step  2860/6000  loss  3.9331 (ce  2.401 aux  3.064 ref 0.0007)  train median    0.93 m   0.41 s/step
step  2880/6000  loss  5.2462 (ce  3.407 aux  3.676 ref 0.0032)  train median    5.35 m   0.41 s/step
step  2900/6000  loss  4.5633 (ce  2.967 aux  3.189 ref 0.0030)  train median    3.45 m   0.41 s/step
step  2920/6000  loss  3.8909 (ce  2.454 aux  2.873 ref 0.0012)  train median    1.36 m   0.41 s/step
step  2940/6000  loss  4.7034 (ce  2.931 aux  3.542 ref 0.0020)  train median    4.71 m   0.41 s/step
step  2960/6000  loss  5.6893 (ce  3.660 aux  4.056 ref 0.0024)  train median   11.07 m   0.41 s/step
step  2980/6000  loss  4.3414 (ce  2.745 aux  3.190 ref 0.0020)  train median    3.76 m   0.41 s/step
step  3000/6000  loss  4.4140 (ce  2.649 aux  3.528 ref 0.0012)  train median    3.52 m   0.41 s/step
  eval  n=192  median   2.24 m /   78.7 ms  p90    9.25 m /   271.4 ms  worst  2497.90 m  within1  46.4%  within5  91.1%
        ks_black_cat_county__layout_short n=24  median   1.74 m /   59.5 ms  p90  139.74 m /  2732.8 ms  worst  2497.90 m  within1  54.2%  within5  79.2%
        ks_brands_hatch__indy    n=16  median   2.09 m /   73.6 ms  p90    7.69 m /   237.1 ms  worst    10.66 m  within1  50.0%  within5  93.8%
        ks_highlands__layout_short n=16  median   4.14 m /  137.8 ms  p90   13.27 m /   379.0 ms  worst   522.17 m  within1  12.5%  within5  87.5%
        ks_laguna_seca           n=16  median   2.14 m /   68.5 ms  p90    8.24 m /   213.1 ms  worst    12.26 m  within1  50.0%  within5  87.5%
        ks_monza66__junior       n=8  median   1.88 m /   52.0 ms  p90    3.19 m /    87.8 ms  worst     3.29 m  within1  50.0%  within5 100.0%
        ks_nurburgring__layout_sprint_a n=24  median   3.05 m /  105.1 ms  p90   12.31 m /   312.8 ms  worst    16.73 m  within1  33.3%  within5  83.3%
        ks_red_bull_ring__layout_national n=16  median   3.76 m /   96.6 ms  p90   13.96 m /   352.3 ms  worst    22.95 m  within1  37.5%  within5  87.5%
        ks_vallelunga__club_circuit n=32  median   1.83 m /   68.7 ms  p90    5.73 m /   184.6 ms  worst     8.39 m  within1  53.1%  within5 100.0%
        magione                  n=40  median   1.65 m /   62.6 ms  p90    5.57 m /   248.8 ms  worst   100.50 m  within1  57.5%  within5  97.5%
step  3020/6000  loss  4.4552 (ce  2.826 aux  3.256 ref 0.0026)  train median    2.90 m   0.41 s/step
step  3040/6000  loss  4.4116 (ce  2.728 aux  3.366 ref 0.0015)  train median    3.65 m   0.41 s/step
step  3060/6000  loss  4.5893 (ce  2.815 aux  3.548 ref 0.0008)  train median    3.41 m   0.41 s/step
step  3080/6000  loss  4.7209 (ce  2.905 aux  3.630 ref 0.0018)  train median    5.31 m   0.41 s/step
step  3100/6000  loss  5.4171 (ce  3.399 aux  4.036 ref 0.0007)  train median    4.49 m   0.41 s/step
step  3120/6000  loss  3.9566 (ce  2.542 aux  2.828 ref 0.0010)  train median    0.57 m   0.41 s/step
step  3140/6000  loss  4.7149 (ce  3.029 aux  3.369 ref 0.0023)  train median    4.11 m   0.41 s/step
step  3160/6000  loss  4.1550 (ce  2.631 aux  3.047 ref 0.0007)  train median    0.75 m   0.41 s/step
step  3180/6000  loss  4.5428 (ce  2.778 aux  3.529 ref 0.0007)  train median    1.03 m   0.41 s/step
step  3200/6000  loss  5.1810 (ce  3.243 aux  3.875 ref 0.0014)  train median    6.31 m   0.41 s/step
  eval  n=192  median   2.40 m /   80.1 ms  p90    7.53 m /   222.2 ms  worst  1053.78 m  within1  44.8%  within5  93.2%
        ks_black_cat_county__layout_short n=24  median   2.63 m /   85.6 ms  p90   74.11 m /  1800.6 ms  worst   451.58 m  within1  37.5%  within5  83.3%
        ks_brands_hatch__indy    n=16  median   2.10 m /   69.8 ms  p90    8.26 m /   267.7 ms  worst    11.12 m  within1  50.0%  within5  93.8%
        ks_highlands__layout_short n=16  median   3.07 m /  102.1 ms  p90    5.02 m /   177.5 ms  worst   498.00 m  within1  31.2%  within5  93.8%
        ks_laguna_seca           n=16  median   2.63 m /   76.9 ms  p90    7.19 m /   213.9 ms  worst     7.57 m  within1  50.0%  within5 100.0%
        ks_monza66__junior       n=8  median   1.73 m /   60.2 ms  p90    4.09 m /   104.3 ms  worst     5.30 m  within1  75.0%  within5 100.0%
        ks_nurburgring__layout_sprint_a n=24  median   2.45 m /   94.6 ms  p90   12.40 m /   448.7 ms  worst  1053.78 m  within1  45.8%  within5  83.3%
        ks_red_bull_ring__layout_national n=16  median   4.27 m /  130.6 ms  p90    7.58 m /   223.0 ms  worst    14.47 m  within1  18.8%  within5  93.8%
        ks_vallelunga__club_circuit n=32  median   1.53 m /   52.5 ms  p90    6.81 m /   202.8 ms  worst     8.57 m  within1  56.2%  within5 100.0%
        magione                  n=40  median   2.21 m /   89.5 ms  p90    6.29 m /   204.9 ms  worst    96.83 m  within1  45.0%  within5  95.0%
step  3220/6000  loss  8.2949 (ce  5.538 aux  5.510 ref 0.0032)  train median   11.49 m   0.41 s/step
step  3240/6000  loss  4.5690 (ce  2.743 aux  3.651 ref 0.0016)  train median    2.61 m   0.41 s/step
step  3260/6000  loss  4.2366 (ce  2.670 aux  3.131 ref 0.0021)  train median    3.06 m   0.41 s/step
step  3280/6000  loss  4.5546 (ce  2.794 aux  3.521 ref 0.0013)  train median    4.38 m   0.41 s/step
step  3300/6000  loss  4.1669 (ce  2.622 aux  3.088 ref 0.0007)  train median    3.07 m   0.41 s/step
step  3320/6000  loss  4.9901 (ce  3.175 aux  3.628 ref 0.0016)  train median    6.99 m   0.41 s/step
step  3340/6000  loss  4.2035 (ce  2.640 aux  3.125 ref 0.0022)  train median    2.58 m   0.41 s/step
step  3360/6000  loss  4.9266 (ce  3.097 aux  3.658 ref 0.0015)  train median    4.15 m   0.41 s/step
step  3380/6000  loss  5.7582 (ce  3.902 aux  3.710 ref 0.0014)  train median    7.74 m   0.41 s/step
step  3400/6000  loss  4.8076 (ce  2.960 aux  3.694 ref 0.0017)  train median    5.39 m   0.41 s/step
  eval  n=192  median   2.47 m /   83.6 ms  p90    7.99 m /   260.1 ms  worst  1097.70 m  within1  39.6%  within5  92.7%
        ks_black_cat_county__layout_short n=24  median   2.35 m /   74.2 ms  p90   28.49 m /   708.3 ms  worst   233.85 m  within1  37.5%  within5  87.5%
        ks_brands_hatch__indy    n=16  median   2.16 m /   74.4 ms  p90    7.87 m /   189.2 ms  worst     9.08 m  within1  43.8%  within5 100.0%
        ks_highlands__layout_short n=16  median   3.49 m /  122.9 ms  p90    8.38 m /   212.7 ms  worst   689.27 m  within1  18.8%  within5  93.8%
        ks_laguna_seca           n=16  median   1.82 m /   54.5 ms  p90   13.50 m /   545.2 ms  worst  1097.70 m  within1  50.0%  within5  75.0%
        ks_monza66__junior       n=8  median   1.65 m /   48.5 ms  p90    2.58 m /    71.3 ms  worst     3.35 m  within1  75.0%  within5 100.0%
        ks_nurburgring__layout_sprint_a n=24  median   3.14 m /   95.3 ms  p90    8.33 m /   250.2 ms  worst    19.25 m  within1  41.7%  within5  91.7%
        ks_red_bull_ring__layout_national n=16  median   3.85 m /  115.6 ms  p90   10.74 m /   298.8 ms  worst    24.47 m  within1  12.5%  within5  81.2%
        ks_vallelunga__club_circuit n=32  median   2.29 m /   72.1 ms  p90    6.19 m /   226.9 ms  worst     8.62 m  within1  46.9%  within5 100.0%
        magione                  n=40  median   2.39 m /   84.1 ms  p90    5.94 m /   261.8 ms  worst   101.81 m  within1  40.0%  within5  97.5%
step  3420/6000  loss  4.0299 (ce  2.405 aux  3.248 ref 0.0010)  train median    1.20 m   0.41 s/step
step  3440/6000  loss  4.3825 (ce  2.769 aux  3.226 ref 0.0010)  train median    2.56 m   0.41 s/step
step  3460/6000  loss  4.1762 (ce  2.590 aux  3.171 ref 0.0015)  train median    3.71 m   0.41 s/step
step  3480/6000  loss  4.8083 (ce  3.015 aux  3.587 ref 0.0006)  train median    3.49 m   0.41 s/step
step  3500/6000  loss  4.9060 (ce  3.029 aux  3.753 ref 0.0018)  train median    5.65 m   0.41 s/step
step  3520/6000  loss  4.1974 (ce  2.604 aux  3.185 ref 0.0006)  train median    2.07 m   0.41 s/step
step  3540/6000  loss  5.4693 (ce  3.557 aux  3.822 ref 0.0029)  train median    8.72 m   0.41 s/step
step  3560/6000  loss  4.5607 (ce  2.952 aux  3.214 ref 0.0029)  train median    5.95 m   0.41 s/step
step  3580/6000  loss  4.1197 (ce  2.513 aux  3.212 ref 0.0018)  train median    1.76 m   0.41 s/step
step  3600/6000  loss  4.3853 (ce  2.767 aux  3.236 ref 0.0016)  train median    4.76 m   0.41 s/step
  eval  n=192  median   2.32 m /   75.8 ms  p90    9.54 m /   274.1 ms  worst  1096.37 m  within1  44.8%  within5  92.2%
        ks_black_cat_county__layout_short n=24  median   2.04 m /   73.0 ms  p90   60.11 m /  1214.0 ms  worst    91.39 m  within1  50.0%  within5  79.2%
        ks_brands_hatch__indy    n=16  median   1.68 m /   72.3 ms  p90    5.83 m /   169.9 ms  worst     9.87 m  within1  56.2%  within5 100.0%
        ks_highlands__layout_short n=16  median   3.37 m /  112.9 ms  p90    5.97 m /   189.3 ms  worst    11.36 m  within1  31.2%  within5  93.8%
        ks_laguna_seca           n=16  median   3.63 m /   90.2 ms  p90   35.01 m /  1020.5 ms  worst  1096.37 m  within1  31.2%  within5  81.2%
        ks_monza66__junior       n=8  median   2.17 m /   55.7 ms  p90    2.93 m /    85.3 ms  worst     3.44 m  within1  37.5%  within5 100.0%
        ks_nurburgring__layout_sprint_a n=24  median   4.16 m /  124.4 ms  p90    9.77 m /   348.5 ms  worst    20.04 m  within1  29.2%  within5  91.7%
        ks_red_bull_ring__layout_national n=16  median   3.17 m /   83.0 ms  p90    7.49 m /   198.0 ms  worst    16.68 m  within1  31.2%  within5  93.8%
        ks_vallelunga__club_circuit n=32  median   1.60 m /   47.0 ms  p90    6.31 m /   236.2 ms  worst     9.55 m  within1  59.4%  within5 100.0%
        magione                  n=40  median   1.85 m /   71.8 ms  p90    6.27 m /   274.0 ms  worst  1011.72 m  within1  52.5%  within5  92.5%
step  3620/6000  loss  4.2048 (ce  2.687 aux  3.034 ref 0.0013)  train median    2.79 m   0.41 s/step
step  3640/6000  loss  5.1909 (ce  3.354 aux  3.672 ref 0.0019)  train median    3.90 m   0.41 s/step
step  3660/6000  loss  4.7092 (ce  3.083 aux  3.249 ref 0.0035)  train median    5.33 m   0.41 s/step
step  3680/6000  loss  4.7932 (ce  3.164 aux  3.256 ref 0.0024)  train median    6.44 m   0.41 s/step
step  3700/6000  loss  4.8167 (ce  3.080 aux  3.471 ref 0.0017)  train median    3.35 m   0.41 s/step
step  3720/6000  loss  4.3566 (ce  2.762 aux  3.186 ref 0.0030)  train median    3.85 m   0.41 s/step
step  3740/6000  loss  7.2127 (ce  4.899 aux  4.626 ref 0.0013)  train median    5.98 m   0.41 s/step
step  3760/6000  loss  3.8641 (ce  2.448 aux  2.831 ref 0.0016)  train median    2.36 m   0.41 s/step
step  3780/6000  loss  4.8308 (ce  3.211 aux  3.238 ref 0.0012)  train median    1.26 m   0.41 s/step
step  3800/6000  loss  5.0270 (ce  3.178 aux  3.697 ref 0.0022)  train median    4.13 m   0.41 s/step
  eval  n=192  median   2.06 m /   73.0 ms  p90    7.54 m /   245.4 ms  worst  1009.78 m  within1  49.0%  within5  92.7%
        ks_black_cat_county__layout_short n=24  median   2.21 m /   79.1 ms  p90   28.70 m /   849.9 ms  worst   160.67 m  within1  41.7%  within5  83.3%
        ks_brands_hatch__indy    n=16  median   1.95 m /   65.3 ms  p90    7.40 m /   204.7 ms  worst     9.49 m  within1  50.0%  within5 100.0%
        ks_highlands__layout_short n=16  median   2.95 m /  115.6 ms  p90    5.97 m /   174.9 ms  worst     8.72 m  within1  37.5%  within5 100.0%
        ks_laguna_seca           n=16  median   0.90 m /   22.1 ms  p90    7.69 m /   239.5 ms  worst    16.33 m  within1  56.2%  within5  93.8%
        ks_monza66__junior       n=8  median   1.07 m /   40.0 ms  p90    3.14 m /    79.5 ms  worst     3.79 m  within1  75.0%  within5 100.0%
        ks_nurburgring__layout_sprint_a n=24  median   2.82 m /  106.9 ms  p90    7.45 m /   217.4 ms  worst    19.38 m  within1  37.5%  within5  91.7%
        ks_red_bull_ring__layout_national n=16  median   3.52 m /   91.5 ms  p90   11.35 m /   308.6 ms  worst    11.92 m  within1  25.0%  within5  81.2%
        ks_vallelunga__club_circuit n=32  median   1.24 m /   38.5 ms  p90    6.50 m /   207.1 ms  worst    10.51 m  within1  59.4%  within5  96.9%
        magione                  n=40  median   1.79 m /   73.5 ms  p90    6.07 m /   245.5 ms  worst  1009.78 m  within1  57.5%  within5  92.5%
step  3820/6000  loss  4.8688 (ce  3.183 aux  3.368 ref 0.0031)  train median    6.51 m   0.41 s/step
step  3840/6000  loss  4.3798 (ce  2.774 aux  3.210 ref 0.0018)  train median    4.15 m   0.41 s/step
step  3860/6000  loss  4.9008 (ce  3.023 aux  3.754 ref 0.0006)  train median    3.44 m   0.41 s/step
step  3880/6000  loss  4.4476 (ce  2.735 aux  3.424 ref 0.0018)  train median    3.25 m   0.41 s/step
step  3900/6000  loss  4.4310 (ce  2.622 aux  3.617 ref 0.0016)  train median    2.07 m   0.41 s/step
step  3920/6000  loss  5.6288 (ce  3.632 aux  3.994 ref 0.0003)  train median    5.05 m   0.41 s/step
step  3940/6000  loss  4.0167 (ce  2.488 aux  3.056 ref 0.0013)  train median    2.02 m   0.41 s/step
step  3960/6000  loss  4.8568 (ce  3.035 aux  3.643 ref 0.0015)  train median    3.90 m   0.41 s/step
step  3980/6000  loss  3.9795 (ce  2.528 aux  2.901 ref 0.0016)  train median    2.66 m   0.41 s/step
step  4000/6000  loss  5.8286 (ce  3.940 aux  3.777 ref 0.0010)  train median    5.63 m   0.41 s/step
  eval  n=192  median   2.22 m /   70.5 ms  p90    7.15 m /   225.7 ms  worst   777.77 m  within1  46.4%  within5  94.3%
        ks_black_cat_county__layout_short n=24  median   2.24 m /   69.0 ms  p90   27.21 m /   710.6 ms  worst   161.99 m  within1  45.8%  within5  87.5%
        ks_brands_hatch__indy    n=16  median   1.77 m /   60.4 ms  p90    5.86 m /   144.7 ms  worst     7.87 m  within1  56.2%  within5 100.0%
        ks_highlands__layout_short n=16  median   3.75 m /  157.5 ms  p90    9.25 m /   302.5 ms  worst   777.77 m  within1  37.5%  within5  87.5%
        ks_laguna_seca           n=16  median   2.45 m /   72.4 ms  p90    7.08 m /   203.5 ms  worst    28.69 m  within1  31.2%  within5  93.8%
        ks_monza66__junior       n=8  median   1.72 m /   50.0 ms  p90    3.07 m /    77.7 ms  worst     3.11 m  within1  62.5%  within5 100.0%
        ks_nurburgring__layout_sprint_a n=24  median   3.43 m /  113.6 ms  p90    8.69 m /   256.9 ms  worst    43.59 m  within1  41.7%  within5  91.7%
        ks_red_bull_ring__layout_national n=16  median   3.28 m /   99.8 ms  p90    7.55 m /   189.7 ms  worst    16.54 m  within1  31.2%  within5  93.8%
        ks_vallelunga__club_circuit n=32  median   2.18 m /   65.3 ms  p90    4.94 m /   187.5 ms  worst    10.99 m  within1  43.8%  within5  96.9%
        magione                  n=40  median   1.64 m /   69.0 ms  p90    6.21 m /   227.1 ms  worst   101.48 m  within1  60.0%  within5  97.5%
step  4020/6000  loss  4.3750 (ce  2.767 aux  3.215 ref 0.0015)  train median    4.48 m   0.41 s/step
step  4040/6000  loss  6.2339 (ce  3.972 aux  4.524 ref 0.0006)  train median    5.93 m   0.41 s/step
step  4060/6000  loss  4.3235 (ce  2.667 aux  3.312 ref 0.0015)  train median    2.18 m   0.41 s/step
step  4080/6000  loss  3.7719 (ce  2.409 aux  2.725 ref 0.0012)  train median    1.52 m   0.41 s/step
step  4100/6000  loss  5.8729 (ce  4.029 aux  3.687 ref 0.0008)  train median    2.37 m   0.41 s/step
step  4120/6000  loss  4.3418 (ce  2.754 aux  3.174 ref 0.0013)  train median    2.41 m   0.41 s/step
step  4140/6000  loss  4.1785 (ce  2.707 aux  2.939 ref 0.0031)  train median    5.35 m   0.41 s/step
step  4160/6000  loss  3.9631 (ce  2.493 aux  2.940 ref 0.0007)  train median    2.61 m   0.41 s/step
step  4180/6000  loss  4.0499 (ce  2.582 aux  2.934 ref 0.0015)  train median    2.54 m   0.41 s/step
step  4200/6000  loss  4.5508 (ce  2.804 aux  3.492 ref 0.0010)  train median    3.67 m   0.41 s/step
  eval  n=192  median   2.04 m /   67.8 ms  p90    7.21 m /   227.0 ms  worst   782.41 m  within1  49.0%  within5  93.2%
        ks_black_cat_county__layout_short n=24  median   2.13 m /   65.2 ms  p90   49.92 m /   974.9 ms  worst   448.42 m  within1  45.8%  within5  87.5%
        ks_brands_hatch__indy    n=16  median   0.88 m /   34.2 ms  p90    8.90 m /   227.3 ms  worst    11.45 m  within1  62.5%  within5  87.5%
        ks_highlands__layout_short n=16  median   2.95 m /  121.8 ms  p90    8.71 m /   228.5 ms  worst   782.41 m  within1  37.5%  within5  87.5%
        ks_laguna_seca           n=16  median   2.61 m /   62.6 ms  p90    5.22 m /   150.7 ms  worst     7.22 m  within1  43.8%  within5 100.0%
        ks_monza66__junior       n=8  median   1.13 m /   40.9 ms  p90    2.26 m /    61.5 ms  worst     3.04 m  within1  87.5%  within5 100.0%
        ks_nurburgring__layout_sprint_a n=24  median   3.20 m /  102.9 ms  p90   16.42 m /   480.0 ms  worst    53.08 m  within1  41.7%  within5  83.3%
        ks_red_bull_ring__layout_national n=16  median   3.40 m /   94.8 ms  p90    7.42 m /   225.0 ms  worst    15.39 m  within1  31.2%  within5  93.8%
        ks_vallelunga__club_circuit n=32  median   1.55 m /   50.5 ms  p90    5.99 m /   185.5 ms  worst     8.55 m  within1  56.2%  within5 100.0%
        magione                  n=40  median   1.99 m /   78.2 ms  p90    6.70 m /   253.9 ms  worst   100.30 m  within1  50.0%  within5  97.5%
step  4220/6000  loss  4.5938 (ce  2.825 aux  3.538 ref 0.0003)  train median    2.32 m   0.41 s/step
step  4240/6000  loss  5.0537 (ce  3.180 aux  3.746 ref 0.0008)  train median    4.93 m   0.41 s/step
step  4260/6000  loss  4.0737 (ce  2.457 aux  3.232 ref 0.0010)  train median    3.70 m   0.41 s/step
step  4280/6000  loss  5.5046 (ce  3.523 aux  3.960 ref 0.0021)  train median    8.78 m   0.41 s/step
step  4300/6000  loss  5.2519 (ce  3.396 aux  3.711 ref 0.0012)  train median    6.12 m   0.41 s/step
step  4320/6000  loss  4.1487 (ce  2.613 aux  3.069 ref 0.0024)  train median    3.93 m   0.41 s/step
step  4340/6000  loss  4.3542 (ce  2.766 aux  3.176 ref 0.0012)  train median    3.00 m   0.41 s/step
step  4360/6000  loss  5.4600 (ce  3.543 aux  3.833 ref 0.0009)  train median    3.09 m   0.41 s/step
step  4380/6000  loss  4.3882 (ce  2.711 aux  3.353 ref 0.0018)  train median    2.99 m   0.41 s/step
step  4400/6000  loss  4.4343 (ce  2.931 aux  3.004 ref 0.0025)  train median    4.92 m   0.41 s/step
  eval  n=192  median   1.99 m /   63.4 ms  p90    6.66 m /   192.4 ms  worst   782.98 m  within1  50.5%  within5  94.8%
        ks_black_cat_county__layout_short n=24  median   2.03 m /   60.7 ms  p90    5.28 m /   170.9 ms  worst    89.80 m  within1  50.0%  within5  91.7%
        ks_brands_hatch__indy    n=16  median   1.52 m /   51.1 ms  p90    6.10 m /   154.8 ms  worst     7.76 m  within1  75.0%  within5 100.0%
        ks_highlands__layout_short n=16  median   3.30 m /  109.3 ms  p90  349.77 m / 11812.5 ms  worst   782.98 m  within1  37.5%  within5  81.2%
        ks_laguna_seca           n=16  median   1.53 m /   47.3 ms  p90    4.43 m /   126.3 ms  worst     5.51 m  within1  56.2%  within5 100.0%
        ks_monza66__junior       n=8  median   0.87 m /   35.6 ms  p90    2.37 m /    59.5 ms  worst     2.45 m  within1  75.0%  within5 100.0%
        ks_nurburgring__layout_sprint_a n=24  median   2.63 m /   87.5 ms  p90   12.85 m /   297.4 ms  worst    16.49 m  within1  33.3%  within5  87.5%
        ks_red_bull_ring__layout_national n=16  median   2.25 m /   66.5 ms  p90    6.00 m /   181.6 ms  worst    15.20 m  within1  37.5%  within5  93.8%
        ks_vallelunga__club_circuit n=32  median   1.77 m /   61.6 ms  p90    5.52 m /   181.8 ms  worst     7.81 m  within1  53.1%  within5 100.0%
        magione                  n=40  median   1.96 m /   63.7 ms  p90    5.71 m /   202.2 ms  worst   100.17 m  within1  52.5%  within5  97.5%
step  4420/6000  loss  4.8096 (ce  3.125 aux  3.367 ref 0.0029)  train median    9.37 m   0.41 s/step
step  4440/6000  loss  3.8308 (ce  2.401 aux  2.859 ref 0.0012)  train median    1.52 m   0.41 s/step
step  4460/6000  loss  3.9952 (ce  2.533 aux  2.922 ref 0.0014)  train median    4.08 m   0.41 s/step
step  4480/6000  loss  3.7751 (ce  2.358 aux  2.832 ref 0.0013)  train median    2.09 m   0.41 s/step
step  4500/6000  loss  4.1444 (ce  2.692 aux  2.904 ref 0.0008)  train median    2.25 m   0.41 s/step
step  4520/6000  loss  4.5583 (ce  3.125 aux  2.865 ref 0.0016)  train median    3.59 m   0.41 s/step
step  4540/6000  loss  4.2706 (ce  2.634 aux  3.272 ref 0.0017)  train median    3.53 m   0.41 s/step
step  4560/6000  loss  3.7630 (ce  2.352 aux  2.822 ref 0.0007)  train median    1.21 m   0.41 s/step
step  4580/6000  loss  6.0460 (ce  3.982 aux  4.125 ref 0.0021)  train median    7.02 m   0.41 s/step
step  4600/6000  loss  4.3525 (ce  2.786 aux  3.131 ref 0.0016)  train median    6.79 m   0.41 s/step
  eval  n=192  median   1.91 m /   65.0 ms  p90    6.28 m /   205.5 ms  worst   783.23 m  within1  51.0%  within5  94.8%
        ks_black_cat_county__layout_short n=24  median   1.73 m /   60.1 ms  p90    6.03 m /   166.2 ms  worst   450.27 m  within1  54.2%  within5  91.7%
        ks_brands_hatch__indy    n=16  median   1.13 m /   47.4 ms  p90    6.59 m /   155.9 ms  worst     8.31 m  within1  68.8%  within5 100.0%
        ks_highlands__layout_short n=16  median   3.06 m /  107.3 ms  p90  349.76 m / 11810.1 ms  worst   783.23 m  within1  25.0%  within5  81.2%
        ks_laguna_seca           n=16  median   0.91 m /   30.8 ms  p90    6.04 m /   155.8 ms  worst     6.29 m  within1  56.2%  within5 100.0%
        ks_monza66__junior       n=8  median   1.70 m /   58.8 ms  p90    2.34 m /    64.2 ms  worst     3.04 m  within1  75.0%  within5 100.0%
        ks_nurburgring__layout_sprint_a n=24  median   2.12 m /   77.8 ms  p90    7.23 m /   210.2 ms  worst    14.74 m  within1  45.8%  within5  91.7%
        ks_red_bull_ring__layout_national n=16  median   3.21 m /   84.9 ms  p90    5.90 m /   178.8 ms  worst    13.55 m  within1  31.2%  within5  93.8%
        ks_vallelunga__club_circuit n=32  median   1.51 m /   54.0 ms  p90    5.64 m /   177.8 ms  worst    11.16 m  within1  56.2%  within5  96.9%
        magione                  n=40  median   1.92 m /   83.0 ms  p90    5.46 m /   214.4 ms  worst   100.17 m  within1  52.5%  within5  97.5%
step  4620/6000  loss  3.8852 (ce  2.442 aux  2.885 ref 0.0012)  train median    2.13 m   0.41 s/step
step  4640/6000  loss  3.7011 (ce  2.407 aux  2.588 ref 0.0017)  train median    2.28 m   0.41 s/step
step  4660/6000  loss  4.0968 (ce  2.613 aux  2.968 ref 0.0005)  train median    0.75 m   0.41 s/step
step  4680/6000  loss  4.2031 (ce  2.728 aux  2.949 ref 0.0010)  train median    2.00 m   0.41 s/step
step  4700/6000  loss  4.4570 (ce  2.850 aux  3.213 ref 0.0016)  train median    3.19 m   0.41 s/step
step  4720/6000  loss  3.9826 (ce  2.538 aux  2.886 ref 0.0024)  train median    3.68 m   0.41 s/step
step  4740/6000  loss  4.0830 (ce  2.554 aux  3.057 ref 0.0008)  train median    2.61 m   0.41 s/step
step  4760/6000  loss  4.8213 (ce  3.104 aux  3.433 ref 0.0012)  train median    7.09 m   0.41 s/step
step  4780/6000  loss  4.4422 (ce  2.760 aux  3.363 ref 0.0007)  train median    6.22 m   0.41 s/step
step  4800/6000  loss  4.5739 (ce  2.829 aux  3.489 ref 0.0015)  train median    3.27 m   0.41 s/step
  eval  n=192  median   2.01 m /   66.7 ms  p90    6.21 m /   197.3 ms  worst   449.65 m  within1  49.5%  within5  96.4%
        ks_black_cat_county__layout_short n=24  median   2.36 m /   72.7 ms  p90   27.87 m /   693.8 ms  worst   449.65 m  within1  41.7%  within5  87.5%
        ks_brands_hatch__indy    n=16  median   1.56 m /   54.7 ms  p90    5.95 m /   153.1 ms  worst     7.78 m  within1  68.8%  within5 100.0%
        ks_highlands__layout_short n=16  median   2.20 m /   83.0 ms  p90    6.16 m /   186.8 ms  worst    10.40 m  within1  43.8%  within5  93.8%
        ks_laguna_seca           n=16  median   1.80 m /   50.0 ms  p90    6.09 m /   156.1 ms  worst     7.61 m  within1  50.0%  within5 100.0%
        ks_monza66__junior       n=8  median   1.85 m /   55.9 ms  p90    2.14 m /    65.4 ms  worst     2.25 m  within1  50.0%  within5 100.0%
        ks_nurburgring__layout_sprint_a n=24  median   2.82 m /   81.4 ms  p90    6.51 m /   219.9 ms  worst    11.36 m  within1  41.7%  within5  95.8%
        ks_red_bull_ring__layout_national n=16  median   3.40 m /   90.7 ms  p90    7.69 m /   234.7 ms  worst    13.98 m  within1  31.2%  within5  93.8%
        ks_vallelunga__club_circuit n=32  median   1.69 m /   56.4 ms  p90    5.35 m /   194.4 ms  worst     8.72 m  within1  53.1%  within5 100.0%
        magione                  n=40  median   1.80 m /   60.3 ms  p90    5.66 m /   197.5 ms  worst   101.35 m  within1  57.5%  within5  97.5%
step  4820/6000  loss  4.0919 (ce  2.711 aux  2.760 ref 0.0028)  train median    4.87 m   0.41 s/step
step  4840/6000  loss  4.4044 (ce  2.773 aux  3.262 ref 0.0014)  train median    4.76 m   0.41 s/step
step  4860/6000  loss  4.1816 (ce  2.659 aux  3.042 ref 0.0031)  train median    4.67 m   0.41 s/step
step  4880/6000  loss  3.8291 (ce  2.305 aux  3.048 ref 0.0008)  train median    1.60 m   0.41 s/step
step  4900/6000  loss  3.8430 (ce  2.423 aux  2.839 ref 0.0017)  train median    1.89 m   0.41 s/step
step  4920/6000  loss  4.2449 (ce  2.654 aux  3.182 ref 0.0011)  train median    1.60 m   0.41 s/step
step  4940/6000  loss  4.4799 (ce  2.896 aux  3.167 ref 0.0009)  train median    4.58 m   0.41 s/step
step  4960/6000  loss  4.4118 (ce  2.872 aux  3.078 ref 0.0018)  train median    3.16 m   0.41 s/step
step  4980/6000  loss  4.2961 (ce  2.629 aux  3.333 ref 0.0005)  train median    4.39 m   0.41 s/step
step  5000/6000  loss  4.0562 (ce  2.621 aux  2.868 ref 0.0018)  train median    1.25 m   0.41 s/step
  eval  n=192  median   1.90 m /   65.3 ms  p90    6.49 m /   202.6 ms  worst   690.93 m  within1  51.6%  within5  95.3%
        ks_black_cat_county__layout_short n=24  median   2.25 m /   63.8 ms  p90   50.23 m /   994.8 ms  worst   449.11 m  within1  45.8%  within5  87.5%
        ks_brands_hatch__indy    n=16  median   1.24 m /   45.6 ms  p90    6.20 m /   153.7 ms  worst     7.47 m  within1  75.0%  within5 100.0%
        ks_highlands__layout_short n=16  median   2.70 m /  112.7 ms  p90    8.34 m /   226.9 ms  worst   690.93 m  within1  37.5%  within5  87.5%
        ks_laguna_seca           n=16  median   1.15 m /   35.3 ms  p90    5.08 m /   133.2 ms  worst     8.12 m  within1  56.2%  within5 100.0%
        ks_monza66__junior       n=8  median   1.27 m /   42.4 ms  p90    2.43 m /    71.0 ms  worst     2.58 m  within1  62.5%  within5 100.0%
        ks_nurburgring__layout_sprint_a n=24  median   3.33 m /  102.3 ms  p90    7.58 m /   218.5 ms  worst    16.20 m  within1  41.7%  within5  91.7%
        ks_red_bull_ring__layout_national n=16  median   3.01 m /   86.1 ms  p90    6.54 m /   196.9 ms  worst    12.80 m  within1  31.2%  within5  93.8%
        ks_vallelunga__club_circuit n=32  median   1.82 m /   54.3 ms  p90    5.44 m /   174.8 ms  worst     9.23 m  within1  59.4%  within5 100.0%
        magione                  n=40  median   1.72 m /   69.8 ms  p90    5.58 m /   199.0 ms  worst   100.41 m  within1  55.0%  within5  97.5%
step  5020/6000  loss  4.1444 (ce  2.607 aux  3.074 ref 0.0009)  train median    0.75 m   0.41 s/step
step  5040/6000  loss  3.7076 (ce  2.402 aux  2.610 ref 0.0012)  train median    2.05 m   0.41 s/step
step  5060/6000  loss  3.9340 (ce  2.481 aux  2.905 ref 0.0012)  train median    2.85 m   0.41 s/step
step  5080/6000  loss  3.8350 (ce  2.353 aux  2.962 ref 0.0011)  train median    1.92 m   0.41 s/step
step  5100/6000  loss  3.8290 (ce  2.399 aux  2.858 ref 0.0012)  train median    2.34 m   0.41 s/step
step  5120/6000  loss  4.6739 (ce  3.022 aux  3.303 ref 0.0016)  train median    3.24 m   0.41 s/step
step  5140/6000  loss  4.7595 (ce  2.916 aux  3.686 ref 0.0008)  train median    3.75 m   0.41 s/step
step  5160/6000  loss  4.2621 (ce  2.632 aux  3.260 ref 0.0007)  train median    5.27 m   0.41 s/step
step  5180/6000  loss  3.9795 (ce  2.514 aux  2.931 ref 0.0005)  train median    2.13 m   0.41 s/step
step  5200/6000  loss  4.0126 (ce  2.429 aux  3.166 ref 0.0015)  train median    2.88 m   0.41 s/step
  eval  n=192  median   1.95 m /   62.0 ms  p90    7.18 m /   211.2 ms  worst   783.09 m  within1  50.5%  within5  94.8%
        ks_black_cat_county__layout_short n=24  median   2.14 m /   60.9 ms  p90   27.92 m /   724.9 ms  worst   449.39 m  within1  50.0%  within5  87.5%
        ks_brands_hatch__indy    n=16  median   1.37 m /   46.3 ms  p90    6.57 m /   157.0 ms  worst     7.31 m  within1  68.8%  within5 100.0%
        ks_highlands__layout_short n=16  median   2.37 m /   74.4 ms  p90    7.72 m /   231.1 ms  worst   783.09 m  within1  43.8%  within5  87.5%
        ks_laguna_seca           n=16  median   0.50 m /   21.4 ms  p90    5.16 m /   151.0 ms  worst     6.85 m  within1  56.2%  within5 100.0%
        ks_monza66__junior       n=8  median   0.85 m /   33.6 ms  p90    2.50 m /    67.4 ms  worst     2.51 m  within1  62.5%  within5 100.0%
        ks_nurburgring__layout_sprint_a n=24  median   3.54 m /  104.8 ms  p90   10.45 m /   299.4 ms  worst    17.77 m  within1  33.3%  within5  87.5%
        ks_red_bull_ring__layout_national n=16  median   3.02 m /   81.2 ms  p90    7.59 m /   231.0 ms  worst    13.04 m  within1  31.2%  within5  93.8%
        ks_vallelunga__club_circuit n=32  median   1.67 m /   50.0 ms  p90    5.52 m /   168.0 ms  worst     9.10 m  within1  56.2%  within5 100.0%
        magione                  n=40  median   1.71 m /   65.6 ms  p90    5.48 m /   194.5 ms  worst   100.78 m  within1  55.0%  within5  97.5%
step  5220/6000  loss  3.9639 (ce  2.459 aux  3.009 ref 0.0010)  train median    2.26 m   0.41 s/step
step  5240/6000  loss  4.0851 (ce  2.637 aux  2.895 ref 0.0022)  train median    4.54 m   0.41 s/step
step  5260/6000  loss  4.2566 (ce  2.735 aux  3.042 ref 0.0016)  train median    1.80 m   0.41 s/step
step  5280/6000  loss  3.8566 (ce  2.411 aux  2.891 ref 0.0012)  train median    2.82 m   0.41 s/step
step  5300/6000  loss  4.0204 (ce  2.613 aux  2.814 ref 0.0014)  train median    2.38 m   0.41 s/step
step  5320/6000  loss  4.5444 (ce  2.908 aux  3.272 ref 0.0017)  train median    5.80 m   0.41 s/step
step  5340/6000  loss  4.5784 (ce  2.907 aux  3.342 ref 0.0010)  train median    3.43 m   0.41 s/step
step  5360/6000  loss  4.1761 (ce  2.628 aux  3.095 ref 0.0023)  train median    5.05 m   0.41 s/step
step  5380/6000  loss  3.9242 (ce  2.458 aux  2.931 ref 0.0009)  train median    1.48 m   0.41 s/step
step  5400/6000  loss  4.6379 (ce  2.791 aux  3.693 ref 0.0013)  train median    2.98 m   0.41 s/step
  eval  n=192  median   1.89 m /   64.6 ms  p90    7.07 m /   209.6 ms  worst   783.28 m  within1  52.1%  within5  94.8%
        ks_black_cat_county__layout_short n=24  median   2.29 m /   76.2 ms  p90   27.92 m /   692.4 ms  worst   449.14 m  within1  45.8%  within5  87.5%
        ks_brands_hatch__indy    n=16  median   1.30 m /   47.6 ms  p90    6.48 m /   153.5 ms  worst     7.47 m  within1  68.8%  within5 100.0%
        ks_highlands__layout_short n=16  median   3.30 m /   99.1 ms  p90  349.86 m / 11814.5 ms  worst   783.28 m  within1  43.8%  within5  81.2%
        ks_laguna_seca           n=16  median   0.79 m /   23.4 ms  p90    5.10 m /   148.2 ms  worst     6.70 m  within1  68.8%  within5 100.0%
        ks_monza66__junior       n=8  median   1.05 m /   38.1 ms  p90    2.52 m /    70.4 ms  worst     2.63 m  within1  62.5%  within5 100.0%
        ks_nurburgring__layout_sprint_a n=24  median   3.43 m /   97.2 ms  p90    7.83 m /   227.1 ms  worst    16.67 m  within1  37.5%  within5  91.7%
        ks_red_bull_ring__layout_national n=16  median   3.07 m /   84.3 ms  p90    7.78 m /   238.0 ms  worst    12.99 m  within1  31.2%  within5  93.8%
        ks_vallelunga__club_circuit n=32  median   1.49 m /   45.5 ms  p90    5.49 m /   163.6 ms  worst     9.56 m  within1  59.4%  within5 100.0%
        magione                  n=40  median   1.87 m /   68.9 ms  p90    5.46 m /   196.8 ms  worst   100.77 m  within1  55.0%  within5  97.5%
step  5420/6000  loss  4.5992 (ce  2.888 aux  3.421 ref 0.0008)  train median    4.56 m   0.41 s/step
step  5440/6000  loss  4.3015 (ce  2.730 aux  3.141 ref 0.0014)  train median    1.58 m   0.41 s/step
step  5460/6000  loss  4.1536 (ce  2.662 aux  2.982 ref 0.0017)  train median    1.58 m   0.41 s/step
step  5480/6000  loss  5.3574 (ce  3.338 aux  4.038 ref 0.0005)  train median    4.82 m   0.41 s/step
step  5500/6000  loss  4.3441 (ce  2.614 aux  3.458 ref 0.0024)  train median    4.32 m   0.41 s/step
step  5520/6000  loss  4.4146 (ce  2.745 aux  3.338 ref 0.0012)  train median    2.04 m   0.41 s/step
step  5540/6000  loss  4.2181 (ce  2.704 aux  3.026 ref 0.0016)  train median    3.78 m   0.41 s/step
step  5560/6000  loss  4.0364 (ce  2.549 aux  2.974 ref 0.0021)  train median    2.60 m   0.41 s/step
step  5580/6000  loss  3.9371 (ce  2.510 aux  2.854 ref 0.0008)  train median    2.53 m   0.41 s/step
step  5600/6000  loss  4.3212 (ce  2.699 aux  3.243 ref 0.0013)  train median    3.88 m   0.41 s/step
  eval  n=192  median   1.90 m /   66.2 ms  p90    7.10 m /   208.3 ms  worst   783.06 m  within1  51.6%  within5  94.8%
        ks_black_cat_county__layout_short n=24  median   2.17 m /   74.0 ms  p90   49.45 m /   955.6 ms  worst   449.42 m  within1  45.8%  within5  87.5%
        ks_brands_hatch__indy    n=16  median   1.28 m /   45.6 ms  p90    6.59 m /   156.1 ms  worst     7.93 m  within1  68.8%  within5 100.0%
        ks_highlands__layout_short n=16  median   3.22 m /  108.9 ms  p90  350.11 m / 11821.5 ms  worst   783.06 m  within1  37.5%  within5  81.2%
        ks_laguna_seca           n=16  median   0.44 m /   18.2 ms  p90    5.60 m /   150.4 ms  worst     6.46 m  within1  68.8%  within5 100.0%
        ks_monza66__junior       n=8  median   1.05 m /   38.0 ms  p90    2.53 m /    63.5 ms  worst     2.60 m  within1  75.0%  within5 100.0%
        ks_nurburgring__layout_sprint_a n=24  median   2.93 m /   93.3 ms  p90    8.19 m /   237.3 ms  worst    17.84 m  within1  33.3%  within5  91.7%
        ks_red_bull_ring__layout_national n=16  median   3.28 m /   82.2 ms  p90    7.67 m /   233.7 ms  worst    12.73 m  within1  31.2%  within5  93.8%
        ks_vallelunga__club_circuit n=32  median   1.41 m /   41.1 ms  p90    5.58 m /   170.2 ms  worst     9.55 m  within1  59.4%  within5 100.0%
        magione                  n=40  median   1.92 m /   74.4 ms  p90    5.49 m /   206.4 ms  worst   100.51 m  within1  55.0%  within5  97.5%
step  5620/6000  loss  4.6083 (ce  3.022 aux  3.170 ref 0.0023)  train median    6.65 m   0.41 s/step
step  5640/6000  loss  4.0018 (ce  2.637 aux  2.729 ref 0.0012)  train median    2.68 m   0.41 s/step
step  5660/6000  loss  3.8425 (ce  2.541 aux  2.602 ref 0.0007)  train median    0.97 m   0.41 s/step
step  5680/6000  loss  4.9051 (ce  3.022 aux  3.766 ref 0.0015)  train median    5.04 m   0.41 s/step
step  5700/6000  loss  3.7912 (ce  2.403 aux  2.777 ref 0.0009)  train median    1.29 m   0.41 s/step
step  5720/6000  loss  4.6327 (ce  3.018 aux  3.229 ref 0.0015)  train median    1.99 m   0.41 s/step
step  5740/6000  loss  4.0685 (ce  2.602 aux  2.931 ref 0.0022)  train median    4.03 m   0.41 s/step
step  5760/6000  loss  5.3845 (ce  3.364 aux  4.039 ref 0.0021)  train median    2.07 m   0.41 s/step
step  5780/6000  loss  4.0108 (ce  2.450 aux  3.119 ref 0.0013)  train median    1.89 m   0.41 s/step
step  5800/6000  loss  4.3318 (ce  2.826 aux  3.010 ref 0.0016)  train median    2.70 m   0.41 s/step
  eval  n=192  median   1.88 m /   63.0 ms  p90    7.03 m /   207.2 ms  worst   783.19 m  within1  52.1%  within5  94.8%
        ks_black_cat_county__layout_short n=24  median   2.15 m /   74.3 ms  p90   49.54 m /   954.1 ms  worst   449.52 m  within1  50.0%  within5  87.5%
        ks_brands_hatch__indy    n=16  median   1.25 m /   45.0 ms  p90    6.61 m /   156.4 ms  worst     7.78 m  within1  75.0%  within5 100.0%
        ks_highlands__layout_short n=16  median   3.37 m /  114.5 ms  p90  350.20 m / 11824.1 ms  worst   783.19 m  within1  37.5%  within5  81.2%
        ks_laguna_seca           n=16  median   0.56 m /   19.3 ms  p90    5.70 m /   149.3 ms  worst     6.30 m  within1  68.8%  within5 100.0%
        ks_monza66__junior       n=8  median   1.02 m /   37.1 ms  p90    2.55 m /    65.8 ms  worst     2.58 m  within1  75.0%  within5 100.0%
        ks_nurburgring__layout_sprint_a n=24  median   3.24 m /   95.4 ms  p90    8.22 m /   239.3 ms  worst    17.91 m  within1  33.3%  within5  91.7%
        ks_red_bull_ring__layout_national n=16  median   3.12 m /   85.7 ms  p90    7.48 m /   226.9 ms  worst    12.75 m  within1  31.2%  within5  93.8%
        ks_vallelunga__club_circuit n=32  median   1.46 m /   43.3 ms  p90    5.52 m /   173.2 ms  worst     9.19 m  within1  59.4%  within5 100.0%
        magione                  n=40  median   1.80 m /   75.0 ms  p90    5.53 m /   210.0 ms  worst   100.70 m  within1  52.5%  within5  97.5%
step  5820/6000  loss  4.8184 (ce  3.001 aux  3.634 ref 0.0008)  train median    3.09 m   0.41 s/step
step  5840/6000  loss  4.2292 (ce  2.672 aux  3.113 ref 0.0016)  train median    2.06 m   0.41 s/step
step  5860/6000  loss  4.3691 (ce  2.821 aux  3.095 ref 0.0015)  train median    3.05 m   0.41 s/step
step  5880/6000  loss  4.1148 (ce  2.543 aux  3.142 ref 0.0015)  train median    3.08 m   0.41 s/step
step  5900/6000  loss  3.9415 (ce  2.467 aux  2.947 ref 0.0013)  train median    3.29 m   0.41 s/step
step  5920/6000  loss  3.6262 (ce  2.350 aux  2.551 ref 0.0013)  train median    2.33 m   0.41 s/step
step  5940/6000  loss  4.2446 (ce  2.545 aux  3.398 ref 0.0013)  train median    2.60 m   0.41 s/step
step  5960/6000  loss  4.4804 (ce  2.843 aux  3.273 ref 0.0027)  train median    6.87 m   0.41 s/step
step  5980/6000  loss  4.0311 (ce  2.585 aux  2.891 ref 0.0008)  train median    1.28 m   0.41 s/step
step  6000/6000  loss  4.4791 (ce  2.947 aux  3.064 ref 0.0008)  train median    2.74 m   0.41 s/step
  eval  n=192  median   1.88 m /   63.2 ms  p90    7.02 m /   206.4 ms  worst   783.19 m  within1  52.1%  within5  94.8%
        ks_black_cat_county__layout_short n=24  median   2.15 m /   74.2 ms  p90   49.53 m /   954.7 ms  worst   449.53 m  within1  50.0%  within5  87.5%
        ks_brands_hatch__indy    n=16  median   1.24 m /   45.4 ms  p90    6.60 m /   156.2 ms  worst     7.81 m  within1  75.0%  within5 100.0%
        ks_highlands__layout_short n=16  median   3.37 m /  115.5 ms  p90  350.23 m / 11824.9 ms  worst   783.19 m  within1  37.5%  within5  81.2%
        ks_laguna_seca           n=16  median   0.57 m /   19.1 ms  p90    5.68 m /   148.4 ms  worst     6.31 m  within1  68.8%  within5 100.0%
        ks_monza66__junior       n=8  median   1.01 m /   36.9 ms  p90    2.55 m /    65.4 ms  worst     2.56 m  within1  75.0%  within5 100.0%
        ks_nurburgring__layout_sprint_a n=24  median   3.21 m /   95.0 ms  p90    8.20 m /   238.4 ms  worst    17.94 m  within1  33.3%  within5  91.7%
        ks_red_bull_ring__layout_national n=16  median   3.13 m /   84.8 ms  p90    7.48 m /   227.1 ms  worst    12.71 m  within1  31.2%  within5  93.8%
        ks_vallelunga__club_circuit n=32  median   1.45 m /   43.2 ms  p90    5.53 m /   173.3 ms  worst     9.17 m  within1  59.4%  within5 100.0%
        magione                  n=40  median   1.80 m /   75.0 ms  p90    5.53 m /   209.9 ms  worst   100.71 m  within1  52.5%  within5  97.5%

best eval median 1.88 m; artifacts in /Users/pvodopija/code/primal/runs/v3_fold10_s0_base
