started from runs/v3_base_s0_base/best.pt
gate g1: held-out laps of seen tracks; full augmentation
train tracks ['ks_black_cat_county__layout_short', 'ks_brands_hatch__indy', 'ks_highlands__layout_short', 'ks_laguna_seca', 'ks_monza66__junior', 'ks_nurburgring__layout_sprint_a', 'ks_red_bull_ring__layout_national', 'ks_vallelunga__club_circuit', 'magione'] (258 laps usable)
eval  tracks ['ks_black_cat_county__layout_short', 'ks_brands_hatch__indy', 'ks_highlands__layout_short', 'ks_laguna_seca', 'ks_monza66__junior', 'ks_nurburgring__layout_sprint_a', 'ks_red_bull_ring__layout_national', 'ks_vallelunga__club_circuit', 'magione'], split=train
held out as live-only: ['ks_black_cat_county__layout_short__20260923T183526Z__lap07', 'ks_brands_hatch__indy__20260921T221531Z__lap02', 'ks_highlands__layout_short__20260928T005654Z__lap54', 'ks_laguna_seca__default__20260928T123110Z__lap12', 'ks_monza66__junior__20260928T093530Z__lap14', 'ks_nurburgring__layout_sprint_a__20260928T103410Z__lap12', 'ks_red_bull_ring__layout_national__20260923T174436Z__lap11', 'ks_vallelunga__club_circuit__20260922T223945Z__lap07', 'magione__default__20260922T231051Z__lap06']
frame 148x80, reference bins 3227
model 0.67M params on mps

step     1/1500  loss  3.5122 (ce  2.294 aux  2.435 ref 0.0011)  train median    1.61 m   1.41 s/step
step    20/1500  loss  3.5137 (ce  2.288 aux  2.450 ref 0.0006)  train median    1.51 m   0.37 s/step
step    40/1500  loss  3.8853 (ce  2.440 aux  2.890 ref 0.0008)  train median    2.49 m   0.33 s/step
step    60/1500  loss  3.8010 (ce  2.444 aux  2.712 ref 0.0010)  train median    3.00 m   0.33 s/step
step    80/1500  loss  3.5189 (ce  2.276 aux  2.486 ref 0.0008)  train median    1.40 m   0.33 s/step
step   100/1500  loss  3.8565 (ce  2.466 aux  2.781 ref 0.0004)  train median    2.13 m   0.33 s/step
step   120/1500  loss  3.4162 (ce  2.206 aux  2.420 ref 0.0005)  train median    0.61 m   0.33 s/step
step   140/1500  loss  3.4585 (ce  2.250 aux  2.415 ref 0.0008)  train median    1.21 m   0.33 s/step
step   160/1500  loss  3.7714 (ce  2.469 aux  2.603 ref 0.0008)  train median    1.41 m   0.34 s/step
step   180/1500  loss  3.2649 (ce  2.142 aux  2.245 ref 0.0004)  train median    0.44 m   0.34 s/step
step   200/1500  loss  3.2947 (ce  2.160 aux  2.269 ref 0.0004)  train median    0.66 m   0.34 s/step
  eval  n=192  median   1.50 m /   46.9 ms  p90    4.28 m /   149.7 ms  worst    38.73 m  within1  62.5%  within5  97.4%
        ks_black_cat_county__layout_short n=24  median   1.15 m /   30.8 ms  p90    3.75 m /   147.4 ms  worst    14.47 m  within1  75.0%  within5  95.8%
        ks_brands_hatch__indy    n=16  median   1.58 m /   49.2 ms  p90    3.76 m /   117.2 ms  worst     5.90 m  within1  56.2%  within5 100.0%
        ks_highlands__layout_short n=16  median   1.55 m /   44.3 ms  p90    3.25 m /   103.8 ms  worst     4.21 m  within1  68.8%  within5 100.0%
        ks_laguna_seca           n=16  median   1.48 m /   51.8 ms  p90    4.70 m /   141.9 ms  worst    11.91 m  within1  62.5%  within5  93.8%
        ks_monza66__junior       n=8  median   0.35 m /   10.2 ms  p90    0.94 m /    28.0 ms  worst     1.26 m  within1 100.0%  within5 100.0%
        ks_nurburgring__layout_sprint_a n=24  median   3.63 m /  106.6 ms  p90   12.90 m /   553.6 ms  worst    38.73 m  within1  29.2%  within5  87.5%
        ks_red_bull_ring__layout_national n=16  median   1.23 m /   37.9 ms  p90    3.54 m /   111.1 ms  worst     4.64 m  within1  62.5%  within5 100.0%
        ks_vallelunga__club_circuit n=32  median   1.59 m /   53.3 ms  p90    3.95 m /   131.0 ms  worst     6.76 m  within1  62.5%  within5 100.0%
        magione                  n=40  median   1.19 m /   46.5 ms  p90    3.07 m /   104.4 ms  worst     5.84 m  within1  67.5%  within5 100.0%
step   220/1500  loss  3.6037 (ce  2.351 aux  2.505 ref 0.0013)  train median    2.12 m   0.37 s/step
step   240/1500  loss  3.5501 (ce  2.306 aux  2.486 ref 0.0013)  train median    2.06 m   0.37 s/step
step   260/1500  loss  3.4046 (ce  2.185 aux  2.439 ref 0.0007)  train median    0.58 m   0.37 s/step
step   280/1500  loss  3.4211 (ce  2.243 aux  2.356 ref 0.0007)  train median    1.12 m   0.37 s/step
step   300/1500  loss  3.4351 (ce  2.230 aux  2.409 ref 0.0010)  train median    1.73 m   0.37 s/step
step   320/1500  loss  3.6735 (ce  2.390 aux  2.565 ref 0.0013)  train median    2.19 m   0.36 s/step
step   340/1500  loss  3.3576 (ce  2.161 aux  2.392 ref 0.0006)  train median    0.86 m   0.36 s/step
step   360/1500  loss  3.5662 (ce  2.340 aux  2.451 ref 0.0013)  train median    1.32 m   0.36 s/step
step   380/1500  loss  3.5654 (ce  2.289 aux  2.552 ref 0.0009)  train median    1.97 m   0.36 s/step
step   400/1500  loss  3.2991 (ce  2.162 aux  2.275 ref 0.0004)  train median    0.72 m   0.35 s/step
  eval  n=192  median   1.54 m /   54.5 ms  p90    5.00 m /   159.5 ms  worst    41.86 m  within1  58.3%  within5  96.4%
        ks_black_cat_county__layout_short n=24  median   1.31 m /   36.0 ms  p90    4.27 m /   143.6 ms  worst    31.04 m  within1  66.7%  within5  95.8%
        ks_brands_hatch__indy    n=16  median   1.68 m /   65.8 ms  p90    4.87 m /   114.0 ms  worst    15.10 m  within1  56.2%  within5  93.8%
        ks_highlands__layout_short n=16  median   1.36 m /   40.7 ms  p90    3.17 m /   114.0 ms  worst     4.61 m  within1  68.8%  within5 100.0%
        ks_laguna_seca           n=16  median   2.20 m /   68.1 ms  p90    5.29 m /   150.6 ms  worst     5.62 m  within1  50.0%  within5 100.0%
        ks_monza66__junior       n=8  median   0.54 m /   16.9 ms  p90    1.87 m /    42.7 ms  worst     1.92 m  within1 100.0%  within5 100.0%
        ks_nurburgring__layout_sprint_a n=24  median   3.57 m /  105.8 ms  p90   13.96 m /   581.2 ms  worst    41.86 m  within1  29.2%  within5  79.2%
        ks_red_bull_ring__layout_national n=16  median   1.46 m /   46.5 ms  p90    3.33 m /    98.7 ms  worst     4.43 m  within1  56.2%  within5 100.0%
        ks_vallelunga__club_circuit n=32  median   1.82 m /   59.2 ms  p90    3.84 m /   114.5 ms  worst     5.01 m  within1  56.2%  within5 100.0%
        magione                  n=40  median   1.30 m /   50.1 ms  p90    4.45 m /   153.6 ms  worst     8.59 m  within1  67.5%  within5 100.0%
step   420/1500  loss  3.5057 (ce  2.222 aux  2.568 ref 0.0004)  train median    1.25 m   0.37 s/step
step   440/1500  loss  3.4854 (ce  2.293 aux  2.384 ref 0.0009)  train median    1.67 m   0.37 s/step
step   460/1500  loss  3.5781 (ce  2.348 aux  2.459 ref 0.0008)  train median    1.36 m   0.37 s/step
step   480/1500  loss  3.3800 (ce  2.192 aux  2.374 ref 0.0008)  train median    0.90 m   0.37 s/step
step   500/1500  loss  3.4137 (ce  2.221 aux  2.384 ref 0.0006)  train median    0.83 m   0.37 s/step
step   520/1500  loss  3.9505 (ce  2.618 aux  2.663 ref 0.0010)  train median    2.14 m   0.37 s/step
step   540/1500  loss  3.4929 (ce  2.293 aux  2.399 ref 0.0010)  train median    1.26 m   0.37 s/step
step   560/1500  loss  3.8355 (ce  2.456 aux  2.758 ref 0.0008)  train median    2.26 m   0.36 s/step
step   580/1500  loss  3.2613 (ce  2.147 aux  2.227 ref 0.0005)  train median    0.94 m   0.36 s/step
step   600/1500  loss  3.5714 (ce  2.284 aux  2.575 ref 0.0005)  train median    1.66 m   0.36 s/step
  eval  n=192  median   1.49 m /   46.4 ms  p90    4.58 m /   139.7 ms  worst    25.98 m  within1  60.9%  within5  98.4%
        ks_black_cat_county__layout_short n=24  median   1.51 m /   39.1 ms  p90    3.79 m /   149.1 ms  worst     8.73 m  within1  58.3%  within5 100.0%
        ks_brands_hatch__indy    n=16  median   1.20 m /   38.5 ms  p90    3.33 m /   115.2 ms  worst     3.54 m  within1  62.5%  within5 100.0%
        ks_highlands__layout_short n=16  median   1.75 m /   44.9 ms  p90    2.94 m /   124.7 ms  worst     4.15 m  within1  62.5%  within5 100.0%
        ks_laguna_seca           n=16  median   1.23 m /   41.5 ms  p90    5.88 m /   179.0 ms  worst     7.69 m  within1  62.5%  within5 100.0%
        ks_monza66__junior       n=8  median   0.34 m /   11.8 ms  p90    1.09 m /    29.7 ms  worst     1.54 m  within1 100.0%  within5 100.0%
        ks_nurburgring__layout_sprint_a n=24  median   3.56 m /  115.4 ms  p90   13.04 m /   439.9 ms  worst    25.98 m  within1  29.2%  within5  87.5%
        ks_red_bull_ring__layout_national n=16  median   1.65 m /   44.6 ms  p90    2.85 m /    79.7 ms  worst     3.46 m  within1  62.5%  within5 100.0%
        ks_vallelunga__club_circuit n=32  median   1.53 m /   52.4 ms  p90    3.75 m /   131.3 ms  worst     5.91 m  within1  59.4%  within5 100.0%
        magione                  n=40  median   1.24 m /   51.1 ms  p90    3.36 m /   129.9 ms  worst     6.06 m  within1  72.5%  within5 100.0%
step   620/1500  loss  3.7963 (ce  2.351 aux  2.890 ref 0.0003)  train median    1.69 m   0.38 s/step
step   640/1500  loss  3.4545 (ce  2.226 aux  2.456 ref 0.0009)  train median    0.83 m   0.38 s/step
step   660/1500  loss  3.5076 (ce  2.232 aux  2.551 ref 0.0004)  train median    1.29 m   0.38 s/step
step   680/1500  loss  4.1403 (ce  2.677 aux  2.926 ref 0.0007)  train median    2.52 m   0.37 s/step
step   700/1500  loss  3.5589 (ce  2.323 aux  2.471 ref 0.0007)  train median    2.72 m   0.37 s/step
step   720/1500  loss  3.6263 (ce  2.343 aux  2.566 ref 0.0010)  train median    2.60 m   0.37 s/step
step   740/1500  loss  4.0232 (ce  2.551 aux  2.945 ref 0.0003)  train median    2.21 m   0.37 s/step
step   760/1500  loss  3.3261 (ce  2.199 aux  2.253 ref 0.0008)  train median    1.88 m   0.37 s/step
step   780/1500  loss  3.7180 (ce  2.288 aux  2.861 ref 0.0003)  train median    1.06 m   0.38 s/step
step   800/1500  loss  3.4544 (ce  2.218 aux  2.472 ref 0.0008)  train median    1.09 m   0.38 s/step
  eval  n=192  median   1.40 m /   43.3 ms  p90    4.20 m /   132.0 ms  worst    36.83 m  within1  62.5%  within5  97.9%
        ks_black_cat_county__layout_short n=24  median   1.36 m /   35.1 ms  p90    3.96 m /   127.5 ms  worst    17.18 m  within1  66.7%  within5  95.8%
        ks_brands_hatch__indy    n=16  median   1.60 m /   48.2 ms  p90    4.08 m /   115.9 ms  worst     5.03 m  within1  56.2%  within5 100.0%
        ks_highlands__layout_short n=16  median   1.45 m /   42.4 ms  p90    3.35 m /   109.1 ms  worst     4.33 m  within1  68.8%  within5 100.0%
        ks_laguna_seca           n=16  median   1.89 m /   61.2 ms  p90    5.05 m /   163.6 ms  worst     7.45 m  within1  50.0%  within5 100.0%
        ks_monza66__junior       n=8  median   0.30 m /    7.0 ms  p90    1.03 m /    33.0 ms  worst     1.59 m  within1 100.0%  within5 100.0%
        ks_nurburgring__layout_sprint_a n=24  median   3.31 m /   93.5 ms  p90   13.17 m /   570.3 ms  worst    36.83 m  within1  29.2%  within5  87.5%
        ks_red_bull_ring__layout_national n=16  median   1.12 m /   31.5 ms  p90    3.09 m /    76.6 ms  worst     4.21 m  within1  75.0%  within5 100.0%
        ks_vallelunga__club_circuit n=32  median   1.47 m /   50.6 ms  p90    3.50 m /   125.4 ms  worst     7.14 m  within1  62.5%  within5 100.0%
        magione                  n=40  median   1.31 m /   43.2 ms  p90    2.99 m /   106.7 ms  worst     5.67 m  within1  72.5%  within5 100.0%
step   820/1500  loss  3.8394 (ce  2.539 aux  2.601 ref 0.0011)  train median    4.10 m   0.39 s/step
step   840/1500  loss  3.3304 (ce  2.178 aux  2.304 ref 0.0004)  train median    0.89 m   0.39 s/step
step   860/1500  loss  3.4274 (ce  2.222 aux  2.410 ref 0.0007)  train median    0.43 m   0.38 s/step
step   880/1500  loss  3.7306 (ce  2.420 aux  2.621 ref 0.0007)  train median    1.25 m   0.39 s/step
step   900/1500  loss  3.2980 (ce  2.177 aux  2.242 ref 0.0004)  train median    0.51 m   0.38 s/step
step   920/1500  loss  3.4977 (ce  2.290 aux  2.415 ref 0.0008)  train median    0.90 m   0.38 s/step
step   940/1500  loss  3.2599 (ce  2.135 aux  2.249 ref 0.0003)  train median    0.35 m   0.38 s/step
step   960/1500  loss  3.4671 (ce  2.270 aux  2.394 ref 0.0007)  train median    1.01 m   0.38 s/step
step   980/1500  loss  3.7757 (ce  2.317 aux  2.917 ref 0.0003)  train median    1.61 m   0.38 s/step
step  1000/1500  loss  3.3584 (ce  2.180 aux  2.355 ref 0.0007)  train median    0.89 m   0.38 s/step
  eval  n=192  median   1.42 m /   45.6 ms  p90    4.32 m /   146.9 ms  worst    39.32 m  within1  66.1%  within5  98.4%
        ks_black_cat_county__layout_short n=24  median   1.16 m /   32.6 ms  p90    4.27 m /   164.2 ms  worst     9.04 m  within1  66.7%  within5 100.0%
        ks_brands_hatch__indy    n=16  median   1.34 m /   37.0 ms  p90    2.79 m /    85.9 ms  worst     3.54 m  within1  75.0%  within5 100.0%
        ks_highlands__layout_short n=16  median   1.61 m /   50.2 ms  p90    3.05 m /   115.3 ms  worst     4.17 m  within1  68.8%  within5 100.0%
        ks_laguna_seca           n=16  median   1.38 m /   53.2 ms  p90    4.93 m /   164.6 ms  worst     8.93 m  within1  62.5%  within5 100.0%
        ks_monza66__junior       n=8  median   0.40 m /   12.8 ms  p90    1.07 m /    27.5 ms  worst     1.16 m  within1 100.0%  within5 100.0%
        ks_nurburgring__layout_sprint_a n=24  median   3.47 m /  120.9 ms  p90   13.15 m /   567.1 ms  worst    39.32 m  within1  37.5%  within5  87.5%
        ks_red_bull_ring__layout_national n=16  median   1.35 m /   32.1 ms  p90    3.14 m /    97.6 ms  worst     5.33 m  within1  75.0%  within5 100.0%
        ks_vallelunga__club_circuit n=32  median   1.54 m /   49.1 ms  p90    3.38 m /   114.4 ms  worst     6.80 m  within1  71.9%  within5 100.0%
        magione                  n=40  median   1.17 m /   46.4 ms  p90    2.98 m /   118.7 ms  worst     5.60 m  within1  65.0%  within5 100.0%
step  1020/1500  loss  3.3332 (ce  2.185 aux  2.296 ref 0.0005)  train median    0.49 m   0.39 s/step
step  1040/1500  loss  3.3218 (ce  2.182 aux  2.279 ref 0.0005)  train median    1.10 m   0.38 s/step
step  1060/1500  loss  3.3097 (ce  2.172 aux  2.274 ref 0.0006)  train median    0.99 m   0.38 s/step
step  1080/1500  loss  3.4216 (ce  2.190 aux  2.462 ref 0.0003)  train median    1.42 m   0.38 s/step
step  1100/1500  loss  3.5691 (ce  2.224 aux  2.690 ref 0.0003)  train median    1.76 m   0.38 s/step
step  1120/1500  loss  3.2426 (ce  2.134 aux  2.216 ref 0.0003)  train median    0.65 m   0.38 s/step
step  1140/1500  loss  3.6087 (ce  2.346 aux  2.525 ref 0.0008)  train median    2.42 m   0.38 s/step
step  1160/1500  loss  3.5171 (ce  2.277 aux  2.478 ref 0.0013)  train median    2.45 m   0.38 s/step
step  1180/1500  loss  3.6464 (ce  2.389 aux  2.514 ref 0.0010)  train median    1.58 m   0.38 s/step
step  1200/1500  loss  3.4493 (ce  2.192 aux  2.513 ref 0.0007)  train median    1.03 m   0.38 s/step
  eval  n=192  median   1.42 m /   47.6 ms  p90    4.23 m /   125.3 ms  worst    39.04 m  within1  62.5%  within5  99.0%
        ks_black_cat_county__layout_short n=24  median   1.48 m /   38.9 ms  p90    4.00 m /   157.2 ms  worst     9.24 m  within1  62.5%  within5 100.0%
        ks_brands_hatch__indy    n=16  median   1.77 m /   53.4 ms  p90    3.27 m /   100.8 ms  worst     3.67 m  within1  68.8%  within5 100.0%
        ks_highlands__layout_short n=16  median   1.36 m /   51.5 ms  p90    3.32 m /   117.7 ms  worst     4.26 m  within1  75.0%  within5 100.0%
        ks_laguna_seca           n=16  median   1.41 m /   49.2 ms  p90    4.85 m /   157.4 ms  worst     8.88 m  within1  56.2%  within5 100.0%
        ks_monza66__junior       n=8  median   0.54 m /   16.3 ms  p90    0.95 m /    26.0 ms  worst     1.17 m  within1 100.0%  within5 100.0%
        ks_nurburgring__layout_sprint_a n=24  median   2.96 m /  109.2 ms  p90    7.73 m /   329.3 ms  worst    39.04 m  within1  29.2%  within5  91.7%
        ks_red_bull_ring__layout_national n=16  median   1.50 m /   36.4 ms  p90    3.24 m /   104.1 ms  worst     4.93 m  within1  68.8%  within5 100.0%
        ks_vallelunga__club_circuit n=32  median   1.42 m /   47.6 ms  p90    3.36 m /   117.2 ms  worst     6.32 m  within1  65.6%  within5 100.0%
        magione                  n=40  median   1.22 m /   43.7 ms  p90    3.15 m /   109.5 ms  worst     5.49 m  within1  65.0%  within5 100.0%
step  1220/1500  loss  3.5165 (ce  2.256 aux  2.520 ref 0.0005)  train median    1.83 m   0.38 s/step
step  1240/1500  loss  3.8744 (ce  2.420 aux  2.909 ref 0.0004)  train median    1.96 m   0.38 s/step
step  1260/1500  loss  3.5140 (ce  2.284 aux  2.460 ref 0.0008)  train median    1.42 m   0.38 s/step
step  1280/1500  loss  3.7564 (ce  2.491 aux  2.529 ref 0.0008)  train median    2.16 m   0.38 s/step
step  1300/1500  loss  3.5787 (ce  2.315 aux  2.526 ref 0.0014)  train median    2.11 m   0.38 s/step
step  1320/1500  loss  3.9214 (ce  2.558 aux  2.726 ref 0.0005)  train median    2.75 m   0.38 s/step
step  1340/1500  loss  3.6626 (ce  2.374 aux  2.577 ref 0.0005)  train median    0.67 m   0.38 s/step
step  1360/1500  loss  3.4920 (ce  2.278 aux  2.428 ref 0.0009)  train median    1.70 m   0.38 s/step
step  1380/1500  loss  3.5371 (ce  2.341 aux  2.391 ref 0.0008)  train median    2.83 m   0.38 s/step
step  1400/1500  loss  3.4345 (ce  2.236 aux  2.396 ref 0.0010)  train median    1.40 m   0.38 s/step
  eval  n=192  median   1.43 m /   46.1 ms  p90    4.10 m /   136.1 ms  worst    39.54 m  within1  66.1%  within5  98.4%
        ks_black_cat_county__layout_short n=24  median   1.43 m /   39.2 ms  p90    4.36 m /   164.1 ms  worst     9.07 m  within1  66.7%  within5 100.0%
        ks_brands_hatch__indy    n=16  median   1.72 m /   52.0 ms  p90    2.74 m /    82.2 ms  worst     3.66 m  within1  62.5%  within5 100.0%
        ks_highlands__layout_short n=16  median   1.43 m /   49.1 ms  p90    3.45 m /   113.1 ms  worst     3.84 m  within1  68.8%  within5 100.0%
        ks_laguna_seca           n=16  median   1.42 m /   50.4 ms  p90    4.69 m /   157.4 ms  worst     8.77 m  within1  62.5%  within5 100.0%
        ks_monza66__junior       n=8  median   0.38 m /    9.4 ms  p90    0.80 m /    22.2 ms  worst     1.20 m  within1 100.0%  within5 100.0%
        ks_nurburgring__layout_sprint_a n=24  median   2.96 m /  105.9 ms  p90   13.04 m /   566.9 ms  worst    39.54 m  within1  37.5%  within5  87.5%
        ks_red_bull_ring__layout_national n=16  median   1.18 m /   29.8 ms  p90    3.27 m /   100.3 ms  worst     5.65 m  within1  75.0%  within5 100.0%
        ks_vallelunga__club_circuit n=32  median   1.38 m /   45.9 ms  p90    3.26 m /   116.5 ms  worst     6.28 m  within1  71.9%  within5 100.0%
        magione                  n=40  median   1.21 m /   44.7 ms  p90    3.41 m /   111.0 ms  worst     5.52 m  within1  70.0%  within5 100.0%
step  1420/1500  loss  3.4313 (ce  2.215 aux  2.432 ref 0.0007)  train median    1.45 m   0.39 s/step
step  1440/1500  loss  3.3641 (ce  2.179 aux  2.369 ref 0.0007)  train median    1.29 m   0.39 s/step
step  1460/1500  loss  3.5056 (ce  2.261 aux  2.488 ref 0.0008)  train median    0.84 m   0.39 s/step
step  1480/1500  loss  3.7904 (ce  2.501 aux  2.577 ref 0.0009)  train median    1.99 m   0.39 s/step
step  1500/1500  loss  3.2387 (ce  2.130 aux  2.216 ref 0.0003)  train median    0.47 m   0.38 s/step
  eval  n=192  median   1.44 m /   45.8 ms  p90    4.11 m /   136.4 ms  worst    39.52 m  within1  66.1%  within5  98.4%
        ks_black_cat_county__layout_short n=24  median   1.42 m /   39.1 ms  p90    4.37 m /   164.4 ms  worst     9.06 m  within1  66.7%  within5 100.0%
        ks_brands_hatch__indy    n=16  median   1.73 m /   52.4 ms  p90    2.73 m /    81.8 ms  worst     3.68 m  within1  62.5%  within5 100.0%
        ks_highlands__layout_short n=16  median   1.46 m /   48.8 ms  p90    3.43 m /   112.8 ms  worst     3.84 m  within1  68.8%  within5 100.0%
        ks_laguna_seca           n=16  median   1.42 m /   50.6 ms  p90    4.67 m /   156.7 ms  worst     8.77 m  within1  62.5%  within5 100.0%
        ks_monza66__junior       n=8  median   0.37 m /    9.1 ms  p90    0.81 m /    22.0 ms  worst     1.19 m  within1 100.0%  within5 100.0%
        ks_nurburgring__layout_sprint_a n=24  median   2.97 m /  105.9 ms  p90   13.04 m /   567.1 ms  worst    39.52 m  within1  37.5%  within5  87.5%
        ks_red_bull_ring__layout_national n=16  median   1.17 m /   29.4 ms  p90    3.27 m /    99.7 ms  worst     5.66 m  within1  75.0%  within5 100.0%
        ks_vallelunga__club_circuit n=32  median   1.38 m /   45.8 ms  p90    3.25 m /   116.2 ms  worst     6.26 m  within1  71.9%  within5 100.0%
        magione                  n=40  median   1.20 m /   44.7 ms  p90    3.43 m /   111.7 ms  worst     5.53 m  within1  70.0%  within5 100.0%

best eval median 1.40 m; artifacts in /Users/pvodopija/code/primal/runs/v3_base_s0
