  ks_silverstone__national     live lap02  reference 0260924T104658Z__lap01
  ks_silverstone__national     live lap04  reference 0260924T104658Z__lap02
  ks_silverstone__national     live lap05  reference 0260924T104658Z__lap03
  ks_silverstone__national     live lap06  reference 0260924T104658Z__lap04
  rt_lime_rock_park__no_chican live lap02  reference 0260928T143440Z__lap04
  rt_lime_rock_park__no_chican live lap03  reference 0260928T143440Z__lap05
  rt_lime_rock_park__no_chican live lap04  reference 0260928T143440Z__lap06
  rt_lime_rock_park__no_chican live lap05  reference 0260928T143440Z__lap07
  rt_oulton_park__fosters      live lap02  reference 0260929T195157Z__lap03
  rt_oulton_park__fosters      live lap03  reference 0260929T195157Z__lap04
  rt_oulton_park__fosters      live lap04  reference 0260929T195157Z__lap05
  rt_oulton_park__fosters      live lap05  reference 0260929T195157Z__lap06

                                          single >100 ms  tracker median      p90  >100 ms
level                                              25.3%           37 ms    97 ms     9.2%
yaw 7                                              44.7%           67 ms   194 ms    35.6%
yaw 14                                             68.3%          135 ms   438 ms    62.4%
pitch 5                                            36.2%           53 ms   134 ms    19.3%
roll 10                                            34.8%           40 ms   113 ms    13.9%
shake 1                                            25.8%           37 ms    97 ms     9.3%
shake 2                                            26.5%           37 ms    99 ms     9.6%
yaw 10, shake 1                                    56.0%           95 ms   271 ms    48.0%
same session: level                                 7.4%           15 ms    42 ms     0.9%
same session: Halo level                           12.8%           19 ms    54 ms     1.5%
same session: Halo yaw 10, shake 1                 51.9%           81 ms   248 ms    42.4%
