  G1 ks_black_cat_county__layout_ ref 180056Z  live 183526Z
  G1 ks_black_cat_county__layout_ ref 183242Z  live 183526Z
  G1 ks_brands_hatch__indy        ref 171903Z  live 221531Z
  G1 ks_brands_hatch__indy        ref 181357Z  live 221531Z
  G1 ks_highlands__layout_short   ref 212549Z  live 005654Z
  G1 ks_laguna_seca               ref 110507Z  live 123110Z
  G1 ks_monza66__junior           ref 091133Z  live 093530Z
  G1 ks_nurburgring__layout_sprin ref 100528Z  live 103410Z
  G1 ks_red_bull_ring__layout_nat ref 232216Z  live 174436Z
  G1 ks_red_bull_ring__layout_nat ref 233620Z  live 174436Z
  G1 ks_vallelunga__club_circuit  ref 220345Z  live 223945Z
  G1 ks_vallelunga__club_circuit  ref 222513Z  live 223945Z
  G1 magione                      ref 225059Z  live 231051Z
  G1 magione                      ref 230023Z  live 231051Z
  G2 ks_silverstone__national     ref 105441Z  live 104658Z
  G2 ks_silverstone__national     ref 105442Z  live 104658Z
  G2 ks_silverstone__national     ref 105441Z  live 104658Z
  G2 ks_silverstone__national     ref 105442Z  live 104658Z
  G2 ks_silverstone__national     ref 105441Z  live 104658Z
  G2 ks_silverstone__national     ref 105442Z  live 104658Z
  G2 ks_silverstone__national     ref 105441Z  live 104658Z
  G2 ks_silverstone__national     ref 105442Z  live 104658Z
  G2 ks_silverstone__national     ref 105441Z  live 104658Z
  G2 ks_silverstone__national     ref 105442Z  live 104658Z
  G2 ks_silverstone__national     ref 105441Z  live 104658Z
  G2 ks_silverstone__national     ref 105442Z  live 104658Z
  G2 ks_silverstone__national     ref 105441Z  live 104658Z
  G2 ks_silverstone__national     ref 105442Z  live 104658Z
  G2 ks_silverstone__national     ref 104658Z  live 105441Z
  G2 ks_silverstone__national     ref 105442Z  live 105441Z
  G2 ks_silverstone__national     ref 104658Z  live 105441Z
  G2 ks_silverstone__national     ref 105442Z  live 105441Z
  G2 ks_silverstone__national     ref 104658Z  live 105441Z
  G2 ks_silverstone__national     ref 105442Z  live 105441Z
  G2 ks_silverstone__national     ref 104658Z  live 105441Z
  G2 ks_silverstone__national     ref 105442Z  live 105441Z
  G2 ks_silverstone__national     ref 104658Z  live 105441Z
  G2 ks_silverstone__national     ref 105442Z  live 105441Z
  G2 ks_silverstone__national     ref 104658Z  live 105441Z
  G2 ks_silverstone__national     ref 105442Z  live 105441Z
  G2 ks_silverstone__national     ref 104658Z  live 105441Z
  G2 ks_silverstone__national     ref 105442Z  live 105441Z
  G2 ks_silverstone__national     ref 104658Z  live 105441Z
  G2 ks_silverstone__national     ref 105442Z  live 105441Z
  G2 ks_silverstone__national     ref 104658Z  live 105442Z
  G2 ks_silverstone__national     ref 105441Z  live 105442Z
  G2 ks_silverstone__national     ref 104658Z  live 105442Z
  G2 ks_silverstone__national     ref 105441Z  live 105442Z
  G2 ks_silverstone__national     ref 104658Z  live 105442Z
  G2 ks_silverstone__national     ref 105441Z  live 105442Z
  G2 ks_silverstone__national     ref 104658Z  live 105442Z
  G2 ks_silverstone__national     ref 105441Z  live 105442Z
  G2 ks_silverstone__national     ref 104658Z  live 105442Z
  G2 ks_silverstone__national     ref 105441Z  live 105442Z
  G2 ks_silverstone__national     ref 104658Z  live 105442Z
  G2 ks_silverstone__national     ref 105441Z  live 105442Z
  G2 ks_silverstone__national     ref 104658Z  live 105442Z
  G2 ks_silverstone__national     ref 105441Z  live 105442Z
  G2 ks_silverstone__national     ref 104658Z  live 105442Z
  G2 ks_silverstone__national     ref 105441Z  live 105442Z
  G2 rt_lime_rock_park__no_chican ref 143440Z  live 141815Z
  G2 rt_lime_rock_park__no_chican ref 143440Z  live 141815Z
  G2 rt_lime_rock_park__no_chican ref 143440Z  live 141815Z
  G2 rt_lime_rock_park__no_chican ref 143440Z  live 141815Z
  G2 rt_lime_rock_park__no_chican ref 143440Z  live 141815Z
  G2 rt_lime_rock_park__no_chican ref 143440Z  live 141815Z
  G2 rt_lime_rock_park__no_chican ref 143440Z  live 141815Z
  G2 rt_lime_rock_park__no_chican ref 143440Z  live 141815Z
  G2 rt_lime_rock_park__no_chican ref 143440Z  live 141815Z
  G2 rt_lime_rock_park__no_chican ref 141815Z  live 143440Z
  G2 rt_lime_rock_park__no_chican ref 141815Z  live 143440Z
  G2 rt_lime_rock_park__no_chican ref 141815Z  live 143440Z
  G2 rt_lime_rock_park__no_chican ref 141815Z  live 143440Z
  G2 rt_lime_rock_park__no_chican ref 141815Z  live 143440Z
  G2 rt_lime_rock_park__no_chican ref 141815Z  live 143440Z
  G2 rt_lime_rock_park__no_chican ref 141815Z  live 143440Z
  G2 rt_lime_rock_park__no_chican ref 141815Z  live 143440Z
  G2 rt_oulton_park__fosters      ref 195157Z  live 193254Z
  G2 rt_oulton_park__fosters      ref 195157Z  live 193254Z
  G2 rt_oulton_park__fosters      ref 195157Z  live 193254Z
  G2 rt_oulton_park__fosters      ref 195157Z  live 193254Z
  G2 rt_oulton_park__fosters      ref 195157Z  live 193254Z
  G2 rt_oulton_park__fosters      ref 195157Z  live 193254Z
  G2 rt_oulton_park__fosters      ref 195157Z  live 193254Z
  G2 rt_oulton_park__fosters      ref 195157Z  live 193254Z
  G2 rt_oulton_park__fosters      ref 195157Z  live 193254Z
  G2 rt_oulton_park__fosters      ref 193254Z  live 195157Z
  G2 rt_oulton_park__fosters      ref 193254Z  live 195157Z
  G2 rt_oulton_park__fosters      ref 193254Z  live 195157Z
  G2 rt_oulton_park__fosters      ref 193254Z  live 195157Z
  G2 rt_oulton_park__fosters      ref 193254Z  live 195157Z
  G2 rt_oulton_park__fosters      ref 193254Z  live 195157Z
  G2 rt_oulton_park__fosters      ref 193254Z  live 195157Z
  G2 rt_oulton_park__fosters      ref 193254Z  live 195157Z
  G2 rt_oulton_park__fosters      ref 193254Z  live 195157Z

                                                                       median      p90  >100 ms   >10 m     worst
G1 single                                                       1.55 m   49 ms   152 ms    21.8%    2.0%   2274.9 m
G1 filter                                                       1.45 m   46 ms   148 ms    20.8%    1.3%     75.6 m
G1 filter, reference time                                       1.02 m   33 ms    88 ms     7.2%    0.1%     19.5 m
G1 filter, reference time, two modes                            0.97 m   32 ms    86 ms     6.7%    0.1%     29.0 m
G1 filter + speed                                               0.71 m   22 ms    60 ms     1.2%    0.0%      4.9 m
G1 filter, lag-corrected                                        1.45 m   45 ms   148 ms    20.9%    1.3%     74.6 m
G1 filter, reference time, lag-corrected                        1.01 m   33 ms    88 ms     7.1%    0.1%     19.1 m
G1 filter, reference time, two modes, lag-corrected             0.98 m   32 ms    87 ms     6.8%    0.2%     28.7 m
G1 filter + speed, lag-corrected                                0.71 m   22 ms    59 ms     1.2%    0.0%      4.8 m
G2 single                                                       1.96 m   54 ms   178 ms    25.7%    5.3%   1203.9 m
G2 filter                                                       1.83 m   50 ms   167 ms    24.1%    4.2%    952.3 m
G2 filter, reference time                                       1.24 m   34 ms    90 ms     7.1%    0.0%     11.5 m
G2 filter, reference time, two modes                            1.20 m   33 ms    91 ms     7.6%    0.4%     61.3 m
G2 filter + speed                                               0.74 m   20 ms    56 ms     1.1%    0.0%     13.6 m
G2 filter, lag-corrected                                        1.84 m   51 ms   167 ms    24.1%    4.2%    952.3 m
G2 filter, reference time, lag-corrected                        1.23 m   34 ms    89 ms     7.0%    0.0%     11.9 m
G2 filter, reference time, two modes, lag-corrected             1.19 m   33 ms    90 ms     7.6%    0.4%     61.0 m
G2 filter + speed, lag-corrected                                0.75 m   20 ms    56 ms     1.0%    0.0%     13.7 m
G2 ks_silverstone__national single                              2.33 m   64 ms   214 ms    31.7%    7.5%   1203.9 m
G2 ks_silverstone__national filter                              2.20 m   60 ms   199 ms    30.3%    6.3%    952.3 m
G2 ks_silverstone__national filter, reference time              1.17 m   32 ms    85 ms     6.2%    0.0%      9.8 m
G2 ks_silverstone__national filter, reference time, two modes    1.18 m   33 ms    94 ms     8.4%    0.7%     61.3 m
G2 ks_silverstone__national filter + speed                      0.84 m   23 ms    63 ms     1.8%    0.0%      7.5 m
G2 ks_silverstone__national filter, lag-corrected               2.21 m   61 ms   199 ms    30.3%    6.3%    952.3 m
G2 ks_silverstone__national filter, reference time, lag-corrected    1.15 m   32 ms    83 ms     5.7%    0.0%      9.1 m
G2 ks_silverstone__national filter, reference time, two modes, lag-corrected    1.19 m   32 ms    93 ms     8.2%    0.7%     61.0 m
G2 ks_silverstone__national filter + speed, lag-corrected       0.84 m   23 ms    62 ms     1.7%    0.0%      7.4 m
G2 same car single                                              2.62 m   72 ms   305 ms    37.3%   11.3%   1203.9 m
G2 same car filter                                              2.49 m   69 ms   253 ms    36.1%    9.3%    732.2 m
G2 same car filter, reference time                              1.00 m   28 ms    78 ms     5.1%    0.0%      8.2 m
G2 same car filter, reference time, two modes                   1.11 m   31 ms    98 ms     9.5%    1.4%     61.3 m
G2 same car filter + speed                                      0.89 m   25 ms    67 ms     2.8%    0.0%      7.5 m
G2 same car filter, lag-corrected                               2.49 m   69 ms   254 ms    35.9%    9.3%    732.4 m
G2 same car filter, reference time, lag-corrected               1.02 m   28 ms    77 ms     4.6%    0.0%      8.4 m
G2 same car filter, reference time, two modes, lag-corrected    1.13 m   32 ms    97 ms     9.2%    1.4%     61.0 m
G2 same car filter + speed, lag-corrected                       0.89 m   24 ms    66 ms     2.7%    0.0%      7.4 m
G2 rt_lime_rock_park__no_chicane single                         1.70 m   46 ms   142 ms    19.4%    2.2%   1024.4 m
G2 rt_lime_rock_park__no_chicane filter                         1.58 m   42 ms   135 ms    18.1%    1.1%    171.1 m
G2 rt_lime_rock_park__no_chicane filter, reference time         1.50 m   41 ms   100 ms    10.0%    0.1%     11.5 m
G2 rt_lime_rock_park__no_chicane filter, reference time, two modes    1.46 m   40 ms    94 ms     8.4%    0.1%     11.2 m
G2 rt_lime_rock_park__no_chicane filter + speed                 0.78 m   21 ms    53 ms     0.2%    0.0%      4.1 m
G2 rt_lime_rock_park__no_chicane filter, lag-corrected          1.58 m   42 ms   135 ms    18.1%    1.2%    171.6 m
G2 rt_lime_rock_park__no_chicane filter, reference time, lag-corrected    1.49 m   40 ms   101 ms    10.4%    0.1%     11.9 m
G2 rt_lime_rock_park__no_chicane filter, reference time, two modes, lag-corrected    1.44 m   39 ms    95 ms     8.6%    0.1%     11.7 m
G2 rt_lime_rock_park__no_chicane filter + speed, lag-corrected    0.79 m   21 ms    53 ms     0.2%    0.0%      4.7 m
G2 rt_oulton_park__fosters single                               1.50 m   42 ms   129 ms    16.3%    2.7%   1105.2 m
G2 rt_oulton_park__fosters filter                               1.36 m   38 ms   118 ms    13.9%    1.4%     32.7 m
G2 rt_oulton_park__fosters filter, reference time               1.25 m   34 ms    90 ms     7.0%    0.0%      9.3 m
G2 rt_oulton_park__fosters filter, reference time, two modes    1.05 m   29 ms    79 ms     4.8%    0.0%     11.4 m
G2 rt_oulton_park__fosters filter + speed                       0.55 m   15 ms    38 ms     0.2%    0.0%     13.6 m
G2 rt_oulton_park__fosters filter, lag-corrected                1.37 m   38 ms   118 ms    14.1%    1.4%     32.8 m
G2 rt_oulton_park__fosters filter, reference time, lag-corrected    1.25 m   34 ms    93 ms     7.5%    0.0%      9.5 m
G2 rt_oulton_park__fosters filter, reference time, two modes, lag-corrected    1.04 m   29 ms    80 ms     5.1%    0.0%     11.6 m
G2 rt_oulton_park__fosters filter + speed, lag-corrected        0.56 m   15 ms    40 ms     0.2%    0.0%     13.7 m
