====================================================================================================
GATES
====================================================================================================

seen laps, seen tracks
  n=320  median   1.42 m /   45.4 ms  p90    4.77 m /   148.7 ms  worst    24.28 m  within1  62.8%  within5  98.4%
  mean predictive entropy 2.345 nats
    ks_black_cat_county__layout_short n=32  median   2.04 m /   66.8 ms  p90    7.35 m /   183.1 ms  worst    16.96 m  within1  50.0%  within5  96.9%
    ks_brands_hatch__indy    n=40  median   0.66 m /   20.9 ms  p90    2.00 m /    59.6 ms  worst     3.43 m  within1  90.0%  within5 100.0%
    ks_highlands__layout_short n=40  median   0.96 m /   28.9 ms  p90    3.14 m /    98.9 ms  worst     6.25 m  within1  77.5%  within5 100.0%
    ks_laguna_seca           n=48  median   2.53 m /   89.4 ms  p90    7.12 m /   217.7 ms  worst    21.28 m  within1  43.8%  within5  95.8%
    ks_monza66__junior       n=16  median   1.60 m /   34.0 ms  p90    4.55 m /    99.8 ms  worst     5.13 m  within1  62.5%  within5 100.0%
    ks_nurburgring__layout_sprint_a n=32  median   1.77 m /   55.5 ms  p90    5.15 m /   174.4 ms  worst    24.28 m  within1  56.2%  within5  96.9%
    ks_red_bull_ring__layout_national n=40  median   1.57 m /   45.4 ms  p90    4.23 m /   110.3 ms  worst     8.28 m  within1  62.5%  within5 100.0%
    ks_vallelunga__club_circuit n=40  median   1.64 m /   55.4 ms  p90    3.46 m /   112.1 ms  worst     4.86 m  within1  62.5%  within5 100.0%
    magione                  n=32  median   1.44 m /   59.3 ms  p90    4.11 m /   167.1 ms  worst    14.13 m  within1  59.4%  within5  96.9%

G1  held-out laps, seen tracks
  n=320  median   1.75 m /   58.3 ms  p90    5.01 m /   146.9 ms  worst    33.16 m  within1  54.4%  within5  98.1%
  mean predictive entropy 2.368 nats
    ks_black_cat_county__layout_short n=32  median   1.21 m /   32.7 ms  p90    4.11 m /   123.0 ms  worst     9.18 m  within1  59.4%  within5 100.0%
    ks_brands_hatch__indy    n=32  median   1.27 m /   49.2 ms  p90    4.97 m /   128.8 ms  worst    10.04 m  within1  53.1%  within5  96.9%
    ks_highlands__layout_short n=32  median   1.38 m /   46.7 ms  p90    2.38 m /    89.6 ms  worst     4.27 m  within1  75.0%  within5 100.0%
    ks_laguna_seca           n=16  median   2.68 m /   68.5 ms  p90    6.70 m /   156.1 ms  worst    10.93 m  within1  37.5%  within5  93.8%
    ks_monza66__junior       n=32  median   1.63 m /   38.2 ms  p90    5.60 m /   161.1 ms  worst     6.54 m  within1  62.5%  within5 100.0%
    ks_nurburgring__layout_sprint_a n=48  median   2.64 m /   88.1 ms  p90    7.41 m /   202.0 ms  worst    33.16 m  within1  37.5%  within5  91.7%
    ks_red_bull_ring__layout_national n=72  median   2.13 m /   55.2 ms  p90    4.94 m /   139.5 ms  worst     8.01 m  within1  47.2%  within5 100.0%
    ks_vallelunga__club_circuit n=16  median   1.45 m /   61.0 ms  p90    3.39 m /    99.0 ms  worst     5.28 m  within1  68.8%  within5 100.0%
    magione                  n=40  median   1.55 m /   59.4 ms  p90    3.12 m /   102.9 ms  worst     3.92 m  within1  62.5%  within5 100.0%

G2  held-out tracks
  n=320  median   2.14 m /   56.8 ms  p90    7.67 m /   190.0 ms  worst   621.37 m  within1  46.6%  within5  92.5%
  mean predictive entropy 2.534 nats
    ks_silverstone__national n=152  median   2.68 m /   72.5 ms  p90   10.30 m /   229.1 ms  worst   621.37 m  within1  34.2%  within5  88.8%
    rt_lime_rock_park__no_chicane n=96  median   1.54 m /   42.5 ms  p90    3.72 m /    97.9 ms  worst    27.58 m  within1  62.5%  within5  99.0%
    rt_oulton_park__fosters  n=72  median   1.86 m /   55.3 ms  p90    6.59 m /   212.1 ms  worst    31.71 m  within1  51.4%  within5  91.7%

====================================================================================================
NEGATIVE CONTROLS
====================================================================================================

wrong-reference control: live clips paired with another track's reference
  matched reference   median    1.44 m   entropy 2.343 nats
  wrong reference     median  718.57 m   entropy 3.546 nats
  chance for 3227 bins at 2.00 m: 1613.3 m; uniform entropy 8.079 nats
  PASS: error must collapse to chance when the reference is wrong

wrote runs/v3_look_s0/gates_v3.json
