  G1 ks_black_cat_county__layout_ ref 180056Z  live 183526Z
  G1 ks_black_cat_county__layout_ ref 183242Z  live 183526Z
  G1 ks_brands_hatch__indy        ref 171903Z  live 221531Z
  G1 ks_brands_hatch__indy        ref 181357Z  live 221531Z
  G1 ks_highlands__layout_short   ref 212549Z  live 005654Z
  G1 ks_laguna_seca               ref 110507Z  live 123110Z
  G1 ks_monza66__junior           ref 091133Z  live 093530Z
  G1 ks_nurburgring__layout_sprin ref 100528Z  live 103410Z
  G1 ks_red_bull_ring__layout_nat ref 232216Z  live 174436Z
  G1 ks_red_bull_ring__layout_nat ref 233620Z  live 174436Z
  G1 ks_vallelunga__club_circuit  ref 220345Z  live 223945Z
  G1 ks_vallelunga__club_circuit  ref 222513Z  live 223945Z
  G1 magione                      ref 225059Z  live 231051Z
  G1 magione                      ref 230023Z  live 231051Z
  G2 ks_silverstone__national     ref 105441Z  live 104658Z
  G2 ks_silverstone__national     ref 105442Z  live 104658Z
  G2 ks_silverstone__national     ref 105441Z  live 104658Z
  G2 ks_silverstone__national     ref 105442Z  live 104658Z
  G2 ks_silverstone__national     ref 105441Z  live 104658Z
  G2 ks_silverstone__national     ref 105442Z  live 104658Z
  G2 ks_silverstone__national     ref 105441Z  live 104658Z
  G2 ks_silverstone__national     ref 105442Z  live 104658Z
  G2 ks_silverstone__national     ref 105441Z  live 104658Z
  G2 ks_silverstone__national     ref 105442Z  live 104658Z
  G2 ks_silverstone__national     ref 105441Z  live 104658Z
  G2 ks_silverstone__national     ref 105442Z  live 104658Z
  G2 ks_silverstone__national     ref 105441Z  live 104658Z
  G2 ks_silverstone__national     ref 105442Z  live 104658Z
  G2 ks_silverstone__national     ref 104658Z  live 105441Z
  G2 ks_silverstone__national     ref 105442Z  live 105441Z
  G2 ks_silverstone__national     ref 104658Z  live 105441Z
  G2 ks_silverstone__national     ref 105442Z  live 105441Z
  G2 ks_silverstone__national     ref 104658Z  live 105441Z
  G2 ks_silverstone__national     ref 105442Z  live 105441Z
  G2 ks_silverstone__national     ref 104658Z  live 105441Z
  G2 ks_silverstone__national     ref 105442Z  live 105441Z
  G2 ks_silverstone__national     ref 104658Z  live 105441Z
  G2 ks_silverstone__national     ref 105442Z  live 105441Z
  G2 ks_silverstone__national     ref 104658Z  live 105441Z
  G2 ks_silverstone__national     ref 105442Z  live 105441Z
  G2 ks_silverstone__national     ref 104658Z  live 105441Z
  G2 ks_silverstone__national     ref 105442Z  live 105441Z
  G2 ks_silverstone__national     ref 104658Z  live 105441Z
  G2 ks_silverstone__national     ref 105442Z  live 105441Z
  G2 ks_silverstone__national     ref 104658Z  live 105442Z
  G2 ks_silverstone__national     ref 105441Z  live 105442Z
  G2 ks_silverstone__national     ref 104658Z  live 105442Z
  G2 ks_silverstone__national     ref 105441Z  live 105442Z
  G2 ks_silverstone__national     ref 104658Z  live 105442Z
  G2 ks_silverstone__national     ref 105441Z  live 105442Z
  G2 ks_silverstone__national     ref 104658Z  live 105442Z
  G2 ks_silverstone__national     ref 105441Z  live 105442Z
  G2 ks_silverstone__national     ref 104658Z  live 105442Z
  G2 ks_silverstone__national     ref 105441Z  live 105442Z
  G2 ks_silverstone__national     ref 104658Z  live 105442Z
  G2 ks_silverstone__national     ref 105441Z  live 105442Z
  G2 ks_silverstone__national     ref 104658Z  live 105442Z
  G2 ks_silverstone__national     ref 105441Z  live 105442Z
  G2 ks_silverstone__national     ref 104658Z  live 105442Z
  G2 ks_silverstone__national     ref 105441Z  live 105442Z
  G2 rt_lime_rock_park__no_chican ref 143440Z  live 141815Z
  G2 rt_lime_rock_park__no_chican ref 143440Z  live 141815Z
  G2 rt_lime_rock_park__no_chican ref 143440Z  live 141815Z
  G2 rt_lime_rock_park__no_chican ref 143440Z  live 141815Z
  G2 rt_lime_rock_park__no_chican ref 143440Z  live 141815Z
  G2 rt_lime_rock_park__no_chican ref 143440Z  live 141815Z
  G2 rt_lime_rock_park__no_chican ref 143440Z  live 141815Z
  G2 rt_lime_rock_park__no_chican ref 143440Z  live 141815Z
  G2 rt_lime_rock_park__no_chican ref 143440Z  live 141815Z
  G2 rt_lime_rock_park__no_chican ref 141815Z  live 143440Z
  G2 rt_lime_rock_park__no_chican ref 141815Z  live 143440Z
  G2 rt_lime_rock_park__no_chican ref 141815Z  live 143440Z
  G2 rt_lime_rock_park__no_chican ref 141815Z  live 143440Z
  G2 rt_lime_rock_park__no_chican ref 141815Z  live 143440Z
  G2 rt_lime_rock_park__no_chican ref 141815Z  live 143440Z
  G2 rt_lime_rock_park__no_chican ref 141815Z  live 143440Z
  G2 rt_lime_rock_park__no_chican ref 141815Z  live 143440Z
  G2 rt_oulton_park__fosters      ref 195157Z  live 193254Z
  G2 rt_oulton_park__fosters      ref 195157Z  live 193254Z
  G2 rt_oulton_park__fosters      ref 195157Z  live 193254Z
  G2 rt_oulton_park__fosters      ref 195157Z  live 193254Z
  G2 rt_oulton_park__fosters      ref 195157Z  live 193254Z
  G2 rt_oulton_park__fosters      ref 195157Z  live 193254Z
  G2 rt_oulton_park__fosters      ref 195157Z  live 193254Z
  G2 rt_oulton_park__fosters      ref 195157Z  live 193254Z
  G2 rt_oulton_park__fosters      ref 195157Z  live 193254Z
  G2 rt_oulton_park__fosters      ref 193254Z  live 195157Z
  G2 rt_oulton_park__fosters      ref 193254Z  live 195157Z
  G2 rt_oulton_park__fosters      ref 193254Z  live 195157Z
  G2 rt_oulton_park__fosters      ref 193254Z  live 195157Z
  G2 rt_oulton_park__fosters      ref 193254Z  live 195157Z
  G2 rt_oulton_park__fosters      ref 193254Z  live 195157Z
  G2 rt_oulton_park__fosters      ref 193254Z  live 195157Z
  G2 rt_oulton_park__fosters      ref 193254Z  live 195157Z
  G2 rt_oulton_park__fosters      ref 193254Z  live 195157Z

                                                                       median      p90  >100 ms   >10 m     worst
G1 single                                                       2.14 m   69 ms   219 ms    34.6%    5.8%   2849.5 m
G1 filter                                                       1.97 m   63 ms   199 ms    31.7%    3.9%   1542.2 m
G1 filter, reference time                                       1.38 m   44 ms   127 ms    16.1%    0.3%     15.0 m
G1 filter, reference time, two modes                            1.41 m   46 ms   128 ms    16.4%    0.9%    104.8 m
G1 filter + speed                                               1.11 m   35 ms    90 ms     6.6%    0.0%      8.4 m
G1 filter, lag-corrected                                        1.92 m   62 ms   194 ms    30.3%    3.6%   1542.3 m
G1 filter, reference time, lag-corrected                        1.34 m   41 ms   117 ms    14.0%    0.2%     14.4 m
G1 filter, reference time, two modes, lag-corrected             1.32 m   41 ms   121 ms    14.9%    0.9%    104.8 m
G1 filter + speed, lag-corrected                                0.91 m   30 ms    78 ms     4.6%    0.0%      7.9 m
G2 single                                                       2.18 m   60 ms   201 ms    29.9%    6.7%   1236.6 m
G2 filter                                                       2.12 m   58 ms   193 ms    28.5%    5.5%   1066.2 m
G2 filter, reference time                                       1.41 m   38 ms   109 ms    12.5%    0.2%     48.9 m
G2 filter, reference time, two modes                            1.39 m   38 ms   115 ms    13.4%    1.4%     99.6 m
G2 filter + speed                                               0.92 m   25 ms    61 ms     1.4%    0.1%     20.2 m
G2 filter, lag-corrected                                        2.12 m   58 ms   194 ms    28.9%    5.5%   1065.4 m
G2 filter, reference time, lag-corrected                        1.47 m   40 ms   113 ms    13.5%    0.3%     49.3 m
G2 filter, reference time, two modes, lag-corrected             1.44 m   40 ms   117 ms    14.3%    1.5%     98.7 m
G2 filter + speed, lag-corrected                                0.93 m   25 ms    65 ms     1.8%    0.1%     21.0 m
G2 ks_silverstone__national single                              2.61 m   71 ms   248 ms    36.7%    9.5%   1236.6 m
G2 ks_silverstone__national filter                              2.58 m   70 ms   236 ms    35.7%    8.3%   1066.2 m
G2 ks_silverstone__national filter, reference time              1.50 m   41 ms   116 ms    14.4%    0.3%     48.9 m
G2 ks_silverstone__national filter, reference time, two modes    1.52 m   42 ms   131 ms    17.2%    2.4%     99.6 m
G2 ks_silverstone__national filter + speed                      0.97 m   26 ms    68 ms     2.2%    0.1%     20.2 m
G2 ks_silverstone__national filter, lag-corrected               2.56 m   71 ms   238 ms    36.3%    8.3%   1065.4 m
G2 ks_silverstone__national filter, reference time, lag-corrected    1.57 m   43 ms   121 ms    15.7%    0.4%     49.3 m
G2 ks_silverstone__national filter, reference time, two modes, lag-corrected    1.57 m   43 ms   135 ms    18.5%    2.4%     98.7 m
G2 ks_silverstone__national filter + speed, lag-corrected       1.05 m   28 ms    73 ms     2.9%    0.1%     21.0 m
G2 same car single                                              2.81 m   77 ms   269 ms    39.4%   10.7%   1081.6 m
G2 same car filter                                              2.79 m   75 ms   249 ms    38.8%    9.1%   1066.2 m
G2 same car filter, reference time                              1.16 m   33 ms    88 ms     7.0%    0.2%     48.9 m
G2 same car filter, reference time, two modes                   1.28 m   36 ms   119 ms    13.3%    3.1%     99.6 m
G2 same car filter + speed                                      0.97 m   27 ms    71 ms     3.2%    0.2%     14.8 m
G2 same car filter, lag-corrected                               2.78 m   76 ms   249 ms    39.2%    9.2%   1065.4 m
G2 same car filter, reference time, lag-corrected               1.19 m   34 ms    93 ms     8.0%    0.3%     49.3 m
G2 same car filter, reference time, two modes, lag-corrected    1.28 m   36 ms   121 ms    14.2%    3.1%     98.7 m
G2 same car filter + speed, lag-corrected                       1.02 m   28 ms    72 ms     3.4%    0.2%     15.4 m
G2 rt_lime_rock_park__no_chicane single                         1.68 m   46 ms   126 ms    17.2%    0.8%    111.7 m
G2 rt_lime_rock_park__no_chicane filter                         1.71 m   46 ms   123 ms    16.3%    0.4%     11.9 m
G2 rt_lime_rock_park__no_chicane filter, reference time         1.18 m   32 ms    88 ms     7.3%    0.0%     10.8 m
G2 rt_lime_rock_park__no_chicane filter, reference time, two modes    1.18 m   32 ms    84 ms     6.5%    0.0%     10.1 m
G2 rt_lime_rock_park__no_chicane filter + speed                 0.73 m   19 ms    45 ms     0.0%    0.0%      3.3 m
G2 rt_lime_rock_park__no_chicane filter, lag-corrected          1.69 m   45 ms   123 ms    16.3%    0.7%     15.2 m
G2 rt_lime_rock_park__no_chicane filter, reference time, lag-corrected    1.18 m   32 ms    91 ms     7.7%    0.4%     13.7 m
G2 rt_lime_rock_park__no_chicane filter, reference time, two modes, lag-corrected    1.20 m   32 ms    86 ms     6.8%    0.4%     13.6 m
G2 rt_lime_rock_park__no_chicane filter + speed, lag-corrected    0.69 m   19 ms    50 ms     0.1%    0.0%      4.3 m
G2 rt_oulton_park__fosters single                               1.80 m   51 ms   169 ms    23.7%    4.8%    617.0 m
G2 rt_oulton_park__fosters filter                               1.67 m   46 ms   149 ms    20.9%    2.7%     68.3 m
G2 rt_oulton_park__fosters filter, reference time               1.43 m   39 ms   107 ms    12.1%    0.0%     10.1 m
G2 rt_oulton_park__fosters filter, reference time, two modes    1.34 m   37 ms    99 ms     9.7%    0.1%     29.0 m
G2 rt_oulton_park__fosters filter + speed                       1.01 m   27 ms    55 ms     0.8%    0.0%      8.2 m
G2 rt_oulton_park__fosters filter, lag-corrected                1.71 m   47 ms   149 ms    21.0%    2.6%     68.8 m
G2 rt_oulton_park__fosters filter, reference time, lag-corrected    1.54 m   42 ms   109 ms    13.0%    0.0%      9.5 m
G2 rt_oulton_park__fosters filter, reference time, two modes, lag-corrected    1.41 m   39 ms   101 ms    10.4%    0.1%     29.6 m
G2 rt_oulton_park__fosters filter + speed, lag-corrected        0.90 m   25 ms    57 ms     0.8%    0.0%      7.7 m
