wide: 72 of 82 laps (10 could be held-out drives)
started from runs/v3_wide_s0_base/best.pt
gate g1: held-out laps of seen tracks; full augmentation
train tracks ['ks_black_cat_county__layout_short', 'ks_brands_hatch__indy', 'ks_highlands__layout_short', 'ks_laguna_seca', 'ks_monza66__junior', 'ks_nurburgring__layout_sprint_a', 'ks_red_bull_ring__layout_national', 'ks_vallelunga__club_circuit', 'magione'] (356 laps usable)
eval  tracks ['ks_black_cat_county__layout_short', 'ks_brands_hatch__indy', 'ks_highlands__layout_short', 'ks_laguna_seca', 'ks_monza66__junior', 'ks_nurburgring__layout_sprint_a', 'ks_red_bull_ring__layout_national', 'ks_vallelunga__club_circuit', 'magione'], split=train
held out as live-only: ['ks_black_cat_county__layout_short__20260923T183526Z__lap07', 'ks_brands_hatch__indy__20260921T221531Z__lap02', 'ks_highlands__layout_short__20260928T005654Z__lap54', 'ks_laguna_seca__default__20260928T123110Z__lap12', 'ks_monza66__junior__20260928T093530Z__lap14', 'ks_nurburgring__layout_sprint_a__20260928T103410Z__lap12', 'ks_red_bull_ring__layout_national__20260923T174436Z__lap11', 'ks_vallelunga__club_circuit__20260922T223945Z__lap07', 'magione__default__20260922T231051Z__lap06']
frame 148x80, reference bins 3227
model 0.67M params on mps

step     1/1500  loss  4.7298 (ce  3.079 aux  3.298 ref 0.0025)  train median    3.27 m   2.47 s/step
step    20/1500  loss  4.7475 (ce  3.057 aux  3.380 ref 0.0019)  train median    5.43 m   0.47 s/step
step    40/1500  loss  4.3763 (ce  2.599 aux  3.553 ref 0.0006)  train median    2.17 m   0.42 s/step
step    60/1500  loss  4.7150 (ce  3.080 aux  3.268 ref 0.0016)  train median    3.04 m   0.42 s/step
step    80/1500  loss  4.0127 (ce  2.454 aux  3.115 ref 0.0013)  train median    2.52 m   0.41 s/step
step   100/1500  loss  5.5987 (ce  3.614 aux  3.969 ref 0.0004)  train median    4.02 m   0.42 s/step
step   120/1500  loss  3.7419 (ce  2.396 aux  2.690 ref 0.0015)  train median    2.58 m   0.44 s/step
step   140/1500  loss  3.5753 (ce  2.285 aux  2.580 ref 0.0008)  train median    1.62 m   0.43 s/step
step   160/1500  loss  4.7091 (ce  3.165 aux  3.087 ref 0.0012)  train median    3.93 m   0.45 s/step
step   180/1500  loss  3.8861 (ce  2.450 aux  2.870 ref 0.0019)  train median    2.58 m   0.44 s/step
step   200/1500  loss  4.0749 (ce  2.657 aux  2.835 ref 0.0015)  train median    2.35 m   0.44 s/step
  eval  n=192  median   1.91 m /   64.1 ms  p90    6.01 m /   203.6 ms  worst    91.17 m  within1  52.1%  within5  96.4%
        ks_black_cat_county__layout_short n=24  median   2.76 m /   86.5 ms  p90    7.23 m /   280.3 ms  worst    91.17 m  within1  41.7%  within5  91.7%
        ks_brands_hatch__indy    n=16  median   1.69 m /   63.9 ms  p90    8.30 m /   206.8 ms  worst    13.40 m  within1  62.5%  within5  93.8%
        ks_highlands__layout_short n=16  median   2.67 m /   85.1 ms  p90    6.18 m /   170.6 ms  worst    22.45 m  within1  37.5%  within5  93.8%
        ks_laguna_seca           n=16  median   2.31 m /   60.5 ms  p90    4.00 m /   113.5 ms  worst     4.60 m  within1  43.8%  within5 100.0%
        ks_monza66__junior       n=8  median   1.45 m /   50.6 ms  p90    2.30 m /    63.8 ms  worst     3.12 m  within1  87.5%  within5 100.0%
        ks_nurburgring__layout_sprint_a n=24  median   3.05 m /  115.5 ms  p90    9.72 m /   330.0 ms  worst    13.88 m  within1  33.3%  within5  87.5%
        ks_red_bull_ring__layout_national n=16  median   2.48 m /   70.1 ms  p90    5.36 m /   154.0 ms  worst     7.22 m  within1  43.8%  within5 100.0%
        ks_vallelunga__club_circuit n=32  median   1.17 m /   37.6 ms  p90    5.67 m /   156.1 ms  worst     6.76 m  within1  62.5%  within5 100.0%
        magione                  n=40  median   1.73 m /   58.8 ms  p90    5.70 m /   212.3 ms  worst     8.54 m  within1  62.5%  within5 100.0%
step   220/1500  loss  3.7538 (ce  2.429 aux  2.649 ref 0.0018)  train median    3.02 m   0.47 s/step
step   240/1500  loss  3.9280 (ce  2.589 aux  2.675 ref 0.0021)  train median    2.38 m   0.47 s/step
step   260/1500  loss  4.0917 (ce  2.545 aux  3.092 ref 0.0017)  train median    2.60 m   0.47 s/step
step   280/1500  loss  3.8179 (ce  2.337 aux  2.961 ref 0.0008)  train median    1.69 m   0.47 s/step
step   300/1500  loss  4.8886 (ce  3.240 aux  3.294 ref 0.0039)  train median    5.99 m   0.47 s/step
step   320/1500  loss  4.2603 (ce  2.758 aux  3.003 ref 0.0015)  train median    3.69 m   0.48 s/step
step   340/1500  loss  5.3736 (ce  3.374 aux  3.997 ref 0.0022)  train median    3.70 m   0.48 s/step
step   360/1500  loss  3.8449 (ce  2.408 aux  2.872 ref 0.0012)  train median    1.68 m   0.47 s/step
step   380/1500  loss  4.1725 (ce  2.647 aux  3.049 ref 0.0019)  train median    3.06 m   0.46 s/step
step   400/1500  loss  5.8824 (ce  4.007 aux  3.749 ref 0.0013)  train median    4.80 m   0.46 s/step
  eval  n=192  median   2.09 m /   67.5 ms  p90    6.76 m /   221.1 ms  worst    90.58 m  within1  49.5%  within5  95.3%
        ks_black_cat_county__layout_short n=24  median   3.19 m /   94.8 ms  p90   15.51 m /   482.6 ms  worst    90.58 m  within1  37.5%  within5  87.5%
        ks_brands_hatch__indy    n=16  median   1.50 m /   49.6 ms  p90    5.24 m /   121.9 ms  worst     7.49 m  within1  75.0%  within5 100.0%
        ks_highlands__layout_short n=16  median   2.70 m /   82.5 ms  p90    7.23 m /   194.6 ms  worst    19.74 m  within1  43.8%  within5  93.8%
        ks_laguna_seca           n=16  median   2.90 m /   88.5 ms  p90    5.14 m /   161.7 ms  worst     6.33 m  within1  31.2%  within5 100.0%
        ks_monza66__junior       n=8  median   0.94 m /   27.4 ms  p90    2.50 m /    76.8 ms  worst     3.31 m  within1  62.5%  within5 100.0%
        ks_nurburgring__layout_sprint_a n=24  median   3.78 m /  114.2 ms  p90    9.11 m /   314.8 ms  worst    14.72 m  within1  25.0%  within5  91.7%
        ks_red_bull_ring__layout_national n=16  median   3.42 m /   91.2 ms  p90    7.47 m /   194.6 ms  worst    11.70 m  within1  37.5%  within5  93.8%
        ks_vallelunga__club_circuit n=32  median   1.02 m /   40.3 ms  p90    4.77 m /   140.4 ms  worst    10.40 m  within1  62.5%  within5  96.9%
        magione                  n=40  median   1.67 m /   56.0 ms  p90    5.40 m /   227.4 ms  worst    11.16 m  within1  62.5%  within5  97.5%
step   420/1500  loss  4.3988 (ce  2.793 aux  3.210 ref 0.0013)  train median    4.79 m   0.47 s/step
step   440/1500  loss  4.3968 (ce  2.762 aux  3.267 ref 0.0018)  train median    3.16 m   0.48 s/step
step   460/1500  loss  3.7396 (ce  2.403 aux  2.673 ref 0.0011)  train median    2.78 m   0.48 s/step
step   480/1500  loss  3.6076 (ce  2.227 aux  2.761 ref 0.0008)  train median    1.00 m   0.48 s/step
step   500/1500  loss  3.6503 (ce  2.322 aux  2.656 ref 0.0006)  train median    1.30 m   0.47 s/step
step   520/1500  loss  3.9630 (ce  2.492 aux  2.941 ref 0.0010)  train median    1.76 m   0.47 s/step
step   540/1500  loss  3.7547 (ce  2.372 aux  2.765 ref 0.0011)  train median    2.30 m   0.47 s/step
step   560/1500  loss  4.5595 (ce  2.828 aux  3.463 ref 0.0010)  train median    4.90 m   0.47 s/step
step   580/1500  loss  3.9987 (ce  2.561 aux  2.875 ref 0.0016)  train median    1.48 m   0.47 s/step
step   600/1500  loss  4.3650 (ce  2.752 aux  3.225 ref 0.0012)  train median    3.88 m   0.47 s/step
  eval  n=192  median   2.31 m /   72.1 ms  p90    6.42 m /   203.0 ms  worst  1094.86 m  within1  47.4%  within5  95.3%
        ks_black_cat_county__layout_short n=24  median   2.88 m /   89.0 ms  p90    6.79 m /   163.7 ms  worst   451.02 m  within1  29.2%  within5  91.7%
        ks_brands_hatch__indy    n=16  median   1.71 m /   59.1 ms  p90    6.34 m /   150.5 ms  worst     7.48 m  within1  56.2%  within5 100.0%
        ks_highlands__layout_short n=16  median   2.74 m /   88.2 ms  p90    6.44 m /   186.4 ms  worst     8.78 m  within1  43.8%  within5 100.0%
        ks_laguna_seca           n=16  median   2.72 m /   75.1 ms  p90    5.20 m /   138.5 ms  worst  1094.86 m  within1  37.5%  within5  93.8%
        ks_monza66__junior       n=8  median   1.58 m /   51.3 ms  p90    2.53 m /    70.2 ms  worst     2.55 m  within1  75.0%  within5 100.0%
        ks_nurburgring__layout_sprint_a n=24  median   3.21 m /  104.0 ms  p90    7.02 m /   287.9 ms  worst    19.11 m  within1  29.2%  within5  91.7%
        ks_red_bull_ring__layout_national n=16  median   3.17 m /   99.7 ms  p90    7.37 m /   194.6 ms  worst    14.85 m  within1  37.5%  within5  93.8%
        ks_vallelunga__club_circuit n=32  median   1.19 m /   38.8 ms  p90    6.10 m /   184.8 ms  worst    12.31 m  within1  65.6%  within5  96.9%
        magione                  n=40  median   1.69 m /   59.3 ms  p90    5.65 m /   246.8 ms  worst    99.29 m  within1  55.0%  within5  95.0%
step   620/1500  loss  4.2329 (ce  2.497 aux  3.472 ref 0.0004)  train median    2.11 m   0.48 s/step
step   640/1500  loss  3.7606 (ce  2.400 aux  2.720 ref 0.0013)  train median    1.76 m   0.48 s/step
step   660/1500  loss  4.1890 (ce  2.687 aux  3.004 ref 0.0011)  train median    5.10 m   0.48 s/step
step   680/1500  loss  4.3489 (ce  2.745 aux  3.207 ref 0.0012)  train median    1.75 m   0.48 s/step
step   700/1500  loss  4.1831 (ce  2.691 aux  2.983 ref 0.0010)  train median    3.53 m   0.48 s/step
step   720/1500  loss  3.7329 (ce  2.335 aux  2.795 ref 0.0010)  train median    1.98 m   0.47 s/step
step   740/1500  loss  4.3280 (ce  2.655 aux  3.345 ref 0.0004)  train median    3.16 m   0.47 s/step
step   760/1500  loss  3.9300 (ce  2.518 aux  2.821 ref 0.0017)  train median    2.64 m   0.47 s/step
step   780/1500  loss  5.3778 (ce  3.661 aux  3.433 ref 0.0004)  train median    2.45 m   0.48 s/step
step   800/1500  loss  4.4089 (ce  2.776 aux  3.264 ref 0.0019)  train median    2.72 m   0.48 s/step
  eval  n=192  median   2.13 m /   65.7 ms  p90    6.36 m /   214.1 ms  worst  2522.04 m  within1  48.4%  within5  94.8%
        ks_black_cat_county__layout_short n=24  median   2.40 m /   68.2 ms  p90    6.31 m /   241.1 ms  worst  2522.04 m  within1  41.7%  within5  91.7%
        ks_brands_hatch__indy    n=16  median   1.60 m /   66.7 ms  p90    6.44 m /   163.3 ms  worst     7.39 m  within1  56.2%  within5 100.0%
        ks_highlands__layout_short n=16  median   1.87 m /   67.5 ms  p90    4.29 m /   134.0 ms  worst     5.52 m  within1  50.0%  within5 100.0%
        ks_laguna_seca           n=16  median   1.94 m /   50.0 ms  p90  438.12 m / 13189.9 ms  worst  1095.52 m  within1  50.0%  within5  87.5%
        ks_monza66__junior       n=8  median   0.76 m /   25.7 ms  p90    2.48 m /    62.3 ms  worst     2.57 m  within1  75.0%  within5 100.0%
        ks_nurburgring__layout_sprint_a n=24  median   3.43 m /  119.4 ms  p90    9.81 m /   326.1 ms  worst    14.92 m  within1  33.3%  within5  87.5%
        ks_red_bull_ring__layout_national n=16  median   2.97 m /   70.2 ms  p90    5.98 m /   180.1 ms  worst    13.57 m  within1  31.2%  within5  93.8%
        ks_vallelunga__club_circuit n=32  median   1.58 m /   61.0 ms  p90    5.06 m /   171.8 ms  worst    11.22 m  within1  62.5%  within5  96.9%
        magione                  n=40  median   2.15 m /   69.1 ms  p90    5.73 m /   218.6 ms  worst    94.05 m  within1  47.5%  within5  97.5%
step   820/1500  loss  4.1870 (ce  2.644 aux  3.085 ref 0.0007)  train median    1.54 m   0.49 s/step
step   840/1500  loss  3.9938 (ce  2.497 aux  2.993 ref 0.0012)  train median    1.37 m   0.49 s/step
step   860/1500  loss  3.9401 (ce  2.401 aux  3.078 ref 0.0007)  train median    0.80 m   0.49 s/step
step   880/1500  loss  4.7679 (ce  2.943 aux  3.649 ref 0.0013)  train median    3.56 m   0.49 s/step
step   900/1500  loss  4.7727 (ce  2.999 aux  3.546 ref 0.0021)  train median    4.34 m   0.49 s/step
step   920/1500  loss  4.2685 (ce  2.859 aux  2.817 ref 0.0016)  train median    2.20 m   0.49 s/step
step   940/1500  loss  4.0928 (ce  2.622 aux  2.940 ref 0.0016)  train median    2.91 m   0.49 s/step
step   960/1500  loss  3.7808 (ce  2.366 aux  2.828 ref 0.0010)  train median    2.15 m   0.49 s/step
step   980/1500  loss  6.1641 (ce  3.893 aux  4.542 ref 0.0006)  train median    6.09 m   0.49 s/step
step  1000/1500  loss  3.5861 (ce  2.292 aux  2.588 ref 0.0012)  train median    2.03 m   0.48 s/step
  eval  n=192  median   1.87 m /   62.9 ms  p90    5.62 m /   176.6 ms  worst    89.66 m  within1  52.6%  within5  96.9%
        ks_black_cat_county__layout_short n=24  median   2.44 m /   74.6 ms  p90    5.81 m /   214.6 ms  worst    89.66 m  within1  33.3%  within5  95.8%
        ks_brands_hatch__indy    n=16  median   1.66 m /   55.3 ms  p90    5.27 m /   125.7 ms  worst     7.00 m  within1  68.8%  within5 100.0%
        ks_highlands__layout_short n=16  median   2.38 m /   79.2 ms  p90    3.84 m /   130.1 ms  worst     6.75 m  within1  43.8%  within5 100.0%
        ks_laguna_seca           n=16  median   1.76 m /   49.0 ms  p90    5.06 m /   144.6 ms  worst     5.20 m  within1  62.5%  within5 100.0%
        ks_monza66__junior       n=8  median   1.27 m /   28.9 ms  p90    2.33 m /    70.8 ms  worst     3.06 m  within1  75.0%  within5 100.0%
        ks_nurburgring__layout_sprint_a n=24  median   3.34 m /  113.1 ms  p90    7.15 m /   259.9 ms  worst    13.39 m  within1  25.0%  within5  91.7%
        ks_red_bull_ring__layout_national n=16  median   2.37 m /   64.2 ms  p90    4.55 m /   135.9 ms  worst    10.30 m  within1  43.8%  within5  93.8%
        ks_vallelunga__club_circuit n=32  median   1.54 m /   56.2 ms  p90    5.12 m /   164.8 ms  worst    11.44 m  within1  68.8%  within5  96.9%
        magione                  n=40  median   1.63 m /   56.2 ms  p90    5.02 m /   180.6 ms  worst    10.12 m  within1  60.0%  within5  97.5%
step  1020/1500  loss  3.9702 (ce  2.463 aux  3.013 ref 0.0013)  train median    1.49 m   0.49 s/step
step  1040/1500  loss  3.7289 (ce  2.350 aux  2.757 ref 0.0008)  train median    1.48 m   0.49 s/step
step  1060/1500  loss  4.6410 (ce  3.142 aux  2.997 ref 0.0015)  train median    1.01 m   0.48 s/step
step  1080/1500  loss  4.1398 (ce  2.595 aux  3.088 ref 0.0012)  train median    3.32 m   0.49 s/step
step  1100/1500  loss  5.5129 (ce  3.532 aux  3.960 ref 0.0008)  train median    5.16 m   0.49 s/step
step  1120/1500  loss  4.1335 (ce  2.608 aux  3.049 ref 0.0011)  train median    1.81 m   0.49 s/step
step  1140/1500  loss  4.5742 (ce  2.962 aux  3.224 ref 0.0010)  train median    4.45 m   0.49 s/step
step  1160/1500  loss  4.2333 (ce  2.746 aux  2.971 ref 0.0030)  train median    3.61 m   0.48 s/step
step  1180/1500  loss  4.1896 (ce  2.602 aux  3.174 ref 0.0013)  train median    1.90 m   0.48 s/step
step  1200/1500  loss  3.6849 (ce  2.269 aux  2.830 ref 0.0008)  train median    1.45 m   0.49 s/step
  eval  n=192  median   2.01 m /   66.9 ms  p90    5.58 m /   182.3 ms  worst    90.41 m  within1  50.0%  within5  96.4%
        ks_black_cat_county__layout_short n=24  median   2.66 m /   74.2 ms  p90    6.28 m /   203.0 ms  worst    90.41 m  within1  37.5%  within5  95.8%
        ks_brands_hatch__indy    n=16  median   1.61 m /   55.3 ms  p90    4.83 m /   130.6 ms  worst     8.15 m  within1  56.2%  within5 100.0%
        ks_highlands__layout_short n=16  median   2.29 m /   81.1 ms  p90    5.73 m /   160.5 ms  worst    17.82 m  within1  43.8%  within5  93.8%
        ks_laguna_seca           n=16  median   1.80 m /   48.6 ms  p90    5.22 m /   149.3 ms  worst     5.97 m  within1  50.0%  within5 100.0%
        ks_monza66__junior       n=8  median   0.79 m /   23.4 ms  p90    2.34 m /    72.7 ms  worst     3.18 m  within1  87.5%  within5 100.0%
        ks_nurburgring__layout_sprint_a n=24  median   2.93 m /  112.7 ms  p90    9.95 m /   309.9 ms  worst    47.66 m  within1  25.0%  within5  87.5%
        ks_red_bull_ring__layout_national n=16  median   2.85 m /   69.8 ms  p90    4.47 m /   144.9 ms  worst    10.62 m  within1  43.8%  within5  93.8%
        ks_vallelunga__club_circuit n=32  median   1.43 m /   51.0 ms  p90    4.82 m /   134.3 ms  worst    11.31 m  within1  62.5%  within5  96.9%
        magione                  n=40  median   1.56 m /   54.3 ms  p90    4.56 m /   183.4 ms  worst     9.52 m  within1  57.5%  within5 100.0%
step  1220/1500  loss  4.1826 (ce  2.566 aux  3.232 ref 0.0008)  train median    1.57 m   0.49 s/step
step  1240/1500  loss  4.2023 (ce  2.641 aux  3.122 ref 0.0005)  train median    4.70 m   0.49 s/step
step  1260/1500  loss  4.4084 (ce  2.727 aux  3.361 ref 0.0015)  train median    2.32 m   0.49 s/step
step  1280/1500  loss  5.2232 (ce  3.426 aux  3.593 ref 0.0013)  train median    5.13 m   0.49 s/step
step  1300/1500  loss  3.6972 (ce  2.384 aux  2.626 ref 0.0012)  train median    1.22 m   0.49 s/step
step  1320/1500  loss  4.0096 (ce  2.538 aux  2.944 ref 0.0005)  train median    1.64 m   0.49 s/step
step  1340/1500  loss  4.4456 (ce  2.829 aux  3.231 ref 0.0013)  train median    2.17 m   0.49 s/step
step  1360/1500  loss  3.5903 (ce  2.291 aux  2.598 ref 0.0008)  train median    2.22 m   0.49 s/step
step  1380/1500  loss  4.2878 (ce  2.695 aux  3.184 ref 0.0006)  train median    1.51 m   0.49 s/step
step  1400/1500  loss  3.6185 (ce  2.233 aux  2.771 ref 0.0008)  train median    1.17 m   0.49 s/step
  eval  n=192  median   1.85 m /   64.1 ms  p90    5.78 m /   177.3 ms  worst    90.40 m  within1  52.1%  within5  96.9%
        ks_black_cat_county__layout_short n=24  median   2.81 m /   76.7 ms  p90    6.34 m /   183.7 ms  worst    90.40 m  within1  37.5%  within5  95.8%
        ks_brands_hatch__indy    n=16  median   1.58 m /   43.9 ms  p90    4.51 m /   127.1 ms  worst     7.08 m  within1  68.8%  within5 100.0%
        ks_highlands__layout_short n=16  median   2.05 m /   75.7 ms  p90    5.42 m /   152.2 ms  worst    18.47 m  within1  50.0%  within5  93.8%
        ks_laguna_seca           n=16  median   2.16 m /   59.1 ms  p90    4.64 m /   131.9 ms  worst     5.75 m  within1  50.0%  within5 100.0%
        ks_monza66__junior       n=8  median   1.10 m /   32.5 ms  p90    2.38 m /    71.8 ms  worst     3.02 m  within1  62.5%  within5 100.0%
        ks_nurburgring__layout_sprint_a n=24  median   3.13 m /  126.6 ms  p90    8.52 m /   289.1 ms  worst    14.15 m  within1  25.0%  within5  91.7%
        ks_red_bull_ring__layout_national n=16  median   2.60 m /   70.1 ms  p90    4.28 m /   138.0 ms  worst    11.21 m  within1  43.8%  within5  93.8%
        ks_vallelunga__club_circuit n=32  median   1.38 m /   50.2 ms  p90    4.82 m /   139.1 ms  worst    11.14 m  within1  68.8%  within5  96.9%
        magione                  n=40  median   1.52 m /   60.2 ms  p90    4.33 m /   183.8 ms  worst     9.88 m  within1  60.0%  within5 100.0%
step  1420/1500  loss  3.6860 (ce  2.294 aux  2.783 ref 0.0009)  train median    1.69 m   0.50 s/step
step  1440/1500  loss  3.9650 (ce  2.573 aux  2.783 ref 0.0021)  train median    3.09 m   0.50 s/step
step  1460/1500  loss  3.5508 (ce  2.261 aux  2.579 ref 0.0008)  train median    1.54 m   0.49 s/step
step  1480/1500  loss  3.9839 (ce  2.616 aux  2.734 ref 0.0014)  train median    3.53 m   0.49 s/step
step  1500/1500  loss  4.3930 (ce  2.987 aux  2.810 ref 0.0022)  train median    3.96 m   0.49 s/step
  eval  n=192  median   1.86 m /   63.9 ms  p90    5.77 m /   175.8 ms  worst    90.41 m  within1  52.1%  within5  96.9%
        ks_black_cat_county__layout_short n=24  median   2.81 m /   76.6 ms  p90    6.35 m /   183.7 ms  worst    90.41 m  within1  37.5%  within5  95.8%
        ks_brands_hatch__indy    n=16  median   1.56 m /   43.7 ms  p90    4.53 m /   127.8 ms  worst     7.02 m  within1  68.8%  within5 100.0%
        ks_highlands__layout_short n=16  median   2.07 m /   75.7 ms  p90    5.40 m /   151.9 ms  worst    18.45 m  within1  50.0%  within5  93.8%
        ks_laguna_seca           n=16  median   2.17 m /   59.7 ms  p90    4.62 m /   131.3 ms  worst     5.71 m  within1  50.0%  within5 100.0%
        ks_monza66__junior       n=8  median   1.11 m /   33.0 ms  p90    2.38 m /    71.4 ms  worst     2.99 m  within1  62.5%  within5 100.0%
        ks_nurburgring__layout_sprint_a n=24  median   3.13 m /  126.7 ms  p90    8.61 m /   289.9 ms  worst    14.13 m  within1  25.0%  within5  91.7%
        ks_red_bull_ring__layout_national n=16  median   2.61 m /   70.0 ms  p90    4.26 m /   137.6 ms  worst    11.27 m  within1  43.8%  within5  93.8%
        ks_vallelunga__club_circuit n=32  median   1.40 m /   49.7 ms  p90    4.83 m /   139.3 ms  worst    11.11 m  within1  68.8%  within5  96.9%
        magione                  n=40  median   1.51 m /   60.0 ms  p90    4.28 m /   184.0 ms  worst     9.89 m  within1  60.0%  within5 100.0%

best eval median 1.85 m; artifacts in /Users/pvodopija/code/primal/runs/v3_wide_s0
