====================================================================================================
GATES
====================================================================================================

seen laps, seen tracks
  n=320  median   1.70 m /   54.6 ms  p90    8.57 m /   240.0 ms  worst  1274.70 m  within1  55.0%  within5  92.5%
  mean predictive entropy 2.457 nats
    ks_black_cat_county__layout_short n=32  median   2.14 m /   57.9 ms  p90    7.96 m /   215.1 ms  worst     9.05 m  within1  43.8%  within5 100.0%
    ks_brands_hatch__indy    n=40  median   0.78 m /   22.5 ms  p90    1.62 m /    48.7 ms  worst     2.51 m  within1  97.5%  within5 100.0%
    ks_highlands__layout_short n=40  median   2.13 m /   64.9 ms  p90   52.59 m /  1590.9 ms  worst   837.46 m  within1  47.5%  within5  87.5%
    ks_laguna_seca           n=48  median   3.73 m /  132.1 ms  p90   12.29 m /   369.1 ms  worst   559.85 m  within1  29.2%  within5  85.4%
    ks_monza66__junior       n=16  median   3.78 m /   94.9 ms  p90   60.61 m /  1353.0 ms  worst   189.04 m  within1  37.5%  within5  75.0%
    ks_nurburgring__layout_sprint_a n=32  median   4.23 m /  113.1 ms  p90  108.26 m /  3198.1 ms  worst  1274.70 m  within1  28.1%  within5  75.0%
    ks_red_bull_ring__layout_national n=40  median   1.05 m /   30.2 ms  p90    3.78 m /   100.2 ms  worst     9.11 m  within1  70.0%  within5 100.0%
    ks_vallelunga__club_circuit n=40  median   1.61 m /   56.0 ms  p90    3.69 m /   106.5 ms  worst     5.79 m  within1  60.0%  within5 100.0%
    magione                  n=32  median   0.91 m /   34.7 ms  p90    3.73 m /   169.1 ms  worst     8.40 m  within1  71.9%  within5 100.0%

G1  held-out laps, seen tracks
  n=320  median   2.03 m /   61.2 ms  p90   10.11 m /   274.1 ms  worst  1756.71 m  within1  49.7%  within5  89.7%
  mean predictive entropy 2.495 nats
    ks_black_cat_county__layout_short n=32  median   1.45 m /   46.5 ms  p90    4.54 m /   130.7 ms  worst     7.74 m  within1  65.6%  within5 100.0%
    ks_brands_hatch__indy    n=32  median   1.28 m /   32.8 ms  p90    3.64 m /   112.7 ms  worst     6.50 m  within1  68.8%  within5 100.0%
    ks_highlands__layout_short n=32  median   3.70 m /  116.8 ms  p90  241.53 m /  9303.5 ms  worst   823.30 m  within1  34.4%  within5  71.9%
    ks_laguna_seca           n=16  median   3.56 m /  122.2 ms  p90   18.49 m /   419.5 ms  worst   178.74 m  within1  25.0%  within5  81.2%
    ks_monza66__junior       n=32  median   2.51 m /   66.4 ms  p90   11.99 m /   270.5 ms  worst    45.07 m  within1  34.4%  within5  87.5%
    ks_nurburgring__layout_sprint_a n=48  median   5.92 m /  167.0 ms  p90  289.57 m /  7869.7 ms  worst  1756.71 m  within1  29.2%  within5  66.7%
    ks_red_bull_ring__layout_national n=72  median   1.26 m /   40.7 ms  p90    4.18 m /   126.6 ms  worst     5.68 m  within1  61.1%  within5 100.0%
    ks_vallelunga__club_circuit n=16  median   1.28 m /   51.1 ms  p90    3.79 m /    96.4 ms  worst     4.93 m  within1  62.5%  within5 100.0%
    magione                  n=40  median   1.74 m /   62.3 ms  p90    4.22 m /   161.8 ms  worst    40.79 m  within1  55.0%  within5  97.5%

G2  held-out tracks
  n=320  median   2.76 m /   72.8 ms  p90   16.00 m /   374.2 ms  worst  1231.91 m  within1  42.2%  within5  86.6%
  mean predictive entropy 2.788 nats
    ks_silverstone__national n=152  median   2.97 m /   86.5 ms  p90   18.17 m /   449.8 ms  worst  1231.91 m  within1  35.5%  within5  82.9%
    rt_lime_rock_park__no_chicane n=96  median   1.68 m /   48.4 ms  p90    7.44 m /   201.7 ms  worst  1175.63 m  within1  56.2%  within5  94.8%
    rt_oulton_park__fosters  n=72  median   2.93 m /   84.3 ms  p90   22.79 m /   517.2 ms  worst   598.40 m  within1  37.5%  within5  83.3%

====================================================================================================
NEGATIVE CONTROLS
====================================================================================================

wrong-reference control: live clips paired with another track's reference
  matched reference   median    1.80 m   entropy 2.474 nats
  wrong reference     median  702.43 m   entropy 3.539 nats
  chance for 3227 bins at 2.00 m: 1613.3 m; uniform entropy 8.079 nats
  PASS: error must collapse to chance when the reference is wrong

wrote runs/v3_curve_k5/gates_v3.json
