  ks_silverstone__national     live lap02  reference 0260924T104658Z__lap01
  ks_silverstone__national     live lap04  reference 0260924T104658Z__lap02
  ks_silverstone__national     live lap05  reference 0260924T104658Z__lap03
  ks_silverstone__national     live lap06  reference 0260924T104658Z__lap04
  rt_lime_rock_park__no_chican live lap02  reference 0260928T143440Z__lap04
  rt_lime_rock_park__no_chican live lap03  reference 0260928T143440Z__lap05
  rt_lime_rock_park__no_chican live lap04  reference 0260928T143440Z__lap06
  rt_lime_rock_park__no_chican live lap05  reference 0260928T143440Z__lap07
  rt_oulton_park__fosters      live lap02  reference 0260929T195157Z__lap03
  rt_oulton_park__fosters      live lap03  reference 0260929T195157Z__lap04
  rt_oulton_park__fosters      live lap04  reference 0260929T195157Z__lap05
  rt_oulton_park__fosters      live lap05  reference 0260929T195157Z__lap06

                                          single >100 ms  tracker median      p90  >100 ms
level                                              20.9%           34 ms    95 ms     8.2%
yaw 7                                              39.7%           63 ms   182 ms    31.6%
yaw 14                                             65.0%          125 ms   385 ms    58.3%
pitch 5                                            36.8%           59 ms   134 ms    21.8%
roll 10                                            31.2%           42 ms   113 ms    13.5%
shake 1                                            20.9%           34 ms    95 ms     8.3%
shake 2                                            21.5%           33 ms    96 ms     8.7%
yaw 10, shake 1                                    51.6%           84 ms   249 ms    43.3%
same session: level                                 5.7%           13 ms    39 ms     0.7%
same session: Halo level                           10.9%           17 ms    52 ms     2.0%
same session: Halo yaw 10, shake 1                 52.8%           87 ms   269 ms    45.8%
