  G1 ks_black_cat_county__layout_ ref 180056Z  live 183526Z
  G1 ks_black_cat_county__layout_ ref 183242Z  live 183526Z
  G1 ks_brands_hatch__indy        ref 171903Z  live 221531Z
  G1 ks_brands_hatch__indy        ref 181357Z  live 221531Z
  G1 ks_highlands__layout_short   ref 212549Z  live 005654Z
  G1 ks_laguna_seca               ref 110507Z  live 123110Z
  G1 ks_monza66__junior           ref 091133Z  live 093530Z
  G1 ks_nurburgring__layout_sprin ref 100528Z  live 103410Z
  G1 ks_red_bull_ring__layout_nat ref 232216Z  live 174436Z
  G1 ks_red_bull_ring__layout_nat ref 233620Z  live 174436Z
  G1 ks_vallelunga__club_circuit  ref 220345Z  live 223945Z
  G1 ks_vallelunga__club_circuit  ref 222513Z  live 223945Z
  G1 magione                      ref 225059Z  live 231051Z
  G1 magione                      ref 230023Z  live 231051Z
  G2 ks_silverstone__national     ref 105441Z  live 104658Z
  G2 ks_silverstone__national     ref 105442Z  live 104658Z
  G2 ks_silverstone__national     ref 105441Z  live 104658Z
  G2 ks_silverstone__national     ref 105442Z  live 104658Z
  G2 ks_silverstone__national     ref 105441Z  live 104658Z
  G2 ks_silverstone__national     ref 105442Z  live 104658Z
  G2 ks_silverstone__national     ref 105441Z  live 104658Z
  G2 ks_silverstone__national     ref 105442Z  live 104658Z
  G2 ks_silverstone__national     ref 105441Z  live 104658Z
  G2 ks_silverstone__national     ref 105442Z  live 104658Z
  G2 ks_silverstone__national     ref 105441Z  live 104658Z
  G2 ks_silverstone__national     ref 105442Z  live 104658Z
  G2 ks_silverstone__national     ref 105441Z  live 104658Z
  G2 ks_silverstone__national     ref 105442Z  live 104658Z
  G2 ks_silverstone__national     ref 104658Z  live 105441Z
  G2 ks_silverstone__national     ref 105442Z  live 105441Z
  G2 ks_silverstone__national     ref 104658Z  live 105441Z
  G2 ks_silverstone__national     ref 105442Z  live 105441Z
  G2 ks_silverstone__national     ref 104658Z  live 105441Z
  G2 ks_silverstone__national     ref 105442Z  live 105441Z
  G2 ks_silverstone__national     ref 104658Z  live 105441Z
  G2 ks_silverstone__national     ref 105442Z  live 105441Z
  G2 ks_silverstone__national     ref 104658Z  live 105441Z
  G2 ks_silverstone__national     ref 105442Z  live 105441Z
  G2 ks_silverstone__national     ref 104658Z  live 105441Z
  G2 ks_silverstone__national     ref 105442Z  live 105441Z
  G2 ks_silverstone__national     ref 104658Z  live 105441Z
  G2 ks_silverstone__national     ref 105442Z  live 105441Z
  G2 ks_silverstone__national     ref 104658Z  live 105441Z
  G2 ks_silverstone__national     ref 105442Z  live 105441Z
  G2 ks_silverstone__national     ref 104658Z  live 105442Z
  G2 ks_silverstone__national     ref 105441Z  live 105442Z
  G2 ks_silverstone__national     ref 104658Z  live 105442Z
  G2 ks_silverstone__national     ref 105441Z  live 105442Z
  G2 ks_silverstone__national     ref 104658Z  live 105442Z
  G2 ks_silverstone__national     ref 105441Z  live 105442Z
  G2 ks_silverstone__national     ref 104658Z  live 105442Z
  G2 ks_silverstone__national     ref 105441Z  live 105442Z
  G2 ks_silverstone__national     ref 104658Z  live 105442Z
  G2 ks_silverstone__national     ref 105441Z  live 105442Z
  G2 ks_silverstone__national     ref 104658Z  live 105442Z
  G2 ks_silverstone__national     ref 105441Z  live 105442Z
  G2 ks_silverstone__national     ref 104658Z  live 105442Z
  G2 ks_silverstone__national     ref 105441Z  live 105442Z
  G2 ks_silverstone__national     ref 104658Z  live 105442Z
  G2 ks_silverstone__national     ref 105441Z  live 105442Z
  G2 rt_lime_rock_park__no_chican ref 143440Z  live 141815Z
  G2 rt_lime_rock_park__no_chican ref 143440Z  live 141815Z
  G2 rt_lime_rock_park__no_chican ref 143440Z  live 141815Z
  G2 rt_lime_rock_park__no_chican ref 143440Z  live 141815Z
  G2 rt_lime_rock_park__no_chican ref 143440Z  live 141815Z
  G2 rt_lime_rock_park__no_chican ref 143440Z  live 141815Z
  G2 rt_lime_rock_park__no_chican ref 143440Z  live 141815Z
  G2 rt_lime_rock_park__no_chican ref 143440Z  live 141815Z
  G2 rt_lime_rock_park__no_chican ref 143440Z  live 141815Z
  G2 rt_lime_rock_park__no_chican ref 141815Z  live 143440Z
  G2 rt_lime_rock_park__no_chican ref 141815Z  live 143440Z
  G2 rt_lime_rock_park__no_chican ref 141815Z  live 143440Z
  G2 rt_lime_rock_park__no_chican ref 141815Z  live 143440Z
  G2 rt_lime_rock_park__no_chican ref 141815Z  live 143440Z
  G2 rt_lime_rock_park__no_chican ref 141815Z  live 143440Z
  G2 rt_lime_rock_park__no_chican ref 141815Z  live 143440Z
  G2 rt_lime_rock_park__no_chican ref 141815Z  live 143440Z
  G2 rt_oulton_park__fosters      ref 195157Z  live 193254Z
  G2 rt_oulton_park__fosters      ref 195157Z  live 193254Z
  G2 rt_oulton_park__fosters      ref 195157Z  live 193254Z
  G2 rt_oulton_park__fosters      ref 195157Z  live 193254Z
  G2 rt_oulton_park__fosters      ref 195157Z  live 193254Z
  G2 rt_oulton_park__fosters      ref 195157Z  live 193254Z
  G2 rt_oulton_park__fosters      ref 195157Z  live 193254Z
  G2 rt_oulton_park__fosters      ref 195157Z  live 193254Z
  G2 rt_oulton_park__fosters      ref 195157Z  live 193254Z
  G2 rt_oulton_park__fosters      ref 193254Z  live 195157Z
  G2 rt_oulton_park__fosters      ref 193254Z  live 195157Z
  G2 rt_oulton_park__fosters      ref 193254Z  live 195157Z
  G2 rt_oulton_park__fosters      ref 193254Z  live 195157Z
  G2 rt_oulton_park__fosters      ref 193254Z  live 195157Z
  G2 rt_oulton_park__fosters      ref 193254Z  live 195157Z
  G2 rt_oulton_park__fosters      ref 193254Z  live 195157Z
  G2 rt_oulton_park__fosters      ref 193254Z  live 195157Z
  G2 rt_oulton_park__fosters      ref 193254Z  live 195157Z

                                                                       median      p90  >100 ms   >10 m     worst
G1 single                                                       1.25 m   40 ms   122 ms    14.9%    0.8%     81.8 m
G1 filter                                                       1.19 m   38 ms   118 ms    14.3%    0.7%     21.6 m
G1 filter, reference time                                       1.01 m   32 ms    86 ms     6.1%    0.0%      9.9 m
G1 filter, reference time, two modes                            0.92 m   29 ms    81 ms     5.5%    0.2%     12.9 m
G1 filter + speed                                               0.69 m   22 ms    59 ms     1.2%    0.0%      5.1 m
G1 filter, lag-corrected                                        1.18 m   37 ms   116 ms    13.9%    0.7%     21.4 m
G1 filter, reference time, lag-corrected                        1.01 m   32 ms    84 ms     6.1%    0.0%      9.8 m
G1 filter, reference time, two modes, lag-corrected             0.92 m   29 ms    79 ms     5.6%    0.2%     13.2 m
G1 filter + speed, lag-corrected                                0.64 m   20 ms    57 ms     1.1%    0.0%      5.4 m
G2 single                                                       1.67 m   45 ms   142 ms    19.9%    2.1%   1103.3 m
G2 filter                                                       1.58 m   43 ms   134 ms    18.4%    1.3%     98.0 m
G2 filter, reference time                                       1.24 m   34 ms    91 ms     7.5%    0.0%     13.0 m
G2 filter, reference time, two modes                            1.18 m   32 ms    88 ms     6.9%    0.1%     13.4 m
G2 filter + speed                                               0.69 m   19 ms    51 ms     0.7%    0.0%     11.1 m
G2 filter, lag-corrected                                        1.58 m   43 ms   135 ms    18.6%    1.3%     97.9 m
G2 filter, reference time, lag-corrected                        1.26 m   34 ms    92 ms     7.6%    0.0%     12.8 m
G2 filter, reference time, two modes, lag-corrected             1.19 m   32 ms    89 ms     7.1%    0.0%     13.0 m
G2 filter + speed, lag-corrected                                0.68 m   18 ms    51 ms     0.7%    0.0%     11.3 m
G2 ks_silverstone__national single                              1.94 m   53 ms   161 ms    25.1%    2.9%   1078.0 m
G2 ks_silverstone__national filter                              1.89 m   52 ms   155 ms    23.6%    2.0%     98.0 m
G2 ks_silverstone__national filter, reference time              1.30 m   35 ms    91 ms     7.5%    0.0%      9.6 m
G2 ks_silverstone__national filter, reference time, two modes    1.26 m   34 ms    92 ms     8.0%    0.1%     11.8 m
G2 ks_silverstone__national filter + speed                      0.79 m   21 ms    58 ms     1.1%    0.0%     11.1 m
G2 ks_silverstone__national filter, lag-corrected               1.91 m   52 ms   156 ms    24.0%    2.0%     97.9 m
G2 ks_silverstone__national filter, reference time, lag-corrected    1.34 m   36 ms    92 ms     7.7%    0.0%      9.4 m
G2 ks_silverstone__national filter, reference time, two modes, lag-corrected    1.30 m   35 ms    95 ms     8.6%    0.0%     11.4 m
G2 ks_silverstone__national filter + speed, lag-corrected       0.81 m   22 ms    58 ms     1.2%    0.0%     11.3 m
G2 same car single                                              2.21 m   61 ms   186 ms    30.0%    4.8%   1078.0 m
G2 same car filter                                              2.14 m   58 ms   172 ms    27.4%    3.2%     98.0 m
G2 same car filter, reference time                              1.02 m   28 ms    77 ms     4.3%    0.0%      9.1 m
G2 same car filter, reference time, two modes                   1.08 m   30 ms    86 ms     7.1%    0.1%     11.8 m
G2 same car filter + speed                                      0.87 m   24 ms    65 ms     2.1%    0.0%      6.3 m
G2 same car filter, lag-corrected                               2.17 m   60 ms   173 ms    27.8%    3.2%     97.9 m
G2 same car filter, reference time, lag-corrected               1.01 m   28 ms    80 ms     4.4%    0.0%      9.2 m
G2 same car filter, reference time, two modes, lag-corrected    1.10 m   31 ms    90 ms     7.7%    0.1%     11.4 m
G2 same car filter + speed, lag-corrected                       0.88 m   24 ms    65 ms     2.0%    0.0%      6.3 m
G2 rt_lime_rock_park__no_chicane single                         1.45 m   39 ms   116 ms    14.0%    0.9%    243.7 m
G2 rt_lime_rock_park__no_chicane filter                         1.38 m   37 ms   113 ms    13.6%    0.5%     25.3 m
G2 rt_lime_rock_park__no_chicane filter, reference time         1.20 m   32 ms    93 ms     7.9%    0.2%     13.0 m
G2 rt_lime_rock_park__no_chicane filter, reference time, two modes    1.21 m   32 ms    87 ms     6.1%    0.1%     13.4 m
G2 rt_lime_rock_park__no_chicane filter + speed                 0.60 m   16 ms    42 ms     0.1%    0.0%      9.2 m
G2 rt_lime_rock_park__no_chicane filter, lag-corrected          1.37 m   37 ms   114 ms    13.7%    0.5%     25.5 m
G2 rt_lime_rock_park__no_chicane filter, reference time, lag-corrected    1.20 m   32 ms    92 ms     7.5%    0.1%     12.8 m
G2 rt_lime_rock_park__no_chicane filter, reference time, two modes, lag-corrected    1.18 m   32 ms    87 ms     6.1%    0.1%     13.0 m
G2 rt_lime_rock_park__no_chicane filter + speed, lag-corrected    0.57 m   15 ms    44 ms     0.1%    0.0%      9.0 m
G2 rt_oulton_park__fosters single                               1.33 m   37 ms   110 ms    12.2%    1.0%   1103.3 m
G2 rt_oulton_park__fosters filter                               1.19 m   33 ms   100 ms     9.9%    0.4%     18.9 m
G2 rt_oulton_park__fosters filter, reference time               1.15 m   30 ms    91 ms     7.3%    0.0%      9.6 m
G2 rt_oulton_park__fosters filter, reference time, two modes    1.00 m   27 ms    78 ms     4.7%    0.0%      9.3 m
G2 rt_oulton_park__fosters filter + speed                       0.58 m   16 ms    40 ms     0.3%    0.0%      7.5 m
G2 rt_oulton_park__fosters filter, lag-corrected                1.19 m   32 ms    98 ms     9.5%    0.4%     18.6 m
G2 rt_oulton_park__fosters filter, reference time, lag-corrected    1.17 m   31 ms    92 ms     7.4%    0.0%      9.3 m
G2 rt_oulton_park__fosters filter, reference time, two modes, lag-corrected    1.00 m   27 ms    78 ms     4.3%    0.0%      9.1 m
G2 rt_oulton_park__fosters filter + speed, lag-corrected        0.56 m   15 ms    38 ms     0.2%    0.0%      7.3 m
