  G1 ks_black_cat_county__layout_ ref 180056Z  live 183526Z
  G1 ks_black_cat_county__layout_ ref 183242Z  live 183526Z
  G1 ks_brands_hatch__indy        ref 171903Z  live 221531Z
  G1 ks_brands_hatch__indy        ref 181357Z  live 221531Z
  G1 ks_highlands__layout_short   ref 212549Z  live 005654Z
  G1 ks_laguna_seca               ref 110507Z  live 123110Z
  G1 ks_monza66__junior           ref 091133Z  live 093530Z
  G1 ks_nurburgring__layout_sprin ref 100528Z  live 103410Z
  G1 ks_red_bull_ring__layout_nat ref 232216Z  live 174436Z
  G1 ks_red_bull_ring__layout_nat ref 233620Z  live 174436Z
  G1 ks_vallelunga__club_circuit  ref 220345Z  live 223945Z
  G1 ks_vallelunga__club_circuit  ref 222513Z  live 223945Z
  G1 magione                      ref 225059Z  live 231051Z
  G1 magione                      ref 230023Z  live 231051Z
  G2 ks_silverstone__national     ref 105441Z  live 104658Z
  G2 ks_silverstone__national     ref 105442Z  live 104658Z
  G2 ks_silverstone__national     ref 105441Z  live 104658Z
  G2 ks_silverstone__national     ref 105442Z  live 104658Z
  G2 ks_silverstone__national     ref 105441Z  live 104658Z
  G2 ks_silverstone__national     ref 105442Z  live 104658Z
  G2 ks_silverstone__national     ref 105441Z  live 104658Z
  G2 ks_silverstone__national     ref 105442Z  live 104658Z
  G2 ks_silverstone__national     ref 105441Z  live 104658Z
  G2 ks_silverstone__national     ref 105442Z  live 104658Z
  G2 ks_silverstone__national     ref 105441Z  live 104658Z
  G2 ks_silverstone__national     ref 105442Z  live 104658Z
  G2 ks_silverstone__national     ref 105441Z  live 104658Z
  G2 ks_silverstone__national     ref 105442Z  live 104658Z
  G2 ks_silverstone__national     ref 104658Z  live 105441Z
  G2 ks_silverstone__national     ref 105442Z  live 105441Z
  G2 ks_silverstone__national     ref 104658Z  live 105441Z
  G2 ks_silverstone__national     ref 105442Z  live 105441Z
  G2 ks_silverstone__national     ref 104658Z  live 105441Z
  G2 ks_silverstone__national     ref 105442Z  live 105441Z
  G2 ks_silverstone__national     ref 104658Z  live 105441Z
  G2 ks_silverstone__national     ref 105442Z  live 105441Z
  G2 ks_silverstone__national     ref 104658Z  live 105441Z
  G2 ks_silverstone__national     ref 105442Z  live 105441Z
  G2 ks_silverstone__national     ref 104658Z  live 105441Z
  G2 ks_silverstone__national     ref 105442Z  live 105441Z
  G2 ks_silverstone__national     ref 104658Z  live 105441Z
  G2 ks_silverstone__national     ref 105442Z  live 105441Z
  G2 ks_silverstone__national     ref 104658Z  live 105441Z
  G2 ks_silverstone__national     ref 105442Z  live 105441Z
  G2 ks_silverstone__national     ref 104658Z  live 105442Z
  G2 ks_silverstone__national     ref 105441Z  live 105442Z
  G2 ks_silverstone__national     ref 104658Z  live 105442Z
  G2 ks_silverstone__national     ref 105441Z  live 105442Z
  G2 ks_silverstone__national     ref 104658Z  live 105442Z
  G2 ks_silverstone__national     ref 105441Z  live 105442Z
  G2 ks_silverstone__national     ref 104658Z  live 105442Z
  G2 ks_silverstone__national     ref 105441Z  live 105442Z
  G2 ks_silverstone__national     ref 104658Z  live 105442Z
  G2 ks_silverstone__national     ref 105441Z  live 105442Z
  G2 ks_silverstone__national     ref 104658Z  live 105442Z
  G2 ks_silverstone__national     ref 105441Z  live 105442Z
  G2 ks_silverstone__national     ref 104658Z  live 105442Z
  G2 ks_silverstone__national     ref 105441Z  live 105442Z
  G2 ks_silverstone__national     ref 104658Z  live 105442Z
  G2 ks_silverstone__national     ref 105441Z  live 105442Z
  G2 rt_lime_rock_park__no_chican ref 143440Z  live 141815Z
  G2 rt_lime_rock_park__no_chican ref 143440Z  live 141815Z
  G2 rt_lime_rock_park__no_chican ref 143440Z  live 141815Z
  G2 rt_lime_rock_park__no_chican ref 143440Z  live 141815Z
  G2 rt_lime_rock_park__no_chican ref 143440Z  live 141815Z
  G2 rt_lime_rock_park__no_chican ref 143440Z  live 141815Z
  G2 rt_lime_rock_park__no_chican ref 143440Z  live 141815Z
  G2 rt_lime_rock_park__no_chican ref 143440Z  live 141815Z
  G2 rt_lime_rock_park__no_chican ref 143440Z  live 141815Z
  G2 rt_lime_rock_park__no_chican ref 141815Z  live 143440Z
  G2 rt_lime_rock_park__no_chican ref 141815Z  live 143440Z
  G2 rt_lime_rock_park__no_chican ref 141815Z  live 143440Z
  G2 rt_lime_rock_park__no_chican ref 141815Z  live 143440Z
  G2 rt_lime_rock_park__no_chican ref 141815Z  live 143440Z
  G2 rt_lime_rock_park__no_chican ref 141815Z  live 143440Z
  G2 rt_lime_rock_park__no_chican ref 141815Z  live 143440Z
  G2 rt_lime_rock_park__no_chican ref 141815Z  live 143440Z
  G2 rt_oulton_park__fosters      ref 195157Z  live 193254Z
  G2 rt_oulton_park__fosters      ref 195157Z  live 193254Z
  G2 rt_oulton_park__fosters      ref 195157Z  live 193254Z
  G2 rt_oulton_park__fosters      ref 195157Z  live 193254Z
  G2 rt_oulton_park__fosters      ref 195157Z  live 193254Z
  G2 rt_oulton_park__fosters      ref 195157Z  live 193254Z
  G2 rt_oulton_park__fosters      ref 195157Z  live 193254Z
  G2 rt_oulton_park__fosters      ref 195157Z  live 193254Z
  G2 rt_oulton_park__fosters      ref 195157Z  live 193254Z
  G2 rt_oulton_park__fosters      ref 193254Z  live 195157Z
  G2 rt_oulton_park__fosters      ref 193254Z  live 195157Z
  G2 rt_oulton_park__fosters      ref 193254Z  live 195157Z
  G2 rt_oulton_park__fosters      ref 193254Z  live 195157Z
  G2 rt_oulton_park__fosters      ref 193254Z  live 195157Z
  G2 rt_oulton_park__fosters      ref 193254Z  live 195157Z
  G2 rt_oulton_park__fosters      ref 193254Z  live 195157Z
  G2 rt_oulton_park__fosters      ref 193254Z  live 195157Z
  G2 rt_oulton_park__fosters      ref 193254Z  live 195157Z

                                                                       median      p90  >100 ms   >10 m     worst
G1 single                                                       1.33 m   43 ms   128 ms    16.7%    1.0%   1451.0 m
G1 filter                                                       1.26 m   40 ms   124 ms    15.9%    0.9%     29.1 m
G1 filter, reference time                                       1.04 m   33 ms    89 ms     6.9%    0.0%      9.9 m
G1 filter, reference time, two modes                            0.95 m   31 ms    84 ms     6.3%    0.1%     12.6 m
G1 filter + speed                                               0.69 m   22 ms    59 ms     1.3%    0.0%      5.5 m
G2 single                                                       1.76 m   48 ms   151 ms    21.7%    3.1%   1307.6 m
G2 filter                                                       1.65 m   45 ms   144 ms    20.1%    2.0%    610.1 m
G2 filter, reference time                                       1.26 m   34 ms    93 ms     8.2%    0.0%     14.4 m
G2 filter, reference time, two modes                            1.19 m   33 ms    90 ms     7.5%    0.2%     14.3 m
G2 filter + speed                                               0.71 m   19 ms    53 ms     0.9%    0.0%      9.2 m
G2 ks_silverstone__national single                              2.08 m   57 ms   176 ms    27.4%    4.3%   1212.0 m
G2 ks_silverstone__national filter                              1.99 m   54 ms   167 ms    25.7%    3.0%    610.1 m
G2 ks_silverstone__national filter, reference time              1.31 m   36 ms    94 ms     8.5%    0.0%     11.5 m
G2 ks_silverstone__national filter, reference time, two modes    1.28 m   35 ms    96 ms     8.8%    0.2%     14.3 m
G2 ks_silverstone__national filter + speed                      0.81 m   22 ms    59 ms     1.3%    0.0%      6.3 m
G2 same car single                                              2.37 m   65 ms   214 ms    32.6%    6.6%   1210.1 m
G2 same car filter                                              2.24 m   61 ms   187 ms    29.3%    4.1%    610.1 m
G2 same car filter, reference time                              1.05 m   29 ms    78 ms     4.6%    0.0%      9.1 m
G2 same car filter, reference time, two modes                   1.14 m   32 ms    90 ms     7.8%    0.3%     13.9 m
G2 same car filter + speed                                      0.89 m   24 ms    64 ms     2.0%    0.0%      6.3 m
G2 rt_lime_rock_park__no_chicane single                         1.49 m   40 ms   120 ms    14.7%    1.0%    246.1 m
G2 rt_lime_rock_park__no_chicane filter                         1.43 m   38 ms   117 ms    14.1%    0.5%     26.7 m
G2 rt_lime_rock_park__no_chicane filter, reference time         1.21 m   33 ms    94 ms     8.0%    0.2%     14.4 m
G2 rt_lime_rock_park__no_chicane filter, reference time, two modes    1.22 m   33 ms    88 ms     6.4%    0.1%     13.4 m
G2 rt_lime_rock_park__no_chicane filter + speed                 0.60 m   16 ms    43 ms     0.2%    0.0%      9.2 m
G2 rt_oulton_park__fosters single                               1.38 m   38 ms   117 ms    13.6%    1.6%   1307.6 m
G2 rt_oulton_park__fosters filter                               1.25 m   34 ms   106 ms    11.5%    1.0%     69.3 m
G2 rt_oulton_park__fosters filter, reference time               1.17 m   31 ms    92 ms     7.7%    0.0%      9.7 m
G2 rt_oulton_park__fosters filter, reference time, two modes    1.02 m   28 ms    80 ms     5.2%    0.0%      9.4 m
G2 rt_oulton_park__fosters filter + speed                       0.59 m   16 ms    42 ms     0.5%    0.0%      4.3 m
