started from runs/v3_resnet_s0_base/best.pt
gate g1: held-out laps of seen tracks; full augmentation
train tracks ['ks_black_cat_county__layout_short', 'ks_brands_hatch__indy', 'ks_highlands__layout_short', 'ks_laguna_seca', 'ks_monza66__junior', 'ks_nurburgring__layout_sprint_a', 'ks_red_bull_ring__layout_national', 'ks_vallelunga__club_circuit', 'magione'] (284 laps usable)
eval  tracks ['ks_black_cat_county__layout_short', 'ks_brands_hatch__indy', 'ks_highlands__layout_short', 'ks_laguna_seca', 'ks_monza66__junior', 'ks_nurburgring__layout_sprint_a', 'ks_red_bull_ring__layout_national', 'ks_vallelunga__club_circuit', 'magione'], split=train
held out as live-only: ['ks_black_cat_county__layout_short__20260923T183526Z__lap07', 'ks_brands_hatch__indy__20260921T221531Z__lap02', 'ks_highlands__layout_short__20260928T005654Z__lap54', 'ks_laguna_seca__default__20260928T123110Z__lap12', 'ks_monza66__junior__20260928T093530Z__lap14', 'ks_nurburgring__layout_sprint_a__20260928T103410Z__lap12', 'ks_red_bull_ring__layout_national__20260923T174436Z__lap11', 'ks_vallelunga__club_circuit__20260922T223945Z__lap07', 'magione__default__20260922T231051Z__lap06']
frame 148x80, reference bins 3227
model 3.36M params on mps

step     1/1500  loss  3.7453 (ce  2.377 aux  2.736 ref 0.0010)  train median    0.83 m   2.37 s/step
step    20/1500  loss  4.0077 (ce  2.470 aux  3.074 ref 0.0010)  train median    2.58 m   1.58 s/step
step    40/1500  loss  4.2037 (ce  2.569 aux  3.268 ref 0.0010)  train median    2.45 m   1.57 s/step
step    60/1500  loss  5.5057 (ce  3.675 aux  3.660 ref 0.0020)  train median    8.32 m   1.59 s/step
step    80/1500  loss  4.3677 (ce  2.758 aux  3.217 ref 0.0018)  train median    2.27 m   1.62 s/step
step   100/1500  loss  4.5294 (ce  2.753 aux  3.552 ref 0.0007)  train median    4.44 m   1.64 s/step
step   120/1500  loss  3.6277 (ce  2.295 aux  2.664 ref 0.0011)  train median    1.81 m   1.64 s/step
step   140/1500  loss  3.5689 (ce  2.254 aux  2.629 ref 0.0008)  train median    1.22 m   1.66 s/step
step   160/1500  loss  4.0531 (ce  2.502 aux  3.102 ref 0.0010)  train median    1.83 m   1.71 s/step
step   180/1500  loss  3.5916 (ce  2.275 aux  2.632 ref 0.0010)  train median    1.61 m   1.70 s/step
step   200/1500  loss  3.7105 (ce  2.405 aux  2.609 ref 0.0011)  train median    1.49 m   1.71 s/step
  eval  n=192  median   1.87 m /   58.5 ms  p90    4.22 m /   145.7 ms  worst   573.83 m  within1  54.2%  within5  98.4%
        ks_black_cat_county__layout_short n=24  median   1.82 m /   62.7 ms  p90    3.75 m /   136.9 ms  worst   573.83 m  within1  58.3%  within5  95.8%
        ks_brands_hatch__indy    n=16  median   1.37 m /   35.3 ms  p90    3.57 m /    94.7 ms  worst     3.96 m  within1  56.2%  within5 100.0%
        ks_highlands__layout_short n=16  median   1.88 m /   56.7 ms  p90    3.04 m /   114.2 ms  worst     3.50 m  within1  56.2%  within5 100.0%
        ks_laguna_seca           n=16  median   2.25 m /   72.4 ms  p90    7.22 m /   202.0 ms  worst    11.95 m  within1  37.5%  within5  93.8%
        ks_monza66__junior       n=8  median   0.86 m /   25.9 ms  p90    2.01 m /    47.5 ms  worst     3.49 m  within1  87.5%  within5 100.0%
        ks_nurburgring__layout_sprint_a n=24  median   2.79 m /   90.0 ms  p90    7.50 m /   229.7 ms  worst    17.35 m  within1  37.5%  within5  95.8%
        ks_red_bull_ring__layout_national n=16  median   2.33 m /   63.6 ms  p90    3.87 m /   106.7 ms  worst     4.19 m  within1  37.5%  within5 100.0%
        ks_vallelunga__club_circuit n=32  median   1.79 m /   59.5 ms  p90    4.04 m /   141.5 ms  worst     9.42 m  within1  62.5%  within5 100.0%
        magione                  n=40  median   1.59 m /   56.2 ms  p90    3.49 m /   143.9 ms  worst     6.01 m  within1  60.0%  within5 100.0%
step   220/1500  loss  3.4347 (ce  2.254 aux  2.361 ref 0.0010)  train median    2.14 m   1.79 s/step
step   240/1500  loss  3.9661 (ce  2.626 aux  2.678 ref 0.0025)  train median    3.45 m   1.77 s/step
step   260/1500  loss  3.5506 (ce  2.293 aux  2.515 ref 0.0013)  train median    1.33 m   1.79 s/step
step   280/1500  loss  3.4809 (ce  2.279 aux  2.403 ref 0.0008)  train median    1.38 m   1.79 s/step
step   300/1500  loss  3.4321 (ce  2.242 aux  2.378 ref 0.0010)  train median    1.79 m   1.79 s/step
step   320/1500  loss  3.5430 (ce  2.314 aux  2.458 ref 0.0010)  train median    1.78 m   1.78 s/step
step   340/1500  loss  3.3764 (ce  2.181 aux  2.391 ref 0.0008)  train median    1.12 m   1.79 s/step
step   360/1500  loss  3.4240 (ce  2.245 aux  2.357 ref 0.0010)  train median    0.95 m   1.77 s/step
step   380/1500  loss  3.5134 (ce  2.240 aux  2.545 ref 0.0006)  train median    1.09 m   1.76 s/step
step   400/1500  loss  3.3897 (ce  2.241 aux  2.297 ref 0.0007)  train median    1.15 m   1.74 s/step
  eval  n=192  median   1.30 m /   42.6 ms  p90    3.73 m /   116.9 ms  worst    21.79 m  within1  69.8%  within5  99.0%
        ks_black_cat_county__layout_short n=24  median   1.07 m /   30.9 ms  p90    2.04 m /    75.9 ms  worst     3.77 m  within1  83.3%  within5 100.0%
        ks_brands_hatch__indy    n=16  median   0.65 m /   22.9 ms  p90    1.71 m /    58.9 ms  worst     3.91 m  within1  93.8%  within5 100.0%
        ks_highlands__layout_short n=16  median   1.37 m /   43.8 ms  p90    2.33 m /    67.5 ms  worst     2.86 m  within1  87.5%  within5 100.0%
        ks_laguna_seca           n=16  median   1.43 m /   53.4 ms  p90    6.59 m /   209.2 ms  worst     7.53 m  within1  56.2%  within5 100.0%
        ks_monza66__junior       n=8  median   0.62 m /   17.9 ms  p90    1.30 m /    35.6 ms  worst     1.44 m  within1 100.0%  within5 100.0%
        ks_nurburgring__layout_sprint_a n=24  median   2.03 m /   76.1 ms  p90    6.19 m /   201.1 ms  worst    21.79 m  within1  50.0%  within5  91.7%
        ks_red_bull_ring__layout_national n=16  median   1.75 m /   47.8 ms  p90    2.88 m /    85.8 ms  worst     3.24 m  within1  56.2%  within5 100.0%
        ks_vallelunga__club_circuit n=32  median   1.31 m /   42.0 ms  p90    3.80 m /   109.2 ms  worst     5.05 m  within1  68.8%  within5 100.0%
        magione                  n=40  median   1.18 m /   53.7 ms  p90    3.12 m /   117.5 ms  worst     3.83 m  within1  62.5%  within5 100.0%
step   420/1500  loss  3.8148 (ce  2.433 aux  2.764 ref 0.0008)  train median    2.22 m   1.79 s/step
step   440/1500  loss  3.5101 (ce  2.262 aux  2.495 ref 0.0007)  train median    1.14 m   1.79 s/step
step   460/1500  loss  3.5199 (ce  2.294 aux  2.452 ref 0.0009)  train median    1.93 m   1.79 s/step
step   480/1500  loss  3.3369 (ce  2.186 aux  2.301 ref 0.0007)  train median    0.62 m   1.78 s/step
step   500/1500  loss  3.3167 (ce  2.174 aux  2.285 ref 0.0005)  train median    1.11 m   1.78 s/step
step   520/1500  loss  3.4378 (ce  2.218 aux  2.440 ref 0.0004)  train median    1.24 m   1.78 s/step
step   540/1500  loss  3.4527 (ce  2.237 aux  2.431 ref 0.0007)  train median    1.28 m   1.77 s/step
step   560/1500  loss  3.5045 (ce  2.246 aux  2.517 ref 0.0004)  train median    0.46 m   1.76 s/step
step   580/1500  loss  3.3279 (ce  2.174 aux  2.307 ref 0.0005)  train median    1.22 m   1.76 s/step
step   600/1500  loss  3.4870 (ce  2.252 aux  2.469 ref 0.0005)  train median    1.88 m   1.75 s/step
  eval  n=192  median   1.21 m /   40.1 ms  p90    3.27 m /   115.0 ms  worst    10.64 m  within1  67.7%  within5  99.5%
        ks_black_cat_county__layout_short n=24  median   1.14 m /   33.3 ms  p90    2.73 m /    91.5 ms  worst     3.41 m  within1  83.3%  within5 100.0%
        ks_brands_hatch__indy    n=16  median   0.79 m /   24.1 ms  p90    2.27 m /    59.9 ms  worst     2.94 m  within1  81.2%  within5 100.0%
        ks_highlands__layout_short n=16  median   1.35 m /   45.3 ms  p90    3.07 m /    98.0 ms  worst     3.35 m  within1  81.2%  within5 100.0%
        ks_laguna_seca           n=16  median   2.13 m /   61.5 ms  p90    7.01 m /   221.3 ms  worst    10.64 m  within1  43.8%  within5  93.8%
        ks_monza66__junior       n=8  median   0.38 m /   13.0 ms  p90    1.34 m /    41.6 ms  worst     1.56 m  within1 100.0%  within5 100.0%
        ks_nurburgring__layout_sprint_a n=24  median   2.17 m /   66.5 ms  p90    5.33 m /   153.4 ms  worst     7.28 m  within1  45.8%  within5 100.0%
        ks_red_bull_ring__layout_national n=16  median   1.80 m /   49.6 ms  p90    2.79 m /    86.1 ms  worst     3.31 m  within1  62.5%  within5 100.0%
        ks_vallelunga__club_circuit n=32  median   1.01 m /   36.1 ms  p90    3.27 m /    98.1 ms  worst     4.58 m  within1  68.8%  within5 100.0%
        magione                  n=40  median   1.26 m /   51.2 ms  p90    2.97 m /   117.5 ms  worst     3.84 m  within1  65.0%  within5 100.0%
step   620/1500  loss  3.9176 (ce  2.621 aux  2.593 ref 0.0002)  train median    1.70 m   1.79 s/step
step   640/1500  loss  3.3071 (ce  2.168 aux  2.278 ref 0.0006)  train median    1.14 m   1.80 s/step
step   660/1500  loss  3.5418 (ce  2.292 aux  2.500 ref 0.0005)  train median    0.66 m   1.78 s/step
step   680/1500  loss  3.6470 (ce  2.411 aux  2.471 ref 0.0009)  train median    1.92 m   1.78 s/step
step   700/1500  loss  3.7370 (ce  2.473 aux  2.527 ref 0.0009)  train median    2.05 m   1.77 s/step
step   720/1500  loss  3.7975 (ce  2.463 aux  2.668 ref 0.0012)  train median    2.02 m   1.77 s/step
step   740/1500  loss  3.9235 (ce  2.536 aux  2.775 ref 0.0002)  train median    1.34 m   1.77 s/step
step   760/1500  loss  3.3355 (ce  2.184 aux  2.302 ref 0.0006)  train median    1.22 m   1.77 s/step
step   780/1500  loss  3.5076 (ce  2.248 aux  2.519 ref 0.0002)  train median    0.61 m   1.79 s/step
step   800/1500  loss  3.3406 (ce  2.188 aux  2.305 ref 0.0008)  train median    1.05 m   1.80 s/step
  eval  n=192  median   1.15 m /   36.1 ms  p90    3.09 m /    97.1 ms  worst    11.89 m  within1  74.5%  within5  99.5%
        ks_black_cat_county__layout_short n=24  median   0.91 m /   29.4 ms  p90    2.39 m /    77.6 ms  worst     2.93 m  within1  83.3%  within5 100.0%
        ks_brands_hatch__indy    n=16  median   0.53 m /   16.4 ms  p90    1.55 m /    49.9 ms  worst     2.88 m  within1  93.8%  within5 100.0%
        ks_highlands__layout_short n=16  median   1.12 m /   32.3 ms  p90    2.49 m /    77.4 ms  worst     3.09 m  within1  81.2%  within5 100.0%
        ks_laguna_seca           n=16  median   1.27 m /   45.6 ms  p90    4.75 m /   151.6 ms  worst    11.89 m  within1  62.5%  within5  93.8%
        ks_monza66__junior       n=8  median   0.34 m /   11.3 ms  p90    1.90 m /    59.4 ms  worst     1.97 m  within1 100.0%  within5 100.0%
        ks_nurburgring__layout_sprint_a n=24  median   1.67 m /   58.8 ms  p90    5.42 m /   174.2 ms  worst     8.36 m  within1  58.3%  within5 100.0%
        ks_red_bull_ring__layout_national n=16  median   1.73 m /   44.3 ms  p90    2.98 m /    79.8 ms  worst     3.28 m  within1  68.8%  within5 100.0%
        ks_vallelunga__club_circuit n=32  median   1.11 m /   40.2 ms  p90    3.54 m /    96.2 ms  worst     5.58 m  within1  71.9%  within5 100.0%
        magione                  n=40  median   1.15 m /   41.6 ms  p90    2.59 m /    91.4 ms  worst     5.44 m  within1  72.5%  within5 100.0%
step   820/1500  loss  3.5260 (ce  2.281 aux  2.489 ref 0.0005)  train median    1.38 m   1.82 s/step
step   840/1500  loss  3.2921 (ce  2.162 aux  2.259 ref 0.0004)  train median    1.03 m   1.82 s/step
step   860/1500  loss  3.3289 (ce  2.188 aux  2.280 ref 0.0007)  train median    1.04 m   1.81 s/step
step   880/1500  loss  3.7409 (ce  2.460 aux  2.560 ref 0.0010)  train median    3.55 m   1.81 s/step
step   900/1500  loss  3.3727 (ce  2.228 aux  2.290 ref 0.0007)  train median    1.17 m   1.81 s/step
step   920/1500  loss  3.5141 (ce  2.303 aux  2.423 ref 0.0006)  train median    1.16 m   1.81 s/step
step   940/1500  loss  3.2930 (ce  2.156 aux  2.274 ref 0.0004)  train median    0.62 m   1.81 s/step
step   960/1500  loss  3.3468 (ce  2.195 aux  2.304 ref 0.0006)  train median    1.70 m   1.80 s/step
step   980/1500  loss  3.6414 (ce  2.291 aux  2.700 ref 0.0003)  train median    2.45 m   1.80 s/step
step  1000/1500  loss  3.2823 (ce  2.159 aux  2.247 ref 0.0005)  train median    0.53 m   1.79 s/step
  eval  n=192  median   0.95 m /   34.8 ms  p90    2.93 m /    98.8 ms  worst     8.70 m  within1  76.0%  within5 100.0%
        ks_black_cat_county__layout_short n=24  median   0.44 m /   18.8 ms  p90    2.04 m /    65.9 ms  worst     2.62 m  within1  87.5%  within5 100.0%
        ks_brands_hatch__indy    n=16  median   0.62 m /   17.2 ms  p90    1.38 m /    36.1 ms  worst     1.90 m  within1 100.0%  within5 100.0%
        ks_highlands__layout_short n=16  median   0.99 m /   41.7 ms  p90    2.35 m /    75.7 ms  worst     3.21 m  within1  87.5%  within5 100.0%
        ks_laguna_seca           n=16  median   1.44 m /   64.0 ms  p90    5.31 m /   169.4 ms  worst     8.44 m  within1  62.5%  within5 100.0%
        ks_monza66__junior       n=8  median   0.50 m /   14.0 ms  p90    1.90 m /    59.7 ms  worst     1.95 m  within1 100.0%  within5 100.0%
        ks_nurburgring__layout_sprint_a n=24  median   1.84 m /   57.1 ms  p90    5.08 m /   165.5 ms  worst     8.70 m  within1  58.3%  within5 100.0%
        ks_red_bull_ring__layout_national n=16  median   1.79 m /   44.0 ms  p90    2.58 m /    79.1 ms  worst     3.34 m  within1  68.8%  within5 100.0%
        ks_vallelunga__club_circuit n=32  median   0.89 m /   38.6 ms  p90    2.98 m /    98.0 ms  worst     5.07 m  within1  75.0%  within5 100.0%
        magione                  n=40  median   0.93 m /   34.1 ms  p90    2.66 m /    96.1 ms  worst     5.06 m  within1  70.0%  within5 100.0%
step  1020/1500  loss  3.2948 (ce  2.150 aux  2.289 ref 0.0004)  train median    0.44 m   1.81 s/step
step  1040/1500  loss  3.3174 (ce  2.187 aux  2.260 ref 0.0004)  train median    0.60 m   1.80 s/step
step  1060/1500  loss  3.2590 (ce  2.147 aux  2.224 ref 0.0004)  train median    0.66 m   1.79 s/step
step  1080/1500  loss  3.5265 (ce  2.277 aux  2.499 ref 0.0005)  train median    1.02 m   1.79 s/step
step  1100/1500  loss  3.4068 (ce  2.166 aux  2.482 ref 0.0001)  train median    0.59 m   1.79 s/step
step  1120/1500  loss  3.2876 (ce  2.163 aux  2.248 ref 0.0004)  train median    0.83 m   1.79 s/step
step  1140/1500  loss  3.5267 (ce  2.270 aux  2.513 ref 0.0005)  train median    1.57 m   1.78 s/step
step  1160/1500  loss  3.3932 (ce  2.217 aux  2.351 ref 0.0008)  train median    0.78 m   1.78 s/step
step  1180/1500  loss  3.4585 (ce  2.266 aux  2.384 ref 0.0008)  train median    1.00 m   1.78 s/step
step  1200/1500  loss  3.3263 (ce  2.191 aux  2.271 ref 0.0007)  train median    0.83 m   1.78 s/step
  eval  n=192  median   0.84 m /   31.1 ms  p90    2.87 m /    99.4 ms  worst    11.10 m  within1  73.4%  within5  99.5%
        ks_black_cat_county__layout_short n=24  median   0.67 m /   19.7 ms  p90    2.52 m /    68.0 ms  worst     2.77 m  within1  83.3%  within5 100.0%
        ks_brands_hatch__indy    n=16  median   0.46 m /   13.7 ms  p90    0.98 m /    31.0 ms  worst     1.53 m  within1 100.0%  within5 100.0%
        ks_highlands__layout_short n=16  median   0.88 m /   31.2 ms  p90    2.53 m /    89.6 ms  worst     3.19 m  within1  81.2%  within5 100.0%
        ks_laguna_seca           n=16  median   1.37 m /   55.1 ms  p90    4.04 m /   124.5 ms  worst    11.10 m  within1  62.5%  within5  93.8%
        ks_monza66__junior       n=8  median   0.40 m /   13.7 ms  p90    1.75 m /    54.6 ms  worst     1.75 m  within1 100.0%  within5 100.0%
        ks_nurburgring__layout_sprint_a n=24  median   1.69 m /   54.4 ms  p90    6.16 m /   167.0 ms  worst     8.46 m  within1  58.3%  within5 100.0%
        ks_red_bull_ring__layout_national n=16  median   1.99 m /   51.5 ms  p90    2.84 m /    88.6 ms  worst     3.55 m  within1  56.2%  within5 100.0%
        ks_vallelunga__club_circuit n=32  median   0.83 m /   35.6 ms  p90    2.80 m /   107.6 ms  worst     5.48 m  within1  68.8%  within5 100.0%
        magione                  n=40  median   0.98 m /   33.3 ms  p90    2.53 m /    98.4 ms  worst     4.91 m  within1  72.5%  within5 100.0%
step  1220/1500  loss  3.7112 (ce  2.407 aux  2.608 ref 0.0008)  train median    2.79 m   1.79 s/step
step  1240/1500  loss  3.7489 (ce  2.408 aux  2.682 ref 0.0004)  train median    2.35 m   1.79 s/step
step  1260/1500  loss  3.2382 (ce  2.131 aux  2.215 ref 0.0002)  train median    0.51 m   1.80 s/step
step  1280/1500  loss  3.6512 (ce  2.367 aux  2.567 ref 0.0008)  train median    2.38 m   1.80 s/step
step  1300/1500  loss  3.5158 (ce  2.318 aux  2.395 ref 0.0013)  train median    2.62 m   1.79 s/step
step  1320/1500  loss  3.5755 (ce  2.290 aux  2.571 ref 0.0003)  train median    2.08 m   1.79 s/step
step  1340/1500  loss  3.8438 (ce  2.504 aux  2.679 ref 0.0008)  train median    2.54 m   1.79 s/step
step  1360/1500  loss  3.4230 (ce  2.218 aux  2.410 ref 0.0006)  train median    1.32 m   1.79 s/step
step  1380/1500  loss  3.7619 (ce  2.473 aux  2.577 ref 0.0008)  train median    2.80 m   1.79 s/step
step  1400/1500  loss  3.3067 (ce  2.157 aux  2.298 ref 0.0006)  train median    0.92 m   1.79 s/step
  eval  n=192  median   0.91 m /   30.9 ms  p90    2.86 m /   101.5 ms  worst    11.35 m  within1  76.6%  within5  99.5%
        ks_black_cat_county__layout_short n=24  median   0.54 m /   15.6 ms  p90    2.31 m /    66.7 ms  worst     2.65 m  within1  87.5%  within5 100.0%
        ks_brands_hatch__indy    n=16  median   0.51 m /   16.9 ms  p90    1.26 m /    33.0 ms  worst     1.86 m  within1 100.0%  within5 100.0%
        ks_highlands__layout_short n=16  median   0.91 m /   36.6 ms  p90    2.21 m /    77.5 ms  worst     3.30 m  within1  87.5%  within5 100.0%
        ks_laguna_seca           n=16  median   1.42 m /   62.0 ms  p90    4.06 m /   129.3 ms  worst    11.35 m  within1  62.5%  within5  93.8%
        ks_monza66__junior       n=8  median   0.19 m /    6.6 ms  p90    1.54 m /    48.1 ms  worst     1.76 m  within1 100.0%  within5 100.0%
        ks_nurburgring__layout_sprint_a n=24  median   1.77 m /   48.5 ms  p90    5.75 m /   163.8 ms  worst     7.90 m  within1  62.5%  within5 100.0%
        ks_red_bull_ring__layout_national n=16  median   1.86 m /   48.8 ms  p90    2.76 m /    78.7 ms  worst     3.03 m  within1  75.0%  within5 100.0%
        ks_vallelunga__club_circuit n=32  median   0.91 m /   38.7 ms  p90    2.91 m /   104.3 ms  worst     5.76 m  within1  71.9%  within5 100.0%
        magione                  n=40  median   0.93 m /   31.2 ms  p90    2.51 m /    95.1 ms  worst     5.08 m  within1  70.0%  within5 100.0%
step  1420/1500  loss  3.2924 (ce  2.134 aux  2.317 ref 0.0002)  train median    0.43 m   1.80 s/step
step  1440/1500  loss  3.4566 (ce  2.245 aux  2.422 ref 0.0010)  train median    1.39 m   1.80 s/step
step  1460/1500  loss  3.2550 (ce  2.139 aux  2.231 ref 0.0003)  train median    0.35 m   1.80 s/step
step  1480/1500  loss  3.3972 (ce  2.190 aux  2.415 ref 0.0004)  train median    1.11 m   1.79 s/step
step  1500/1500  loss  3.2526 (ce  2.132 aux  2.241 ref 0.0003)  train median    0.53 m   1.79 s/step
  eval  n=192  median   0.90 m /   31.5 ms  p90    2.84 m /   101.5 ms  worst    11.34 m  within1  76.6%  within5  99.5%
        ks_black_cat_county__layout_short n=24  median   0.55 m /   15.8 ms  p90    2.34 m /    66.7 ms  worst     2.66 m  within1  87.5%  within5 100.0%
        ks_brands_hatch__indy    n=16  median   0.50 m /   16.5 ms  p90    1.25 m /    32.7 ms  worst     1.83 m  within1 100.0%  within5 100.0%
        ks_highlands__layout_short n=16  median   0.90 m /   36.9 ms  p90    2.22 m /    77.5 ms  worst     3.29 m  within1  87.5%  within5 100.0%
        ks_laguna_seca           n=16  median   1.42 m /   61.1 ms  p90    4.06 m /   129.5 ms  worst    11.34 m  within1  62.5%  within5  93.8%
        ks_monza66__junior       n=8  median   0.20 m /    6.9 ms  p90    1.54 m /    48.1 ms  worst     1.75 m  within1 100.0%  within5 100.0%
        ks_nurburgring__layout_sprint_a n=24  median   1.77 m /   48.3 ms  p90    5.75 m /   163.9 ms  worst     7.92 m  within1  62.5%  within5 100.0%
        ks_red_bull_ring__layout_national n=16  median   1.87 m /   48.6 ms  p90    2.76 m /    79.6 ms  worst     3.05 m  within1  75.0%  within5 100.0%
        ks_vallelunga__club_circuit n=32  median   0.93 m /   38.0 ms  p90    2.89 m /   103.8 ms  worst     5.76 m  within1  71.9%  within5 100.0%
        magione                  n=40  median   0.94 m /   30.7 ms  p90    2.49 m /    95.4 ms  worst     5.06 m  within1  70.0%  within5 100.0%

best eval median 0.84 m; artifacts in /Users/pvodopija/code/primal/runs/v3_resnet_s0
